[0.010s] Invoking command in '/home/zxcx/new_naw/build/esdf': AMENT_PREFIX_PATH=/home/zxcx/new_naw/install/custom_msgs:${AMENT_PREFIX_PATH} CMAKE_PREFIX_PATH=/home/zxcx/new_naw/install/custom_msgs:/opt/ros/humble LD_LIBRARY_PATH=/home/zxcx/new_naw/install/custom_msgs/lib:${LD_LIBRARY_PATH} PYTHONPATH=/home/zxcx/new_naw/install/custom_msgs/local/lib/python3.10/dist-packages:${PYTHONPATH} /usr/bin/cmake /home/zxcx/new_naw/esdf -DCMAKE_INSTALL_PREFIX=/home/zxcx/new_naw/install/esdf
[0.016s] -- Found ament_cmake: 1.3.14 (/opt/ros/humble/share/ament_cmake/cmake)
[0.089s] -- Found rclcpp: 16.0.19 (/opt/ros/humble/share/rclcpp/cmake)
[0.104s] -- Found rosidl_generator_c: 3.1.8 (/opt/ros/humble/share/rosidl_generator_c/cmake)
[0.105s] -- Found rosidl_adapter: 3.1.8 (/opt/ros/humble/share/rosidl_adapter/cmake)
[0.109s] -- Found rosidl_generator_cpp: 3.1.8 (/opt/ros/humble/share/rosidl_generator_cpp/cmake)
[0.113s] -- Using all available rosidl_typesupport_c: rosidl_typesupport_fastrtps_c;rosidl_typesupport_introspection_c
[0.120s] -- Using all available rosidl_typesupport_cpp: rosidl_typesupport_fastrtps_cpp;rosidl_typesupport_introspection_cpp
[0.140s] -- Found rmw_implementation_cmake: 6.1.2 (/opt/ros/humble/share/rmw_implementation_cmake/cmake)
[0.141s] -- Found rmw_fastrtps_cpp: 6.2.10 (/opt/ros/humble/share/rmw_fastrtps_cpp/cmake)
[0.217s] -- Using RMW implementation 'rmw_fastrtps_cpp' as default
[0.246s] -- Found sensor_msgs: 4.9.1 (/opt/ros/humble/share/sensor_msgs/cmake)
[0.268s] -- Found nav_msgs: 4.9.1 (/opt/ros/humble/share/nav_msgs/cmake)
[0.285s] -- Found pcl_conversions: 2.4.5 (/opt/ros/humble/share/pcl_conversions/cmake)
[0.310s] -- Eigen found (include: /usr/include/eigen3, version: 3.4.0)
[0.336s] -- FLANN found (include: /usr/include, lib: /usr/lib/x86_64-linux-gnu/libflann_cpp.so)
[0.577s] -- OpenNI found (version: 1.5.4.0, include: /usr/include/ni, lib: /usr/lib/libOpenNI.so;libusb::libusb)
[0.581s] -- OpenNI2 found (version: 2.2.0.33, include: /usr/include/openni2, lib: /usr/lib/x86_64-linux-gnu/libOpenNI2.so;libusb::libusb)
[0.676s] -- Eigen found (include: /usr/include/eigen3, version: 3.4.0)
[0.679s] -- OpenNI found (version: 1.5.4.0, include: /usr/include/ni, lib: /usr/lib/libOpenNI.so;libusb::libusb)
[0.683s] -- OpenNI2 found (version: 2.2.0.33, include: /usr/include/openni2, lib: /usr/lib/x86_64-linux-gnu/libOpenNI2.so;libusb::libusb)
[0.770s] -- Found Qhull version 8.0.2
[0.865s] -- OpenNI found (version: 1.5.4.0, include: /usr/include/ni, lib: /usr/lib/libOpenNI.so;libusb::libusb)
[0.958s] -- Found custom_msgs: 0.0.0 (/home/zxcx/new_naw/install/custom_msgs/share/custom_msgs/cmake)
[0.964s] CMake Warning (dev) at CMakeLists.txt:14 (find_package):
[0.965s]   Policy CMP0074 is not set: find_package uses <PackageName>_ROOT variables.
[0.965s]   Run "cmake --help-policy CMP0074" for policy details.  Use the cmake_policy
[0.965s]   command to set the policy and suppress this warning.
[0.965s] 
[0.965s]   CMake variable PCL_ROOT is set to:
[0.965s] 
[0.965s]     /usr
[0.965s] 
[0.965s]   For compatibility, CMake is ignoring the variable.
[0.965s] This warning is for project developers.  Use -Wno-dev to suppress it.
[0.965s] 
[1.019s] -- Configuring done
[1.071s] -- Generating done
[1.079s] -- Build files have been written to: /home/zxcx/new_naw/build/esdf
[1.090s] Invoked command in '/home/zxcx/new_naw/build/esdf' returned '0': AMENT_PREFIX_PATH=/home/zxcx/new_naw/install/custom_msgs:${AMENT_PREFIX_PATH} CMAKE_PREFIX_PATH=/home/zxcx/new_naw/install/custom_msgs:/opt/ros/humble LD_LIBRARY_PATH=/home/zxcx/new_naw/install/custom_msgs/lib:${LD_LIBRARY_PATH} PYTHONPATH=/home/zxcx/new_naw/install/custom_msgs/local/lib/python3.10/dist-packages:${PYTHONPATH} /usr/bin/cmake /home/zxcx/new_naw/esdf -DCMAKE_INSTALL_PREFIX=/home/zxcx/new_naw/install/esdf
[1.091s] Invoking command in '/home/zxcx/new_naw/build/esdf': AMENT_PREFIX_PATH=/home/zxcx/new_naw/install/custom_msgs:${AMENT_PREFIX_PATH} CMAKE_PREFIX_PATH=/home/zxcx/new_naw/install/custom_msgs:/opt/ros/humble LD_LIBRARY_PATH=/home/zxcx/new_naw/install/custom_msgs/lib:${LD_LIBRARY_PATH} PYTHONPATH=/home/zxcx/new_naw/install/custom_msgs/local/lib/python3.10/dist-packages:${PYTHONPATH} /usr/bin/cmake --build /home/zxcx/new_naw/build/esdf -- -j32 -l32
[1.127s] Consolidate compiler generated dependencies of target esdf_map_lib
[1.153s] [ 50%] Built target esdf_map_lib
[1.165s] Consolidate compiler generated dependencies of target esdf_test
[1.166s] Consolidate compiler generated dependencies of target esdf_node
[1.175s] [ 75%] Built target esdf_test
[1.179s] [100%] Built target esdf_node
[1.187s] Invoked command in '/home/zxcx/new_naw/build/esdf' returned '0': AMENT_PREFIX_PATH=/home/zxcx/new_naw/install/custom_msgs:${AMENT_PREFIX_PATH} CMAKE_PREFIX_PATH=/home/zxcx/new_naw/install/custom_msgs:/opt/ros/humble LD_LIBRARY_PATH=/home/zxcx/new_naw/install/custom_msgs/lib:${LD_LIBRARY_PATH} PYTHONPATH=/home/zxcx/new_naw/install/custom_msgs/local/lib/python3.10/dist-packages:${PYTHONPATH} /usr/bin/cmake --build /home/zxcx/new_naw/build/esdf -- -j32 -l32
[1.188s] Invoking command in '/home/zxcx/new_naw/build/esdf': AMENT_PREFIX_PATH=/home/zxcx/new_naw/install/custom_msgs:${AMENT_PREFIX_PATH} CMAKE_PREFIX_PATH=/home/zxcx/new_naw/install/custom_msgs:/opt/ros/humble LD_LIBRARY_PATH=/home/zxcx/new_naw/install/custom_msgs/lib:${LD_LIBRARY_PATH} PYTHONPATH=/home/zxcx/new_naw/install/custom_msgs/local/lib/python3.10/dist-packages:${PYTHONPATH} /usr/bin/cmake --install /home/zxcx/new_naw/build/esdf
[1.192s] -- Install configuration: "Release"
[1.193s] -- Up-to-date: /home/zxcx/new_naw/install/esdf/lib/esdf/esdf_node
[1.193s] -- Up-to-date: /home/zxcx/new_naw/install/esdf/lib/esdf/esdf_test
[1.193s] -- Up-to-date: /home/zxcx/new_naw/install/esdf/share/ament_index/resource_index/package_run_dependencies/esdf
[1.193s] -- Installing: /home/zxcx/new_naw/install/esdf/share/ament_index/resource_index/parent_prefix_path/esdf
[1.193s] -- Up-to-date: /home/zxcx/new_naw/install/esdf/share/esdf/environment/ament_prefix_path.sh
[1.193s] -- Installing: /home/zxcx/new_naw/install/esdf/share/esdf/environment/ament_prefix_path.dsv
[1.193s] -- Up-to-date: /home/zxcx/new_naw/install/esdf/share/esdf/environment/path.sh
[1.194s] -- Installing: /home/zxcx/new_naw/install/esdf/share/esdf/environment/path.dsv
[1.194s] -- Up-to-date: /home/zxcx/new_naw/install/esdf/share/esdf/local_setup.bash
[1.194s] -- Up-to-date: /home/zxcx/new_naw/install/esdf/share/esdf/local_setup.sh
[1.194s] -- Up-to-date: /home/zxcx/new_naw/install/esdf/share/esdf/local_setup.zsh
[1.194s] -- Installing: /home/zxcx/new_naw/install/esdf/share/esdf/local_setup.dsv
[1.194s] -- Installing: /home/zxcx/new_naw/install/esdf/share/esdf/package.dsv
[1.194s] -- Up-to-date: /home/zxcx/new_naw/install/esdf/share/ament_index/resource_index/packages/esdf
[1.194s] -- Up-to-date: /home/zxcx/new_naw/install/esdf/share/esdf/cmake/esdfConfig.cmake
[1.194s] -- Up-to-date: /home/zxcx/new_naw/install/esdf/share/esdf/cmake/esdfConfig-version.cmake
[1.194s] -- Up-to-date: /home/zxcx/new_naw/install/esdf/share/esdf/package.xml
[1.195s] Invoked command in '/home/zxcx/new_naw/build/esdf' returned '0': AMENT_PREFIX_PATH=/home/zxcx/new_naw/install/custom_msgs:${AMENT_PREFIX_PATH} CMAKE_PREFIX_PATH=/home/zxcx/new_naw/install/custom_msgs:/opt/ros/humble LD_LIBRARY_PATH=/home/zxcx/new_naw/install/custom_msgs/lib:${LD_LIBRARY_PATH} PYTHONPATH=/home/zxcx/new_naw/install/custom_msgs/local/lib/python3.10/dist-packages:${PYTHONPATH} /usr/bin/cmake --install /home/zxcx/new_naw/build/esdf
