[0.009s] Invoking command in '/home/zxcx/new_naw/build/relocation': AMENT_PREFIX_PATH=/home/zxcx/new_naw/install/custom_msgs:${AMENT_PREFIX_PATH} CMAKE_PREFIX_PATH=/home/zxcx/new_naw/install/custom_msgs:/opt/ros/humble LD_LIBRARY_PATH=/home/zxcx/new_naw/install/custom_msgs/lib:${LD_LIBRARY_PATH} PYTHONPATH=/home/zxcx/new_naw/install/custom_msgs/local/lib/python3.10/dist-packages:${PYTHONPATH} /usr/bin/cmake /home/zxcx/new_naw/relocation -DCMAKE_INSTALL_PREFIX=/home/zxcx/new_naw/install/relocation
[0.017s] -- Found ament_cmake: 1.3.14 (/opt/ros/humble/share/ament_cmake/cmake)
[0.086s] -- Found rclcpp: 16.0.19 (/opt/ros/humble/share/rclcpp/cmake)
[0.102s] -- Found rosidl_generator_c: 3.1.8 (/opt/ros/humble/share/rosidl_generator_c/cmake)
[0.103s] -- Found rosidl_adapter: 3.1.8 (/opt/ros/humble/share/rosidl_adapter/cmake)
[0.106s] -- Found rosidl_generator_cpp: 3.1.8 (/opt/ros/humble/share/rosidl_generator_cpp/cmake)
[0.111s] -- Using all available rosidl_typesupport_c: rosidl_typesupport_fastrtps_c;rosidl_typesupport_introspection_c
[0.117s] -- Using all available rosidl_typesupport_cpp: rosidl_typesupport_fastrtps_cpp;rosidl_typesupport_introspection_cpp
[0.137s] -- Found rmw_implementation_cmake: 6.1.2 (/opt/ros/humble/share/rmw_implementation_cmake/cmake)
[0.138s] -- Found rmw_fastrtps_cpp: 6.2.10 (/opt/ros/humble/share/rmw_fastrtps_cpp/cmake)
[0.214s] -- Using RMW implementation 'rmw_fastrtps_cpp' as default
[0.242s] -- Found sensor_msgs: 4.9.1 (/opt/ros/humble/share/sensor_msgs/cmake)
[0.265s] -- Found nav_msgs: 4.9.1 (/opt/ros/humble/share/nav_msgs/cmake)
[0.281s] -- Found pcl_conversions: 2.4.5 (/opt/ros/humble/share/pcl_conversions/cmake)
[0.306s] -- Eigen found (include: /usr/include/eigen3, version: 3.4.0)
[0.333s] -- FLANN found (include: /usr/include, lib: /usr/lib/x86_64-linux-gnu/libflann_cpp.so)
[0.575s] -- OpenNI found (version: 1.5.4.0, include: /usr/include/ni, lib: /usr/lib/libOpenNI.so;libusb::libusb)
[0.578s] -- OpenNI2 found (version: 2.2.0.33, include: /usr/include/openni2, lib: /usr/lib/x86_64-linux-gnu/libOpenNI2.so;libusb::libusb)
[0.673s] -- Eigen found (include: /usr/include/eigen3, version: 3.4.0)
[0.677s] -- OpenNI found (version: 1.5.4.0, include: /usr/include/ni, lib: /usr/lib/libOpenNI.so;libusb::libusb)
[0.681s] -- OpenNI2 found (version: 2.2.0.33, include: /usr/include/openni2, lib: /usr/lib/x86_64-linux-gnu/libOpenNI2.so;libusb::libusb)
[0.768s] -- Found Qhull version 8.0.2
[0.861s] -- OpenNI found (version: 1.5.4.0, include: /usr/include/ni, lib: /usr/lib/libOpenNI.so;libusb::libusb)
[0.956s] -- Found custom_msgs: 0.0.0 (/home/zxcx/new_naw/install/custom_msgs/share/custom_msgs/cmake)
[0.962s] -- Found visualization_msgs: 4.9.1 (/opt/ros/humble/share/visualization_msgs/cmake)
[0.976s] CMake Warning (dev) at CMakeLists.txt:27 (find_package):
[0.976s]   Policy CMP0074 is not set: find_package uses <PackageName>_ROOT variables.
[0.976s]   Run "cmake --help-policy CMP0074" for policy details.  Use the cmake_policy
[0.976s]   command to set the policy and suppress this warning.
[0.976s] 
[0.976s]   CMake variable PCL_ROOT is set to:
[0.976s] 
[0.976s]     /usr
[0.977s] 
[0.977s]   For compatibility, CMake is ignoring the variable.
[0.977s] This warning is for project developers.  Use -Wno-dev to suppress it.
[0.977s] 
[0.989s] -- Found ament_lint_auto: 0.12.15 (/opt/ros/humble/share/ament_lint_auto/cmake)
[1.029s] -- Added test 'cppcheck' to perform static code analysis on C / C++ code
[1.029s] -- Configured cppcheck include dirs: $<BUILD_INTERFACE:/home/zxcx/new_naw/relocation/include>
[1.029s] -- Configured cppcheck exclude dirs and/or files: 
[1.030s] -- Added test 'lint_cmake' to check CMake code style
[1.031s] -- Added test 'uncrustify' to check C / C++ code style
[1.031s] -- Configured uncrustify additional arguments: 
[1.031s] -- Added test 'xmllint' to check XML markup files
[1.031s] -- Configuring done
[1.095s] -- Generating done
[1.108s] -- Build files have been written to: /home/zxcx/new_naw/build/relocation
[1.120s] Invoked command in '/home/zxcx/new_naw/build/relocation' returned '0': AMENT_PREFIX_PATH=/home/zxcx/new_naw/install/custom_msgs:${AMENT_PREFIX_PATH} CMAKE_PREFIX_PATH=/home/zxcx/new_naw/install/custom_msgs:/opt/ros/humble LD_LIBRARY_PATH=/home/zxcx/new_naw/install/custom_msgs/lib:${LD_LIBRARY_PATH} PYTHONPATH=/home/zxcx/new_naw/install/custom_msgs/local/lib/python3.10/dist-packages:${PYTHONPATH} /usr/bin/cmake /home/zxcx/new_naw/relocation -DCMAKE_INSTALL_PREFIX=/home/zxcx/new_naw/install/relocation
[1.120s] Invoking command in '/home/zxcx/new_naw/build/relocation': AMENT_PREFIX_PATH=/home/zxcx/new_naw/install/custom_msgs:${AMENT_PREFIX_PATH} CMAKE_PREFIX_PATH=/home/zxcx/new_naw/install/custom_msgs:/opt/ros/humble LD_LIBRARY_PATH=/home/zxcx/new_naw/install/custom_msgs/lib:${LD_LIBRARY_PATH} PYTHONPATH=/home/zxcx/new_naw/install/custom_msgs/local/lib/python3.10/dist-packages:${PYTHONPATH} /usr/bin/cmake --build /home/zxcx/new_naw/build/relocation -- -j32 -l32
[1.159s] Consolidate compiler generated dependencies of target relocation_core
[1.177s] [ 60%] Built target relocation_core
[1.190s] Consolidate compiler generated dependencies of target test_node
[1.199s] Consolidate compiler generated dependencies of target relocation_node
[1.202s] [ 80%] Built target test_node
[1.208s] [ 90%] Building CXX object CMakeFiles/relocation_node.dir/src/relocation_node.cpp.o
[5.056s] /home/zxcx/new_naw/relocation/src/relocation_node.cpp: In constructor ‘relocation::RelocationNode::RelocationNode()’:
[5.056s] /home/zxcx/new_naw/relocation/src/relocation_node.cpp:579:10: warning: ‘relocation::RelocationNode::trigger_reloc_’ will be initialized after [-Wreorder]
[5.056s]   579 |     bool trigger_reloc_;
[5.056s]       |          ^~~~~~~~~~~~~~
[5.056s] /home/zxcx/new_naw/relocation/src/relocation_node.cpp:573:10: warning:   ‘bool relocation::RelocationNode::map_initialized_’ [-Wreorder]
[5.056s]   573 |     bool map_initialized_;
[5.056s]       |          ^~~~~~~~~~~~~~~~
[5.057s] /home/zxcx/new_naw/relocation/src/relocation_node.cpp:50:5: warning:   when initialized here [-Wreorder]
[5.057s]    50 |     RelocationNode() : Node(node_name), is_relocated_(false), trigger_reloc_(true), map_initialized_(false), has_cached_grid_(false), accumulated_frames_(0), initial_gimbal_yaw_(0.0)
[5.057s]       |     ^~~~~~~~~~~~~~
[21.150s] [100%] Linking CXX executable relocation_node
[21.692s] [100%] Built target relocation_node
[51.729s] Invoked command in '/home/zxcx/new_naw/build/relocation' returned '0': AMENT_PREFIX_PATH=/home/zxcx/new_naw/install/custom_msgs:${AMENT_PREFIX_PATH} CMAKE_PREFIX_PATH=/home/zxcx/new_naw/install/custom_msgs:/opt/ros/humble LD_LIBRARY_PATH=/home/zxcx/new_naw/install/custom_msgs/lib:${LD_LIBRARY_PATH} PYTHONPATH=/home/zxcx/new_naw/install/custom_msgs/local/lib/python3.10/dist-packages:${PYTHONPATH} /usr/bin/cmake --build /home/zxcx/new_naw/build/relocation -- -j32 -l32
[51.733s] Invoking command in '/home/zxcx/new_naw/build/relocation': AMENT_PREFIX_PATH=/home/zxcx/new_naw/install/custom_msgs:${AMENT_PREFIX_PATH} CMAKE_PREFIX_PATH=/home/zxcx/new_naw/install/custom_msgs:/opt/ros/humble LD_LIBRARY_PATH=/home/zxcx/new_naw/install/custom_msgs/lib:${LD_LIBRARY_PATH} PYTHONPATH=/home/zxcx/new_naw/install/custom_msgs/local/lib/python3.10/dist-packages:${PYTHONPATH} /usr/bin/cmake --install /home/zxcx/new_naw/build/relocation
[51.739s] -- Install configuration: "Release"
[51.740s] -- Up-to-date: /home/zxcx/new_naw/install/relocation/lib/librelocation_core.so
[51.740s] -- Up-to-date: /home/zxcx/new_naw/install/relocation/lib/relocation/test_node
[51.740s] -- Installing: /home/zxcx/new_naw/install/relocation/lib/relocation/relocation_node
[51.742s] -- Set runtime path of "/home/zxcx/new_naw/install/relocation/lib/relocation/relocation_node" to ""
[51.742s] -- Up-to-date: /home/zxcx/new_naw/install/relocation/include
[51.742s] -- Up-to-date: /home/zxcx/new_naw/install/relocation/include/relocation
[51.743s] -- Up-to-date: /home/zxcx/new_naw/install/relocation/include/relocation/kd_tree.hpp
[51.743s] -- Up-to-date: /home/zxcx/new_naw/install/relocation/include/relocation/ann_kdtree.hpp
[51.743s] -- Up-to-date: /home/zxcx/new_naw/install/relocation/include/relocation/iris.hpp
[51.743s] -- Up-to-date: /home/zxcx/new_naw/install/relocation/include/relocation/icp.hpp
[51.743s] -- Up-to-date: /home/zxcx/new_naw/install/relocation/include/relocation/location.hpp
[51.743s] -- Up-to-date: /home/zxcx/new_naw/install/relocation/share/ament_index/resource_index/package_run_dependencies/relocation
[51.743s] -- Installing: /home/zxcx/new_naw/install/relocation/share/ament_index/resource_index/parent_prefix_path/relocation
[51.743s] -- Up-to-date: /home/zxcx/new_naw/install/relocation/share/relocation/environment/ament_prefix_path.sh
[51.743s] -- Installing: /home/zxcx/new_naw/install/relocation/share/relocation/environment/ament_prefix_path.dsv
[51.743s] -- Up-to-date: /home/zxcx/new_naw/install/relocation/share/relocation/environment/path.sh
[51.743s] -- Installing: /home/zxcx/new_naw/install/relocation/share/relocation/environment/path.dsv
[51.743s] -- Up-to-date: /home/zxcx/new_naw/install/relocation/share/relocation/local_setup.bash
[51.743s] -- Up-to-date: /home/zxcx/new_naw/install/relocation/share/relocation/local_setup.sh
[51.743s] -- Up-to-date: /home/zxcx/new_naw/install/relocation/share/relocation/local_setup.zsh
[51.743s] -- Installing: /home/zxcx/new_naw/install/relocation/share/relocation/local_setup.dsv
[51.743s] -- Installing: /home/zxcx/new_naw/install/relocation/share/relocation/package.dsv
[51.743s] -- Up-to-date: /home/zxcx/new_naw/install/relocation/share/ament_index/resource_index/packages/relocation
[51.743s] -- Up-to-date: /home/zxcx/new_naw/install/relocation/share/relocation/cmake/relocationConfig.cmake
[51.744s] -- Up-to-date: /home/zxcx/new_naw/install/relocation/share/relocation/cmake/relocationConfig-version.cmake
[51.744s] -- Up-to-date: /home/zxcx/new_naw/install/relocation/share/relocation/package.xml
[51.744s] Invoked command in '/home/zxcx/new_naw/build/relocation' returned '0': AMENT_PREFIX_PATH=/home/zxcx/new_naw/install/custom_msgs:${AMENT_PREFIX_PATH} CMAKE_PREFIX_PATH=/home/zxcx/new_naw/install/custom_msgs:/opt/ros/humble LD_LIBRARY_PATH=/home/zxcx/new_naw/install/custom_msgs/lib:${LD_LIBRARY_PATH} PYTHONPATH=/home/zxcx/new_naw/install/custom_msgs/local/lib/python3.10/dist-packages:${PYTHONPATH} /usr/bin/cmake --install /home/zxcx/new_naw/build/relocation
