[0.021s] Invoking command in '/home/zxcx/new_naw/build/planner': AMENT_PREFIX_PATH=/home/zxcx/new_naw/install/custom_msgs:${AMENT_PREFIX_PATH} CMAKE_PREFIX_PATH=/home/zxcx/new_naw/install/custom_msgs:/opt/ros/humble LD_LIBRARY_PATH=/home/zxcx/new_naw/install/custom_msgs/lib:${LD_LIBRARY_PATH} PYTHONPATH=/home/zxcx/new_naw/install/custom_msgs/local/lib/python3.10/dist-packages:${PYTHONPATH} /usr/bin/cmake --build /home/zxcx/new_naw/build/planner -- -j32 -l32
[0.064s] [ 50%] Built target planner_test
[0.066s] [100%] Built target planner_node
[0.083s] Invoked command in '/home/zxcx/new_naw/build/planner' returned '0': AMENT_PREFIX_PATH=/home/zxcx/new_naw/install/custom_msgs:${AMENT_PREFIX_PATH} CMAKE_PREFIX_PATH=/home/zxcx/new_naw/install/custom_msgs:/opt/ros/humble LD_LIBRARY_PATH=/home/zxcx/new_naw/install/custom_msgs/lib:${LD_LIBRARY_PATH} PYTHONPATH=/home/zxcx/new_naw/install/custom_msgs/local/lib/python3.10/dist-packages:${PYTHONPATH} /usr/bin/cmake --build /home/zxcx/new_naw/build/planner -- -j32 -l32
[0.084s] Invoking command in '/home/zxcx/new_naw/build/planner': AMENT_PREFIX_PATH=/home/zxcx/new_naw/install/custom_msgs:${AMENT_PREFIX_PATH} CMAKE_PREFIX_PATH=/home/zxcx/new_naw/install/custom_msgs:/opt/ros/humble LD_LIBRARY_PATH=/home/zxcx/new_naw/install/custom_msgs/lib:${LD_LIBRARY_PATH} PYTHONPATH=/home/zxcx/new_naw/install/custom_msgs/local/lib/python3.10/dist-packages:${PYTHONPATH} /usr/bin/cmake --install /home/zxcx/new_naw/build/planner
[0.088s] -- Install configuration: "Release"
[0.088s] -- Up-to-date: /home/zxcx/new_naw/install/planner/lib/planner/planner_node
[0.089s] -- Up-to-date: /home/zxcx/new_naw/install/planner/lib/planner/planner_test
[0.089s] -- Up-to-date: /home/zxcx/new_naw/install/planner/share/ament_index/resource_index/package_run_dependencies/planner
[0.089s] -- Up-to-date: /home/zxcx/new_naw/install/planner/share/ament_index/resource_index/parent_prefix_path/planner
[0.089s] -- Up-to-date: /home/zxcx/new_naw/install/planner/share/planner/environment/ament_prefix_path.sh
[0.089s] -- Up-to-date: /home/zxcx/new_naw/install/planner/share/planner/environment/ament_prefix_path.dsv
[0.089s] -- Up-to-date: /home/zxcx/new_naw/install/planner/share/planner/environment/path.sh
[0.089s] -- Up-to-date: /home/zxcx/new_naw/install/planner/share/planner/environment/path.dsv
[0.089s] -- Up-to-date: /home/zxcx/new_naw/install/planner/share/planner/local_setup.bash
[0.089s] -- Up-to-date: /home/zxcx/new_naw/install/planner/share/planner/local_setup.sh
[0.089s] -- Up-to-date: /home/zxcx/new_naw/install/planner/share/planner/local_setup.zsh
[0.089s] -- Up-to-date: /home/zxcx/new_naw/install/planner/share/planner/local_setup.dsv
[0.089s] -- Installing: /home/zxcx/new_naw/install/planner/share/planner/package.dsv
[0.089s] -- Up-to-date: /home/zxcx/new_naw/install/planner/share/ament_index/resource_index/packages/planner
[0.089s] -- Up-to-date: /home/zxcx/new_naw/install/planner/share/planner/cmake/plannerConfig.cmake
[0.089s] -- Up-to-date: /home/zxcx/new_naw/install/planner/share/planner/cmake/plannerConfig-version.cmake
[0.089s] -- Up-to-date: /home/zxcx/new_naw/install/planner/share/planner/package.xml
[0.091s] Invoked command in '/home/zxcx/new_naw/build/planner' returned '0': AMENT_PREFIX_PATH=/home/zxcx/new_naw/install/custom_msgs:${AMENT_PREFIX_PATH} CMAKE_PREFIX_PATH=/home/zxcx/new_naw/install/custom_msgs:/opt/ros/humble LD_LIBRARY_PATH=/home/zxcx/new_naw/install/custom_msgs/lib:${LD_LIBRARY_PATH} PYTHONPATH=/home/zxcx/new_naw/install/custom_msgs/local/lib/python3.10/dist-packages:${PYTHONPATH} /usr/bin/cmake --install /home/zxcx/new_naw/build/planner
