[0.008s] Invoking command in '/home/zxcx/new_naw/build/planner': AMENT_PREFIX_PATH=/home/zxcx/new_naw/install/custom_msgs:${AMENT_PREFIX_PATH} CMAKE_PREFIX_PATH=/home/zxcx/new_naw/install/custom_msgs:/opt/ros/humble LD_LIBRARY_PATH=/home/zxcx/new_naw/install/custom_msgs/lib:${LD_LIBRARY_PATH} PYTHONPATH=/home/zxcx/new_naw/install/custom_msgs/local/lib/python3.10/dist-packages:${PYTHONPATH} /usr/bin/cmake /home/zxcx/new_naw/planner -DCMAKE_INSTALL_PREFIX=/home/zxcx/new_naw/install/planner
[0.015s] -- Found ament_cmake: 1.3.14 (/opt/ros/humble/share/ament_cmake/cmake)
[0.085s] -- Found rclcpp: 16.0.19 (/opt/ros/humble/share/rclcpp/cmake)
[0.100s] -- Found rosidl_generator_c: 3.1.8 (/opt/ros/humble/share/rosidl_generator_c/cmake)
[0.101s] -- Found rosidl_adapter: 3.1.8 (/opt/ros/humble/share/rosidl_adapter/cmake)
[0.104s] -- Found rosidl_generator_cpp: 3.1.8 (/opt/ros/humble/share/rosidl_generator_cpp/cmake)
[0.109s] -- Using all available rosidl_typesupport_c: rosidl_typesupport_fastrtps_c;rosidl_typesupport_introspection_c
[0.115s] -- Using all available rosidl_typesupport_cpp: rosidl_typesupport_fastrtps_cpp;rosidl_typesupport_introspection_cpp
[0.131s] -- Found rmw_implementation_cmake: 6.1.2 (/opt/ros/humble/share/rmw_implementation_cmake/cmake)
[0.132s] -- Found rmw_fastrtps_cpp: 6.2.10 (/opt/ros/humble/share/rmw_fastrtps_cpp/cmake)
[0.197s] -- Using RMW implementation 'rmw_fastrtps_cpp' as default
[0.228s] -- Found custom_msgs: 0.0.0 (/home/zxcx/new_naw/install/custom_msgs/share/custom_msgs/cmake)
[0.234s] -- Found nav_msgs: 4.9.1 (/opt/ros/humble/share/nav_msgs/cmake)
[0.249s] -- Found visualization_msgs: 4.9.1 (/opt/ros/humble/share/visualization_msgs/cmake)
[0.268s] -- Found message_filters: 4.3.16 (/opt/ros/humble/share/message_filters/cmake)
[0.270s] -- Found ament_lint_auto: 0.12.15 (/opt/ros/humble/share/ament_lint_auto/cmake)
[0.308s] -- Added test 'copyright' to check source files copyright and LICENSE
[0.309s] -- Added test 'cppcheck' to perform static code analysis on C / C++ code
[0.309s] -- Configured cppcheck include dirs: /home/zxcx/new_naw/planner/include
[0.309s] -- Configured cppcheck exclude dirs and/or files: 
[0.310s] -- Added test 'cpplint' to check C / C++ code against the Google style
[0.310s] -- Configured cpplint exclude dirs and/or files: 
[0.311s] -- Added test 'lint_cmake' to check CMake code style
[0.312s] -- Added test 'uncrustify' to check C / C++ code style
[0.312s] -- Configured uncrustify additional arguments: 
[0.312s] -- Added test 'xmllint' to check XML markup files
[0.312s] -- Configuring done
[0.326s] -- Generating done
[0.329s] -- Build files have been written to: /home/zxcx/new_naw/build/planner
[0.336s] Invoked command in '/home/zxcx/new_naw/build/planner' returned '0': AMENT_PREFIX_PATH=/home/zxcx/new_naw/install/custom_msgs:${AMENT_PREFIX_PATH} CMAKE_PREFIX_PATH=/home/zxcx/new_naw/install/custom_msgs:/opt/ros/humble LD_LIBRARY_PATH=/home/zxcx/new_naw/install/custom_msgs/lib:${LD_LIBRARY_PATH} PYTHONPATH=/home/zxcx/new_naw/install/custom_msgs/local/lib/python3.10/dist-packages:${PYTHONPATH} /usr/bin/cmake /home/zxcx/new_naw/planner -DCMAKE_INSTALL_PREFIX=/home/zxcx/new_naw/install/planner
[0.337s] Invoking command in '/home/zxcx/new_naw/build/planner': AMENT_PREFIX_PATH=/home/zxcx/new_naw/install/custom_msgs:${AMENT_PREFIX_PATH} CMAKE_PREFIX_PATH=/home/zxcx/new_naw/install/custom_msgs:/opt/ros/humble LD_LIBRARY_PATH=/home/zxcx/new_naw/install/custom_msgs/lib:${LD_LIBRARY_PATH} PYTHONPATH=/home/zxcx/new_naw/install/custom_msgs/local/lib/python3.10/dist-packages:${PYTHONPATH} /usr/bin/cmake --build /home/zxcx/new_naw/build/planner -- -j32 -l32
[0.383s] Consolidate compiler generated dependencies of target planner_test
[0.383s] Consolidate compiler generated dependencies of target planner_node
[0.395s] [  6%] Building CXX object CMakeFiles/planner_node.dir/src/jps.cpp.o
[0.395s] [ 12%] Building CXX object CMakeFiles/planner_test.dir/src/test.cpp.o
[0.396s] [ 25%] Building CXX object CMakeFiles/planner_test.dir/src/jps.cpp.o
[0.396s] [ 25%] Building CXX object CMakeFiles/planner_node.dir/src/replanner.cpp.o
[0.397s] [ 37%] Building CXX object CMakeFiles/planner_test.dir/src/replanner.cpp.o
[0.397s] [ 37%] Building CXX object CMakeFiles/planner_node.dir/src/planner_node.cpp.o
[1.051s] In file included from /home/zxcx/new_naw/planner/src/jps.cpp:1:
[1.051s] /home/zxcx/new_naw/planner/include/planner_2d/jps.hpp: In constructor ‘planner_2d::jps::jps()’:
[1.051s] /home/zxcx/new_naw/planner/include/planner_2d/jps.hpp:81:54: warning: ‘planner_2d::jps::m_IsInitPoint’ will be initialized after [-Wreorder]
[1.051s]    81 |         bool m_IsInitMap; bool m_IsInitESDFMap; bool m_IsInitPoint;
[1.051s]       |                                                      ^~~~~~~~~~~~~
[1.051s] /home/zxcx/new_naw/planner/include/planner_2d/jps.hpp:66:18: warning:   ‘uint16_t planner_2d::jps::m_SearchEpoch’ [-Wreorder]
[1.051s]    66 |         uint16_t m_SearchEpoch;
[1.051s]       |                  ^~~~~~~~~~~~~
[1.051s] /home/zxcx/new_naw/planner/src/jps.cpp:8:5: warning:   when initialized here [-Wreorder]
[1.052s]     8 |     jps::jps() : m_MapLenX(0), m_MapWeightY(0), m_IsInitMap(false), m_IsInitESDFMap(false), m_IsInitPoint(false), m_SearchEpoch(0) {}
[1.052s]       |     ^~~
[1.071s] In file included from /home/zxcx/new_naw/planner/src/jps.cpp:1:
[1.071s] /home/zxcx/new_naw/planner/include/planner_2d/jps.hpp: In constructor ‘planner_2d::jps::jps()’:
[1.071s] /home/zxcx/new_naw/planner/include/planner_2d/jps.hpp:81:54: warning: ‘planner_2d::jps::m_IsInitPoint’ will be initialized after [-Wreorder]
[1.071s]    81 |         bool m_IsInitMap; bool m_IsInitESDFMap; bool m_IsInitPoint;
[1.071s]       |                                                      ^~~~~~~~~~~~~
[1.071s] /home/zxcx/new_naw/planner/include/planner_2d/jps.hpp:66:18: warning:   ‘uint16_t planner_2d::jps::m_SearchEpoch’ [-Wreorder]
[1.071s]    66 |         uint16_t m_SearchEpoch;
[1.071s]       |                  ^~~~~~~~~~~~~
[1.071s] /home/zxcx/new_naw/planner/src/jps.cpp:8:5: warning:   when initialized here [-Wreorder]
[1.071s]     8 |     jps::jps() : m_MapLenX(0), m_MapWeightY(0), m_IsInitMap(false), m_IsInitESDFMap(false), m_IsInitPoint(false), m_SearchEpoch(0) {}
[1.071s]       |     ^~~
[1.224s] /home/zxcx/new_naw/planner/src/replanner.cpp: In member function ‘bool planner_2d::replanner::Update(const Vector2d&, const Vector2d&, const std::vector<int>&, const std::vector<double>&, int, int, double, double)’:
[1.224s] /home/zxcx/new_naw/planner/src/replanner.cpp:163:33: warning: comparison of integer expressions of different signedness: ‘int’ and ‘size_t’ {aka ‘long unsigned int’} [-Wsign-compare]
[1.224s]   163 |         for (int k = idx + 1; k < temp_tra.GetNumPoints() - 1; ++k) {
[1.224s]       |                               ~~^~~~~~~~~~~~~~~~~~~~~~~~~~~~~
[1.226s] /home/zxcx/new_naw/planner/src/replanner.cpp:242:61: warning: comparison of integer expressions of different signedness: ‘int’ and ‘size_t’ {aka ‘long unsigned int’} [-Wsign-compare]
[1.226s]   242 |             if (front_res.seg_idx >= 0 && front_res.seg_idx < new_tra.GetNumPoints() - 1) {
[1.226s]       |                                           ~~~~~~~~~~~~~~~~~~^~~~~~~~~~~~~~~~~~~~~~~~~~~~
[1.230s] /home/zxcx/new_naw/planner/src/replanner.cpp: In member function ‘Eigen::Vector2d planner_2d::replanner::ClosestFreeGoal(const Vector2d&) const’:
[1.230s] /home/zxcx/new_naw/planner/src/replanner.cpp:416:9: warning: this ‘if’ clause does not guard... [-Wmisleading-indentation]
[1.230s]   416 |         if (gx < 0) gx = 0; if (gx >= m_MapLenX) gx = m_MapLenX - 1;
[1.230s]       |         ^~
[1.230s] /home/zxcx/new_naw/planner/src/replanner.cpp:416:29: note: ...this statement, but the latter is misleadingly indented as if it were guarded by the ‘if’
[1.230s]   416 |         if (gx < 0) gx = 0; if (gx >= m_MapLenX) gx = m_MapLenX - 1;
[1.230s]       |                             ^~
[1.230s] /home/zxcx/new_naw/planner/src/replanner.cpp:417:9: warning: this ‘if’ clause does not guard... [-Wmisleading-indentation]
[1.230s]   417 |         if (gy < 0) gy = 0; if (gy >= m_MapWeightY) gy = m_MapWeightY - 1;
[1.230s]       |         ^~
[1.230s] /home/zxcx/new_naw/planner/src/replanner.cpp:417:29: note: ...this statement, but the latter is misleadingly indented as if it were guarded by the ‘if’
[1.230s]   417 |         if (gy < 0) gy = 0; if (gy >= m_MapWeightY) gy = m_MapWeightY - 1;
[1.231s]       |                             ^~
[1.243s] /home/zxcx/new_naw/planner/src/replanner.cpp: In member function ‘bool planner_2d::replanner::Update(const Vector2d&, const Vector2d&, const std::vector<int>&, const std::vector<double>&, int, int, double, double)’:
[1.243s] /home/zxcx/new_naw/planner/src/replanner.cpp:163:33: warning: comparison of integer expressions of different signedness: ‘int’ and ‘size_t’ {aka ‘long unsigned int’} [-Wsign-compare]
[1.243s]   163 |         for (int k = idx + 1; k < temp_tra.GetNumPoints() - 1; ++k) {
[1.243s]       |                               ~~^~~~~~~~~~~~~~~~~~~~~~~~~~~~~
[1.244s] /home/zxcx/new_naw/planner/src/replanner.cpp:242:61: warning: comparison of integer expressions of different signedness: ‘int’ and ‘size_t’ {aka ‘long unsigned int’} [-Wsign-compare]
[1.244s]   242 |             if (front_res.seg_idx >= 0 && front_res.seg_idx < new_tra.GetNumPoints() - 1) {
[1.244s]       |                                           ~~~~~~~~~~~~~~~~~~^~~~~~~~~~~~~~~~~~~~~~~~~~~~
[1.248s] /home/zxcx/new_naw/planner/src/replanner.cpp: In member function ‘Eigen::Vector2d planner_2d::replanner::ClosestFreeGoal(const Vector2d&) const’:
[1.248s] /home/zxcx/new_naw/planner/src/replanner.cpp:416:9: warning: this ‘if’ clause does not guard... [-Wmisleading-indentation]
[1.248s]   416 |         if (gx < 0) gx = 0; if (gx >= m_MapLenX) gx = m_MapLenX - 1;
[1.249s]       |         ^~
[1.249s] /home/zxcx/new_naw/planner/src/replanner.cpp:416:29: note: ...this statement, but the latter is misleadingly indented as if it were guarded by the ‘if’
[1.249s]   416 |         if (gx < 0) gx = 0; if (gx >= m_MapLenX) gx = m_MapLenX - 1;
[1.249s]       |                             ^~
[1.249s] /home/zxcx/new_naw/planner/src/replanner.cpp:417:9: warning: this ‘if’ clause does not guard... [-Wmisleading-indentation]
[1.249s]   417 |         if (gy < 0) gy = 0; if (gy >= m_MapWeightY) gy = m_MapWeightY - 1;
[1.249s]       |         ^~
[1.249s] /home/zxcx/new_naw/planner/src/replanner.cpp:417:29: note: ...this statement, but the latter is misleadingly indented as if it were guarded by the ‘if’
[1.249s]   417 |         if (gy < 0) gy = 0; if (gy >= m_MapWeightY) gy = m_MapWeightY - 1;
[1.249s]       |                             ^~
[4.183s] [ 43%] Linking CXX executable planner_test
[4.412s] [ 68%] Built target planner_test
[16.975s] [ 75%] Linking CXX executable planner_node
[17.169s] [100%] Built target planner_node
[17.177s] Invoked command in '/home/zxcx/new_naw/build/planner' returned '0': AMENT_PREFIX_PATH=/home/zxcx/new_naw/install/custom_msgs:${AMENT_PREFIX_PATH} CMAKE_PREFIX_PATH=/home/zxcx/new_naw/install/custom_msgs:/opt/ros/humble LD_LIBRARY_PATH=/home/zxcx/new_naw/install/custom_msgs/lib:${LD_LIBRARY_PATH} PYTHONPATH=/home/zxcx/new_naw/install/custom_msgs/local/lib/python3.10/dist-packages:${PYTHONPATH} /usr/bin/cmake --build /home/zxcx/new_naw/build/planner -- -j32 -l32
[17.184s] Invoking command in '/home/zxcx/new_naw/build/planner': AMENT_PREFIX_PATH=/home/zxcx/new_naw/install/custom_msgs:${AMENT_PREFIX_PATH} CMAKE_PREFIX_PATH=/home/zxcx/new_naw/install/custom_msgs:/opt/ros/humble LD_LIBRARY_PATH=/home/zxcx/new_naw/install/custom_msgs/lib:${LD_LIBRARY_PATH} PYTHONPATH=/home/zxcx/new_naw/install/custom_msgs/local/lib/python3.10/dist-packages:${PYTHONPATH} /usr/bin/cmake --install /home/zxcx/new_naw/build/planner
[17.188s] -- Install configuration: "Release"
[17.188s] -- Installing: /home/zxcx/new_naw/install/planner/lib/planner/planner_node
[17.192s] -- Set runtime path of "/home/zxcx/new_naw/install/planner/lib/planner/planner_node" to ""
[17.192s] -- Installing: /home/zxcx/new_naw/install/planner/lib/planner/planner_test
[17.193s] -- Set runtime path of "/home/zxcx/new_naw/install/planner/lib/planner/planner_test" to ""
[17.193s] -- Up-to-date: /home/zxcx/new_naw/install/planner/share/ament_index/resource_index/package_run_dependencies/planner
[17.193s] -- Installing: /home/zxcx/new_naw/install/planner/share/ament_index/resource_index/parent_prefix_path/planner
[17.193s] -- Up-to-date: /home/zxcx/new_naw/install/planner/share/planner/environment/ament_prefix_path.sh
[17.193s] -- Installing: /home/zxcx/new_naw/install/planner/share/planner/environment/ament_prefix_path.dsv
[17.193s] -- Up-to-date: /home/zxcx/new_naw/install/planner/share/planner/environment/path.sh
[17.193s] -- Installing: /home/zxcx/new_naw/install/planner/share/planner/environment/path.dsv
[17.193s] -- Up-to-date: /home/zxcx/new_naw/install/planner/share/planner/local_setup.bash
[17.193s] -- Up-to-date: /home/zxcx/new_naw/install/planner/share/planner/local_setup.sh
[17.193s] -- Up-to-date: /home/zxcx/new_naw/install/planner/share/planner/local_setup.zsh
[17.193s] -- Installing: /home/zxcx/new_naw/install/planner/share/planner/local_setup.dsv
[17.194s] -- Installing: /home/zxcx/new_naw/install/planner/share/planner/package.dsv
[17.194s] -- Up-to-date: /home/zxcx/new_naw/install/planner/share/ament_index/resource_index/packages/planner
[17.194s] -- Up-to-date: /home/zxcx/new_naw/install/planner/share/planner/cmake/plannerConfig.cmake
[17.194s] -- Up-to-date: /home/zxcx/new_naw/install/planner/share/planner/cmake/plannerConfig-version.cmake
[17.194s] -- Up-to-date: /home/zxcx/new_naw/install/planner/share/planner/package.xml
[17.195s] Invoked command in '/home/zxcx/new_naw/build/planner' returned '0': AMENT_PREFIX_PATH=/home/zxcx/new_naw/install/custom_msgs:${AMENT_PREFIX_PATH} CMAKE_PREFIX_PATH=/home/zxcx/new_naw/install/custom_msgs:/opt/ros/humble LD_LIBRARY_PATH=/home/zxcx/new_naw/install/custom_msgs/lib:${LD_LIBRARY_PATH} PYTHONPATH=/home/zxcx/new_naw/install/custom_msgs/local/lib/python3.10/dist-packages:${PYTHONPATH} /usr/bin/cmake --install /home/zxcx/new_naw/build/planner
