[0.020s] Invoking command in '/home/zxcx/new_naw/build/relocation': AMENT_PREFIX_PATH=/home/zxcx/new_naw/install/custom_msgs:${AMENT_PREFIX_PATH} CMAKE_PREFIX_PATH=/home/zxcx/new_naw/install/custom_msgs:/opt/ros/humble LD_LIBRARY_PATH=/home/zxcx/new_naw/install/custom_msgs/lib:${LD_LIBRARY_PATH} PYTHONPATH=/home/zxcx/new_naw/install/custom_msgs/local/lib/python3.10/dist-packages:${PYTHONPATH} /usr/bin/cmake --build /home/zxcx/new_naw/build/relocation -- -j32 -l32
[0.063s] [ 60%] Built target relocation_core
[0.084s] [ 80%] Built target test_node
[0.087s] [100%] Built target relocation_node
[0.099s] Invoked command in '/home/zxcx/new_naw/build/relocation' returned '0': AMENT_PREFIX_PATH=/home/zxcx/new_naw/install/custom_msgs:${AMENT_PREFIX_PATH} CMAKE_PREFIX_PATH=/home/zxcx/new_naw/install/custom_msgs:/opt/ros/humble LD_LIBRARY_PATH=/home/zxcx/new_naw/install/custom_msgs/lib:${LD_LIBRARY_PATH} PYTHONPATH=/home/zxcx/new_naw/install/custom_msgs/local/lib/python3.10/dist-packages:${PYTHONPATH} /usr/bin/cmake --build /home/zxcx/new_naw/build/relocation -- -j32 -l32
[0.100s] Invoking command in '/home/zxcx/new_naw/build/relocation': AMENT_PREFIX_PATH=/home/zxcx/new_naw/install/custom_msgs:${AMENT_PREFIX_PATH} CMAKE_PREFIX_PATH=/home/zxcx/new_naw/install/custom_msgs:/opt/ros/humble LD_LIBRARY_PATH=/home/zxcx/new_naw/install/custom_msgs/lib:${LD_LIBRARY_PATH} PYTHONPATH=/home/zxcx/new_naw/install/custom_msgs/local/lib/python3.10/dist-packages:${PYTHONPATH} /usr/bin/cmake --install /home/zxcx/new_naw/build/relocation
[0.107s] -- Install configuration: "Release"
[0.107s] -- Up-to-date: /home/zxcx/new_naw/install/relocation/lib/librelocation_core.so
[0.107s] -- Up-to-date: /home/zxcx/new_naw/install/relocation/lib/relocation/test_node
[0.107s] -- Up-to-date: /home/zxcx/new_naw/install/relocation/lib/relocation/relocation_node
[0.107s] -- Up-to-date: /home/zxcx/new_naw/install/relocation/include
[0.107s] -- Up-to-date: /home/zxcx/new_naw/install/relocation/include/relocation
[0.107s] -- Up-to-date: /home/zxcx/new_naw/install/relocation/include/relocation/kd_tree.hpp
[0.107s] -- Up-to-date: /home/zxcx/new_naw/install/relocation/include/relocation/ann_kdtree.hpp
[0.107s] -- Up-to-date: /home/zxcx/new_naw/install/relocation/include/relocation/iris.hpp
[0.107s] -- Up-to-date: /home/zxcx/new_naw/install/relocation/include/relocation/icp.hpp
[0.107s] -- Up-to-date: /home/zxcx/new_naw/install/relocation/include/relocation/location.hpp
[0.107s] -- Up-to-date: /home/zxcx/new_naw/install/relocation/share/ament_index/resource_index/package_run_dependencies/relocation
[0.107s] -- Up-to-date: /home/zxcx/new_naw/install/relocation/share/ament_index/resource_index/parent_prefix_path/relocation
[0.107s] -- Up-to-date: /home/zxcx/new_naw/install/relocation/share/relocation/environment/ament_prefix_path.sh
[0.107s] -- Up-to-date: /home/zxcx/new_naw/install/relocation/share/relocation/environment/ament_prefix_path.dsv
[0.107s] -- Up-to-date: /home/zxcx/new_naw/install/relocation/share/relocation/environment/path.sh
[0.107s] -- Up-to-date: /home/zxcx/new_naw/install/relocation/share/relocation/environment/path.dsv
[0.108s] -- Up-to-date: /home/zxcx/new_naw/install/relocation/share/relocation/local_setup.bash
[0.108s] -- Up-to-date: /home/zxcx/new_naw/install/relocation/share/relocation/local_setup.sh
[0.108s] -- Up-to-date: /home/zxcx/new_naw/install/relocation/share/relocation/local_setup.zsh
[0.108s] -- Up-to-date: /home/zxcx/new_naw/install/relocation/share/relocation/local_setup.dsv
[0.108s] -- Installing: /home/zxcx/new_naw/install/relocation/share/relocation/package.dsv
[0.108s] -- Up-to-date: /home/zxcx/new_naw/install/relocation/share/ament_index/resource_index/packages/relocation
[0.108s] -- Up-to-date: /home/zxcx/new_naw/install/relocation/share/relocation/cmake/relocationConfig.cmake
[0.108s] -- Up-to-date: /home/zxcx/new_naw/install/relocation/share/relocation/cmake/relocationConfig-version.cmake
[0.108s] -- Up-to-date: /home/zxcx/new_naw/install/relocation/share/relocation/package.xml
[0.121s] Invoked command in '/home/zxcx/new_naw/build/relocation' returned '0': AMENT_PREFIX_PATH=/home/zxcx/new_naw/install/custom_msgs:${AMENT_PREFIX_PATH} CMAKE_PREFIX_PATH=/home/zxcx/new_naw/install/custom_msgs:/opt/ros/humble LD_LIBRARY_PATH=/home/zxcx/new_naw/install/custom_msgs/lib:${LD_LIBRARY_PATH} PYTHONPATH=/home/zxcx/new_naw/install/custom_msgs/local/lib/python3.10/dist-packages:${PYTHONPATH} /usr/bin/cmake --install /home/zxcx/new_naw/build/relocation
