[0.013s] Invoking command in '/home/zxcx/new_naw/build/algo_master': CMAKE_PREFIX_PATH=/home/zxcx/new_naw/install/custom_msgs:/home/zxcx/new_naw/install/relocation:/home/zxcx/new_naw/install/point_lio:/home/zxcx/new_naw/install/planner:/home/zxcx/new_naw/install/livox_ros_driver2:/home/zxcx/new_naw/install/esdf:/home/zxcx/new_naw/install/algo_master:/home/zxcx/new_naw/install/controller:/opt/ros/humble LD_LIBRARY_PATH=/home/zxcx/new_naw/install/custom_msgs/lib:/home/zxcx/new_naw/install/relocation/lib:/home/zxcx/new_naw/install/livox_ros_driver2/lib:/usr/lib/x86_64-linux-gnu/gazebo-11/plugins:/opt/ros/humble/opt/rviz_ogre_vendor/lib:/opt/ros/humble/lib/x86_64-linux-gnu:/opt/ros/humble/lib /usr/bin/cmake --build /home/zxcx/new_naw/build/algo_master -- -j32 -l32
[0.053s] [100%] Built target algo_master
[0.061s] Invoked command in '/home/zxcx/new_naw/build/algo_master' returned '0': CMAKE_PREFIX_PATH=/home/zxcx/new_naw/install/custom_msgs:/home/zxcx/new_naw/install/relocation:/home/zxcx/new_naw/install/point_lio:/home/zxcx/new_naw/install/planner:/home/zxcx/new_naw/install/livox_ros_driver2:/home/zxcx/new_naw/install/esdf:/home/zxcx/new_naw/install/algo_master:/home/zxcx/new_naw/install/controller:/opt/ros/humble LD_LIBRARY_PATH=/home/zxcx/new_naw/install/custom_msgs/lib:/home/zxcx/new_naw/install/relocation/lib:/home/zxcx/new_naw/install/livox_ros_driver2/lib:/usr/lib/x86_64-linux-gnu/gazebo-11/plugins:/opt/ros/humble/opt/rviz_ogre_vendor/lib:/opt/ros/humble/lib/x86_64-linux-gnu:/opt/ros/humble/lib /usr/bin/cmake --build /home/zxcx/new_naw/build/algo_master -- -j32 -l32
[0.062s] Invoking command in '/home/zxcx/new_naw/build/algo_master': CMAKE_PREFIX_PATH=/home/zxcx/new_naw/install/custom_msgs:/home/zxcx/new_naw/install/relocation:/home/zxcx/new_naw/install/point_lio:/home/zxcx/new_naw/install/planner:/home/zxcx/new_naw/install/livox_ros_driver2:/home/zxcx/new_naw/install/esdf:/home/zxcx/new_naw/install/algo_master:/home/zxcx/new_naw/install/controller:/opt/ros/humble LD_LIBRARY_PATH=/home/zxcx/new_naw/install/custom_msgs/lib:/home/zxcx/new_naw/install/relocation/lib:/home/zxcx/new_naw/install/livox_ros_driver2/lib:/usr/lib/x86_64-linux-gnu/gazebo-11/plugins:/opt/ros/humble/opt/rviz_ogre_vendor/lib:/opt/ros/humble/lib/x86_64-linux-gnu:/opt/ros/humble/lib /usr/bin/cmake --install /home/zxcx/new_naw/build/algo_master
[0.067s] -- Install configuration: "Release"
[0.067s] -- Up-to-date: /home/zxcx/new_naw/install/algo_master/lib/algo_master/algo_master
[0.067s] -- Up-to-date: /home/zxcx/new_naw/install/algo_master/share/ament_index/resource_index/package_run_dependencies/algo_master
[0.067s] -- Up-to-date: /home/zxcx/new_naw/install/algo_master/share/ament_index/resource_index/parent_prefix_path/algo_master
[0.068s] -- Up-to-date: /home/zxcx/new_naw/install/algo_master/share/algo_master/environment/ament_prefix_path.sh
[0.068s] -- Up-to-date: /home/zxcx/new_naw/install/algo_master/share/algo_master/environment/ament_prefix_path.dsv
[0.068s] -- Up-to-date: /home/zxcx/new_naw/install/algo_master/share/algo_master/environment/path.sh
[0.068s] -- Up-to-date: /home/zxcx/new_naw/install/algo_master/share/algo_master/environment/path.dsv
[0.068s] -- Up-to-date: /home/zxcx/new_naw/install/algo_master/share/algo_master/local_setup.bash
[0.068s] -- Up-to-date: /home/zxcx/new_naw/install/algo_master/share/algo_master/local_setup.sh
[0.068s] -- Up-to-date: /home/zxcx/new_naw/install/algo_master/share/algo_master/local_setup.zsh
[0.068s] -- Up-to-date: /home/zxcx/new_naw/install/algo_master/share/algo_master/local_setup.dsv
[0.068s] -- Installing: /home/zxcx/new_naw/install/algo_master/share/algo_master/package.dsv
[0.068s] -- Up-to-date: /home/zxcx/new_naw/install/algo_master/share/ament_index/resource_index/packages/algo_master
[0.068s] -- Up-to-date: /home/zxcx/new_naw/install/algo_master/share/algo_master/cmake/algo_masterConfig.cmake
[0.068s] -- Up-to-date: /home/zxcx/new_naw/install/algo_master/share/algo_master/cmake/algo_masterConfig-version.cmake
[0.068s] -- Up-to-date: /home/zxcx/new_naw/install/algo_master/share/algo_master/package.xml
[0.070s] Invoked command in '/home/zxcx/new_naw/build/algo_master' returned '0': CMAKE_PREFIX_PATH=/home/zxcx/new_naw/install/custom_msgs:/home/zxcx/new_naw/install/relocation:/home/zxcx/new_naw/install/point_lio:/home/zxcx/new_naw/install/planner:/home/zxcx/new_naw/install/livox_ros_driver2:/home/zxcx/new_naw/install/esdf:/home/zxcx/new_naw/install/algo_master:/home/zxcx/new_naw/install/controller:/opt/ros/humble LD_LIBRARY_PATH=/home/zxcx/new_naw/install/custom_msgs/lib:/home/zxcx/new_naw/install/relocation/lib:/home/zxcx/new_naw/install/livox_ros_driver2/lib:/usr/lib/x86_64-linux-gnu/gazebo-11/plugins:/opt/ros/humble/opt/rviz_ogre_vendor/lib:/opt/ros/humble/lib/x86_64-linux-gnu:/opt/ros/humble/lib /usr/bin/cmake --install /home/zxcx/new_naw/build/algo_master
