[0.023s] Invoking command in '/home/zxcx/new_naw/build/planner': CMAKE_PREFIX_PATH=/home/zxcx/new_naw/install/custom_msgs:/home/zxcx/new_naw/install/relocation:/home/zxcx/new_naw/install/point_lio:/home/zxcx/new_naw/install/planner:/home/zxcx/new_naw/install/livox_ros_driver2:/home/zxcx/new_naw/install/esdf:/home/zxcx/new_naw/install/algo_master:/home/zxcx/new_naw/install/controller:/opt/ros/humble LD_LIBRARY_PATH=/home/zxcx/new_naw/install/custom_msgs/lib:/home/zxcx/new_naw/install/relocation/lib:/home/zxcx/new_naw/install/livox_ros_driver2/lib:/usr/lib/x86_64-linux-gnu/gazebo-11/plugins:/opt/ros/humble/opt/rviz_ogre_vendor/lib:/opt/ros/humble/lib/x86_64-linux-gnu:/opt/ros/humble/lib /usr/bin/cmake /home/zxcx/new_naw/planner -DCMAKE_BUILD_TYPE=Release -DCMAKE_INSTALL_PREFIX=/home/zxcx/new_naw/install/planner
[0.030s] -- Found ament_cmake: 1.3.14 (/opt/ros/humble/share/ament_cmake/cmake)
[0.109s] -- Found rclcpp: 16.0.19 (/opt/ros/humble/share/rclcpp/cmake)
[0.126s] -- Found rosidl_generator_c: 3.1.8 (/opt/ros/humble/share/rosidl_generator_c/cmake)
[0.127s] -- Found rosidl_adapter: 3.1.8 (/opt/ros/humble/share/rosidl_adapter/cmake)
[0.131s] -- Found rosidl_generator_cpp: 3.1.8 (/opt/ros/humble/share/rosidl_generator_cpp/cmake)
[0.136s] -- Using all available rosidl_typesupport_c: rosidl_typesupport_fastrtps_c;rosidl_typesupport_introspection_c
[0.142s] -- Using all available rosidl_typesupport_cpp: rosidl_typesupport_fastrtps_cpp;rosidl_typesupport_introspection_cpp
[0.159s] -- Found rmw_implementation_cmake: 6.1.2 (/opt/ros/humble/share/rmw_implementation_cmake/cmake)
[0.160s] -- Found rmw_fastrtps_cpp: 6.2.10 (/opt/ros/humble/share/rmw_fastrtps_cpp/cmake)
[0.230s] -- Using RMW implementation 'rmw_fastrtps_cpp' as default
[0.260s] -- Found custom_msgs: 0.0.0 (/home/zxcx/new_naw/install/custom_msgs/share/custom_msgs/cmake)
[0.266s] -- Found nav_msgs: 4.9.1 (/opt/ros/humble/share/nav_msgs/cmake)
[0.281s] -- Found visualization_msgs: 4.9.1 (/opt/ros/humble/share/visualization_msgs/cmake)
[0.301s] -- Found message_filters: 4.3.16 (/opt/ros/humble/share/message_filters/cmake)
[0.303s] -- Found ament_lint_auto: 0.12.15 (/opt/ros/humble/share/ament_lint_auto/cmake)
[0.341s] -- Added test 'copyright' to check source files copyright and LICENSE
[0.342s] -- Added test 'cppcheck' to perform static code analysis on C / C++ code
[0.342s] -- Configured cppcheck include dirs: /home/zxcx/new_naw/planner/include
[0.342s] -- Configured cppcheck exclude dirs and/or files: 
[0.343s] -- Added test 'cpplint' to check C / C++ code against the Google style
[0.343s] -- Configured cpplint exclude dirs and/or files: 
[0.343s] -- Added test 'lint_cmake' to check CMake code style
[0.344s] -- Added test 'uncrustify' to check C / C++ code style
[0.344s] -- Configured uncrustify additional arguments: 
[0.345s] -- Added test 'xmllint' to check XML markup files
[0.345s] -- Configuring done
[0.358s] -- Generating done
[0.362s] -- Build files have been written to: /home/zxcx/new_naw/build/planner
[0.368s] Invoked command in '/home/zxcx/new_naw/build/planner' returned '0': CMAKE_PREFIX_PATH=/home/zxcx/new_naw/install/custom_msgs:/home/zxcx/new_naw/install/relocation:/home/zxcx/new_naw/install/point_lio:/home/zxcx/new_naw/install/planner:/home/zxcx/new_naw/install/livox_ros_driver2:/home/zxcx/new_naw/install/esdf:/home/zxcx/new_naw/install/algo_master:/home/zxcx/new_naw/install/controller:/opt/ros/humble LD_LIBRARY_PATH=/home/zxcx/new_naw/install/custom_msgs/lib:/home/zxcx/new_naw/install/relocation/lib:/home/zxcx/new_naw/install/livox_ros_driver2/lib:/usr/lib/x86_64-linux-gnu/gazebo-11/plugins:/opt/ros/humble/opt/rviz_ogre_vendor/lib:/opt/ros/humble/lib/x86_64-linux-gnu:/opt/ros/humble/lib /usr/bin/cmake /home/zxcx/new_naw/planner -DCMAKE_BUILD_TYPE=Release -DCMAKE_INSTALL_PREFIX=/home/zxcx/new_naw/install/planner
[0.369s] Invoking command in '/home/zxcx/new_naw/build/planner': CMAKE_PREFIX_PATH=/home/zxcx/new_naw/install/custom_msgs:/home/zxcx/new_naw/install/relocation:/home/zxcx/new_naw/install/point_lio:/home/zxcx/new_naw/install/planner:/home/zxcx/new_naw/install/livox_ros_driver2:/home/zxcx/new_naw/install/esdf:/home/zxcx/new_naw/install/algo_master:/home/zxcx/new_naw/install/controller:/opt/ros/humble LD_LIBRARY_PATH=/home/zxcx/new_naw/install/custom_msgs/lib:/home/zxcx/new_naw/install/relocation/lib:/home/zxcx/new_naw/install/livox_ros_driver2/lib:/usr/lib/x86_64-linux-gnu/gazebo-11/plugins:/opt/ros/humble/opt/rviz_ogre_vendor/lib:/opt/ros/humble/lib/x86_64-linux-gnu:/opt/ros/humble/lib /usr/bin/cmake --build /home/zxcx/new_naw/build/planner -- -j32 -l32
[0.400s] [35m[1mConsolidate compiler generated dependencies of target planner_node[0m
[0.401s] [35m[1mConsolidate compiler generated dependencies of target planner_test[0m
[0.424s] [ 50%] Built target planner_test
[0.428s] [100%] Built target planner_node
[0.436s] Invoked command in '/home/zxcx/new_naw/build/planner' returned '0': CMAKE_PREFIX_PATH=/home/zxcx/new_naw/install/custom_msgs:/home/zxcx/new_naw/install/relocation:/home/zxcx/new_naw/install/point_lio:/home/zxcx/new_naw/install/planner:/home/zxcx/new_naw/install/livox_ros_driver2:/home/zxcx/new_naw/install/esdf:/home/zxcx/new_naw/install/algo_master:/home/zxcx/new_naw/install/controller:/opt/ros/humble LD_LIBRARY_PATH=/home/zxcx/new_naw/install/custom_msgs/lib:/home/zxcx/new_naw/install/relocation/lib:/home/zxcx/new_naw/install/livox_ros_driver2/lib:/usr/lib/x86_64-linux-gnu/gazebo-11/plugins:/opt/ros/humble/opt/rviz_ogre_vendor/lib:/opt/ros/humble/lib/x86_64-linux-gnu:/opt/ros/humble/lib /usr/bin/cmake --build /home/zxcx/new_naw/build/planner -- -j32 -l32
[0.436s] Invoking command in '/home/zxcx/new_naw/build/planner': CMAKE_PREFIX_PATH=/home/zxcx/new_naw/install/custom_msgs:/home/zxcx/new_naw/install/relocation:/home/zxcx/new_naw/install/point_lio:/home/zxcx/new_naw/install/planner:/home/zxcx/new_naw/install/livox_ros_driver2:/home/zxcx/new_naw/install/esdf:/home/zxcx/new_naw/install/algo_master:/home/zxcx/new_naw/install/controller:/opt/ros/humble LD_LIBRARY_PATH=/home/zxcx/new_naw/install/custom_msgs/lib:/home/zxcx/new_naw/install/relocation/lib:/home/zxcx/new_naw/install/livox_ros_driver2/lib:/usr/lib/x86_64-linux-gnu/gazebo-11/plugins:/opt/ros/humble/opt/rviz_ogre_vendor/lib:/opt/ros/humble/lib/x86_64-linux-gnu:/opt/ros/humble/lib /usr/bin/cmake --install /home/zxcx/new_naw/build/planner
[0.442s] -- Install configuration: "Release"
[0.442s] -- Up-to-date: /home/zxcx/new_naw/install/planner/lib/planner/planner_node
[0.442s] -- Up-to-date: /home/zxcx/new_naw/install/planner/lib/planner/planner_test
[0.442s] -- Up-to-date: /home/zxcx/new_naw/install/planner/share/ament_index/resource_index/package_run_dependencies/planner
[0.442s] -- Installing: /home/zxcx/new_naw/install/planner/share/ament_index/resource_index/parent_prefix_path/planner
[0.442s] -- Up-to-date: /home/zxcx/new_naw/install/planner/share/planner/environment/ament_prefix_path.sh
[0.443s] -- Installing: /home/zxcx/new_naw/install/planner/share/planner/environment/ament_prefix_path.dsv
[0.443s] -- Up-to-date: /home/zxcx/new_naw/install/planner/share/planner/environment/path.sh
[0.443s] -- Installing: /home/zxcx/new_naw/install/planner/share/planner/environment/path.dsv
[0.443s] -- Up-to-date: /home/zxcx/new_naw/install/planner/share/planner/local_setup.bash
[0.443s] -- Up-to-date: /home/zxcx/new_naw/install/planner/share/planner/local_setup.sh
[0.443s] -- Up-to-date: /home/zxcx/new_naw/install/planner/share/planner/local_setup.zsh
[0.443s] -- Installing: /home/zxcx/new_naw/install/planner/share/planner/local_setup.dsv
[0.443s] -- Installing: /home/zxcx/new_naw/install/planner/share/planner/package.dsv
[0.443s] -- Up-to-date: /home/zxcx/new_naw/install/planner/share/ament_index/resource_index/packages/planner
[0.443s] -- Up-to-date: /home/zxcx/new_naw/install/planner/share/planner/cmake/plannerConfig.cmake
[0.443s] -- Up-to-date: /home/zxcx/new_naw/install/planner/share/planner/cmake/plannerConfig-version.cmake
[0.443s] -- Up-to-date: /home/zxcx/new_naw/install/planner/share/planner/package.xml
[0.445s] Invoked command in '/home/zxcx/new_naw/build/planner' returned '0': CMAKE_PREFIX_PATH=/home/zxcx/new_naw/install/custom_msgs:/home/zxcx/new_naw/install/relocation:/home/zxcx/new_naw/install/point_lio:/home/zxcx/new_naw/install/planner:/home/zxcx/new_naw/install/livox_ros_driver2:/home/zxcx/new_naw/install/esdf:/home/zxcx/new_naw/install/algo_master:/home/zxcx/new_naw/install/controller:/opt/ros/humble LD_LIBRARY_PATH=/home/zxcx/new_naw/install/custom_msgs/lib:/home/zxcx/new_naw/install/relocation/lib:/home/zxcx/new_naw/install/livox_ros_driver2/lib:/usr/lib/x86_64-linux-gnu/gazebo-11/plugins:/opt/ros/humble/opt/rviz_ogre_vendor/lib:/opt/ros/humble/lib/x86_64-linux-gnu:/opt/ros/humble/lib /usr/bin/cmake --install /home/zxcx/new_naw/build/planner
