[0.050s] DEBUG:colcon:Command line arguments: ['/usr/bin/colcon', 'build', '--cmake-args', '-DCMAKE_BUILD_TYPE=Release']
[0.050s] DEBUG:colcon:Parsed command line arguments: Namespace(log_base=None, log_level=None, verb_name='build', build_base='build', install_base='install', merge_install=False, symlink_install=False, test_result_base=None, continue_on_error=False, executor='parallel', parallel_workers=32, event_handlers=None, ignore_user_meta=False, metas=['./colcon.meta'], base_paths=['.'], packages_ignore=None, packages_ignore_regex=None, paths=None, packages_up_to=None, packages_up_to_regex=None, packages_above=None, packages_above_and_dependencies=None, packages_above_depth=None, packages_select_by_dep=None, packages_skip_by_dep=None, packages_skip_up_to=None, packages_select_build_failed=False, packages_skip_build_finished=False, packages_select_test_failures=False, packages_skip_test_passed=False, packages_select=None, packages_skip=None, packages_select_regex=None, packages_skip_regex=None, packages_start=None, packages_end=None, allow_overriding=[], cmake_args=['-DCMAKE_BUILD_TYPE=Release'], cmake_target=None, cmake_target_skip_unavailable=False, cmake_clean_cache=False, cmake_clean_first=False, cmake_force_configure=False, ament_cmake_args=None, catkin_cmake_args=None, catkin_skip_building_tests=False, verb_parser=<colcon_defaults.argument_parser.defaults.DefaultArgumentsDecorator object at 0x74fea582ffd0>, verb_extension=<colcon_core.verb.build.BuildVerb object at 0x74fea582f130>, main=<bound method BuildVerb.main of <colcon_core.verb.build.BuildVerb object at 0x74fea582f130>>)
[0.122s] Level 1:colcon.colcon_core.package_discovery:discover_packages(colcon_meta) check parameters
[0.122s] Level 1:colcon.colcon_core.package_discovery:discover_packages(recursive) check parameters
[0.122s] Level 1:colcon.colcon_core.package_discovery:discover_packages(ignore) check parameters
[0.122s] Level 1:colcon.colcon_core.package_discovery:discover_packages(path) check parameters
[0.122s] Level 1:colcon.colcon_core.package_discovery:discover_packages(colcon_meta) discover
[0.122s] Level 1:colcon.colcon_core.package_discovery:discover_packages(recursive) discover
[0.123s] INFO:colcon.colcon_core.package_discovery:Crawling recursively for packages in '/home/zxcx/new_naw'
[0.123s] Level 1:colcon.colcon_core.package_identification:_identify(.) by extensions ['ignore', 'ignore_ament_install']
[0.123s] Level 1:colcon.colcon_core.package_identification:_identify(.) by extension 'ignore'
[0.123s] Level 1:colcon.colcon_core.package_identification:_identify(.) by extension 'ignore_ament_install'
[0.123s] Level 1:colcon.colcon_core.package_identification:_identify(.) by extensions ['colcon_pkg']
[0.123s] Level 1:colcon.colcon_core.package_identification:_identify(.) by extension 'colcon_pkg'
[0.123s] Level 1:colcon.colcon_core.package_identification:_identify(.) by extensions ['colcon_meta']
[0.123s] Level 1:colcon.colcon_core.package_identification:_identify(.) by extension 'colcon_meta'
[0.123s] Level 1:colcon.colcon_core.package_identification:_identify(.) by extensions ['ros']
[0.123s] Level 1:colcon.colcon_core.package_identification:_identify(.) by extension 'ros'
[0.128s] Level 1:colcon.colcon_core.package_identification:_identify(.) by extensions ['cmake', 'python']
[0.128s] Level 1:colcon.colcon_core.package_identification:_identify(.) by extension 'cmake'
[0.128s] Level 1:colcon.colcon_core.package_identification:_identify(.) by extension 'python'
[0.128s] Level 1:colcon.colcon_core.package_identification:_identify(.) by extensions ['python_setup_py']
[0.128s] Level 1:colcon.colcon_core.package_identification:_identify(.) by extension 'python_setup_py'
[0.128s] Level 1:colcon.colcon_core.package_identification:_identify(algo_master) by extensions ['ignore', 'ignore_ament_install']
[0.128s] Level 1:colcon.colcon_core.package_identification:_identify(algo_master) by extension 'ignore'
[0.128s] Level 1:colcon.colcon_core.package_identification:_identify(algo_master) by extension 'ignore_ament_install'
[0.128s] Level 1:colcon.colcon_core.package_identification:_identify(algo_master) by extensions ['colcon_pkg']
[0.128s] Level 1:colcon.colcon_core.package_identification:_identify(algo_master) by extension 'colcon_pkg'
[0.129s] Level 1:colcon.colcon_core.package_identification:_identify(algo_master) by extensions ['colcon_meta']
[0.129s] Level 1:colcon.colcon_core.package_identification:_identify(algo_master) by extension 'colcon_meta'
[0.129s] Level 1:colcon.colcon_core.package_identification:_identify(algo_master) by extensions ['ros']
[0.129s] Level 1:colcon.colcon_core.package_identification:_identify(algo_master) by extension 'ros'
[0.130s] DEBUG:colcon.colcon_core.package_identification:Package 'algo_master' with type 'ros.ament_cmake' and name 'algo_master'
[0.130s] Level 1:colcon.colcon_core.package_identification:_identify(build) by extensions ['ignore', 'ignore_ament_install']
[0.130s] Level 1:colcon.colcon_core.package_identification:_identify(build) by extension 'ignore'
[0.130s] Level 1:colcon.colcon_core.package_identification:_identify(build) ignored
[0.130s] Level 1:colcon.colcon_core.package_identification:_identify(controller) by extensions ['ignore', 'ignore_ament_install']
[0.130s] Level 1:colcon.colcon_core.package_identification:_identify(controller) by extension 'ignore'
[0.130s] Level 1:colcon.colcon_core.package_identification:_identify(controller) by extension 'ignore_ament_install'
[0.130s] Level 1:colcon.colcon_core.package_identification:_identify(controller) by extensions ['colcon_pkg']
[0.130s] Level 1:colcon.colcon_core.package_identification:_identify(controller) by extension 'colcon_pkg'
[0.130s] Level 1:colcon.colcon_core.package_identification:_identify(controller) by extensions ['colcon_meta']
[0.130s] Level 1:colcon.colcon_core.package_identification:_identify(controller) by extension 'colcon_meta'
[0.130s] Level 1:colcon.colcon_core.package_identification:_identify(controller) by extensions ['ros']
[0.130s] Level 1:colcon.colcon_core.package_identification:_identify(controller) by extension 'ros'
[0.130s] DEBUG:colcon.colcon_core.package_identification:Package 'controller' with type 'ros.ament_cmake' and name 'controller'
[0.130s] Level 1:colcon.colcon_core.package_identification:_identify(custom_msgs) by extensions ['ignore', 'ignore_ament_install']
[0.130s] Level 1:colcon.colcon_core.package_identification:_identify(custom_msgs) by extension 'ignore'
[0.130s] Level 1:colcon.colcon_core.package_identification:_identify(custom_msgs) by extension 'ignore_ament_install'
[0.131s] Level 1:colcon.colcon_core.package_identification:_identify(custom_msgs) by extensions ['colcon_pkg']
[0.131s] Level 1:colcon.colcon_core.package_identification:_identify(custom_msgs) by extension 'colcon_pkg'
[0.131s] Level 1:colcon.colcon_core.package_identification:_identify(custom_msgs) by extensions ['colcon_meta']
[0.131s] Level 1:colcon.colcon_core.package_identification:_identify(custom_msgs) by extension 'colcon_meta'
[0.131s] Level 1:colcon.colcon_core.package_identification:_identify(custom_msgs) by extensions ['ros']
[0.131s] Level 1:colcon.colcon_core.package_identification:_identify(custom_msgs) by extension 'ros'
[0.131s] DEBUG:colcon.colcon_core.package_identification:Package 'custom_msgs' with type 'ros.ament_cmake' and name 'custom_msgs'
[0.131s] Level 1:colcon.colcon_core.package_identification:_identify(esdf) by extensions ['ignore', 'ignore_ament_install']
[0.131s] Level 1:colcon.colcon_core.package_identification:_identify(esdf) by extension 'ignore'
[0.131s] Level 1:colcon.colcon_core.package_identification:_identify(esdf) by extension 'ignore_ament_install'
[0.131s] Level 1:colcon.colcon_core.package_identification:_identify(esdf) by extensions ['colcon_pkg']
[0.131s] Level 1:colcon.colcon_core.package_identification:_identify(esdf) by extension 'colcon_pkg'
[0.131s] Level 1:colcon.colcon_core.package_identification:_identify(esdf) by extensions ['colcon_meta']
[0.131s] Level 1:colcon.colcon_core.package_identification:_identify(esdf) by extension 'colcon_meta'
[0.131s] Level 1:colcon.colcon_core.package_identification:_identify(esdf) by extensions ['ros']
[0.131s] Level 1:colcon.colcon_core.package_identification:_identify(esdf) by extension 'ros'
[0.132s] DEBUG:colcon.colcon_core.package_identification:Package 'esdf' with type 'ros.ament_cmake' and name 'esdf'
[0.132s] Level 1:colcon.colcon_core.package_identification:_identify(install) by extensions ['ignore', 'ignore_ament_install']
[0.132s] Level 1:colcon.colcon_core.package_identification:_identify(install) by extension 'ignore'
[0.132s] Level 1:colcon.colcon_core.package_identification:_identify(install) ignored
[0.132s] Level 1:colcon.colcon_core.package_identification:_identify(livox_ros_driver2) by extensions ['ignore', 'ignore_ament_install']
[0.132s] Level 1:colcon.colcon_core.package_identification:_identify(livox_ros_driver2) by extension 'ignore'
[0.132s] Level 1:colcon.colcon_core.package_identification:_identify(livox_ros_driver2) by extension 'ignore_ament_install'
[0.132s] Level 1:colcon.colcon_core.package_identification:_identify(livox_ros_driver2) by extensions ['colcon_pkg']
[0.132s] Level 1:colcon.colcon_core.package_identification:_identify(livox_ros_driver2) by extension 'colcon_pkg'
[0.132s] Level 1:colcon.colcon_core.package_identification:_identify(livox_ros_driver2) by extensions ['colcon_meta']
[0.132s] Level 1:colcon.colcon_core.package_identification:_identify(livox_ros_driver2) by extension 'colcon_meta'
[0.132s] Level 1:colcon.colcon_core.package_identification:_identify(livox_ros_driver2) by extensions ['ros']
[0.132s] Level 1:colcon.colcon_core.package_identification:_identify(livox_ros_driver2) by extension 'ros'
[0.132s] DEBUG:colcon.colcon_core.package_identification:Package 'livox_ros_driver2' with type 'ros.ament_cmake' and name 'livox_ros_driver2'
[0.133s] Level 1:colcon.colcon_core.package_identification:_identify(log) by extensions ['ignore', 'ignore_ament_install']
[0.133s] Level 1:colcon.colcon_core.package_identification:_identify(log) by extension 'ignore'
[0.133s] Level 1:colcon.colcon_core.package_identification:_identify(log) ignored
[0.133s] Level 1:colcon.colcon_core.package_identification:_identify(planner) by extensions ['ignore', 'ignore_ament_install']
[0.133s] Level 1:colcon.colcon_core.package_identification:_identify(planner) by extension 'ignore'
[0.133s] Level 1:colcon.colcon_core.package_identification:_identify(planner) by extension 'ignore_ament_install'
[0.133s] Level 1:colcon.colcon_core.package_identification:_identify(planner) by extensions ['colcon_pkg']
[0.133s] Level 1:colcon.colcon_core.package_identification:_identify(planner) by extension 'colcon_pkg'
[0.133s] Level 1:colcon.colcon_core.package_identification:_identify(planner) by extensions ['colcon_meta']
[0.133s] Level 1:colcon.colcon_core.package_identification:_identify(planner) by extension 'colcon_meta'
[0.133s] Level 1:colcon.colcon_core.package_identification:_identify(planner) by extensions ['ros']
[0.133s] Level 1:colcon.colcon_core.package_identification:_identify(planner) by extension 'ros'
[0.133s] DEBUG:colcon.colcon_core.package_identification:Package 'planner' with type 'ros.ament_cmake' and name 'planner'
[0.133s] Level 1:colcon.colcon_core.package_identification:_identify(point_lio) by extensions ['ignore', 'ignore_ament_install']
[0.133s] Level 1:colcon.colcon_core.package_identification:_identify(point_lio) by extension 'ignore'
[0.133s] Level 1:colcon.colcon_core.package_identification:_identify(point_lio) by extension 'ignore_ament_install'
[0.133s] Level 1:colcon.colcon_core.package_identification:_identify(point_lio) by extensions ['colcon_pkg']
[0.133s] Level 1:colcon.colcon_core.package_identification:_identify(point_lio) by extension 'colcon_pkg'
[0.133s] Level 1:colcon.colcon_core.package_identification:_identify(point_lio) by extensions ['colcon_meta']
[0.133s] Level 1:colcon.colcon_core.package_identification:_identify(point_lio) by extension 'colcon_meta'
[0.133s] Level 1:colcon.colcon_core.package_identification:_identify(point_lio) by extensions ['ros']
[0.133s] Level 1:colcon.colcon_core.package_identification:_identify(point_lio) by extension 'ros'
[0.134s] DEBUG:colcon.colcon_core.package_identification:Package 'point_lio' with type 'ros.ament_cmake' and name 'point_lio'
[0.134s] Level 1:colcon.colcon_core.package_identification:_identify(relocation) by extensions ['ignore', 'ignore_ament_install']
[0.134s] Level 1:colcon.colcon_core.package_identification:_identify(relocation) by extension 'ignore'
[0.134s] Level 1:colcon.colcon_core.package_identification:_identify(relocation) by extension 'ignore_ament_install'
[0.134s] Level 1:colcon.colcon_core.package_identification:_identify(relocation) by extensions ['colcon_pkg']
[0.134s] Level 1:colcon.colcon_core.package_identification:_identify(relocation) by extension 'colcon_pkg'
[0.134s] Level 1:colcon.colcon_core.package_identification:_identify(relocation) by extensions ['colcon_meta']
[0.134s] Level 1:colcon.colcon_core.package_identification:_identify(relocation) by extension 'colcon_meta'
[0.134s] Level 1:colcon.colcon_core.package_identification:_identify(relocation) by extensions ['ros']
[0.134s] Level 1:colcon.colcon_core.package_identification:_identify(relocation) by extension 'ros'
[0.135s] DEBUG:colcon.colcon_core.package_identification:Package 'relocation' with type 'ros.ament_cmake' and name 'relocation'
[0.135s] Level 1:colcon.colcon_core.package_discovery:discover_packages(recursive) using defaults
[0.135s] Level 1:colcon.colcon_core.package_discovery:discover_packages(ignore) discover
[0.135s] Level 1:colcon.colcon_core.package_discovery:discover_packages(ignore) using defaults
[0.135s] Level 1:colcon.colcon_core.package_discovery:discover_packages(path) discover
[0.135s] Level 1:colcon.colcon_core.package_discovery:discover_packages(path) using defaults
[0.150s] Level 1:colcon.colcon_core.package_discovery:discover_packages(prefix_path) check parameters
[0.150s] Level 1:colcon.colcon_core.package_discovery:discover_packages(prefix_path) discover
[0.152s] DEBUG:colcon.colcon_installed_package_information.package_discovery:Found 8 installed packages in /home/zxcx/new_naw/install
[0.152s] DEBUG:colcon.colcon_installed_package_information.package_discovery:Found 298 installed packages in /opt/ros/humble
[0.153s] Level 1:colcon.colcon_core.package_discovery:discover_packages(prefix_path) using defaults
[0.172s] Level 5:colcon.colcon_core.verb:set package 'controller' build argument 'cmake_args' from command line to '['-DCMAKE_BUILD_TYPE=Release']'
[0.173s] Level 5:colcon.colcon_core.verb:set package 'controller' build argument 'cmake_target' from command line to 'None'
[0.173s] Level 5:colcon.colcon_core.verb:set package 'controller' build argument 'cmake_target_skip_unavailable' from command line to 'False'
[0.173s] Level 5:colcon.colcon_core.verb:set package 'controller' build argument 'cmake_clean_cache' from command line to 'False'
[0.173s] Level 5:colcon.colcon_core.verb:set package 'controller' build argument 'cmake_clean_first' from command line to 'False'
[0.173s] Level 5:colcon.colcon_core.verb:set package 'controller' build argument 'cmake_force_configure' from command line to 'False'
[0.173s] Level 5:colcon.colcon_core.verb:set package 'controller' build argument 'ament_cmake_args' from command line to 'None'
[0.173s] Level 5:colcon.colcon_core.verb:set package 'controller' build argument 'catkin_cmake_args' from command line to 'None'
[0.173s] Level 5:colcon.colcon_core.verb:set package 'controller' build argument 'catkin_skip_building_tests' from command line to 'False'
[0.173s] DEBUG:colcon.colcon_core.verb:Building package 'controller' with the following arguments: {'ament_cmake_args': None, 'build_base': '/home/zxcx/new_naw/build/controller', 'catkin_cmake_args': None, 'catkin_skip_building_tests': False, 'cmake_args': ['-DCMAKE_BUILD_TYPE=Release'], 'cmake_clean_cache': False, 'cmake_clean_first': False, 'cmake_force_configure': False, 'cmake_target': None, 'cmake_target_skip_unavailable': False, 'install_base': '/home/zxcx/new_naw/install/controller', 'merge_install': False, 'path': '/home/zxcx/new_naw/controller', 'symlink_install': False, 'test_result_base': None}
[0.173s] Level 5:colcon.colcon_core.verb:set package 'custom_msgs' build argument 'cmake_args' from command line to '['-DCMAKE_BUILD_TYPE=Release']'
[0.173s] Level 5:colcon.colcon_core.verb:set package 'custom_msgs' build argument 'cmake_target' from command line to 'None'
[0.173s] Level 5:colcon.colcon_core.verb:set package 'custom_msgs' build argument 'cmake_target_skip_unavailable' from command line to 'False'
[0.173s] Level 5:colcon.colcon_core.verb:set package 'custom_msgs' build argument 'cmake_clean_cache' from command line to 'False'
[0.173s] Level 5:colcon.colcon_core.verb:set package 'custom_msgs' build argument 'cmake_clean_first' from command line to 'False'
[0.173s] Level 5:colcon.colcon_core.verb:set package 'custom_msgs' build argument 'cmake_force_configure' from command line to 'False'
[0.173s] Level 5:colcon.colcon_core.verb:set package 'custom_msgs' build argument 'ament_cmake_args' from command line to 'None'
[0.173s] Level 5:colcon.colcon_core.verb:set package 'custom_msgs' build argument 'catkin_cmake_args' from command line to 'None'
[0.173s] Level 5:colcon.colcon_core.verb:set package 'custom_msgs' build argument 'catkin_skip_building_tests' from command line to 'False'
[0.173s] DEBUG:colcon.colcon_core.verb:Building package 'custom_msgs' with the following arguments: {'ament_cmake_args': None, 'build_base': '/home/zxcx/new_naw/build/custom_msgs', 'catkin_cmake_args': None, 'catkin_skip_building_tests': False, 'cmake_args': ['-DCMAKE_BUILD_TYPE=Release'], 'cmake_clean_cache': False, 'cmake_clean_first': False, 'cmake_force_configure': False, 'cmake_target': None, 'cmake_target_skip_unavailable': False, 'install_base': '/home/zxcx/new_naw/install/custom_msgs', 'merge_install': False, 'path': '/home/zxcx/new_naw/custom_msgs', 'symlink_install': False, 'test_result_base': None}
[0.173s] Level 5:colcon.colcon_core.verb:set package 'livox_ros_driver2' build argument 'cmake_args' from command line to '['-DCMAKE_BUILD_TYPE=Release']'
[0.173s] Level 5:colcon.colcon_core.verb:set package 'livox_ros_driver2' build argument 'cmake_target' from command line to 'None'
[0.173s] Level 5:colcon.colcon_core.verb:set package 'livox_ros_driver2' build argument 'cmake_target_skip_unavailable' from command line to 'False'
[0.173s] Level 5:colcon.colcon_core.verb:set package 'livox_ros_driver2' build argument 'cmake_clean_cache' from command line to 'False'
[0.173s] Level 5:colcon.colcon_core.verb:set package 'livox_ros_driver2' build argument 'cmake_clean_first' from command line to 'False'
[0.173s] Level 5:colcon.colcon_core.verb:set package 'livox_ros_driver2' build argument 'cmake_force_configure' from command line to 'False'
[0.173s] Level 5:colcon.colcon_core.verb:set package 'livox_ros_driver2' build argument 'ament_cmake_args' from command line to 'None'
[0.173s] Level 5:colcon.colcon_core.verb:set package 'livox_ros_driver2' build argument 'catkin_cmake_args' from command line to 'None'
[0.173s] Level 5:colcon.colcon_core.verb:set package 'livox_ros_driver2' build argument 'catkin_skip_building_tests' from command line to 'False'
[0.173s] DEBUG:colcon.colcon_core.verb:Building package 'livox_ros_driver2' with the following arguments: {'ament_cmake_args': None, 'build_base': '/home/zxcx/new_naw/build/livox_ros_driver2', 'catkin_cmake_args': None, 'catkin_skip_building_tests': False, 'cmake_args': ['-DCMAKE_BUILD_TYPE=Release'], 'cmake_clean_cache': False, 'cmake_clean_first': False, 'cmake_force_configure': False, 'cmake_target': None, 'cmake_target_skip_unavailable': False, 'install_base': '/home/zxcx/new_naw/install/livox_ros_driver2', 'merge_install': False, 'path': '/home/zxcx/new_naw/livox_ros_driver2', 'symlink_install': False, 'test_result_base': None}
[0.173s] Level 5:colcon.colcon_core.verb:set package 'algo_master' build argument 'cmake_args' from command line to '['-DCMAKE_BUILD_TYPE=Release']'
[0.173s] Level 5:colcon.colcon_core.verb:set package 'algo_master' build argument 'cmake_target' from command line to 'None'
[0.173s] Level 5:colcon.colcon_core.verb:set package 'algo_master' build argument 'cmake_target_skip_unavailable' from command line to 'False'
[0.173s] Level 5:colcon.colcon_core.verb:set package 'algo_master' build argument 'cmake_clean_cache' from command line to 'False'
[0.173s] Level 5:colcon.colcon_core.verb:set package 'algo_master' build argument 'cmake_clean_first' from command line to 'False'
[0.173s] Level 5:colcon.colcon_core.verb:set package 'algo_master' build argument 'cmake_force_configure' from command line to 'False'
[0.173s] Level 5:colcon.colcon_core.verb:set package 'algo_master' build argument 'ament_cmake_args' from command line to 'None'
[0.173s] Level 5:colcon.colcon_core.verb:set package 'algo_master' build argument 'catkin_cmake_args' from command line to 'None'
[0.173s] Level 5:colcon.colcon_core.verb:set package 'algo_master' build argument 'catkin_skip_building_tests' from command line to 'False'
[0.173s] DEBUG:colcon.colcon_core.verb:Building package 'algo_master' with the following arguments: {'ament_cmake_args': None, 'build_base': '/home/zxcx/new_naw/build/algo_master', 'catkin_cmake_args': None, 'catkin_skip_building_tests': False, 'cmake_args': ['-DCMAKE_BUILD_TYPE=Release'], 'cmake_clean_cache': False, 'cmake_clean_first': False, 'cmake_force_configure': False, 'cmake_target': None, 'cmake_target_skip_unavailable': False, 'install_base': '/home/zxcx/new_naw/install/algo_master', 'merge_install': False, 'path': '/home/zxcx/new_naw/algo_master', 'symlink_install': False, 'test_result_base': None}
[0.174s] Level 5:colcon.colcon_core.verb:set package 'esdf' build argument 'cmake_args' from command line to '['-DCMAKE_BUILD_TYPE=Release']'
[0.174s] Level 5:colcon.colcon_core.verb:set package 'esdf' build argument 'cmake_target' from command line to 'None'
[0.174s] Level 5:colcon.colcon_core.verb:set package 'esdf' build argument 'cmake_target_skip_unavailable' from command line to 'False'
[0.174s] Level 5:colcon.colcon_core.verb:set package 'esdf' build argument 'cmake_clean_cache' from command line to 'False'
[0.174s] Level 5:colcon.colcon_core.verb:set package 'esdf' build argument 'cmake_clean_first' from command line to 'False'
[0.174s] Level 5:colcon.colcon_core.verb:set package 'esdf' build argument 'cmake_force_configure' from command line to 'False'
[0.174s] Level 5:colcon.colcon_core.verb:set package 'esdf' build argument 'ament_cmake_args' from command line to 'None'
[0.174s] Level 5:colcon.colcon_core.verb:set package 'esdf' build argument 'catkin_cmake_args' from command line to 'None'
[0.174s] Level 5:colcon.colcon_core.verb:set package 'esdf' build argument 'catkin_skip_building_tests' from command line to 'False'
[0.174s] DEBUG:colcon.colcon_core.verb:Building package 'esdf' with the following arguments: {'ament_cmake_args': None, 'build_base': '/home/zxcx/new_naw/build/esdf', 'catkin_cmake_args': None, 'catkin_skip_building_tests': False, 'cmake_args': ['-DCMAKE_BUILD_TYPE=Release'], 'cmake_clean_cache': False, 'cmake_clean_first': False, 'cmake_force_configure': False, 'cmake_target': None, 'cmake_target_skip_unavailable': False, 'install_base': '/home/zxcx/new_naw/install/esdf', 'merge_install': False, 'path': '/home/zxcx/new_naw/esdf', 'symlink_install': False, 'test_result_base': None}
[0.174s] Level 5:colcon.colcon_core.verb:set package 'planner' build argument 'cmake_args' from command line to '['-DCMAKE_BUILD_TYPE=Release']'
[0.174s] Level 5:colcon.colcon_core.verb:set package 'planner' build argument 'cmake_target' from command line to 'None'
[0.174s] Level 5:colcon.colcon_core.verb:set package 'planner' build argument 'cmake_target_skip_unavailable' from command line to 'False'
[0.174s] Level 5:colcon.colcon_core.verb:set package 'planner' build argument 'cmake_clean_cache' from command line to 'False'
[0.174s] Level 5:colcon.colcon_core.verb:set package 'planner' build argument 'cmake_clean_first' from command line to 'False'
[0.174s] Level 5:colcon.colcon_core.verb:set package 'planner' build argument 'cmake_force_configure' from command line to 'False'
[0.174s] Level 5:colcon.colcon_core.verb:set package 'planner' build argument 'ament_cmake_args' from command line to 'None'
[0.174s] Level 5:colcon.colcon_core.verb:set package 'planner' build argument 'catkin_cmake_args' from command line to 'None'
[0.174s] Level 5:colcon.colcon_core.verb:set package 'planner' build argument 'catkin_skip_building_tests' from command line to 'False'
[0.174s] DEBUG:colcon.colcon_core.verb:Building package 'planner' with the following arguments: {'ament_cmake_args': None, 'build_base': '/home/zxcx/new_naw/build/planner', 'catkin_cmake_args': None, 'catkin_skip_building_tests': False, 'cmake_args': ['-DCMAKE_BUILD_TYPE=Release'], 'cmake_clean_cache': False, 'cmake_clean_first': False, 'cmake_force_configure': False, 'cmake_target': None, 'cmake_target_skip_unavailable': False, 'install_base': '/home/zxcx/new_naw/install/planner', 'merge_install': False, 'path': '/home/zxcx/new_naw/planner', 'symlink_install': False, 'test_result_base': None}
[0.174s] Level 5:colcon.colcon_core.verb:set package 'point_lio' build argument 'cmake_args' from command line to '['-DCMAKE_BUILD_TYPE=Release']'
[0.174s] Level 5:colcon.colcon_core.verb:set package 'point_lio' build argument 'cmake_target' from command line to 'None'
[0.174s] Level 5:colcon.colcon_core.verb:set package 'point_lio' build argument 'cmake_target_skip_unavailable' from command line to 'False'
[0.174s] Level 5:colcon.colcon_core.verb:set package 'point_lio' build argument 'cmake_clean_cache' from command line to 'False'
[0.174s] Level 5:colcon.colcon_core.verb:set package 'point_lio' build argument 'cmake_clean_first' from command line to 'False'
[0.174s] Level 5:colcon.colcon_core.verb:set package 'point_lio' build argument 'cmake_force_configure' from command line to 'False'
[0.174s] Level 5:colcon.colcon_core.verb:set package 'point_lio' build argument 'ament_cmake_args' from command line to 'None'
[0.174s] Level 5:colcon.colcon_core.verb:set package 'point_lio' build argument 'catkin_cmake_args' from command line to 'None'
[0.174s] Level 5:colcon.colcon_core.verb:set package 'point_lio' build argument 'catkin_skip_building_tests' from command line to 'False'
[0.174s] DEBUG:colcon.colcon_core.verb:Building package 'point_lio' with the following arguments: {'ament_cmake_args': None, 'build_base': '/home/zxcx/new_naw/build/point_lio', 'catkin_cmake_args': None, 'catkin_skip_building_tests': False, 'cmake_args': ['-DCMAKE_BUILD_TYPE=Release'], 'cmake_clean_cache': False, 'cmake_clean_first': False, 'cmake_force_configure': False, 'cmake_target': None, 'cmake_target_skip_unavailable': False, 'install_base': '/home/zxcx/new_naw/install/point_lio', 'merge_install': False, 'path': '/home/zxcx/new_naw/point_lio', 'symlink_install': False, 'test_result_base': None}
[0.174s] Level 5:colcon.colcon_core.verb:set package 'relocation' build argument 'cmake_args' from command line to '['-DCMAKE_BUILD_TYPE=Release']'
[0.174s] Level 5:colcon.colcon_core.verb:set package 'relocation' build argument 'cmake_target' from command line to 'None'
[0.174s] Level 5:colcon.colcon_core.verb:set package 'relocation' build argument 'cmake_target_skip_unavailable' from command line to 'False'
[0.174s] Level 5:colcon.colcon_core.verb:set package 'relocation' build argument 'cmake_clean_cache' from command line to 'False'
[0.174s] Level 5:colcon.colcon_core.verb:set package 'relocation' build argument 'cmake_clean_first' from command line to 'False'
[0.174s] Level 5:colcon.colcon_core.verb:set package 'relocation' build argument 'cmake_force_configure' from command line to 'False'
[0.174s] Level 5:colcon.colcon_core.verb:set package 'relocation' build argument 'ament_cmake_args' from command line to 'None'
[0.174s] Level 5:colcon.colcon_core.verb:set package 'relocation' build argument 'catkin_cmake_args' from command line to 'None'
[0.174s] Level 5:colcon.colcon_core.verb:set package 'relocation' build argument 'catkin_skip_building_tests' from command line to 'False'
[0.174s] DEBUG:colcon.colcon_core.verb:Building package 'relocation' with the following arguments: {'ament_cmake_args': None, 'build_base': '/home/zxcx/new_naw/build/relocation', 'catkin_cmake_args': None, 'catkin_skip_building_tests': False, 'cmake_args': ['-DCMAKE_BUILD_TYPE=Release'], 'cmake_clean_cache': False, 'cmake_clean_first': False, 'cmake_force_configure': False, 'cmake_target': None, 'cmake_target_skip_unavailable': False, 'install_base': '/home/zxcx/new_naw/install/relocation', 'merge_install': False, 'path': '/home/zxcx/new_naw/relocation', 'symlink_install': False, 'test_result_base': None}
[0.174s] INFO:colcon.colcon_core.executor:Executing jobs using 'parallel' executor
[0.175s] DEBUG:colcon.colcon_parallel_executor.executor.parallel:run_until_complete
[0.175s] INFO:colcon.colcon_ros.task.ament_cmake.build:Building ROS package in '/home/zxcx/new_naw/custom_msgs' with build type 'ament_cmake'
[0.175s] INFO:colcon.colcon_cmake.task.cmake.build:Building CMake package in '/home/zxcx/new_naw/custom_msgs'
[0.176s] INFO:colcon.colcon_core.plugin_system:Skipping extension 'colcon_core.shell.bat': Not used on non-Windows systems
[0.176s] INFO:colcon.colcon_core.shell:Skip shell extension 'powershell' for command environment: Not usable outside of PowerShell
[0.176s] DEBUG:colcon.colcon_core.shell:Skip shell extension 'dsv' for command environment
[0.179s] INFO:colcon.colcon_ros.task.ament_cmake.build:Building ROS package in '/home/zxcx/new_naw/livox_ros_driver2' with build type 'ament_cmake'
[0.179s] INFO:colcon.colcon_cmake.task.cmake.build:Building CMake package in '/home/zxcx/new_naw/livox_ros_driver2'
[0.179s] INFO:colcon.colcon_core.shell:Skip shell extension 'powershell' for command environment: Not usable outside of PowerShell
[0.179s] DEBUG:colcon.colcon_core.shell:Skip shell extension 'dsv' for command environment
[0.181s] INFO:colcon.colcon_ros.task.ament_cmake.build:Building ROS package in '/home/zxcx/new_naw/controller' with build type 'ament_cmake'
[0.181s] INFO:colcon.colcon_cmake.task.cmake.build:Building CMake package in '/home/zxcx/new_naw/controller'
[0.181s] INFO:colcon.colcon_core.shell:Skip shell extension 'powershell' for command environment: Not usable outside of PowerShell
[0.181s] DEBUG:colcon.colcon_core.shell:Skip shell extension 'dsv' for command environment
[0.185s] DEBUG:colcon.colcon_core.event_handler.log_command:Invoking command in '/home/zxcx/new_naw/build/custom_msgs': CMAKE_PREFIX_PATH=${CMAKE_PREFIX_PATH}:/opt/ros/humble /usr/bin/cmake --build /home/zxcx/new_naw/build/custom_msgs -- -j32 -l32
[0.187s] DEBUG:colcon.colcon_core.event_handler.log_command:Invoking command in '/home/zxcx/new_naw/build/livox_ros_driver2': CMAKE_PREFIX_PATH=${CMAKE_PREFIX_PATH}:/opt/ros/humble /usr/bin/cmake --build /home/zxcx/new_naw/build/livox_ros_driver2 -- -j32 -l32
[0.189s] DEBUG:colcon.colcon_core.event_handler.log_command:Invoking command in '/home/zxcx/new_naw/build/controller': CMAKE_PREFIX_PATH=${CMAKE_PREFIX_PATH}:/opt/ros/humble /usr/bin/cmake --build /home/zxcx/new_naw/build/controller -- -j32 -l32
[0.215s] DEBUG:colcon.colcon_core.event_handler.log_command:Invoked command in '/home/zxcx/new_naw/build/controller' returned '0': CMAKE_PREFIX_PATH=${CMAKE_PREFIX_PATH}:/opt/ros/humble /usr/bin/cmake --build /home/zxcx/new_naw/build/controller -- -j32 -l32
[0.222s] DEBUG:colcon.colcon_core.event_handler.log_command:Invoking command in '/home/zxcx/new_naw/build/controller': CMAKE_PREFIX_PATH=${CMAKE_PREFIX_PATH}:/opt/ros/humble /usr/bin/cmake --install /home/zxcx/new_naw/build/controller
[0.227s] Level 1:colcon.colcon_core.environment:create_environment_scripts_only(controller)
[0.228s] DEBUG:colcon.colcon_core.event_handler.log_command:Invoked command in '/home/zxcx/new_naw/build/controller' returned '0': CMAKE_PREFIX_PATH=${CMAKE_PREFIX_PATH}:/opt/ros/humble /usr/bin/cmake --install /home/zxcx/new_naw/build/controller
[0.229s] Level 1:colcon.colcon_core.environment:checking '/home/zxcx/new_naw/install/controller' for CMake module files
[0.229s] Level 1:colcon.colcon_core.environment:checking '/home/zxcx/new_naw/install/controller' for CMake config files
[0.229s] Level 1:colcon.colcon_core.shell:create_environment_hook('controller', 'cmake_prefix_path')
[0.230s] INFO:colcon.colcon_core.shell:Creating environment hook '/home/zxcx/new_naw/install/controller/share/controller/hook/cmake_prefix_path.ps1'
[0.230s] INFO:colcon.colcon_core.shell:Creating environment descriptor '/home/zxcx/new_naw/install/controller/share/controller/hook/cmake_prefix_path.dsv'
[0.230s] INFO:colcon.colcon_core.shell:Creating environment hook '/home/zxcx/new_naw/install/controller/share/controller/hook/cmake_prefix_path.sh'
[0.231s] Level 1:colcon.colcon_core.environment:checking '/home/zxcx/new_naw/install/controller/bin'
[0.231s] Level 1:colcon.colcon_core.environment:checking '/home/zxcx/new_naw/install/controller/lib/pkgconfig/controller.pc'
[0.231s] Level 1:colcon.colcon_core.environment:checking '/home/zxcx/new_naw/install/controller/lib/python3.10/site-packages'
[0.231s] Level 1:colcon.colcon_core.environment:checking '/home/zxcx/new_naw/install/controller/bin'
[0.231s] INFO:colcon.colcon_core.shell:Creating package script '/home/zxcx/new_naw/install/controller/share/controller/package.ps1'
[0.232s] INFO:colcon.colcon_core.shell:Creating package descriptor '/home/zxcx/new_naw/install/controller/share/controller/package.dsv'
[0.232s] INFO:colcon.colcon_core.shell:Creating package script '/home/zxcx/new_naw/install/controller/share/controller/package.sh'
[0.233s] INFO:colcon.colcon_core.shell:Creating package script '/home/zxcx/new_naw/install/controller/share/controller/package.bash'
[0.233s] INFO:colcon.colcon_core.shell:Creating package script '/home/zxcx/new_naw/install/controller/share/controller/package.zsh'
[0.233s] Level 1:colcon.colcon_core.environment:create_file_with_runtime_dependencies(/home/zxcx/new_naw/install/controller/share/colcon-core/packages/controller)
[0.234s] Level 1:colcon.colcon_core.environment:create_environment_scripts_only(controller)
[0.234s] Level 1:colcon.colcon_core.environment:checking '/home/zxcx/new_naw/install/controller' for CMake module files
[0.234s] Level 1:colcon.colcon_core.environment:checking '/home/zxcx/new_naw/install/controller' for CMake config files
[0.234s] Level 1:colcon.colcon_core.shell:create_environment_hook('controller', 'cmake_prefix_path')
[0.234s] INFO:colcon.colcon_core.shell:Creating environment hook '/home/zxcx/new_naw/install/controller/share/controller/hook/cmake_prefix_path.ps1'
[0.235s] INFO:colcon.colcon_core.shell:Creating environment descriptor '/home/zxcx/new_naw/install/controller/share/controller/hook/cmake_prefix_path.dsv'
[0.235s] INFO:colcon.colcon_core.shell:Creating environment hook '/home/zxcx/new_naw/install/controller/share/controller/hook/cmake_prefix_path.sh'
[0.235s] Level 1:colcon.colcon_core.environment:checking '/home/zxcx/new_naw/install/controller/bin'
[0.235s] Level 1:colcon.colcon_core.environment:checking '/home/zxcx/new_naw/install/controller/lib/pkgconfig/controller.pc'
[0.235s] Level 1:colcon.colcon_core.environment:checking '/home/zxcx/new_naw/install/controller/lib/python3.10/site-packages'
[0.235s] Level 1:colcon.colcon_core.environment:checking '/home/zxcx/new_naw/install/controller/bin'
[0.235s] INFO:colcon.colcon_core.shell:Creating package script '/home/zxcx/new_naw/install/controller/share/controller/package.ps1'
[0.236s] INFO:colcon.colcon_core.shell:Creating package descriptor '/home/zxcx/new_naw/install/controller/share/controller/package.dsv'
[0.236s] INFO:colcon.colcon_core.shell:Creating package script '/home/zxcx/new_naw/install/controller/share/controller/package.sh'
[0.236s] INFO:colcon.colcon_core.shell:Creating package script '/home/zxcx/new_naw/install/controller/share/controller/package.bash'
[0.236s] INFO:colcon.colcon_core.shell:Creating package script '/home/zxcx/new_naw/install/controller/share/controller/package.zsh'
[0.237s] Level 1:colcon.colcon_core.environment:create_file_with_runtime_dependencies(/home/zxcx/new_naw/install/controller/share/colcon-core/packages/controller)
[0.375s] DEBUG:colcon.colcon_core.event_handler.log_command:Invoked command in '/home/zxcx/new_naw/build/livox_ros_driver2' returned '0': CMAKE_PREFIX_PATH=${CMAKE_PREFIX_PATH}:/opt/ros/humble /usr/bin/cmake --build /home/zxcx/new_naw/build/livox_ros_driver2 -- -j32 -l32
[0.377s] DEBUG:colcon.colcon_core.event_handler.log_command:Invoking command in '/home/zxcx/new_naw/build/livox_ros_driver2': CMAKE_PREFIX_PATH=${CMAKE_PREFIX_PATH}:/opt/ros/humble /usr/bin/cmake --install /home/zxcx/new_naw/build/livox_ros_driver2
[0.377s] DEBUG:colcon.colcon_core.event_handler.log_command:Invoked command in '/home/zxcx/new_naw/build/custom_msgs' returned '0': CMAKE_PREFIX_PATH=${CMAKE_PREFIX_PATH}:/opt/ros/humble /usr/bin/cmake --build /home/zxcx/new_naw/build/custom_msgs -- -j32 -l32
[0.378s] DEBUG:colcon.colcon_core.event_handler.log_command:Invoking command in '/home/zxcx/new_naw/build/custom_msgs': CMAKE_PREFIX_PATH=${CMAKE_PREFIX_PATH}:/opt/ros/humble /usr/bin/cmake --install /home/zxcx/new_naw/build/custom_msgs
[0.410s] Level 1:colcon.colcon_core.environment:create_environment_scripts_only(livox_ros_driver2)
[0.410s] DEBUG:colcon.colcon_core.event_handler.log_command:Invoked command in '/home/zxcx/new_naw/build/livox_ros_driver2' returned '0': CMAKE_PREFIX_PATH=${CMAKE_PREFIX_PATH}:/opt/ros/humble /usr/bin/cmake --install /home/zxcx/new_naw/build/livox_ros_driver2
[0.410s] Level 1:colcon.colcon_core.environment:checking '/home/zxcx/new_naw/install/livox_ros_driver2' for CMake module files
[0.413s] Level 1:colcon.colcon_core.environment:checking '/home/zxcx/new_naw/install/livox_ros_driver2' for CMake config files
[0.414s] Level 1:colcon.colcon_core.shell:create_environment_hook('livox_ros_driver2', 'cmake_prefix_path')
[0.414s] INFO:colcon.colcon_core.shell:Creating environment hook '/home/zxcx/new_naw/install/livox_ros_driver2/share/livox_ros_driver2/hook/cmake_prefix_path.ps1'
[0.414s] INFO:colcon.colcon_core.shell:Creating environment descriptor '/home/zxcx/new_naw/install/livox_ros_driver2/share/livox_ros_driver2/hook/cmake_prefix_path.dsv'
[0.414s] INFO:colcon.colcon_core.shell:Creating environment hook '/home/zxcx/new_naw/install/livox_ros_driver2/share/livox_ros_driver2/hook/cmake_prefix_path.sh'
[0.415s] Level 1:colcon.colcon_core.environment:checking '/home/zxcx/new_naw/install/livox_ros_driver2/lib'
[0.415s] Level 1:colcon.colcon_core.shell:create_environment_hook('livox_ros_driver2', 'ld_library_path_lib')
[0.415s] INFO:colcon.colcon_core.shell:Creating environment hook '/home/zxcx/new_naw/install/livox_ros_driver2/share/livox_ros_driver2/hook/ld_library_path_lib.ps1'
[0.415s] INFO:colcon.colcon_core.shell:Creating environment descriptor '/home/zxcx/new_naw/install/livox_ros_driver2/share/livox_ros_driver2/hook/ld_library_path_lib.dsv'
[0.415s] INFO:colcon.colcon_core.shell:Creating environment hook '/home/zxcx/new_naw/install/livox_ros_driver2/share/livox_ros_driver2/hook/ld_library_path_lib.sh'
[0.415s] Level 1:colcon.colcon_core.environment:checking '/home/zxcx/new_naw/install/livox_ros_driver2/bin'
[0.416s] Level 1:colcon.colcon_core.environment:checking '/home/zxcx/new_naw/install/livox_ros_driver2/lib/pkgconfig/livox_ros_driver2.pc'
[0.416s] Level 1:colcon.colcon_core.environment:checking '/home/zxcx/new_naw/install/livox_ros_driver2/lib/python3.10/site-packages'
[0.416s] Level 1:colcon.colcon_core.environment:checking '/home/zxcx/new_naw/install/livox_ros_driver2/bin'
[0.416s] INFO:colcon.colcon_core.shell:Creating package script '/home/zxcx/new_naw/install/livox_ros_driver2/share/livox_ros_driver2/package.ps1'
[0.416s] INFO:colcon.colcon_core.shell:Creating package descriptor '/home/zxcx/new_naw/install/livox_ros_driver2/share/livox_ros_driver2/package.dsv'
[0.416s] INFO:colcon.colcon_core.shell:Creating package script '/home/zxcx/new_naw/install/livox_ros_driver2/share/livox_ros_driver2/package.sh'
[0.417s] INFO:colcon.colcon_core.shell:Creating package script '/home/zxcx/new_naw/install/livox_ros_driver2/share/livox_ros_driver2/package.bash'
[0.417s] INFO:colcon.colcon_core.shell:Creating package script '/home/zxcx/new_naw/install/livox_ros_driver2/share/livox_ros_driver2/package.zsh'
[0.417s] Level 1:colcon.colcon_core.environment:create_file_with_runtime_dependencies(/home/zxcx/new_naw/install/livox_ros_driver2/share/colcon-core/packages/livox_ros_driver2)
[0.417s] Level 1:colcon.colcon_core.environment:create_environment_scripts_only(livox_ros_driver2)
[0.417s] Level 1:colcon.colcon_core.environment:checking '/home/zxcx/new_naw/install/livox_ros_driver2' for CMake module files
[0.418s] Level 1:colcon.colcon_core.environment:checking '/home/zxcx/new_naw/install/livox_ros_driver2' for CMake config files
[0.418s] Level 1:colcon.colcon_core.shell:create_environment_hook('livox_ros_driver2', 'cmake_prefix_path')
[0.418s] INFO:colcon.colcon_core.shell:Creating environment hook '/home/zxcx/new_naw/install/livox_ros_driver2/share/livox_ros_driver2/hook/cmake_prefix_path.ps1'
[0.418s] INFO:colcon.colcon_core.shell:Creating environment descriptor '/home/zxcx/new_naw/install/livox_ros_driver2/share/livox_ros_driver2/hook/cmake_prefix_path.dsv'
[0.418s] INFO:colcon.colcon_core.shell:Creating environment hook '/home/zxcx/new_naw/install/livox_ros_driver2/share/livox_ros_driver2/hook/cmake_prefix_path.sh'
[0.419s] Level 1:colcon.colcon_core.environment:checking '/home/zxcx/new_naw/install/livox_ros_driver2/lib'
[0.419s] Level 1:colcon.colcon_core.shell:create_environment_hook('livox_ros_driver2', 'ld_library_path_lib')
[0.419s] INFO:colcon.colcon_core.shell:Creating environment hook '/home/zxcx/new_naw/install/livox_ros_driver2/share/livox_ros_driver2/hook/ld_library_path_lib.ps1'
[0.419s] INFO:colcon.colcon_core.shell:Creating environment descriptor '/home/zxcx/new_naw/install/livox_ros_driver2/share/livox_ros_driver2/hook/ld_library_path_lib.dsv'
[0.419s] INFO:colcon.colcon_core.shell:Creating environment hook '/home/zxcx/new_naw/install/livox_ros_driver2/share/livox_ros_driver2/hook/ld_library_path_lib.sh'
[0.419s] Level 1:colcon.colcon_core.environment:checking '/home/zxcx/new_naw/install/livox_ros_driver2/bin'
[0.419s] Level 1:colcon.colcon_core.environment:checking '/home/zxcx/new_naw/install/livox_ros_driver2/lib/pkgconfig/livox_ros_driver2.pc'
[0.420s] Level 1:colcon.colcon_core.environment:checking '/home/zxcx/new_naw/install/livox_ros_driver2/lib/python3.10/site-packages'
[0.420s] Level 1:colcon.colcon_core.environment:checking '/home/zxcx/new_naw/install/livox_ros_driver2/bin'
[0.420s] INFO:colcon.colcon_core.shell:Creating package script '/home/zxcx/new_naw/install/livox_ros_driver2/share/livox_ros_driver2/package.ps1'
[0.420s] INFO:colcon.colcon_core.shell:Creating package descriptor '/home/zxcx/new_naw/install/livox_ros_driver2/share/livox_ros_driver2/package.dsv'
[0.420s] INFO:colcon.colcon_core.shell:Creating package script '/home/zxcx/new_naw/install/livox_ros_driver2/share/livox_ros_driver2/package.sh'
[0.421s] INFO:colcon.colcon_core.shell:Creating package script '/home/zxcx/new_naw/install/livox_ros_driver2/share/livox_ros_driver2/package.bash'
[0.421s] INFO:colcon.colcon_core.shell:Creating package script '/home/zxcx/new_naw/install/livox_ros_driver2/share/livox_ros_driver2/package.zsh'
[0.421s] Level 1:colcon.colcon_core.environment:create_file_with_runtime_dependencies(/home/zxcx/new_naw/install/livox_ros_driver2/share/colcon-core/packages/livox_ros_driver2)
[0.421s] INFO:colcon.colcon_ros.task.ament_cmake.build:Building ROS package in '/home/zxcx/new_naw/point_lio' with build type 'ament_cmake'
[0.422s] INFO:colcon.colcon_cmake.task.cmake.build:Building CMake package in '/home/zxcx/new_naw/point_lio'
[0.422s] INFO:colcon.colcon_core.shell:Skip shell extension 'powershell' for command environment: Not usable outside of PowerShell
[0.422s] DEBUG:colcon.colcon_core.shell:Skip shell extension 'dsv' for command environment
[0.424s] Level 1:colcon.colcon_core.environment:create_environment_scripts_only(custom_msgs)
[0.424s] DEBUG:colcon.colcon_core.event_handler.log_command:Invoked command in '/home/zxcx/new_naw/build/custom_msgs' returned '0': CMAKE_PREFIX_PATH=${CMAKE_PREFIX_PATH}:/opt/ros/humble /usr/bin/cmake --install /home/zxcx/new_naw/build/custom_msgs
[0.425s] Level 1:colcon.colcon_core.environment:checking '/home/zxcx/new_naw/install/custom_msgs' for CMake module files
[0.425s] Level 1:colcon.colcon_core.environment:checking '/home/zxcx/new_naw/install/custom_msgs' for CMake config files
[0.425s] Level 1:colcon.colcon_core.shell:create_environment_hook('custom_msgs', 'cmake_prefix_path')
[0.426s] INFO:colcon.colcon_core.shell:Creating environment hook '/home/zxcx/new_naw/install/custom_msgs/share/custom_msgs/hook/cmake_prefix_path.ps1'
[0.426s] INFO:colcon.colcon_core.shell:Creating environment descriptor '/home/zxcx/new_naw/install/custom_msgs/share/custom_msgs/hook/cmake_prefix_path.dsv'
[0.426s] INFO:colcon.colcon_core.shell:Creating environment hook '/home/zxcx/new_naw/install/custom_msgs/share/custom_msgs/hook/cmake_prefix_path.sh'
[0.427s] Level 1:colcon.colcon_core.environment:checking '/home/zxcx/new_naw/install/custom_msgs/lib'
[0.427s] Level 1:colcon.colcon_core.shell:create_environment_hook('custom_msgs', 'ld_library_path_lib')
[0.427s] INFO:colcon.colcon_core.shell:Creating environment hook '/home/zxcx/new_naw/install/custom_msgs/share/custom_msgs/hook/ld_library_path_lib.ps1'
[0.427s] INFO:colcon.colcon_core.shell:Creating environment descriptor '/home/zxcx/new_naw/install/custom_msgs/share/custom_msgs/hook/ld_library_path_lib.dsv'
[0.427s] INFO:colcon.colcon_core.shell:Creating environment hook '/home/zxcx/new_naw/install/custom_msgs/share/custom_msgs/hook/ld_library_path_lib.sh'
[0.427s] Level 1:colcon.colcon_core.environment:checking '/home/zxcx/new_naw/install/custom_msgs/bin'
[0.427s] Level 1:colcon.colcon_core.environment:checking '/home/zxcx/new_naw/install/custom_msgs/lib/pkgconfig/custom_msgs.pc'
[0.428s] Level 1:colcon.colcon_core.environment:checking '/home/zxcx/new_naw/install/custom_msgs/lib/python3.10/site-packages'
[0.428s] Level 1:colcon.colcon_core.environment:checking '/home/zxcx/new_naw/install/custom_msgs/bin'
[0.428s] INFO:colcon.colcon_core.shell:Creating package script '/home/zxcx/new_naw/install/custom_msgs/share/custom_msgs/package.ps1'
[0.428s] INFO:colcon.colcon_core.shell:Creating package descriptor '/home/zxcx/new_naw/install/custom_msgs/share/custom_msgs/package.dsv'
[0.428s] INFO:colcon.colcon_core.shell:Creating package script '/home/zxcx/new_naw/install/custom_msgs/share/custom_msgs/package.sh'
[0.429s] INFO:colcon.colcon_core.shell:Creating package script '/home/zxcx/new_naw/install/custom_msgs/share/custom_msgs/package.bash'
[0.429s] INFO:colcon.colcon_core.shell:Creating package script '/home/zxcx/new_naw/install/custom_msgs/share/custom_msgs/package.zsh'
[0.429s] Level 1:colcon.colcon_core.environment:create_file_with_runtime_dependencies(/home/zxcx/new_naw/install/custom_msgs/share/colcon-core/packages/custom_msgs)
[0.429s] Level 1:colcon.colcon_core.environment:create_environment_scripts_only(custom_msgs)
[0.429s] Level 1:colcon.colcon_core.environment:checking '/home/zxcx/new_naw/install/custom_msgs' for CMake module files
[0.430s] Level 1:colcon.colcon_core.environment:checking '/home/zxcx/new_naw/install/custom_msgs' for CMake config files
[0.430s] Level 1:colcon.colcon_core.shell:create_environment_hook('custom_msgs', 'cmake_prefix_path')
[0.430s] INFO:colcon.colcon_core.shell:Creating environment hook '/home/zxcx/new_naw/install/custom_msgs/share/custom_msgs/hook/cmake_prefix_path.ps1'
[0.430s] INFO:colcon.colcon_core.shell:Creating environment descriptor '/home/zxcx/new_naw/install/custom_msgs/share/custom_msgs/hook/cmake_prefix_path.dsv'
[0.430s] INFO:colcon.colcon_core.shell:Creating environment hook '/home/zxcx/new_naw/install/custom_msgs/share/custom_msgs/hook/cmake_prefix_path.sh'
[0.431s] Level 1:colcon.colcon_core.environment:checking '/home/zxcx/new_naw/install/custom_msgs/lib'
[0.431s] Level 1:colcon.colcon_core.shell:create_environment_hook('custom_msgs', 'ld_library_path_lib')
[0.431s] INFO:colcon.colcon_core.shell:Creating environment hook '/home/zxcx/new_naw/install/custom_msgs/share/custom_msgs/hook/ld_library_path_lib.ps1'
[0.431s] INFO:colcon.colcon_core.shell:Creating environment descriptor '/home/zxcx/new_naw/install/custom_msgs/share/custom_msgs/hook/ld_library_path_lib.dsv'
[0.431s] INFO:colcon.colcon_core.shell:Creating environment hook '/home/zxcx/new_naw/install/custom_msgs/share/custom_msgs/hook/ld_library_path_lib.sh'
[0.432s] Level 1:colcon.colcon_core.environment:checking '/home/zxcx/new_naw/install/custom_msgs/bin'
[0.432s] Level 1:colcon.colcon_core.environment:checking '/home/zxcx/new_naw/install/custom_msgs/lib/pkgconfig/custom_msgs.pc'
[0.432s] Level 1:colcon.colcon_core.environment:checking '/home/zxcx/new_naw/install/custom_msgs/lib/python3.10/site-packages'
[0.432s] Level 1:colcon.colcon_core.environment:checking '/home/zxcx/new_naw/install/custom_msgs/bin'
[0.432s] INFO:colcon.colcon_core.shell:Creating package script '/home/zxcx/new_naw/install/custom_msgs/share/custom_msgs/package.ps1'
[0.432s] INFO:colcon.colcon_core.shell:Creating package descriptor '/home/zxcx/new_naw/install/custom_msgs/share/custom_msgs/package.dsv'
[0.433s] INFO:colcon.colcon_core.shell:Creating package script '/home/zxcx/new_naw/install/custom_msgs/share/custom_msgs/package.sh'
[0.433s] INFO:colcon.colcon_core.shell:Creating package script '/home/zxcx/new_naw/install/custom_msgs/share/custom_msgs/package.bash'
[0.433s] INFO:colcon.colcon_core.shell:Creating package script '/home/zxcx/new_naw/install/custom_msgs/share/custom_msgs/package.zsh'
[0.433s] Level 1:colcon.colcon_core.environment:create_file_with_runtime_dependencies(/home/zxcx/new_naw/install/custom_msgs/share/colcon-core/packages/custom_msgs)
[0.434s] INFO:colcon.colcon_ros.task.ament_cmake.build:Building ROS package in '/home/zxcx/new_naw/algo_master' with build type 'ament_cmake'
[0.434s] INFO:colcon.colcon_cmake.task.cmake.build:Building CMake package in '/home/zxcx/new_naw/algo_master'
[0.434s] INFO:colcon.colcon_core.shell:Skip shell extension 'powershell' for command environment: Not usable outside of PowerShell
[0.434s] DEBUG:colcon.colcon_core.shell:Skip shell extension 'dsv' for command environment
[0.436s] INFO:colcon.colcon_ros.task.ament_cmake.build:Building ROS package in '/home/zxcx/new_naw/esdf' with build type 'ament_cmake'
[0.436s] INFO:colcon.colcon_cmake.task.cmake.build:Building CMake package in '/home/zxcx/new_naw/esdf'
[0.437s] INFO:colcon.colcon_core.shell:Skip shell extension 'powershell' for command environment: Not usable outside of PowerShell
[0.437s] DEBUG:colcon.colcon_core.shell:Skip shell extension 'dsv' for command environment
[0.439s] INFO:colcon.colcon_ros.task.ament_cmake.build:Building ROS package in '/home/zxcx/new_naw/planner' with build type 'ament_cmake'
[0.439s] INFO:colcon.colcon_cmake.task.cmake.build:Building CMake package in '/home/zxcx/new_naw/planner'
[0.439s] INFO:colcon.colcon_core.shell:Skip shell extension 'powershell' for command environment: Not usable outside of PowerShell
[0.439s] DEBUG:colcon.colcon_core.shell:Skip shell extension 'dsv' for command environment
[0.441s] INFO:colcon.colcon_ros.task.ament_cmake.build:Building ROS package in '/home/zxcx/new_naw/relocation' with build type 'ament_cmake'
[0.441s] INFO:colcon.colcon_cmake.task.cmake.build:Building CMake package in '/home/zxcx/new_naw/relocation'
[0.441s] INFO:colcon.colcon_core.shell:Skip shell extension 'powershell' for command environment: Not usable outside of PowerShell
[0.441s] DEBUG:colcon.colcon_core.shell:Skip shell extension 'dsv' for command environment
[0.446s] DEBUG:colcon.colcon_core.event_handler.log_command:Invoking command in '/home/zxcx/new_naw/build/point_lio': CMAKE_PREFIX_PATH=/home/zxcx/new_naw/install/livox_ros_driver2:/home/zxcx/new_naw/install/relocation:/home/zxcx/new_naw/install/point_lio:/home/zxcx/new_naw/install/planner:/home/zxcx/new_naw/install/esdf:/home/zxcx/new_naw/install/algo_master:/home/zxcx/new_naw/install/custom_msgs:/home/zxcx/new_naw/install/controller:/opt/ros/humble LD_LIBRARY_PATH=/home/zxcx/new_naw/install/livox_ros_driver2/lib:/home/zxcx/new_naw/install/relocation/lib:/home/zxcx/new_naw/install/custom_msgs/lib:/usr/lib/x86_64-linux-gnu/gazebo-11/plugins:/opt/ros/humble/opt/rviz_ogre_vendor/lib:/opt/ros/humble/lib/x86_64-linux-gnu:/opt/ros/humble/lib /usr/bin/cmake --build /home/zxcx/new_naw/build/point_lio -- -j32 -l32
[0.447s] DEBUG:colcon.colcon_core.event_handler.log_command:Invoking command in '/home/zxcx/new_naw/build/algo_master': CMAKE_PREFIX_PATH=/home/zxcx/new_naw/install/custom_msgs:/home/zxcx/new_naw/install/relocation:/home/zxcx/new_naw/install/point_lio:/home/zxcx/new_naw/install/planner:/home/zxcx/new_naw/install/esdf:/home/zxcx/new_naw/install/algo_master:/home/zxcx/new_naw/install/livox_ros_driver2:/home/zxcx/new_naw/install/controller:/opt/ros/humble LD_LIBRARY_PATH=/home/zxcx/new_naw/install/custom_msgs/lib:/home/zxcx/new_naw/install/relocation/lib:/home/zxcx/new_naw/install/livox_ros_driver2/lib:/usr/lib/x86_64-linux-gnu/gazebo-11/plugins:/opt/ros/humble/opt/rviz_ogre_vendor/lib:/opt/ros/humble/lib/x86_64-linux-gnu:/opt/ros/humble/lib /usr/bin/cmake --build /home/zxcx/new_naw/build/algo_master -- -j32 -l32
[0.449s] DEBUG:colcon.colcon_core.event_handler.log_command:Invoking command in '/home/zxcx/new_naw/build/esdf': CMAKE_PREFIX_PATH=/home/zxcx/new_naw/install/custom_msgs:/home/zxcx/new_naw/install/relocation:/home/zxcx/new_naw/install/point_lio:/home/zxcx/new_naw/install/planner:/home/zxcx/new_naw/install/esdf:/home/zxcx/new_naw/install/algo_master:/home/zxcx/new_naw/install/livox_ros_driver2:/home/zxcx/new_naw/install/controller:/opt/ros/humble LD_LIBRARY_PATH=/home/zxcx/new_naw/install/custom_msgs/lib:/home/zxcx/new_naw/install/relocation/lib:/home/zxcx/new_naw/install/livox_ros_driver2/lib:/usr/lib/x86_64-linux-gnu/gazebo-11/plugins:/opt/ros/humble/opt/rviz_ogre_vendor/lib:/opt/ros/humble/lib/x86_64-linux-gnu:/opt/ros/humble/lib /usr/bin/cmake --build /home/zxcx/new_naw/build/esdf -- -j32 -l32
[0.451s] DEBUG:colcon.colcon_core.event_handler.log_command:Invoking command in '/home/zxcx/new_naw/build/planner': CMAKE_PREFIX_PATH=/home/zxcx/new_naw/install/custom_msgs:/home/zxcx/new_naw/install/relocation:/home/zxcx/new_naw/install/point_lio:/home/zxcx/new_naw/install/planner:/home/zxcx/new_naw/install/esdf:/home/zxcx/new_naw/install/algo_master:/home/zxcx/new_naw/install/livox_ros_driver2:/home/zxcx/new_naw/install/controller:/opt/ros/humble LD_LIBRARY_PATH=/home/zxcx/new_naw/install/custom_msgs/lib:/home/zxcx/new_naw/install/relocation/lib:/home/zxcx/new_naw/install/livox_ros_driver2/lib:/usr/lib/x86_64-linux-gnu/gazebo-11/plugins:/opt/ros/humble/opt/rviz_ogre_vendor/lib:/opt/ros/humble/lib/x86_64-linux-gnu:/opt/ros/humble/lib /usr/bin/cmake --build /home/zxcx/new_naw/build/planner -- -j32 -l32
[0.452s] DEBUG:colcon.colcon_core.event_handler.log_command:Invoking command in '/home/zxcx/new_naw/build/relocation': CMAKE_PREFIX_PATH=/home/zxcx/new_naw/install/custom_msgs:/home/zxcx/new_naw/install/relocation:/home/zxcx/new_naw/install/point_lio:/home/zxcx/new_naw/install/planner:/home/zxcx/new_naw/install/esdf:/home/zxcx/new_naw/install/algo_master:/home/zxcx/new_naw/install/livox_ros_driver2:/home/zxcx/new_naw/install/controller:/opt/ros/humble LD_LIBRARY_PATH=/home/zxcx/new_naw/install/custom_msgs/lib:/home/zxcx/new_naw/install/relocation/lib:/home/zxcx/new_naw/install/livox_ros_driver2/lib:/usr/lib/x86_64-linux-gnu/gazebo-11/plugins:/opt/ros/humble/opt/rviz_ogre_vendor/lib:/opt/ros/humble/lib/x86_64-linux-gnu:/opt/ros/humble/lib /usr/bin/cmake --build /home/zxcx/new_naw/build/relocation -- -j32 -l32
[0.495s] DEBUG:colcon.colcon_core.event_handler.log_command:Invoked command in '/home/zxcx/new_naw/build/algo_master' returned '0': CMAKE_PREFIX_PATH=/home/zxcx/new_naw/install/custom_msgs:/home/zxcx/new_naw/install/relocation:/home/zxcx/new_naw/install/point_lio:/home/zxcx/new_naw/install/planner:/home/zxcx/new_naw/install/esdf:/home/zxcx/new_naw/install/algo_master:/home/zxcx/new_naw/install/livox_ros_driver2:/home/zxcx/new_naw/install/controller:/opt/ros/humble LD_LIBRARY_PATH=/home/zxcx/new_naw/install/custom_msgs/lib:/home/zxcx/new_naw/install/relocation/lib:/home/zxcx/new_naw/install/livox_ros_driver2/lib:/usr/lib/x86_64-linux-gnu/gazebo-11/plugins:/opt/ros/humble/opt/rviz_ogre_vendor/lib:/opt/ros/humble/lib/x86_64-linux-gnu:/opt/ros/humble/lib /usr/bin/cmake --build /home/zxcx/new_naw/build/algo_master -- -j32 -l32
[0.496s] DEBUG:colcon.colcon_core.event_handler.log_command:Invoking command in '/home/zxcx/new_naw/build/algo_master': CMAKE_PREFIX_PATH=/home/zxcx/new_naw/install/custom_msgs:/home/zxcx/new_naw/install/relocation:/home/zxcx/new_naw/install/point_lio:/home/zxcx/new_naw/install/planner:/home/zxcx/new_naw/install/esdf:/home/zxcx/new_naw/install/algo_master:/home/zxcx/new_naw/install/livox_ros_driver2:/home/zxcx/new_naw/install/controller:/opt/ros/humble LD_LIBRARY_PATH=/home/zxcx/new_naw/install/custom_msgs/lib:/home/zxcx/new_naw/install/relocation/lib:/home/zxcx/new_naw/install/livox_ros_driver2/lib:/usr/lib/x86_64-linux-gnu/gazebo-11/plugins:/opt/ros/humble/opt/rviz_ogre_vendor/lib:/opt/ros/humble/lib/x86_64-linux-gnu:/opt/ros/humble/lib /usr/bin/cmake --install /home/zxcx/new_naw/build/algo_master
[0.502s] DEBUG:colcon.colcon_core.event_handler.log_command:Invoked command in '/home/zxcx/new_naw/build/planner' returned '0': CMAKE_PREFIX_PATH=/home/zxcx/new_naw/install/custom_msgs:/home/zxcx/new_naw/install/relocation:/home/zxcx/new_naw/install/point_lio:/home/zxcx/new_naw/install/planner:/home/zxcx/new_naw/install/esdf:/home/zxcx/new_naw/install/algo_master:/home/zxcx/new_naw/install/livox_ros_driver2:/home/zxcx/new_naw/install/controller:/opt/ros/humble LD_LIBRARY_PATH=/home/zxcx/new_naw/install/custom_msgs/lib:/home/zxcx/new_naw/install/relocation/lib:/home/zxcx/new_naw/install/livox_ros_driver2/lib:/usr/lib/x86_64-linux-gnu/gazebo-11/plugins:/opt/ros/humble/opt/rviz_ogre_vendor/lib:/opt/ros/humble/lib/x86_64-linux-gnu:/opt/ros/humble/lib /usr/bin/cmake --build /home/zxcx/new_naw/build/planner -- -j32 -l32
[0.503s] Level 1:colcon.colcon_core.environment:create_environment_scripts_only(algo_master)
[0.504s] Level 1:colcon.colcon_core.environment:checking '/home/zxcx/new_naw/install/algo_master' for CMake module files
[0.504s] DEBUG:colcon.colcon_core.event_handler.log_command:Invoking command in '/home/zxcx/new_naw/build/planner': CMAKE_PREFIX_PATH=/home/zxcx/new_naw/install/custom_msgs:/home/zxcx/new_naw/install/relocation:/home/zxcx/new_naw/install/point_lio:/home/zxcx/new_naw/install/planner:/home/zxcx/new_naw/install/esdf:/home/zxcx/new_naw/install/algo_master:/home/zxcx/new_naw/install/livox_ros_driver2:/home/zxcx/new_naw/install/controller:/opt/ros/humble LD_LIBRARY_PATH=/home/zxcx/new_naw/install/custom_msgs/lib:/home/zxcx/new_naw/install/relocation/lib:/home/zxcx/new_naw/install/livox_ros_driver2/lib:/usr/lib/x86_64-linux-gnu/gazebo-11/plugins:/opt/ros/humble/opt/rviz_ogre_vendor/lib:/opt/ros/humble/lib/x86_64-linux-gnu:/opt/ros/humble/lib /usr/bin/cmake --install /home/zxcx/new_naw/build/planner
[0.504s] DEBUG:colcon.colcon_core.event_handler.log_command:Invoked command in '/home/zxcx/new_naw/build/algo_master' returned '0': CMAKE_PREFIX_PATH=/home/zxcx/new_naw/install/custom_msgs:/home/zxcx/new_naw/install/relocation:/home/zxcx/new_naw/install/point_lio:/home/zxcx/new_naw/install/planner:/home/zxcx/new_naw/install/esdf:/home/zxcx/new_naw/install/algo_master:/home/zxcx/new_naw/install/livox_ros_driver2:/home/zxcx/new_naw/install/controller:/opt/ros/humble LD_LIBRARY_PATH=/home/zxcx/new_naw/install/custom_msgs/lib:/home/zxcx/new_naw/install/relocation/lib:/home/zxcx/new_naw/install/livox_ros_driver2/lib:/usr/lib/x86_64-linux-gnu/gazebo-11/plugins:/opt/ros/humble/opt/rviz_ogre_vendor/lib:/opt/ros/humble/lib/x86_64-linux-gnu:/opt/ros/humble/lib /usr/bin/cmake --install /home/zxcx/new_naw/build/algo_master
[0.504s] Level 1:colcon.colcon_core.environment:checking '/home/zxcx/new_naw/install/algo_master' for CMake config files
[0.505s] Level 1:colcon.colcon_core.shell:create_environment_hook('algo_master', 'cmake_prefix_path')
[0.505s] INFO:colcon.colcon_core.shell:Creating environment hook '/home/zxcx/new_naw/install/algo_master/share/algo_master/hook/cmake_prefix_path.ps1'
[0.505s] INFO:colcon.colcon_core.shell:Creating environment descriptor '/home/zxcx/new_naw/install/algo_master/share/algo_master/hook/cmake_prefix_path.dsv'
[0.505s] INFO:colcon.colcon_core.shell:Creating environment hook '/home/zxcx/new_naw/install/algo_master/share/algo_master/hook/cmake_prefix_path.sh'
[0.506s] Level 1:colcon.colcon_core.environment:checking '/home/zxcx/new_naw/install/algo_master/lib'
[0.506s] Level 1:colcon.colcon_core.environment:checking '/home/zxcx/new_naw/install/algo_master/bin'
[0.506s] Level 1:colcon.colcon_core.environment:checking '/home/zxcx/new_naw/install/algo_master/lib/pkgconfig/algo_master.pc'
[0.506s] Level 1:colcon.colcon_core.environment:checking '/home/zxcx/new_naw/install/algo_master/lib/python3.10/site-packages'
[0.506s] Level 1:colcon.colcon_core.environment:checking '/home/zxcx/new_naw/install/algo_master/bin'
[0.506s] INFO:colcon.colcon_core.shell:Creating package script '/home/zxcx/new_naw/install/algo_master/share/algo_master/package.ps1'
[0.507s] INFO:colcon.colcon_core.shell:Creating package descriptor '/home/zxcx/new_naw/install/algo_master/share/algo_master/package.dsv'
[0.507s] INFO:colcon.colcon_core.shell:Creating package script '/home/zxcx/new_naw/install/algo_master/share/algo_master/package.sh'
[0.507s] INFO:colcon.colcon_core.shell:Creating package script '/home/zxcx/new_naw/install/algo_master/share/algo_master/package.bash'
[0.508s] INFO:colcon.colcon_core.shell:Creating package script '/home/zxcx/new_naw/install/algo_master/share/algo_master/package.zsh'
[0.508s] Level 1:colcon.colcon_core.environment:create_file_with_runtime_dependencies(/home/zxcx/new_naw/install/algo_master/share/colcon-core/packages/algo_master)
[0.508s] Level 1:colcon.colcon_core.environment:create_environment_scripts_only(algo_master)
[0.509s] Level 1:colcon.colcon_core.environment:checking '/home/zxcx/new_naw/install/algo_master' for CMake module files
[0.509s] Level 1:colcon.colcon_core.environment:checking '/home/zxcx/new_naw/install/algo_master' for CMake config files
[0.510s] Level 1:colcon.colcon_core.shell:create_environment_hook('algo_master', 'cmake_prefix_path')
[0.511s] INFO:colcon.colcon_core.shell:Creating environment hook '/home/zxcx/new_naw/install/algo_master/share/algo_master/hook/cmake_prefix_path.ps1'
[0.511s] INFO:colcon.colcon_core.shell:Creating environment descriptor '/home/zxcx/new_naw/install/algo_master/share/algo_master/hook/cmake_prefix_path.dsv'
[0.511s] INFO:colcon.colcon_core.shell:Creating environment hook '/home/zxcx/new_naw/install/algo_master/share/algo_master/hook/cmake_prefix_path.sh'
[0.511s] Level 1:colcon.colcon_core.environment:checking '/home/zxcx/new_naw/install/algo_master/lib'
[0.511s] Level 1:colcon.colcon_core.environment:checking '/home/zxcx/new_naw/install/algo_master/bin'
[0.512s] Level 1:colcon.colcon_core.environment:checking '/home/zxcx/new_naw/install/algo_master/lib/pkgconfig/algo_master.pc'
[0.512s] Level 1:colcon.colcon_core.environment:checking '/home/zxcx/new_naw/install/algo_master/lib/python3.10/site-packages'
[0.512s] Level 1:colcon.colcon_core.environment:checking '/home/zxcx/new_naw/install/algo_master/bin'
[0.512s] INFO:colcon.colcon_core.shell:Creating package script '/home/zxcx/new_naw/install/algo_master/share/algo_master/package.ps1'
[0.512s] INFO:colcon.colcon_core.shell:Creating package descriptor '/home/zxcx/new_naw/install/algo_master/share/algo_master/package.dsv'
[0.513s] INFO:colcon.colcon_core.shell:Creating package script '/home/zxcx/new_naw/install/algo_master/share/algo_master/package.sh'
[0.513s] INFO:colcon.colcon_core.shell:Creating package script '/home/zxcx/new_naw/install/algo_master/share/algo_master/package.bash'
[0.513s] INFO:colcon.colcon_core.shell:Creating package script '/home/zxcx/new_naw/install/algo_master/share/algo_master/package.zsh'
[0.513s] Level 1:colcon.colcon_core.environment:create_file_with_runtime_dependencies(/home/zxcx/new_naw/install/algo_master/share/colcon-core/packages/algo_master)
[0.514s] Level 1:colcon.colcon_core.environment:create_environment_scripts_only(planner)
[0.514s] Level 1:colcon.colcon_core.environment:checking '/home/zxcx/new_naw/install/planner' for CMake module files
[0.514s] DEBUG:colcon.colcon_core.event_handler.log_command:Invoked command in '/home/zxcx/new_naw/build/planner' returned '0': CMAKE_PREFIX_PATH=/home/zxcx/new_naw/install/custom_msgs:/home/zxcx/new_naw/install/relocation:/home/zxcx/new_naw/install/point_lio:/home/zxcx/new_naw/install/planner:/home/zxcx/new_naw/install/esdf:/home/zxcx/new_naw/install/algo_master:/home/zxcx/new_naw/install/livox_ros_driver2:/home/zxcx/new_naw/install/controller:/opt/ros/humble LD_LIBRARY_PATH=/home/zxcx/new_naw/install/custom_msgs/lib:/home/zxcx/new_naw/install/relocation/lib:/home/zxcx/new_naw/install/livox_ros_driver2/lib:/usr/lib/x86_64-linux-gnu/gazebo-11/plugins:/opt/ros/humble/opt/rviz_ogre_vendor/lib:/opt/ros/humble/lib/x86_64-linux-gnu:/opt/ros/humble/lib /usr/bin/cmake --install /home/zxcx/new_naw/build/planner
[0.515s] Level 1:colcon.colcon_core.environment:checking '/home/zxcx/new_naw/install/planner' for CMake config files
[0.515s] Level 1:colcon.colcon_core.shell:create_environment_hook('planner', 'cmake_prefix_path')
[0.515s] INFO:colcon.colcon_core.shell:Creating environment hook '/home/zxcx/new_naw/install/planner/share/planner/hook/cmake_prefix_path.ps1'
[0.515s] INFO:colcon.colcon_core.shell:Creating environment descriptor '/home/zxcx/new_naw/install/planner/share/planner/hook/cmake_prefix_path.dsv'
[0.515s] INFO:colcon.colcon_core.shell:Creating environment hook '/home/zxcx/new_naw/install/planner/share/planner/hook/cmake_prefix_path.sh'
[0.516s] Level 1:colcon.colcon_core.environment:checking '/home/zxcx/new_naw/install/planner/lib'
[0.516s] Level 1:colcon.colcon_core.environment:checking '/home/zxcx/new_naw/install/planner/bin'
[0.516s] Level 1:colcon.colcon_core.environment:checking '/home/zxcx/new_naw/install/planner/lib/pkgconfig/planner.pc'
[0.516s] Level 1:colcon.colcon_core.environment:checking '/home/zxcx/new_naw/install/planner/lib/python3.10/site-packages'
[0.516s] Level 1:colcon.colcon_core.environment:checking '/home/zxcx/new_naw/install/planner/bin'
[0.516s] INFO:colcon.colcon_core.shell:Creating package script '/home/zxcx/new_naw/install/planner/share/planner/package.ps1'
[0.516s] INFO:colcon.colcon_core.shell:Creating package descriptor '/home/zxcx/new_naw/install/planner/share/planner/package.dsv'
[0.517s] INFO:colcon.colcon_core.shell:Creating package script '/home/zxcx/new_naw/install/planner/share/planner/package.sh'
[0.517s] INFO:colcon.colcon_core.shell:Creating package script '/home/zxcx/new_naw/install/planner/share/planner/package.bash'
[0.517s] INFO:colcon.colcon_core.shell:Creating package script '/home/zxcx/new_naw/install/planner/share/planner/package.zsh'
[0.517s] Level 1:colcon.colcon_core.environment:create_file_with_runtime_dependencies(/home/zxcx/new_naw/install/planner/share/colcon-core/packages/planner)
[0.518s] Level 1:colcon.colcon_core.environment:create_environment_scripts_only(planner)
[0.518s] Level 1:colcon.colcon_core.environment:checking '/home/zxcx/new_naw/install/planner' for CMake module files
[0.518s] Level 1:colcon.colcon_core.environment:checking '/home/zxcx/new_naw/install/planner' for CMake config files
[0.518s] Level 1:colcon.colcon_core.shell:create_environment_hook('planner', 'cmake_prefix_path')
[0.518s] INFO:colcon.colcon_core.shell:Creating environment hook '/home/zxcx/new_naw/install/planner/share/planner/hook/cmake_prefix_path.ps1'
[0.518s] INFO:colcon.colcon_core.shell:Creating environment descriptor '/home/zxcx/new_naw/install/planner/share/planner/hook/cmake_prefix_path.dsv'
[0.519s] INFO:colcon.colcon_core.shell:Creating environment hook '/home/zxcx/new_naw/install/planner/share/planner/hook/cmake_prefix_path.sh'
[0.519s] Level 1:colcon.colcon_core.environment:checking '/home/zxcx/new_naw/install/planner/lib'
[0.519s] Level 1:colcon.colcon_core.environment:checking '/home/zxcx/new_naw/install/planner/bin'
[0.519s] Level 1:colcon.colcon_core.environment:checking '/home/zxcx/new_naw/install/planner/lib/pkgconfig/planner.pc'
[0.519s] Level 1:colcon.colcon_core.environment:checking '/home/zxcx/new_naw/install/planner/lib/python3.10/site-packages'
[0.519s] Level 1:colcon.colcon_core.environment:checking '/home/zxcx/new_naw/install/planner/bin'
[0.520s] INFO:colcon.colcon_core.shell:Creating package script '/home/zxcx/new_naw/install/planner/share/planner/package.ps1'
[0.520s] INFO:colcon.colcon_core.shell:Creating package descriptor '/home/zxcx/new_naw/install/planner/share/planner/package.dsv'
[0.520s] INFO:colcon.colcon_core.shell:Creating package script '/home/zxcx/new_naw/install/planner/share/planner/package.sh'
[0.521s] INFO:colcon.colcon_core.shell:Creating package script '/home/zxcx/new_naw/install/planner/share/planner/package.bash'
[0.521s] INFO:colcon.colcon_core.shell:Creating package script '/home/zxcx/new_naw/install/planner/share/planner/package.zsh'
[0.521s] Level 1:colcon.colcon_core.environment:create_file_with_runtime_dependencies(/home/zxcx/new_naw/install/planner/share/colcon-core/packages/planner)
[0.523s] DEBUG:colcon.colcon_core.event_handler.log_command:Invoked command in '/home/zxcx/new_naw/build/point_lio' returned '0': CMAKE_PREFIX_PATH=/home/zxcx/new_naw/install/livox_ros_driver2:/home/zxcx/new_naw/install/relocation:/home/zxcx/new_naw/install/point_lio:/home/zxcx/new_naw/install/planner:/home/zxcx/new_naw/install/esdf:/home/zxcx/new_naw/install/algo_master:/home/zxcx/new_naw/install/custom_msgs:/home/zxcx/new_naw/install/controller:/opt/ros/humble LD_LIBRARY_PATH=/home/zxcx/new_naw/install/livox_ros_driver2/lib:/home/zxcx/new_naw/install/relocation/lib:/home/zxcx/new_naw/install/custom_msgs/lib:/usr/lib/x86_64-linux-gnu/gazebo-11/plugins:/opt/ros/humble/opt/rviz_ogre_vendor/lib:/opt/ros/humble/lib/x86_64-linux-gnu:/opt/ros/humble/lib /usr/bin/cmake --build /home/zxcx/new_naw/build/point_lio -- -j32 -l32
[0.523s] DEBUG:colcon.colcon_core.event_handler.log_command:Invoking command in '/home/zxcx/new_naw/build/point_lio': CMAKE_PREFIX_PATH=/home/zxcx/new_naw/install/livox_ros_driver2:/home/zxcx/new_naw/install/relocation:/home/zxcx/new_naw/install/point_lio:/home/zxcx/new_naw/install/planner:/home/zxcx/new_naw/install/esdf:/home/zxcx/new_naw/install/algo_master:/home/zxcx/new_naw/install/custom_msgs:/home/zxcx/new_naw/install/controller:/opt/ros/humble LD_LIBRARY_PATH=/home/zxcx/new_naw/install/livox_ros_driver2/lib:/home/zxcx/new_naw/install/relocation/lib:/home/zxcx/new_naw/install/custom_msgs/lib:/usr/lib/x86_64-linux-gnu/gazebo-11/plugins:/opt/ros/humble/opt/rviz_ogre_vendor/lib:/opt/ros/humble/lib/x86_64-linux-gnu:/opt/ros/humble/lib /usr/bin/cmake --install /home/zxcx/new_naw/build/point_lio
[0.524s] DEBUG:colcon.colcon_core.event_handler.log_command:Invoked command in '/home/zxcx/new_naw/build/esdf' returned '0': CMAKE_PREFIX_PATH=/home/zxcx/new_naw/install/custom_msgs:/home/zxcx/new_naw/install/relocation:/home/zxcx/new_naw/install/point_lio:/home/zxcx/new_naw/install/planner:/home/zxcx/new_naw/install/esdf:/home/zxcx/new_naw/install/algo_master:/home/zxcx/new_naw/install/livox_ros_driver2:/home/zxcx/new_naw/install/controller:/opt/ros/humble LD_LIBRARY_PATH=/home/zxcx/new_naw/install/custom_msgs/lib:/home/zxcx/new_naw/install/relocation/lib:/home/zxcx/new_naw/install/livox_ros_driver2/lib:/usr/lib/x86_64-linux-gnu/gazebo-11/plugins:/opt/ros/humble/opt/rviz_ogre_vendor/lib:/opt/ros/humble/lib/x86_64-linux-gnu:/opt/ros/humble/lib /usr/bin/cmake --build /home/zxcx/new_naw/build/esdf -- -j32 -l32
[0.525s] DEBUG:colcon.colcon_core.event_handler.log_command:Invoking command in '/home/zxcx/new_naw/build/esdf': CMAKE_PREFIX_PATH=/home/zxcx/new_naw/install/custom_msgs:/home/zxcx/new_naw/install/relocation:/home/zxcx/new_naw/install/point_lio:/home/zxcx/new_naw/install/planner:/home/zxcx/new_naw/install/esdf:/home/zxcx/new_naw/install/algo_master:/home/zxcx/new_naw/install/livox_ros_driver2:/home/zxcx/new_naw/install/controller:/opt/ros/humble LD_LIBRARY_PATH=/home/zxcx/new_naw/install/custom_msgs/lib:/home/zxcx/new_naw/install/relocation/lib:/home/zxcx/new_naw/install/livox_ros_driver2/lib:/usr/lib/x86_64-linux-gnu/gazebo-11/plugins:/opt/ros/humble/opt/rviz_ogre_vendor/lib:/opt/ros/humble/lib/x86_64-linux-gnu:/opt/ros/humble/lib /usr/bin/cmake --install /home/zxcx/new_naw/build/esdf
[0.527s] DEBUG:colcon.colcon_core.event_handler.log_command:Invoked command in '/home/zxcx/new_naw/build/relocation' returned '0': CMAKE_PREFIX_PATH=/home/zxcx/new_naw/install/custom_msgs:/home/zxcx/new_naw/install/relocation:/home/zxcx/new_naw/install/point_lio:/home/zxcx/new_naw/install/planner:/home/zxcx/new_naw/install/esdf:/home/zxcx/new_naw/install/algo_master:/home/zxcx/new_naw/install/livox_ros_driver2:/home/zxcx/new_naw/install/controller:/opt/ros/humble LD_LIBRARY_PATH=/home/zxcx/new_naw/install/custom_msgs/lib:/home/zxcx/new_naw/install/relocation/lib:/home/zxcx/new_naw/install/livox_ros_driver2/lib:/usr/lib/x86_64-linux-gnu/gazebo-11/plugins:/opt/ros/humble/opt/rviz_ogre_vendor/lib:/opt/ros/humble/lib/x86_64-linux-gnu:/opt/ros/humble/lib /usr/bin/cmake --build /home/zxcx/new_naw/build/relocation -- -j32 -l32
[0.529s] DEBUG:colcon.colcon_core.event_handler.log_command:Invoking command in '/home/zxcx/new_naw/build/relocation': CMAKE_PREFIX_PATH=/home/zxcx/new_naw/install/custom_msgs:/home/zxcx/new_naw/install/relocation:/home/zxcx/new_naw/install/point_lio:/home/zxcx/new_naw/install/planner:/home/zxcx/new_naw/install/esdf:/home/zxcx/new_naw/install/algo_master:/home/zxcx/new_naw/install/livox_ros_driver2:/home/zxcx/new_naw/install/controller:/opt/ros/humble LD_LIBRARY_PATH=/home/zxcx/new_naw/install/custom_msgs/lib:/home/zxcx/new_naw/install/relocation/lib:/home/zxcx/new_naw/install/livox_ros_driver2/lib:/usr/lib/x86_64-linux-gnu/gazebo-11/plugins:/opt/ros/humble/opt/rviz_ogre_vendor/lib:/opt/ros/humble/lib/x86_64-linux-gnu:/opt/ros/humble/lib /usr/bin/cmake --install /home/zxcx/new_naw/build/relocation
[0.530s] Level 1:colcon.colcon_core.environment:create_environment_scripts_only(point_lio)
[0.531s] Level 1:colcon.colcon_core.environment:checking '/home/zxcx/new_naw/install/point_lio' for CMake module files
[0.531s] DEBUG:colcon.colcon_core.event_handler.log_command:Invoked command in '/home/zxcx/new_naw/build/point_lio' returned '0': CMAKE_PREFIX_PATH=/home/zxcx/new_naw/install/livox_ros_driver2:/home/zxcx/new_naw/install/relocation:/home/zxcx/new_naw/install/point_lio:/home/zxcx/new_naw/install/planner:/home/zxcx/new_naw/install/esdf:/home/zxcx/new_naw/install/algo_master:/home/zxcx/new_naw/install/custom_msgs:/home/zxcx/new_naw/install/controller:/opt/ros/humble LD_LIBRARY_PATH=/home/zxcx/new_naw/install/livox_ros_driver2/lib:/home/zxcx/new_naw/install/relocation/lib:/home/zxcx/new_naw/install/custom_msgs/lib:/usr/lib/x86_64-linux-gnu/gazebo-11/plugins:/opt/ros/humble/opt/rviz_ogre_vendor/lib:/opt/ros/humble/lib/x86_64-linux-gnu:/opt/ros/humble/lib /usr/bin/cmake --install /home/zxcx/new_naw/build/point_lio
[0.532s] Level 1:colcon.colcon_core.environment:checking '/home/zxcx/new_naw/install/point_lio' for CMake config files
[0.532s] Level 1:colcon.colcon_core.shell:create_environment_hook('point_lio', 'cmake_prefix_path')
[0.532s] INFO:colcon.colcon_core.shell:Creating environment hook '/home/zxcx/new_naw/install/point_lio/share/point_lio/hook/cmake_prefix_path.ps1'
[0.533s] INFO:colcon.colcon_core.shell:Creating environment descriptor '/home/zxcx/new_naw/install/point_lio/share/point_lio/hook/cmake_prefix_path.dsv'
[0.533s] INFO:colcon.colcon_core.shell:Creating environment hook '/home/zxcx/new_naw/install/point_lio/share/point_lio/hook/cmake_prefix_path.sh'
[0.533s] Level 1:colcon.colcon_core.environment:checking '/home/zxcx/new_naw/install/point_lio/lib'
[0.534s] Level 1:colcon.colcon_core.environment:checking '/home/zxcx/new_naw/install/point_lio/bin'
[0.534s] Level 1:colcon.colcon_core.environment:checking '/home/zxcx/new_naw/install/point_lio/lib/pkgconfig/point_lio.pc'
[0.534s] Level 1:colcon.colcon_core.environment:checking '/home/zxcx/new_naw/install/point_lio/lib/python3.10/site-packages'
[0.534s] Level 1:colcon.colcon_core.environment:checking '/home/zxcx/new_naw/install/point_lio/bin'
[0.534s] INFO:colcon.colcon_core.shell:Creating package script '/home/zxcx/new_naw/install/point_lio/share/point_lio/package.ps1'
[0.535s] INFO:colcon.colcon_core.shell:Creating package descriptor '/home/zxcx/new_naw/install/point_lio/share/point_lio/package.dsv'
[0.536s] INFO:colcon.colcon_core.shell:Creating package script '/home/zxcx/new_naw/install/point_lio/share/point_lio/package.sh'
[0.536s] INFO:colcon.colcon_core.shell:Creating package script '/home/zxcx/new_naw/install/point_lio/share/point_lio/package.bash'
[0.536s] INFO:colcon.colcon_core.shell:Creating package script '/home/zxcx/new_naw/install/point_lio/share/point_lio/package.zsh'
[0.536s] Level 1:colcon.colcon_core.environment:create_file_with_runtime_dependencies(/home/zxcx/new_naw/install/point_lio/share/colcon-core/packages/point_lio)
[0.537s] Level 1:colcon.colcon_core.environment:create_environment_scripts_only(point_lio)
[0.537s] Level 1:colcon.colcon_core.environment:checking '/home/zxcx/new_naw/install/point_lio' for CMake module files
[0.537s] Level 1:colcon.colcon_core.environment:checking '/home/zxcx/new_naw/install/point_lio' for CMake config files
[0.537s] Level 1:colcon.colcon_core.shell:create_environment_hook('point_lio', 'cmake_prefix_path')
[0.537s] INFO:colcon.colcon_core.shell:Creating environment hook '/home/zxcx/new_naw/install/point_lio/share/point_lio/hook/cmake_prefix_path.ps1'
[0.537s] INFO:colcon.colcon_core.shell:Creating environment descriptor '/home/zxcx/new_naw/install/point_lio/share/point_lio/hook/cmake_prefix_path.dsv'
[0.538s] INFO:colcon.colcon_core.shell:Creating environment hook '/home/zxcx/new_naw/install/point_lio/share/point_lio/hook/cmake_prefix_path.sh'
[0.538s] Level 1:colcon.colcon_core.environment:checking '/home/zxcx/new_naw/install/point_lio/lib'
[0.538s] Level 1:colcon.colcon_core.environment:checking '/home/zxcx/new_naw/install/point_lio/bin'
[0.538s] Level 1:colcon.colcon_core.environment:checking '/home/zxcx/new_naw/install/point_lio/lib/pkgconfig/point_lio.pc'
[0.538s] Level 1:colcon.colcon_core.environment:checking '/home/zxcx/new_naw/install/point_lio/lib/python3.10/site-packages'
[0.538s] Level 1:colcon.colcon_core.environment:checking '/home/zxcx/new_naw/install/point_lio/bin'
[0.538s] INFO:colcon.colcon_core.shell:Creating package script '/home/zxcx/new_naw/install/point_lio/share/point_lio/package.ps1'
[0.539s] INFO:colcon.colcon_core.shell:Creating package descriptor '/home/zxcx/new_naw/install/point_lio/share/point_lio/package.dsv'
[0.539s] INFO:colcon.colcon_core.shell:Creating package script '/home/zxcx/new_naw/install/point_lio/share/point_lio/package.sh'
[0.539s] INFO:colcon.colcon_core.shell:Creating package script '/home/zxcx/new_naw/install/point_lio/share/point_lio/package.bash'
[0.539s] INFO:colcon.colcon_core.shell:Creating package script '/home/zxcx/new_naw/install/point_lio/share/point_lio/package.zsh'
[0.540s] Level 1:colcon.colcon_core.environment:create_file_with_runtime_dependencies(/home/zxcx/new_naw/install/point_lio/share/colcon-core/packages/point_lio)
[0.540s] Level 1:colcon.colcon_core.environment:create_environment_scripts_only(relocation)
[0.540s] Level 1:colcon.colcon_core.environment:checking '/home/zxcx/new_naw/install/relocation' for CMake module files
[0.541s] DEBUG:colcon.colcon_core.event_handler.log_command:Invoked command in '/home/zxcx/new_naw/build/relocation' returned '0': CMAKE_PREFIX_PATH=/home/zxcx/new_naw/install/custom_msgs:/home/zxcx/new_naw/install/relocation:/home/zxcx/new_naw/install/point_lio:/home/zxcx/new_naw/install/planner:/home/zxcx/new_naw/install/esdf:/home/zxcx/new_naw/install/algo_master:/home/zxcx/new_naw/install/livox_ros_driver2:/home/zxcx/new_naw/install/controller:/opt/ros/humble LD_LIBRARY_PATH=/home/zxcx/new_naw/install/custom_msgs/lib:/home/zxcx/new_naw/install/relocation/lib:/home/zxcx/new_naw/install/livox_ros_driver2/lib:/usr/lib/x86_64-linux-gnu/gazebo-11/plugins:/opt/ros/humble/opt/rviz_ogre_vendor/lib:/opt/ros/humble/lib/x86_64-linux-gnu:/opt/ros/humble/lib /usr/bin/cmake --install /home/zxcx/new_naw/build/relocation
[0.541s] Level 1:colcon.colcon_core.environment:checking '/home/zxcx/new_naw/install/relocation' for CMake config files
[0.541s] Level 1:colcon.colcon_core.shell:create_environment_hook('relocation', 'cmake_prefix_path')
[0.541s] INFO:colcon.colcon_core.shell:Creating environment hook '/home/zxcx/new_naw/install/relocation/share/relocation/hook/cmake_prefix_path.ps1'
[0.541s] INFO:colcon.colcon_core.shell:Creating environment descriptor '/home/zxcx/new_naw/install/relocation/share/relocation/hook/cmake_prefix_path.dsv'
[0.542s] INFO:colcon.colcon_core.shell:Creating environment hook '/home/zxcx/new_naw/install/relocation/share/relocation/hook/cmake_prefix_path.sh'
[0.542s] Level 1:colcon.colcon_core.environment:checking '/home/zxcx/new_naw/install/relocation/lib'
[0.542s] Level 1:colcon.colcon_core.shell:create_environment_hook('relocation', 'ld_library_path_lib')
[0.542s] INFO:colcon.colcon_core.shell:Creating environment hook '/home/zxcx/new_naw/install/relocation/share/relocation/hook/ld_library_path_lib.ps1'
[0.542s] INFO:colcon.colcon_core.shell:Creating environment descriptor '/home/zxcx/new_naw/install/relocation/share/relocation/hook/ld_library_path_lib.dsv'
[0.542s] INFO:colcon.colcon_core.shell:Creating environment hook '/home/zxcx/new_naw/install/relocation/share/relocation/hook/ld_library_path_lib.sh'
[0.543s] Level 1:colcon.colcon_core.environment:checking '/home/zxcx/new_naw/install/relocation/bin'
[0.543s] Level 1:colcon.colcon_core.environment:checking '/home/zxcx/new_naw/install/relocation/lib/pkgconfig/relocation.pc'
[0.543s] Level 1:colcon.colcon_core.environment:checking '/home/zxcx/new_naw/install/relocation/lib/python3.10/site-packages'
[0.543s] Level 1:colcon.colcon_core.environment:checking '/home/zxcx/new_naw/install/relocation/bin'
[0.543s] INFO:colcon.colcon_core.shell:Creating package script '/home/zxcx/new_naw/install/relocation/share/relocation/package.ps1'
[0.543s] INFO:colcon.colcon_core.shell:Creating package descriptor '/home/zxcx/new_naw/install/relocation/share/relocation/package.dsv'
[0.544s] INFO:colcon.colcon_core.shell:Creating package script '/home/zxcx/new_naw/install/relocation/share/relocation/package.sh'
[0.544s] INFO:colcon.colcon_core.shell:Creating package script '/home/zxcx/new_naw/install/relocation/share/relocation/package.bash'
[0.544s] INFO:colcon.colcon_core.shell:Creating package script '/home/zxcx/new_naw/install/relocation/share/relocation/package.zsh'
[0.544s] Level 1:colcon.colcon_core.environment:create_file_with_runtime_dependencies(/home/zxcx/new_naw/install/relocation/share/colcon-core/packages/relocation)
[0.544s] Level 1:colcon.colcon_core.environment:create_environment_scripts_only(relocation)
[0.545s] Level 1:colcon.colcon_core.environment:checking '/home/zxcx/new_naw/install/relocation' for CMake module files
[0.545s] Level 1:colcon.colcon_core.environment:checking '/home/zxcx/new_naw/install/relocation' for CMake config files
[0.545s] Level 1:colcon.colcon_core.shell:create_environment_hook('relocation', 'cmake_prefix_path')
[0.545s] INFO:colcon.colcon_core.shell:Creating environment hook '/home/zxcx/new_naw/install/relocation/share/relocation/hook/cmake_prefix_path.ps1'
[0.545s] INFO:colcon.colcon_core.shell:Creating environment descriptor '/home/zxcx/new_naw/install/relocation/share/relocation/hook/cmake_prefix_path.dsv'
[0.545s] INFO:colcon.colcon_core.shell:Creating environment hook '/home/zxcx/new_naw/install/relocation/share/relocation/hook/cmake_prefix_path.sh'
[0.546s] Level 1:colcon.colcon_core.environment:checking '/home/zxcx/new_naw/install/relocation/lib'
[0.546s] Level 1:colcon.colcon_core.shell:create_environment_hook('relocation', 'ld_library_path_lib')
[0.546s] INFO:colcon.colcon_core.shell:Creating environment hook '/home/zxcx/new_naw/install/relocation/share/relocation/hook/ld_library_path_lib.ps1'
[0.546s] INFO:colcon.colcon_core.shell:Creating environment descriptor '/home/zxcx/new_naw/install/relocation/share/relocation/hook/ld_library_path_lib.dsv'
[0.546s] INFO:colcon.colcon_core.shell:Creating environment hook '/home/zxcx/new_naw/install/relocation/share/relocation/hook/ld_library_path_lib.sh'
[0.546s] Level 1:colcon.colcon_core.environment:checking '/home/zxcx/new_naw/install/relocation/bin'
[0.546s] Level 1:colcon.colcon_core.environment:checking '/home/zxcx/new_naw/install/relocation/lib/pkgconfig/relocation.pc'
[0.547s] Level 1:colcon.colcon_core.environment:checking '/home/zxcx/new_naw/install/relocation/lib/python3.10/site-packages'
[0.547s] Level 1:colcon.colcon_core.environment:checking '/home/zxcx/new_naw/install/relocation/bin'
[0.547s] INFO:colcon.colcon_core.shell:Creating package script '/home/zxcx/new_naw/install/relocation/share/relocation/package.ps1'
[0.547s] INFO:colcon.colcon_core.shell:Creating package descriptor '/home/zxcx/new_naw/install/relocation/share/relocation/package.dsv'
[0.547s] INFO:colcon.colcon_core.shell:Creating package script '/home/zxcx/new_naw/install/relocation/share/relocation/package.sh'
[0.548s] INFO:colcon.colcon_core.shell:Creating package script '/home/zxcx/new_naw/install/relocation/share/relocation/package.bash'
[0.548s] INFO:colcon.colcon_core.shell:Creating package script '/home/zxcx/new_naw/install/relocation/share/relocation/package.zsh'
[0.548s] Level 1:colcon.colcon_core.environment:create_file_with_runtime_dependencies(/home/zxcx/new_naw/install/relocation/share/colcon-core/packages/relocation)
[0.548s] Level 1:colcon.colcon_core.environment:create_environment_scripts_only(esdf)
[0.548s] Level 1:colcon.colcon_core.environment:checking '/home/zxcx/new_naw/install/esdf' for CMake module files
[0.549s] DEBUG:colcon.colcon_core.event_handler.log_command:Invoked command in '/home/zxcx/new_naw/build/esdf' returned '0': CMAKE_PREFIX_PATH=/home/zxcx/new_naw/install/custom_msgs:/home/zxcx/new_naw/install/relocation:/home/zxcx/new_naw/install/point_lio:/home/zxcx/new_naw/install/planner:/home/zxcx/new_naw/install/esdf:/home/zxcx/new_naw/install/algo_master:/home/zxcx/new_naw/install/livox_ros_driver2:/home/zxcx/new_naw/install/controller:/opt/ros/humble LD_LIBRARY_PATH=/home/zxcx/new_naw/install/custom_msgs/lib:/home/zxcx/new_naw/install/relocation/lib:/home/zxcx/new_naw/install/livox_ros_driver2/lib:/usr/lib/x86_64-linux-gnu/gazebo-11/plugins:/opt/ros/humble/opt/rviz_ogre_vendor/lib:/opt/ros/humble/lib/x86_64-linux-gnu:/opt/ros/humble/lib /usr/bin/cmake --install /home/zxcx/new_naw/build/esdf
[0.549s] Level 1:colcon.colcon_core.environment:checking '/home/zxcx/new_naw/install/esdf' for CMake config files
[0.549s] Level 1:colcon.colcon_core.shell:create_environment_hook('esdf', 'cmake_prefix_path')
[0.549s] INFO:colcon.colcon_core.shell:Creating environment hook '/home/zxcx/new_naw/install/esdf/share/esdf/hook/cmake_prefix_path.ps1'
[0.549s] INFO:colcon.colcon_core.shell:Creating environment descriptor '/home/zxcx/new_naw/install/esdf/share/esdf/hook/cmake_prefix_path.dsv'
[0.550s] INFO:colcon.colcon_core.shell:Creating environment hook '/home/zxcx/new_naw/install/esdf/share/esdf/hook/cmake_prefix_path.sh'
[0.550s] Level 1:colcon.colcon_core.environment:checking '/home/zxcx/new_naw/install/esdf/lib'
[0.550s] Level 1:colcon.colcon_core.environment:checking '/home/zxcx/new_naw/install/esdf/bin'
[0.550s] Level 1:colcon.colcon_core.environment:checking '/home/zxcx/new_naw/install/esdf/lib/pkgconfig/esdf.pc'
[0.550s] Level 1:colcon.colcon_core.environment:checking '/home/zxcx/new_naw/install/esdf/lib/python3.10/site-packages'
[0.550s] Level 1:colcon.colcon_core.environment:checking '/home/zxcx/new_naw/install/esdf/bin'
[0.550s] INFO:colcon.colcon_core.shell:Creating package script '/home/zxcx/new_naw/install/esdf/share/esdf/package.ps1'
[0.551s] INFO:colcon.colcon_core.shell:Creating package descriptor '/home/zxcx/new_naw/install/esdf/share/esdf/package.dsv'
[0.551s] INFO:colcon.colcon_core.shell:Creating package script '/home/zxcx/new_naw/install/esdf/share/esdf/package.sh'
[0.551s] INFO:colcon.colcon_core.shell:Creating package script '/home/zxcx/new_naw/install/esdf/share/esdf/package.bash'
[0.551s] INFO:colcon.colcon_core.shell:Creating package script '/home/zxcx/new_naw/install/esdf/share/esdf/package.zsh'
[0.551s] Level 1:colcon.colcon_core.environment:create_file_with_runtime_dependencies(/home/zxcx/new_naw/install/esdf/share/colcon-core/packages/esdf)
[0.552s] Level 1:colcon.colcon_core.environment:create_environment_scripts_only(esdf)
[0.552s] Level 1:colcon.colcon_core.environment:checking '/home/zxcx/new_naw/install/esdf' for CMake module files
[0.552s] Level 1:colcon.colcon_core.environment:checking '/home/zxcx/new_naw/install/esdf' for CMake config files
[0.552s] Level 1:colcon.colcon_core.shell:create_environment_hook('esdf', 'cmake_prefix_path')
[0.552s] INFO:colcon.colcon_core.shell:Creating environment hook '/home/zxcx/new_naw/install/esdf/share/esdf/hook/cmake_prefix_path.ps1'
[0.553s] INFO:colcon.colcon_core.shell:Creating environment descriptor '/home/zxcx/new_naw/install/esdf/share/esdf/hook/cmake_prefix_path.dsv'
[0.553s] INFO:colcon.colcon_core.shell:Creating environment hook '/home/zxcx/new_naw/install/esdf/share/esdf/hook/cmake_prefix_path.sh'
[0.553s] Level 1:colcon.colcon_core.environment:checking '/home/zxcx/new_naw/install/esdf/lib'
[0.553s] Level 1:colcon.colcon_core.environment:checking '/home/zxcx/new_naw/install/esdf/bin'
[0.553s] Level 1:colcon.colcon_core.environment:checking '/home/zxcx/new_naw/install/esdf/lib/pkgconfig/esdf.pc'
[0.553s] Level 1:colcon.colcon_core.environment:checking '/home/zxcx/new_naw/install/esdf/lib/python3.10/site-packages'
[0.553s] Level 1:colcon.colcon_core.environment:checking '/home/zxcx/new_naw/install/esdf/bin'
[0.553s] INFO:colcon.colcon_core.shell:Creating package script '/home/zxcx/new_naw/install/esdf/share/esdf/package.ps1'
[0.554s] INFO:colcon.colcon_core.shell:Creating package descriptor '/home/zxcx/new_naw/install/esdf/share/esdf/package.dsv'
[0.554s] INFO:colcon.colcon_core.shell:Creating package script '/home/zxcx/new_naw/install/esdf/share/esdf/package.sh'
[0.554s] INFO:colcon.colcon_core.shell:Creating package script '/home/zxcx/new_naw/install/esdf/share/esdf/package.bash'
[0.554s] INFO:colcon.colcon_core.shell:Creating package script '/home/zxcx/new_naw/install/esdf/share/esdf/package.zsh'
[0.555s] Level 1:colcon.colcon_core.environment:create_file_with_runtime_dependencies(/home/zxcx/new_naw/install/esdf/share/colcon-core/packages/esdf)
[0.555s] DEBUG:colcon.colcon_parallel_executor.executor.parallel:closing loop
[0.555s] DEBUG:colcon.colcon_parallel_executor.executor.parallel:loop closed
[0.555s] DEBUG:colcon.colcon_parallel_executor.executor.parallel:run_until_complete finished with '0'
[0.555s] DEBUG:colcon.colcon_core.event_reactor:joining thread
[0.558s] INFO:colcon.colcon_core.plugin_system:Skipping extension 'colcon_notification.desktop_notification.terminal_notifier': Not used on non-Darwin systems
[0.558s] INFO:colcon.colcon_core.plugin_system:Skipping extension 'colcon_notification.desktop_notification.win32': Not used on non-Windows systems
[0.558s] INFO:colcon.colcon_notification.desktop_notification:Sending desktop notification using 'notify2'
[0.564s] DEBUG:colcon.colcon_core.event_reactor:joined thread
[0.565s] INFO:colcon.colcon_core.shell:Creating prefix script '/home/zxcx/new_naw/install/local_setup.ps1'
[0.565s] INFO:colcon.colcon_core.shell:Creating prefix util module '/home/zxcx/new_naw/install/_local_setup_util_ps1.py'
[0.566s] INFO:colcon.colcon_core.shell:Creating prefix chain script '/home/zxcx/new_naw/install/setup.ps1'
[0.566s] INFO:colcon.colcon_core.shell:Creating prefix script '/home/zxcx/new_naw/install/local_setup.sh'
[0.567s] INFO:colcon.colcon_core.shell:Creating prefix util module '/home/zxcx/new_naw/install/_local_setup_util_sh.py'
[0.567s] INFO:colcon.colcon_core.shell:Creating prefix chain script '/home/zxcx/new_naw/install/setup.sh'
[0.567s] INFO:colcon.colcon_core.shell:Creating prefix script '/home/zxcx/new_naw/install/local_setup.bash'
[0.568s] INFO:colcon.colcon_core.shell:Creating prefix chain script '/home/zxcx/new_naw/install/setup.bash'
[0.568s] INFO:colcon.colcon_core.shell:Creating prefix script '/home/zxcx/new_naw/install/local_setup.zsh'
[0.569s] INFO:colcon.colcon_core.shell:Creating prefix chain script '/home/zxcx/new_naw/install/setup.zsh'
