[0.012s] Invoking command in '/home/zxcx/new_naw/build/esdf': CMAKE_PREFIX_PATH=/home/zxcx/new_naw/install/custom_msgs:/home/zxcx/new_naw/install/relocation:/home/zxcx/new_naw/install/point_lio:/home/zxcx/new_naw/install/planner:/home/zxcx/new_naw/install/esdf:/home/zxcx/new_naw/install/algo_master:/home/zxcx/new_naw/install/livox_ros_driver2:/home/zxcx/new_naw/install/controller:/opt/ros/humble LD_LIBRARY_PATH=/home/zxcx/new_naw/install/custom_msgs/lib:/home/zxcx/new_naw/install/relocation/lib:/home/zxcx/new_naw/install/livox_ros_driver2/lib:/usr/lib/x86_64-linux-gnu/gazebo-11/plugins:/opt/ros/humble/opt/rviz_ogre_vendor/lib:/opt/ros/humble/lib/x86_64-linux-gnu:/opt/ros/humble/lib /usr/bin/cmake --build /home/zxcx/new_naw/build/esdf -- -j32 -l32
[0.040s] [35m[1mConsolidate compiler generated dependencies of target esdf_map_lib[0m
[0.058s] [ 50%] Built target esdf_map_lib
[0.067s] [35m[1mConsolidate compiler generated dependencies of target esdf_test[0m
[0.069s] [35m[1mConsolidate compiler generated dependencies of target esdf_node[0m
[0.085s] [ 62%] [32mBuilding CXX object CMakeFiles/esdf_test.dir/src/test.cpp.o[0m
[0.090s] [ 87%] Built target esdf_node
[2.896s] [100%] [32m[1mLinking CXX executable esdf_test[0m
[3.317s] [100%] Built target esdf_test
[3.325s] Invoked command in '/home/zxcx/new_naw/build/esdf' returned '0': CMAKE_PREFIX_PATH=/home/zxcx/new_naw/install/custom_msgs:/home/zxcx/new_naw/install/relocation:/home/zxcx/new_naw/install/point_lio:/home/zxcx/new_naw/install/planner:/home/zxcx/new_naw/install/esdf:/home/zxcx/new_naw/install/algo_master:/home/zxcx/new_naw/install/livox_ros_driver2:/home/zxcx/new_naw/install/controller:/opt/ros/humble LD_LIBRARY_PATH=/home/zxcx/new_naw/install/custom_msgs/lib:/home/zxcx/new_naw/install/relocation/lib:/home/zxcx/new_naw/install/livox_ros_driver2/lib:/usr/lib/x86_64-linux-gnu/gazebo-11/plugins:/opt/ros/humble/opt/rviz_ogre_vendor/lib:/opt/ros/humble/lib/x86_64-linux-gnu:/opt/ros/humble/lib /usr/bin/cmake --build /home/zxcx/new_naw/build/esdf -- -j32 -l32
[3.327s] Invoking command in '/home/zxcx/new_naw/build/esdf': CMAKE_PREFIX_PATH=/home/zxcx/new_naw/install/custom_msgs:/home/zxcx/new_naw/install/relocation:/home/zxcx/new_naw/install/point_lio:/home/zxcx/new_naw/install/planner:/home/zxcx/new_naw/install/esdf:/home/zxcx/new_naw/install/algo_master:/home/zxcx/new_naw/install/livox_ros_driver2:/home/zxcx/new_naw/install/controller:/opt/ros/humble LD_LIBRARY_PATH=/home/zxcx/new_naw/install/custom_msgs/lib:/home/zxcx/new_naw/install/relocation/lib:/home/zxcx/new_naw/install/livox_ros_driver2/lib:/usr/lib/x86_64-linux-gnu/gazebo-11/plugins:/opt/ros/humble/opt/rviz_ogre_vendor/lib:/opt/ros/humble/lib/x86_64-linux-gnu:/opt/ros/humble/lib /usr/bin/cmake --install /home/zxcx/new_naw/build/esdf
[3.331s] -- Install configuration: "Release"
[3.331s] -- Up-to-date: /home/zxcx/new_naw/install/esdf/lib/esdf/esdf_node
[3.331s] -- Installing: /home/zxcx/new_naw/install/esdf/lib/esdf/esdf_test
[3.332s] -- Up-to-date: /home/zxcx/new_naw/install/esdf/share/ament_index/resource_index/package_run_dependencies/esdf
[3.332s] -- Up-to-date: /home/zxcx/new_naw/install/esdf/share/ament_index/resource_index/parent_prefix_path/esdf
[3.332s] -- Up-to-date: /home/zxcx/new_naw/install/esdf/share/esdf/environment/ament_prefix_path.sh
[3.332s] -- Up-to-date: /home/zxcx/new_naw/install/esdf/share/esdf/environment/ament_prefix_path.dsv
[3.332s] -- Up-to-date: /home/zxcx/new_naw/install/esdf/share/esdf/environment/path.sh
[3.332s] -- Up-to-date: /home/zxcx/new_naw/install/esdf/share/esdf/environment/path.dsv
[3.332s] -- Up-to-date: /home/zxcx/new_naw/install/esdf/share/esdf/local_setup.bash
[3.332s] -- Up-to-date: /home/zxcx/new_naw/install/esdf/share/esdf/local_setup.sh
[3.332s] -- Up-to-date: /home/zxcx/new_naw/install/esdf/share/esdf/local_setup.zsh
[3.332s] -- Up-to-date: /home/zxcx/new_naw/install/esdf/share/esdf/local_setup.dsv
[3.332s] -- Installing: /home/zxcx/new_naw/install/esdf/share/esdf/package.dsv
[3.332s] -- Up-to-date: /home/zxcx/new_naw/install/esdf/share/ament_index/resource_index/packages/esdf
[3.332s] -- Up-to-date: /home/zxcx/new_naw/install/esdf/share/esdf/cmake/esdfConfig.cmake
[3.332s] -- Up-to-date: /home/zxcx/new_naw/install/esdf/share/esdf/cmake/esdfConfig-version.cmake
[3.332s] -- Up-to-date: /home/zxcx/new_naw/install/esdf/share/esdf/package.xml
[3.334s] Invoked command in '/home/zxcx/new_naw/build/esdf' returned '0': CMAKE_PREFIX_PATH=/home/zxcx/new_naw/install/custom_msgs:/home/zxcx/new_naw/install/relocation:/home/zxcx/new_naw/install/point_lio:/home/zxcx/new_naw/install/planner:/home/zxcx/new_naw/install/esdf:/home/zxcx/new_naw/install/algo_master:/home/zxcx/new_naw/install/livox_ros_driver2:/home/zxcx/new_naw/install/controller:/opt/ros/humble LD_LIBRARY_PATH=/home/zxcx/new_naw/install/custom_msgs/lib:/home/zxcx/new_naw/install/relocation/lib:/home/zxcx/new_naw/install/livox_ros_driver2/lib:/usr/lib/x86_64-linux-gnu/gazebo-11/plugins:/opt/ros/humble/opt/rviz_ogre_vendor/lib:/opt/ros/humble/lib/x86_64-linux-gnu:/opt/ros/humble/lib /usr/bin/cmake --install /home/zxcx/new_naw/build/esdf
