[0.008s] Invoking command in '/home/zxcx/new_naw/build/relocation': AMENT_PREFIX_PATH=/home/zxcx/new_naw/install/custom_msgs:${AMENT_PREFIX_PATH} CMAKE_PREFIX_PATH=/home/zxcx/new_naw/install/custom_msgs:/opt/ros/humble LD_LIBRARY_PATH=/home/zxcx/new_naw/install/custom_msgs/lib:${LD_LIBRARY_PATH} PYTHONPATH=/home/zxcx/new_naw/install/custom_msgs/local/lib/python3.10/dist-packages:${PYTHONPATH} /usr/bin/cmake --build /home/zxcx/new_naw/build/relocation -- -j32 -l32
[0.053s] [ 60%] Built target relocation_core
[0.075s] [ 80%] Built target test_node
[0.078s] [ 90%] Building CXX object CMakeFiles/relocation_node.dir/src/relocation_node.cpp.o
[3.598s] /home/zxcx/new_naw/relocation/src/relocation_node.cpp: In constructor ‘relocation::RelocationNode::RelocationNode()’:
[3.598s] /home/zxcx/new_naw/relocation/src/relocation_node.cpp:701:10: warning: ‘relocation::RelocationNode::trigger_reloc_’ will be initialized after [-Wreorder]
[3.598s]   701 |     bool trigger_reloc_;
[3.598s]       |          ^~~~~~~~~~~~~~
[3.598s] /home/zxcx/new_naw/relocation/src/relocation_node.cpp:695:10: warning:   ‘bool relocation::RelocationNode::map_initialized_’ [-Wreorder]
[3.598s]   695 |     bool map_initialized_;
[3.598s]       |          ^~~~~~~~~~~~~~~~
[3.598s] /home/zxcx/new_naw/relocation/src/relocation_node.cpp:113:5: warning:   when initialized here [-Wreorder]
[3.598s]   113 |     RelocationNode() : Node(node_name), is_relocated_(false), trigger_reloc_(true), map_initialized_(false), has_cached_grid_(false), accumulated_frames_(0), initial_gimbal_yaw_(0.0)
[3.598s]       |     ^~~~~~~~~~~~~~
[19.364s] [100%] Linking CXX executable relocation_node
[19.860s] [100%] Built target relocation_node
[19.867s] Invoked command in '/home/zxcx/new_naw/build/relocation' returned '0': AMENT_PREFIX_PATH=/home/zxcx/new_naw/install/custom_msgs:${AMENT_PREFIX_PATH} CMAKE_PREFIX_PATH=/home/zxcx/new_naw/install/custom_msgs:/opt/ros/humble LD_LIBRARY_PATH=/home/zxcx/new_naw/install/custom_msgs/lib:${LD_LIBRARY_PATH} PYTHONPATH=/home/zxcx/new_naw/install/custom_msgs/local/lib/python3.10/dist-packages:${PYTHONPATH} /usr/bin/cmake --build /home/zxcx/new_naw/build/relocation -- -j32 -l32
[19.875s] Invoking command in '/home/zxcx/new_naw/build/relocation': AMENT_PREFIX_PATH=/home/zxcx/new_naw/install/custom_msgs:${AMENT_PREFIX_PATH} CMAKE_PREFIX_PATH=/home/zxcx/new_naw/install/custom_msgs:/opt/ros/humble LD_LIBRARY_PATH=/home/zxcx/new_naw/install/custom_msgs/lib:${LD_LIBRARY_PATH} PYTHONPATH=/home/zxcx/new_naw/install/custom_msgs/local/lib/python3.10/dist-packages:${PYTHONPATH} /usr/bin/cmake --install /home/zxcx/new_naw/build/relocation
[19.879s] -- Install configuration: "Release"
[19.879s] -- Up-to-date: /home/zxcx/new_naw/install/relocation/lib/librelocation_core.so
[19.879s] -- Up-to-date: /home/zxcx/new_naw/install/relocation/lib/relocation/test_node
[19.880s] -- Installing: /home/zxcx/new_naw/install/relocation/lib/relocation/relocation_node
[19.883s] -- Set runtime path of "/home/zxcx/new_naw/install/relocation/lib/relocation/relocation_node" to ""
[19.883s] -- Up-to-date: /home/zxcx/new_naw/install/relocation/include
[19.883s] -- Up-to-date: /home/zxcx/new_naw/install/relocation/include/relocation
[19.883s] -- Up-to-date: /home/zxcx/new_naw/install/relocation/include/relocation/kd_tree.hpp
[19.884s] -- Up-to-date: /home/zxcx/new_naw/install/relocation/include/relocation/ann_kdtree.hpp
[19.884s] -- Up-to-date: /home/zxcx/new_naw/install/relocation/include/relocation/iris.hpp
[19.884s] -- Up-to-date: /home/zxcx/new_naw/install/relocation/include/relocation/icp.hpp
[19.884s] -- Up-to-date: /home/zxcx/new_naw/install/relocation/include/relocation/location.hpp
[19.884s] -- Up-to-date: /home/zxcx/new_naw/install/relocation/share/relocation/PCD
[19.884s] -- Up-to-date: /home/zxcx/new_naw/install/relocation/share/relocation/PCD/RMUC_2026.pcd
[19.884s] -- Up-to-date: /home/zxcx/new_naw/install/relocation/share/relocation/PCD/readme.md
[19.884s] -- Up-to-date: /home/zxcx/new_naw/install/relocation/share/relocation/PCD/rmuc_2025.pcd
[19.884s] -- Up-to-date: /home/zxcx/new_naw/install/relocation/share/relocation/PCD/1.pcd
[19.884s] -- Up-to-date: /home/zxcx/new_naw/install/relocation/share/ament_index/resource_index/package_run_dependencies/relocation
[19.884s] -- Up-to-date: /home/zxcx/new_naw/install/relocation/share/ament_index/resource_index/parent_prefix_path/relocation
[19.884s] -- Up-to-date: /home/zxcx/new_naw/install/relocation/share/relocation/environment/ament_prefix_path.sh
[19.884s] -- Up-to-date: /home/zxcx/new_naw/install/relocation/share/relocation/environment/ament_prefix_path.dsv
[19.884s] -- Up-to-date: /home/zxcx/new_naw/install/relocation/share/relocation/environment/path.sh
[19.884s] -- Up-to-date: /home/zxcx/new_naw/install/relocation/share/relocation/environment/path.dsv
[19.884s] -- Up-to-date: /home/zxcx/new_naw/install/relocation/share/relocation/local_setup.bash
[19.884s] -- Up-to-date: /home/zxcx/new_naw/install/relocation/share/relocation/local_setup.sh
[19.884s] -- Up-to-date: /home/zxcx/new_naw/install/relocation/share/relocation/local_setup.zsh
[19.884s] -- Up-to-date: /home/zxcx/new_naw/install/relocation/share/relocation/local_setup.dsv
[19.884s] -- Installing: /home/zxcx/new_naw/install/relocation/share/relocation/package.dsv
[19.884s] -- Up-to-date: /home/zxcx/new_naw/install/relocation/share/ament_index/resource_index/packages/relocation
[19.884s] -- Up-to-date: /home/zxcx/new_naw/install/relocation/share/relocation/cmake/relocationConfig.cmake
[19.884s] -- Up-to-date: /home/zxcx/new_naw/install/relocation/share/relocation/cmake/relocationConfig-version.cmake
[19.885s] -- Up-to-date: /home/zxcx/new_naw/install/relocation/share/relocation/package.xml
[19.885s] Invoked command in '/home/zxcx/new_naw/build/relocation' returned '0': AMENT_PREFIX_PATH=/home/zxcx/new_naw/install/custom_msgs:${AMENT_PREFIX_PATH} CMAKE_PREFIX_PATH=/home/zxcx/new_naw/install/custom_msgs:/opt/ros/humble LD_LIBRARY_PATH=/home/zxcx/new_naw/install/custom_msgs/lib:${LD_LIBRARY_PATH} PYTHONPATH=/home/zxcx/new_naw/install/custom_msgs/local/lib/python3.10/dist-packages:${PYTHONPATH} /usr/bin/cmake --install /home/zxcx/new_naw/build/relocation
