[0.010s] Invoking command in '/home/zxcx/new_naw/build/custom_msgs': CMAKE_PREFIX_PATH=${CMAKE_PREFIX_PATH}:/opt/ros/humble /usr/bin/cmake --build /home/zxcx/new_naw/build/custom_msgs -- -j32 -l32
[0.049s] [  1%] Built target custom_msgs__rs
[0.051s] [ 12%] Built target custom_msgs__rosidl_generator_c
[0.051s] [ 14%] Built target custom_msgs__cpp
[0.058s] [ 14%] Built target ament_cmake_python_copy_custom_msgs
[0.068s] [ 25%] Built target custom_msgs__rosidl_typesupport_fastrtps_c
[0.071s] [ 46%] Built target custom_msgs__rosidl_typesupport_introspection_cpp
[0.071s] [ 46%] Built target custom_msgs__rosidl_typesupport_fastrtps_cpp
[0.071s] [ 79%] Built target custom_msgs__rosidl_typesupport_cpp
[0.071s] [ 79%] Built target custom_msgs__rosidl_typesupport_c
[0.071s] [ 79%] Built target custom_msgs__rosidl_typesupport_introspection_c
[0.086s] [ 79%] Built target custom_msgs
[0.102s] [ 81%] Built target custom_msgs__py
[0.118s] [ 90%] Built target custom_msgs__rosidl_generator_py
[0.134s] [ 93%] Built target custom_msgs__rosidl_typesupport_introspection_c__pyext
[0.135s] [ 96%] Built target custom_msgs__rosidl_typesupport_c__pyext
[0.136s] [100%] Built target custom_msgs__rosidl_typesupport_fastrtps_c__pyext
[0.180s] running egg_info
[0.180s] writing custom_msgs.egg-info/PKG-INFO
[0.180s] writing dependency_links to custom_msgs.egg-info/dependency_links.txt
[0.180s] writing top-level names to custom_msgs.egg-info/top_level.txt
[0.181s] reading manifest file 'custom_msgs.egg-info/SOURCES.txt'
[0.182s] writing manifest file 'custom_msgs.egg-info/SOURCES.txt'
[0.198s] [100%] Built target ament_cmake_python_build_custom_msgs_egg
[0.207s] Invoked command in '/home/zxcx/new_naw/build/custom_msgs' returned '0': CMAKE_PREFIX_PATH=${CMAKE_PREFIX_PATH}:/opt/ros/humble /usr/bin/cmake --build /home/zxcx/new_naw/build/custom_msgs -- -j32 -l32
[0.208s] Invoking command in '/home/zxcx/new_naw/build/custom_msgs': CMAKE_PREFIX_PATH=${CMAKE_PREFIX_PATH}:/opt/ros/humble /usr/bin/cmake --install /home/zxcx/new_naw/build/custom_msgs
[0.214s] -- Install configuration: "Release"
[0.214s] -- Up-to-date: /home/zxcx/new_naw/install/custom_msgs/share/ament_index/resource_index/rosidl_interfaces/custom_msgs
[0.214s] -- Up-to-date: /home/zxcx/new_naw/install/custom_msgs/include/custom_msgs/custom_msgs
[0.214s] -- Up-to-date: /home/zxcx/new_naw/install/custom_msgs/include/custom_msgs/custom_msgs/msg
[0.214s] -- Up-to-date: /home/zxcx/new_naw/install/custom_msgs/include/custom_msgs/custom_msgs/msg/vehicle_state.h
[0.214s] -- Up-to-date: /home/zxcx/new_naw/install/custom_msgs/include/custom_msgs/custom_msgs/msg/map_data.h
[0.214s] -- Up-to-date: /home/zxcx/new_naw/install/custom_msgs/include/custom_msgs/custom_msgs/msg/result.h
[0.214s] -- Up-to-date: /home/zxcx/new_naw/install/custom_msgs/include/custom_msgs/custom_msgs/msg/goal.h
[0.214s] -- Up-to-date: /home/zxcx/new_naw/install/custom_msgs/include/custom_msgs/custom_msgs/msg/chassis_info.h
[0.214s] -- Up-to-date: /home/zxcx/new_naw/install/custom_msgs/include/custom_msgs/custom_msgs/msg/rosidl_generator_c__visibility_control.h
[0.214s] -- Up-to-date: /home/zxcx/new_naw/install/custom_msgs/include/custom_msgs/custom_msgs/msg/detail
[0.214s] -- Up-to-date: /home/zxcx/new_naw/install/custom_msgs/include/custom_msgs/custom_msgs/msg/detail/chassis_info__functions.c
[0.214s] -- Up-to-date: /home/zxcx/new_naw/install/custom_msgs/include/custom_msgs/custom_msgs/msg/detail/vehicle_state__type_support.h
[0.214s] -- Up-to-date: /home/zxcx/new_naw/install/custom_msgs/include/custom_msgs/custom_msgs/msg/detail/result__functions.c
[0.214s] -- Up-to-date: /home/zxcx/new_naw/install/custom_msgs/include/custom_msgs/custom_msgs/msg/detail/map_data__functions.c
[0.214s] -- Up-to-date: /home/zxcx/new_naw/install/custom_msgs/include/custom_msgs/custom_msgs/msg/detail/vehicle_state__functions.h
[0.214s] -- Up-to-date: /home/zxcx/new_naw/install/custom_msgs/include/custom_msgs/custom_msgs/msg/detail/goal__type_support.h
[0.215s] -- Up-to-date: /home/zxcx/new_naw/install/custom_msgs/include/custom_msgs/custom_msgs/msg/detail/goal__functions.h
[0.215s] -- Up-to-date: /home/zxcx/new_naw/install/custom_msgs/include/custom_msgs/custom_msgs/msg/detail/result__type_support.h
[0.215s] -- Up-to-date: /home/zxcx/new_naw/install/custom_msgs/include/custom_msgs/custom_msgs/msg/detail/map_data__functions.h
[0.215s] -- Up-to-date: /home/zxcx/new_naw/install/custom_msgs/include/custom_msgs/custom_msgs/msg/detail/result__functions.h
[0.215s] -- Up-to-date: /home/zxcx/new_naw/install/custom_msgs/include/custom_msgs/custom_msgs/msg/detail/map_data__type_support.h
[0.215s] -- Up-to-date: /home/zxcx/new_naw/install/custom_msgs/include/custom_msgs/custom_msgs/msg/detail/result__struct.h
[0.215s] -- Up-to-date: /home/zxcx/new_naw/install/custom_msgs/include/custom_msgs/custom_msgs/msg/detail/vehicle_state__functions.c
[0.215s] -- Up-to-date: /home/zxcx/new_naw/install/custom_msgs/include/custom_msgs/custom_msgs/msg/detail/chassis_info__functions.h
[0.215s] -- Up-to-date: /home/zxcx/new_naw/install/custom_msgs/include/custom_msgs/custom_msgs/msg/detail/chassis_info__type_support.h
[0.215s] -- Up-to-date: /home/zxcx/new_naw/install/custom_msgs/include/custom_msgs/custom_msgs/msg/detail/vehicle_state__struct.h
[0.215s] -- Up-to-date: /home/zxcx/new_naw/install/custom_msgs/include/custom_msgs/custom_msgs/msg/detail/chassis_info__struct.h
[0.215s] -- Up-to-date: /home/zxcx/new_naw/install/custom_msgs/include/custom_msgs/custom_msgs/msg/detail/map_data__struct.h
[0.215s] -- Up-to-date: /home/zxcx/new_naw/install/custom_msgs/include/custom_msgs/custom_msgs/msg/detail/goal__functions.c
[0.215s] -- Up-to-date: /home/zxcx/new_naw/install/custom_msgs/include/custom_msgs/custom_msgs/msg/detail/goal__struct.h
[0.215s] -- Up-to-date: /home/zxcx/new_naw/install/custom_msgs/share/custom_msgs/environment/library_path.sh
[0.215s] -- Up-to-date: /home/zxcx/new_naw/install/custom_msgs/share/custom_msgs/environment/library_path.dsv
[0.215s] -- Up-to-date: /home/zxcx/new_naw/install/custom_msgs/lib/libcustom_msgs__rosidl_generator_c.so
[0.215s] -- Up-to-date: /home/zxcx/new_naw/install/custom_msgs/include/custom_msgs/custom_msgs
[0.215s] -- Up-to-date: /home/zxcx/new_naw/install/custom_msgs/include/custom_msgs/custom_msgs/msg
[0.215s] -- Up-to-date: /home/zxcx/new_naw/install/custom_msgs/include/custom_msgs/custom_msgs/msg/rosidl_typesupport_fastrtps_c__visibility_control.h
[0.215s] -- Up-to-date: /home/zxcx/new_naw/install/custom_msgs/include/custom_msgs/custom_msgs/msg/detail
[0.215s] -- Up-to-date: /home/zxcx/new_naw/install/custom_msgs/include/custom_msgs/custom_msgs/msg/detail/vehicle_state__rosidl_typesupport_fastrtps_c.h
[0.216s] -- Up-to-date: /home/zxcx/new_naw/install/custom_msgs/include/custom_msgs/custom_msgs/msg/detail/chassis_info__rosidl_typesupport_fastrtps_c.h
[0.216s] -- Up-to-date: /home/zxcx/new_naw/install/custom_msgs/include/custom_msgs/custom_msgs/msg/detail/map_data__rosidl_typesupport_fastrtps_c.h
[0.216s] -- Up-to-date: /home/zxcx/new_naw/install/custom_msgs/include/custom_msgs/custom_msgs/msg/detail/goal__rosidl_typesupport_fastrtps_c.h
[0.216s] -- Up-to-date: /home/zxcx/new_naw/install/custom_msgs/include/custom_msgs/custom_msgs/msg/detail/result__rosidl_typesupport_fastrtps_c.h
[0.216s] -- Up-to-date: /home/zxcx/new_naw/install/custom_msgs/lib/libcustom_msgs__rosidl_typesupport_fastrtps_c.so
[0.216s] -- Up-to-date: /home/zxcx/new_naw/install/custom_msgs/include/custom_msgs/custom_msgs
[0.216s] -- Up-to-date: /home/zxcx/new_naw/install/custom_msgs/include/custom_msgs/custom_msgs/msg
[0.217s] -- Up-to-date: /home/zxcx/new_naw/install/custom_msgs/include/custom_msgs/custom_msgs/msg/rosidl_typesupport_introspection_c__visibility_control.h
[0.217s] -- Up-to-date: /home/zxcx/new_naw/install/custom_msgs/include/custom_msgs/custom_msgs/msg/detail
[0.217s] -- Up-to-date: /home/zxcx/new_naw/install/custom_msgs/include/custom_msgs/custom_msgs/msg/detail/goal__type_support.c
[0.217s] -- Up-to-date: /home/zxcx/new_naw/install/custom_msgs/include/custom_msgs/custom_msgs/msg/detail/goal__rosidl_typesupport_introspection_c.h
[0.217s] -- Up-to-date: /home/zxcx/new_naw/install/custom_msgs/include/custom_msgs/custom_msgs/msg/detail/result__type_support.c
[0.217s] -- Up-to-date: /home/zxcx/new_naw/install/custom_msgs/include/custom_msgs/custom_msgs/msg/detail/map_data__type_support.c
[0.217s] -- Up-to-date: /home/zxcx/new_naw/install/custom_msgs/include/custom_msgs/custom_msgs/msg/detail/chassis_info__rosidl_typesupport_introspection_c.h
[0.218s] -- Up-to-date: /home/zxcx/new_naw/install/custom_msgs/include/custom_msgs/custom_msgs/msg/detail/vehicle_state__rosidl_typesupport_introspection_c.h
[0.218s] -- Up-to-date: /home/zxcx/new_naw/install/custom_msgs/include/custom_msgs/custom_msgs/msg/detail/result__rosidl_typesupport_introspection_c.h
[0.218s] -- Up-to-date: /home/zxcx/new_naw/install/custom_msgs/include/custom_msgs/custom_msgs/msg/detail/vehicle_state__type_support.c
[0.218s] -- Up-to-date: /home/zxcx/new_naw/install/custom_msgs/include/custom_msgs/custom_msgs/msg/detail/map_data__rosidl_typesupport_introspection_c.h
[0.218s] -- Up-to-date: /home/zxcx/new_naw/install/custom_msgs/include/custom_msgs/custom_msgs/msg/detail/chassis_info__type_support.c
[0.218s] -- Up-to-date: /home/zxcx/new_naw/install/custom_msgs/lib/libcustom_msgs__rosidl_typesupport_introspection_c.so
[0.218s] -- Up-to-date: /home/zxcx/new_naw/install/custom_msgs/lib/libcustom_msgs__rosidl_typesupport_c.so
[0.218s] -- Up-to-date: /home/zxcx/new_naw/install/custom_msgs/include/custom_msgs/custom_msgs
[0.218s] -- Up-to-date: /home/zxcx/new_naw/install/custom_msgs/include/custom_msgs/custom_msgs/msg
[0.218s] -- Up-to-date: /home/zxcx/new_naw/install/custom_msgs/include/custom_msgs/custom_msgs/msg/goal.hpp
[0.219s] -- Up-to-date: /home/zxcx/new_naw/install/custom_msgs/include/custom_msgs/custom_msgs/msg/rosidl_generator_cpp__visibility_control.hpp
[0.219s] -- Up-to-date: /home/zxcx/new_naw/install/custom_msgs/include/custom_msgs/custom_msgs/msg/vehicle_state.hpp
[0.219s] -- Up-to-date: /home/zxcx/new_naw/install/custom_msgs/include/custom_msgs/custom_msgs/msg/result.hpp
[0.219s] -- Up-to-date: /home/zxcx/new_naw/install/custom_msgs/include/custom_msgs/custom_msgs/msg/chassis_info.hpp
[0.219s] -- Up-to-date: /home/zxcx/new_naw/install/custom_msgs/include/custom_msgs/custom_msgs/msg/detail
[0.219s] -- Up-to-date: /home/zxcx/new_naw/install/custom_msgs/include/custom_msgs/custom_msgs/msg/detail/goal__type_support.hpp
[0.219s] -- Up-to-date: /home/zxcx/new_naw/install/custom_msgs/include/custom_msgs/custom_msgs/msg/detail/result__builder.hpp
[0.219s] -- Up-to-date: /home/zxcx/new_naw/install/custom_msgs/include/custom_msgs/custom_msgs/msg/detail/vehicle_state__builder.hpp
[0.219s] -- Up-to-date: /home/zxcx/new_naw/install/custom_msgs/include/custom_msgs/custom_msgs/msg/detail/map_data__builder.hpp
[0.219s] -- Up-to-date: /home/zxcx/new_naw/install/custom_msgs/include/custom_msgs/custom_msgs/msg/detail/goal__builder.hpp
[0.219s] -- Up-to-date: /home/zxcx/new_naw/install/custom_msgs/include/custom_msgs/custom_msgs/msg/detail/chassis_info__traits.hpp
[0.219s] -- Up-to-date: /home/zxcx/new_naw/install/custom_msgs/include/custom_msgs/custom_msgs/msg/detail/goal__struct.hpp
[0.219s] -- Up-to-date: /home/zxcx/new_naw/install/custom_msgs/include/custom_msgs/custom_msgs/msg/detail/result__type_support.hpp
[0.219s] -- Up-to-date: /home/zxcx/new_naw/install/custom_msgs/include/custom_msgs/custom_msgs/msg/detail/vehicle_state__struct.hpp
[0.219s] -- Up-to-date: /home/zxcx/new_naw/install/custom_msgs/include/custom_msgs/custom_msgs/msg/detail/map_data__struct.hpp
[0.219s] -- Up-to-date: /home/zxcx/new_naw/install/custom_msgs/include/custom_msgs/custom_msgs/msg/detail/vehicle_state__type_support.hpp
[0.219s] -- Up-to-date: /home/zxcx/new_naw/install/custom_msgs/include/custom_msgs/custom_msgs/msg/detail/chassis_info__type_support.hpp
[0.219s] -- Up-to-date: /home/zxcx/new_naw/install/custom_msgs/include/custom_msgs/custom_msgs/msg/detail/result__traits.hpp
[0.220s] -- Up-to-date: /home/zxcx/new_naw/install/custom_msgs/include/custom_msgs/custom_msgs/msg/detail/map_data__type_support.hpp
[0.220s] -- Up-to-date: /home/zxcx/new_naw/install/custom_msgs/include/custom_msgs/custom_msgs/msg/detail/result__struct.hpp
[0.220s] -- Up-to-date: /home/zxcx/new_naw/install/custom_msgs/include/custom_msgs/custom_msgs/msg/detail/vehicle_state__traits.hpp
[0.220s] -- Up-to-date: /home/zxcx/new_naw/install/custom_msgs/include/custom_msgs/custom_msgs/msg/detail/chassis_info__builder.hpp
[0.220s] -- Up-to-date: /home/zxcx/new_naw/install/custom_msgs/include/custom_msgs/custom_msgs/msg/detail/goal__traits.hpp
[0.220s] -- Up-to-date: /home/zxcx/new_naw/install/custom_msgs/include/custom_msgs/custom_msgs/msg/detail/chassis_info__struct.hpp
[0.220s] -- Up-to-date: /home/zxcx/new_naw/install/custom_msgs/include/custom_msgs/custom_msgs/msg/detail/map_data__traits.hpp
[0.220s] -- Up-to-date: /home/zxcx/new_naw/install/custom_msgs/include/custom_msgs/custom_msgs/msg/map_data.hpp
[0.220s] -- Up-to-date: /home/zxcx/new_naw/install/custom_msgs/include/custom_msgs/custom_msgs
[0.220s] -- Up-to-date: /home/zxcx/new_naw/install/custom_msgs/include/custom_msgs/custom_msgs/msg
[0.220s] -- Up-to-date: /home/zxcx/new_naw/install/custom_msgs/include/custom_msgs/custom_msgs/msg/rosidl_typesupport_fastrtps_cpp__visibility_control.h
[0.220s] -- Up-to-date: /home/zxcx/new_naw/install/custom_msgs/include/custom_msgs/custom_msgs/msg/detail
[0.220s] -- Up-to-date: /home/zxcx/new_naw/install/custom_msgs/include/custom_msgs/custom_msgs/msg/detail/vehicle_state__rosidl_typesupport_fastrtps_cpp.hpp
[0.220s] -- Up-to-date: /home/zxcx/new_naw/install/custom_msgs/include/custom_msgs/custom_msgs/msg/detail/chassis_info__rosidl_typesupport_fastrtps_cpp.hpp
[0.220s] -- Up-to-date: /home/zxcx/new_naw/install/custom_msgs/include/custom_msgs/custom_msgs/msg/detail/result__rosidl_typesupport_fastrtps_cpp.hpp
[0.220s] -- Up-to-date: /home/zxcx/new_naw/install/custom_msgs/include/custom_msgs/custom_msgs/msg/detail/goal__rosidl_typesupport_fastrtps_cpp.hpp
[0.220s] -- Up-to-date: /home/zxcx/new_naw/install/custom_msgs/include/custom_msgs/custom_msgs/msg/detail/dds_fastrtps
[0.220s] -- Up-to-date: /home/zxcx/new_naw/install/custom_msgs/include/custom_msgs/custom_msgs/msg/detail/map_data__rosidl_typesupport_fastrtps_cpp.hpp
[0.221s] -- Up-to-date: /home/zxcx/new_naw/install/custom_msgs/lib/libcustom_msgs__rosidl_typesupport_fastrtps_cpp.so
[0.221s] -- Up-to-date: /home/zxcx/new_naw/install/custom_msgs/include/custom_msgs/custom_msgs
[0.221s] -- Up-to-date: /home/zxcx/new_naw/install/custom_msgs/include/custom_msgs/custom_msgs/msg
[0.221s] -- Up-to-date: /home/zxcx/new_naw/install/custom_msgs/include/custom_msgs/custom_msgs/msg/detail
[0.221s] -- Up-to-date: /home/zxcx/new_naw/install/custom_msgs/include/custom_msgs/custom_msgs/msg/detail/vehicle_state__rosidl_typesupport_introspection_cpp.hpp
[0.221s] -- Up-to-date: /home/zxcx/new_naw/install/custom_msgs/include/custom_msgs/custom_msgs/msg/detail/chassis_info__rosidl_typesupport_introspection_cpp.hpp
[0.221s] -- Up-to-date: /home/zxcx/new_naw/install/custom_msgs/include/custom_msgs/custom_msgs/msg/detail/chassis_info__type_support.cpp
[0.221s] -- Up-to-date: /home/zxcx/new_naw/install/custom_msgs/include/custom_msgs/custom_msgs/msg/detail/goal__type_support.cpp
[0.221s] -- Up-to-date: /home/zxcx/new_naw/install/custom_msgs/include/custom_msgs/custom_msgs/msg/detail/goal__rosidl_typesupport_introspection_cpp.hpp
[0.221s] -- Up-to-date: /home/zxcx/new_naw/install/custom_msgs/include/custom_msgs/custom_msgs/msg/detail/map_data__type_support.cpp
[0.221s] -- Up-to-date: /home/zxcx/new_naw/install/custom_msgs/include/custom_msgs/custom_msgs/msg/detail/map_data__rosidl_typesupport_introspection_cpp.hpp
[0.221s] -- Up-to-date: /home/zxcx/new_naw/install/custom_msgs/include/custom_msgs/custom_msgs/msg/detail/result__rosidl_typesupport_introspection_cpp.hpp
[0.221s] -- Up-to-date: /home/zxcx/new_naw/install/custom_msgs/include/custom_msgs/custom_msgs/msg/detail/result__type_support.cpp
[0.221s] -- Up-to-date: /home/zxcx/new_naw/install/custom_msgs/include/custom_msgs/custom_msgs/msg/detail/vehicle_state__type_support.cpp
[0.221s] -- Up-to-date: /home/zxcx/new_naw/install/custom_msgs/lib/libcustom_msgs__rosidl_typesupport_introspection_cpp.so
[0.221s] -- Up-to-date: /home/zxcx/new_naw/install/custom_msgs/lib/libcustom_msgs__rosidl_typesupport_cpp.so
[0.221s] -- Up-to-date: /home/zxcx/new_naw/install/custom_msgs/share/custom_msgs/environment/pythonpath.sh
[0.221s] -- Up-to-date: /home/zxcx/new_naw/install/custom_msgs/share/custom_msgs/environment/pythonpath.dsv
[0.221s] -- Up-to-date: /home/zxcx/new_naw/install/custom_msgs/local/lib/python3.10/dist-packages/custom_msgs-0.0.0-py3.10.egg-info
[0.221s] -- Installing: /home/zxcx/new_naw/install/custom_msgs/local/lib/python3.10/dist-packages/custom_msgs-0.0.0-py3.10.egg-info/SOURCES.txt
[0.222s] -- Installing: /home/zxcx/new_naw/install/custom_msgs/local/lib/python3.10/dist-packages/custom_msgs-0.0.0-py3.10.egg-info/dependency_links.txt
[0.222s] -- Installing: /home/zxcx/new_naw/install/custom_msgs/local/lib/python3.10/dist-packages/custom_msgs-0.0.0-py3.10.egg-info/top_level.txt
[0.222s] -- Installing: /home/zxcx/new_naw/install/custom_msgs/local/lib/python3.10/dist-packages/custom_msgs-0.0.0-py3.10.egg-info/PKG-INFO
[0.222s] -- Up-to-date: /home/zxcx/new_naw/install/custom_msgs/local/lib/python3.10/dist-packages/custom_msgs
[0.222s] -- Up-to-date: /home/zxcx/new_naw/install/custom_msgs/local/lib/python3.10/dist-packages/custom_msgs/__init__.py
[0.222s] -- Up-to-date: /home/zxcx/new_naw/install/custom_msgs/local/lib/python3.10/dist-packages/custom_msgs/custom_msgs_s__rosidl_typesupport_c.cpython-310-x86_64-linux-gnu.so
[0.222s] -- Up-to-date: /home/zxcx/new_naw/install/custom_msgs/local/lib/python3.10/dist-packages/custom_msgs/_custom_msgs_s.ep.rosidl_typesupport_c.c
[0.222s] -- Up-to-date: /home/zxcx/new_naw/install/custom_msgs/local/lib/python3.10/dist-packages/custom_msgs/custom_msgs_s__rosidl_typesupport_fastrtps_c.cpython-310-x86_64-linux-gnu.so
[0.222s] -- Up-to-date: /home/zxcx/new_naw/install/custom_msgs/local/lib/python3.10/dist-packages/custom_msgs/libcustom_msgs__rosidl_generator_py.so
[0.222s] -- Up-to-date: /home/zxcx/new_naw/install/custom_msgs/local/lib/python3.10/dist-packages/custom_msgs/_custom_msgs_s.ep.rosidl_typesupport_introspection_c.c
[0.222s] -- Up-to-date: /home/zxcx/new_naw/install/custom_msgs/local/lib/python3.10/dist-packages/custom_msgs/msg
[0.222s] -- Up-to-date: /home/zxcx/new_naw/install/custom_msgs/local/lib/python3.10/dist-packages/custom_msgs/msg/_vehicle_state_s.c
[0.222s] -- Up-to-date: /home/zxcx/new_naw/install/custom_msgs/local/lib/python3.10/dist-packages/custom_msgs/msg/_result_s.c
[0.222s] -- Up-to-date: /home/zxcx/new_naw/install/custom_msgs/local/lib/python3.10/dist-packages/custom_msgs/msg/__init__.py
[0.222s] -- Up-to-date: /home/zxcx/new_naw/install/custom_msgs/local/lib/python3.10/dist-packages/custom_msgs/msg/_map_data.py
[0.222s] -- Up-to-date: /home/zxcx/new_naw/install/custom_msgs/local/lib/python3.10/dist-packages/custom_msgs/msg/_map_data_s.c
[0.222s] -- Up-to-date: /home/zxcx/new_naw/install/custom_msgs/local/lib/python3.10/dist-packages/custom_msgs/msg/_goal_s.c
[0.222s] -- Up-to-date: /home/zxcx/new_naw/install/custom_msgs/local/lib/python3.10/dist-packages/custom_msgs/msg/_vehicle_state.py
[0.222s] -- Up-to-date: /home/zxcx/new_naw/install/custom_msgs/local/lib/python3.10/dist-packages/custom_msgs/msg/_chassis_info_s.c
[0.222s] -- Up-to-date: /home/zxcx/new_naw/install/custom_msgs/local/lib/python3.10/dist-packages/custom_msgs/msg/_goal.py
[0.222s] -- Up-to-date: /home/zxcx/new_naw/install/custom_msgs/local/lib/python3.10/dist-packages/custom_msgs/msg/_chassis_info.py
[0.222s] -- Up-to-date: /home/zxcx/new_naw/install/custom_msgs/local/lib/python3.10/dist-packages/custom_msgs/msg/_result.py
[0.222s] -- Up-to-date: /home/zxcx/new_naw/install/custom_msgs/local/lib/python3.10/dist-packages/custom_msgs/custom_msgs_s__rosidl_typesupport_introspection_c.cpython-310-x86_64-linux-gnu.so
[0.222s] -- Up-to-date: /home/zxcx/new_naw/install/custom_msgs/local/lib/python3.10/dist-packages/custom_msgs/_custom_msgs_s.ep.rosidl_typesupport_fastrtps_c.c
[0.237s] Listing '/home/zxcx/new_naw/install/custom_msgs/local/lib/python3.10/dist-packages/custom_msgs'...
[0.237s] Listing '/home/zxcx/new_naw/install/custom_msgs/local/lib/python3.10/dist-packages/custom_msgs/msg'...
[0.240s] -- Up-to-date: /home/zxcx/new_naw/install/custom_msgs/local/lib/python3.10/dist-packages/custom_msgs/custom_msgs_s__rosidl_typesupport_fastrtps_c.cpython-310-x86_64-linux-gnu.so
[0.240s] -- Up-to-date: /home/zxcx/new_naw/install/custom_msgs/local/lib/python3.10/dist-packages/custom_msgs/custom_msgs_s__rosidl_typesupport_introspection_c.cpython-310-x86_64-linux-gnu.so
[0.240s] -- Up-to-date: /home/zxcx/new_naw/install/custom_msgs/local/lib/python3.10/dist-packages/custom_msgs/custom_msgs_s__rosidl_typesupport_c.cpython-310-x86_64-linux-gnu.so
[0.241s] -- Up-to-date: /home/zxcx/new_naw/install/custom_msgs/lib/libcustom_msgs__rosidl_generator_py.so
[0.241s] -- Up-to-date: /home/zxcx/new_naw/install/custom_msgs/share/ament_index/resource_index/rust_packages/custom_msgs
[0.241s] -- Up-to-date: /home/zxcx/new_naw/install/custom_msgs/share/custom_msgs/rust
[0.241s] -- Up-to-date: /home/zxcx/new_naw/install/custom_msgs/share/custom_msgs/rust/src
[0.241s] -- Up-to-date: /home/zxcx/new_naw/install/custom_msgs/share/custom_msgs/rust/src/lib.rs
[0.241s] -- Up-to-date: /home/zxcx/new_naw/install/custom_msgs/share/custom_msgs/rust/src/msg
[0.241s] -- Up-to-date: /home/zxcx/new_naw/install/custom_msgs/share/custom_msgs/rust/src/msg/rmw.rs
[0.241s] -- Up-to-date: /home/zxcx/new_naw/install/custom_msgs/share/custom_msgs/rust/src/msg.rs
[0.241s] -- Up-to-date: /home/zxcx/new_naw/install/custom_msgs/share/custom_msgs/rust/build.rs
[0.241s] -- Up-to-date: /home/zxcx/new_naw/install/custom_msgs/share/custom_msgs/rust/Cargo.toml
[0.241s] -- Up-to-date: /home/zxcx/new_naw/install/custom_msgs/share/custom_msgs/msg/MapData.idl
[0.241s] -- Up-to-date: /home/zxcx/new_naw/install/custom_msgs/share/custom_msgs/msg/VehicleState.idl
[0.241s] -- Up-to-date: /home/zxcx/new_naw/install/custom_msgs/share/custom_msgs/msg/Goal.idl
[0.241s] -- Up-to-date: /home/zxcx/new_naw/install/custom_msgs/share/custom_msgs/msg/Result.idl
[0.242s] -- Up-to-date: /home/zxcx/new_naw/install/custom_msgs/share/custom_msgs/msg/ChassisInfo.idl
[0.242s] -- Up-to-date: /home/zxcx/new_naw/install/custom_msgs/share/custom_msgs/msg/MapData.msg
[0.242s] -- Up-to-date: /home/zxcx/new_naw/install/custom_msgs/share/custom_msgs/msg/VehicleState.msg
[0.242s] -- Up-to-date: /home/zxcx/new_naw/install/custom_msgs/share/custom_msgs/msg/Goal.msg
[0.242s] -- Up-to-date: /home/zxcx/new_naw/install/custom_msgs/share/custom_msgs/msg/Result.msg
[0.242s] -- Up-to-date: /home/zxcx/new_naw/install/custom_msgs/share/custom_msgs/msg/ChassisInfo.msg
[0.242s] -- Up-to-date: /home/zxcx/new_naw/install/custom_msgs/share/ament_index/resource_index/package_run_dependencies/custom_msgs
[0.242s] -- Up-to-date: /home/zxcx/new_naw/install/custom_msgs/share/ament_index/resource_index/parent_prefix_path/custom_msgs
[0.242s] -- Up-to-date: /home/zxcx/new_naw/install/custom_msgs/share/custom_msgs/environment/ament_prefix_path.sh
[0.242s] -- Up-to-date: /home/zxcx/new_naw/install/custom_msgs/share/custom_msgs/environment/ament_prefix_path.dsv
[0.242s] -- Up-to-date: /home/zxcx/new_naw/install/custom_msgs/share/custom_msgs/environment/path.sh
[0.242s] -- Up-to-date: /home/zxcx/new_naw/install/custom_msgs/share/custom_msgs/environment/path.dsv
[0.242s] -- Up-to-date: /home/zxcx/new_naw/install/custom_msgs/share/custom_msgs/local_setup.bash
[0.242s] -- Up-to-date: /home/zxcx/new_naw/install/custom_msgs/share/custom_msgs/local_setup.sh
[0.242s] -- Up-to-date: /home/zxcx/new_naw/install/custom_msgs/share/custom_msgs/local_setup.zsh
[0.242s] -- Up-to-date: /home/zxcx/new_naw/install/custom_msgs/share/custom_msgs/local_setup.dsv
[0.242s] -- Installing: /home/zxcx/new_naw/install/custom_msgs/share/custom_msgs/package.dsv
[0.243s] -- Up-to-date: /home/zxcx/new_naw/install/custom_msgs/share/ament_index/resource_index/packages/custom_msgs
[0.243s] -- Up-to-date: /home/zxcx/new_naw/install/custom_msgs/share/custom_msgs/cmake/export_custom_msgs__rosidl_generator_cExport.cmake
[0.243s] -- Up-to-date: /home/zxcx/new_naw/install/custom_msgs/share/custom_msgs/cmake/export_custom_msgs__rosidl_generator_cExport-release.cmake
[0.243s] -- Up-to-date: /home/zxcx/new_naw/install/custom_msgs/share/custom_msgs/cmake/export_custom_msgs__rosidl_typesupport_fastrtps_cExport.cmake
[0.243s] -- Up-to-date: /home/zxcx/new_naw/install/custom_msgs/share/custom_msgs/cmake/export_custom_msgs__rosidl_typesupport_fastrtps_cExport-release.cmake
[0.243s] -- Up-to-date: /home/zxcx/new_naw/install/custom_msgs/share/custom_msgs/cmake/custom_msgs__rosidl_typesupport_introspection_cExport.cmake
[0.243s] -- Up-to-date: /home/zxcx/new_naw/install/custom_msgs/share/custom_msgs/cmake/custom_msgs__rosidl_typesupport_introspection_cExport-release.cmake
[0.243s] -- Up-to-date: /home/zxcx/new_naw/install/custom_msgs/share/custom_msgs/cmake/custom_msgs__rosidl_typesupport_cExport.cmake
[0.243s] -- Up-to-date: /home/zxcx/new_naw/install/custom_msgs/share/custom_msgs/cmake/custom_msgs__rosidl_typesupport_cExport-release.cmake
[0.243s] -- Up-to-date: /home/zxcx/new_naw/install/custom_msgs/share/custom_msgs/cmake/export_custom_msgs__rosidl_generator_cppExport.cmake
[0.243s] -- Up-to-date: /home/zxcx/new_naw/install/custom_msgs/share/custom_msgs/cmake/export_custom_msgs__rosidl_typesupport_fastrtps_cppExport.cmake
[0.243s] -- Up-to-date: /home/zxcx/new_naw/install/custom_msgs/share/custom_msgs/cmake/export_custom_msgs__rosidl_typesupport_fastrtps_cppExport-release.cmake
[0.243s] -- Up-to-date: /home/zxcx/new_naw/install/custom_msgs/share/custom_msgs/cmake/custom_msgs__rosidl_typesupport_introspection_cppExport.cmake
[0.244s] -- Up-to-date: /home/zxcx/new_naw/install/custom_msgs/share/custom_msgs/cmake/custom_msgs__rosidl_typesupport_introspection_cppExport-release.cmake
[0.244s] -- Up-to-date: /home/zxcx/new_naw/install/custom_msgs/share/custom_msgs/cmake/custom_msgs__rosidl_typesupport_cppExport.cmake
[0.244s] -- Up-to-date: /home/zxcx/new_naw/install/custom_msgs/share/custom_msgs/cmake/custom_msgs__rosidl_typesupport_cppExport-release.cmake
[0.244s] -- Up-to-date: /home/zxcx/new_naw/install/custom_msgs/share/custom_msgs/cmake/export_custom_msgs__rosidl_generator_pyExport.cmake
[0.245s] -- Up-to-date: /home/zxcx/new_naw/install/custom_msgs/share/custom_msgs/cmake/export_custom_msgs__rosidl_generator_pyExport-release.cmake
[0.245s] -- Up-to-date: /home/zxcx/new_naw/install/custom_msgs/share/custom_msgs/cmake/rosidl_cmake-extras.cmake
[0.245s] -- Up-to-date: /home/zxcx/new_naw/install/custom_msgs/share/custom_msgs/cmake/ament_cmake_export_dependencies-extras.cmake
[0.245s] -- Up-to-date: /home/zxcx/new_naw/install/custom_msgs/share/custom_msgs/cmake/ament_cmake_export_include_directories-extras.cmake
[0.245s] -- Up-to-date: /home/zxcx/new_naw/install/custom_msgs/share/custom_msgs/cmake/ament_cmake_export_libraries-extras.cmake
[0.245s] -- Up-to-date: /home/zxcx/new_naw/install/custom_msgs/share/custom_msgs/cmake/ament_cmake_export_targets-extras.cmake
[0.245s] -- Up-to-date: /home/zxcx/new_naw/install/custom_msgs/share/custom_msgs/cmake/rosidl_cmake_export_typesupport_targets-extras.cmake
[0.246s] -- Up-to-date: /home/zxcx/new_naw/install/custom_msgs/share/custom_msgs/cmake/rosidl_cmake_export_typesupport_libraries-extras.cmake
[0.246s] -- Up-to-date: /home/zxcx/new_naw/install/custom_msgs/share/custom_msgs/cmake/custom_msgsConfig.cmake
[0.246s] -- Up-to-date: /home/zxcx/new_naw/install/custom_msgs/share/custom_msgs/cmake/custom_msgsConfig-version.cmake
[0.246s] -- Up-to-date: /home/zxcx/new_naw/install/custom_msgs/share/custom_msgs/package.xml
[0.247s] Invoked command in '/home/zxcx/new_naw/build/custom_msgs' returned '0': CMAKE_PREFIX_PATH=${CMAKE_PREFIX_PATH}:/opt/ros/humble /usr/bin/cmake --install /home/zxcx/new_naw/build/custom_msgs
