[0.009s] Invoking command in '/home/zxcx/new_naw/build/custom_msgs': CMAKE_PREFIX_PATH=${CMAKE_PREFIX_PATH}:/opt/ros/humble /usr/bin/cmake /home/zxcx/new_naw/custom_msgs -DCMAKE_BUILD_TYPE=Release -DCMAKE_INSTALL_PREFIX=/home/zxcx/new_naw/install/custom_msgs
[0.043s] -- The C compiler identification is GNU 11.4.0
[0.077s] -- The CXX compiler identification is GNU 11.4.0
[0.081s] -- Detecting C compiler ABI info
[0.127s] -- Detecting C compiler ABI info - done
[0.131s] -- Check for working C compiler: /usr/bin/cc - skipped
[0.131s] -- Detecting C compile features
[0.132s] -- Detecting C compile features - done
[0.133s] -- Detecting CXX compiler ABI info
[0.185s] -- Detecting CXX compiler ABI info - done
[0.189s] -- Check for working CXX compiler: /usr/bin/c++ - skipped
[0.189s] -- Detecting CXX compile features
[0.189s] -- Detecting CXX compile features - done
[0.191s] -- Found ament_cmake: 1.3.14 (/opt/ros/humble/share/ament_cmake/cmake)
[0.275s] -- Found Python3: /usr/bin/python3 (found version "3.10.12") found components: Interpreter 
[0.321s] -- Found rosidl_default_generators: 1.2.1 (/opt/ros/humble/share/rosidl_default_generators/cmake)
[0.323s] -- Using all available rosidl_typesupport_c: rosidl_typesupport_fastrtps_c;rosidl_typesupport_introspection_c
[0.326s] -- Found rosidl_adapter: 3.1.8 (/opt/ros/humble/share/rosidl_adapter/cmake)
[0.348s] -- Using all available rosidl_typesupport_cpp: rosidl_typesupport_fastrtps_cpp;rosidl_typesupport_introspection_cpp
[0.367s] -- Found std_msgs: 4.9.1 (/opt/ros/humble/share/std_msgs/cmake)
[0.538s] -- Found ament_cmake_ros: 0.10.0 (/opt/ros/humble/share/ament_cmake_ros/cmake)
[0.657s] -- Using all available rosidl_typesupport_c: rosidl_typesupport_fastrtps_c;rosidl_typesupport_introspection_c
[0.818s] -- Using all available rosidl_typesupport_cpp: rosidl_typesupport_fastrtps_cpp;rosidl_typesupport_introspection_cpp
[0.830s] -- Found PythonInterp: /usr/bin/python3 (found suitable version "3.10.12", minimum required is "3.6") 
[0.831s] -- Found python_cmake_module: 0.10.0 (/opt/ros/humble/share/python_cmake_module/cmake)
[0.845s] -- Found PythonLibs: /usr/lib/x86_64-linux-gnu/libpython3.10.so (found suitable version "3.10.12", minimum required is "3.5") 
[0.845s] -- Using PYTHON_EXECUTABLE: /usr/bin/python3
[0.845s] -- Using PYTHON_INCLUDE_DIRS: /usr/include/python3.10
[0.845s] -- Using PYTHON_LIBRARIES: /usr/lib/x86_64-linux-gnu/libpython3.10.so
[0.859s] -- Found PythonExtra: .so  
[0.929s] -- Configuring done
[0.953s] -- Generating done
[0.959s] -- Build files have been written to: /home/zxcx/new_naw/build/custom_msgs
[0.965s] Invoked command in '/home/zxcx/new_naw/build/custom_msgs' returned '0': CMAKE_PREFIX_PATH=${CMAKE_PREFIX_PATH}:/opt/ros/humble /usr/bin/cmake /home/zxcx/new_naw/custom_msgs -DCMAKE_BUILD_TYPE=Release -DCMAKE_INSTALL_PREFIX=/home/zxcx/new_naw/install/custom_msgs
[0.966s] Invoking command in '/home/zxcx/new_naw/build/custom_msgs': CMAKE_PREFIX_PATH=${CMAKE_PREFIX_PATH}:/opt/ros/humble /usr/bin/cmake --build /home/zxcx/new_naw/build/custom_msgs -- -j32 -l32
[0.992s] [  1%] [34m[1mGenerating C code for ROS interfaces[0m
[0.999s] [  3%] [34m[1mGenerating C++ code for ROS interfaces[0m
[1.000s] [  4%] [34m[1mGenerating Rust code for ROS interfaces[0m
[1.004s] [  4%] Built target ament_cmake_python_copy_custom_msgs
[1.121s] running egg_info
[1.122s] creating custom_msgs.egg-info
[1.122s] writing custom_msgs.egg-info/PKG-INFO
[1.122s] writing dependency_links to custom_msgs.egg-info/dependency_links.txt
[1.122s] writing top-level names to custom_msgs.egg-info/top_level.txt
[1.122s] writing manifest file 'custom_msgs.egg-info/SOURCES.txt'
[1.123s] reading manifest file 'custom_msgs.egg-info/SOURCES.txt'
[1.123s] writing manifest file 'custom_msgs.egg-info/SOURCES.txt'
[1.140s] [  4%] Built target ament_cmake_python_build_custom_msgs_egg
[1.197s] [  4%] Built target custom_msgs__rs
[1.263s] [  6%] [32mBuilding C object CMakeFiles/custom_msgs__rosidl_generator_c.dir/rosidl_generator_c/custom_msgs/msg/detail/map_data__functions.c.o[0m
[1.263s] [  7%] [32mBuilding C object CMakeFiles/custom_msgs__rosidl_generator_c.dir/rosidl_generator_c/custom_msgs/msg/detail/vehicle_state__functions.c.o[0m
[1.263s] [  9%] [32mBuilding C object CMakeFiles/custom_msgs__rosidl_generator_c.dir/rosidl_generator_c/custom_msgs/msg/detail/result__functions.c.o[0m
[1.263s] [ 10%] [32mBuilding C object CMakeFiles/custom_msgs__rosidl_generator_c.dir/rosidl_generator_c/custom_msgs/msg/detail/goal__functions.c.o[0m
[1.264s] [ 12%] [32mBuilding C object CMakeFiles/custom_msgs__rosidl_generator_c.dir/rosidl_generator_c/custom_msgs/msg/detail/chassis_info__functions.c.o[0m
[1.269s] [ 12%] Built target custom_msgs__cpp
[1.276s] [ 14%] [34m[1mGenerating C++ introspection for ROS interfaces[0m
[1.276s] [ 15%] [34m[1mGenerating C++ type support dispatch for ROS interfaces[0m
[1.276s] [ 17%] [34m[1mGenerating C++ type support for eProsima Fast-RTPS[0m
[1.318s] [ 18%] [32m[1mLinking C shared library libcustom_msgs__rosidl_generator_c.so[0m
[1.348s] [ 18%] Built target custom_msgs__rosidl_generator_c
[1.357s] [ 21%] [34m[1mGenerating C introspection for ROS interfaces[0m
[1.357s] [ 21%] [34m[1mGenerating C type support dispatch for ROS interfaces[0m
[1.357s] [ 23%] [34m[1mGenerating C type support for eProsima Fast-RTPS[0m
[1.493s] [ 26%] [32mBuilding CXX object CMakeFiles/custom_msgs__rosidl_typesupport_cpp.dir/rosidl_typesupport_cpp/custom_msgs/msg/map_data__type_support.cpp.o[0m
[1.493s] [ 26%] [32mBuilding CXX object CMakeFiles/custom_msgs__rosidl_typesupport_cpp.dir/rosidl_typesupport_cpp/custom_msgs/msg/vehicle_state__type_support.cpp.o[0m
[1.493s] [ 28%] [32mBuilding CXX object CMakeFiles/custom_msgs__rosidl_typesupport_cpp.dir/rosidl_typesupport_cpp/custom_msgs/msg/goal__type_support.cpp.o[0m
[1.494s] [ 29%] [32mBuilding CXX object CMakeFiles/custom_msgs__rosidl_typesupport_cpp.dir/rosidl_typesupport_cpp/custom_msgs/msg/chassis_info__type_support.cpp.o[0m
[1.494s] [ 31%] [32mBuilding CXX object CMakeFiles/custom_msgs__rosidl_typesupport_cpp.dir/rosidl_typesupport_cpp/custom_msgs/msg/result__type_support.cpp.o[0m
[1.515s] [ 34%] [32mBuilding CXX object CMakeFiles/custom_msgs__rosidl_typesupport_introspection_cpp.dir/rosidl_typesupport_introspection_cpp/custom_msgs/msg/detail/vehicle_state__type_support.cpp.o[0m
[1.515s] [ 34%] [32mBuilding CXX object CMakeFiles/custom_msgs__rosidl_typesupport_introspection_cpp.dir/rosidl_typesupport_introspection_cpp/custom_msgs/msg/detail/map_data__type_support.cpp.o[0m
[1.515s] [ 35%] [32mBuilding CXX object CMakeFiles/custom_msgs__rosidl_typesupport_introspection_cpp.dir/rosidl_typesupport_introspection_cpp/custom_msgs/msg/detail/goal__type_support.cpp.o[0m
[1.516s] [ 39%] [32mBuilding CXX object CMakeFiles/custom_msgs__rosidl_typesupport_introspection_cpp.dir/rosidl_typesupport_introspection_cpp/custom_msgs/msg/detail/result__type_support.cpp.o[0m
[1.516s] [ 39%] [32mBuilding CXX object CMakeFiles/custom_msgs__rosidl_typesupport_introspection_cpp.dir/rosidl_typesupport_introspection_cpp/custom_msgs/msg/detail/chassis_info__type_support.cpp.o[0m
[1.539s] [ 40%] [32mBuilding CXX object CMakeFiles/custom_msgs__rosidl_typesupport_fastrtps_cpp.dir/rosidl_typesupport_fastrtps_cpp/custom_msgs/msg/detail/dds_fastrtps/map_data__type_support.cpp.o[0m
[1.540s] [ 45%] [32mBuilding CXX object CMakeFiles/custom_msgs__rosidl_typesupport_fastrtps_cpp.dir/rosidl_typesupport_fastrtps_cpp/custom_msgs/msg/detail/dds_fastrtps/vehicle_state__type_support.cpp.o[0m
[1.540s] [ 45%] [32mBuilding CXX object CMakeFiles/custom_msgs__rosidl_typesupport_fastrtps_cpp.dir/rosidl_typesupport_fastrtps_cpp/custom_msgs/msg/detail/dds_fastrtps/chassis_info__type_support.cpp.o[0m
[1.540s] [ 45%] [32mBuilding CXX object CMakeFiles/custom_msgs__rosidl_typesupport_fastrtps_cpp.dir/rosidl_typesupport_fastrtps_cpp/custom_msgs/msg/detail/dds_fastrtps/goal__type_support.cpp.o[0m
[1.541s] [ 46%] [32mBuilding CXX object CMakeFiles/custom_msgs__rosidl_typesupport_fastrtps_cpp.dir/rosidl_typesupport_fastrtps_cpp/custom_msgs/msg/detail/dds_fastrtps/result__type_support.cpp.o[0m
[1.573s] [ 48%] [32mBuilding CXX object CMakeFiles/custom_msgs__rosidl_typesupport_c.dir/rosidl_typesupport_c/custom_msgs/msg/chassis_info__type_support.cpp.o[0m
[1.574s] [ 50%] [32mBuilding CXX object CMakeFiles/custom_msgs__rosidl_typesupport_c.dir/rosidl_typesupport_c/custom_msgs/msg/goal__type_support.cpp.o[0m
[1.574s] [ 53%] [32mBuilding CXX object CMakeFiles/custom_msgs__rosidl_typesupport_c.dir/rosidl_typesupport_c/custom_msgs/msg/map_data__type_support.cpp.o[0m
[1.574s] [ 53%] [32mBuilding CXX object CMakeFiles/custom_msgs__rosidl_typesupport_c.dir/rosidl_typesupport_c/custom_msgs/msg/vehicle_state__type_support.cpp.o[0m
[1.575s] [ 54%] [32mBuilding CXX object CMakeFiles/custom_msgs__rosidl_typesupport_c.dir/rosidl_typesupport_c/custom_msgs/msg/result__type_support.cpp.o[0m
[1.607s] [ 56%] [32m[1mLinking CXX shared library libcustom_msgs__rosidl_typesupport_c.so[0m
[1.624s] [ 57%] [32mBuilding C object CMakeFiles/custom_msgs__rosidl_typesupport_introspection_c.dir/rosidl_typesupport_introspection_c/custom_msgs/msg/detail/goal__type_support.c.o[0m
[1.625s] [ 59%] [32mBuilding C object CMakeFiles/custom_msgs__rosidl_typesupport_introspection_c.dir/rosidl_typesupport_introspection_c/custom_msgs/msg/detail/map_data__type_support.c.o[0m
[1.625s] [ 60%] [32mBuilding C object CMakeFiles/custom_msgs__rosidl_typesupport_introspection_c.dir/rosidl_typesupport_introspection_c/custom_msgs/msg/detail/vehicle_state__type_support.c.o[0m
[1.626s] [ 62%] [32mBuilding C object CMakeFiles/custom_msgs__rosidl_typesupport_introspection_c.dir/rosidl_typesupport_introspection_c/custom_msgs/msg/detail/chassis_info__type_support.c.o[0m
[1.626s] [ 64%] [32mBuilding C object CMakeFiles/custom_msgs__rosidl_typesupport_introspection_c.dir/rosidl_typesupport_introspection_c/custom_msgs/msg/detail/result__type_support.c.o[0m
[1.641s] [ 65%] [32mBuilding CXX object CMakeFiles/custom_msgs__rosidl_typesupport_fastrtps_c.dir/rosidl_typesupport_fastrtps_c/custom_msgs/msg/detail/map_data__type_support_c.cpp.o[0m
[1.642s] [ 70%] [32mBuilding CXX object CMakeFiles/custom_msgs__rosidl_typesupport_fastrtps_c.dir/rosidl_typesupport_fastrtps_c/custom_msgs/msg/detail/vehicle_state__type_support_c.cpp.o[0m
[1.642s] [ 70%] [32mBuilding CXX object CMakeFiles/custom_msgs__rosidl_typesupport_fastrtps_c.dir/rosidl_typesupport_fastrtps_c/custom_msgs/msg/detail/chassis_info__type_support_c.cpp.o[0m
[1.642s] [ 70%] [32mBuilding CXX object CMakeFiles/custom_msgs__rosidl_typesupport_fastrtps_c.dir/rosidl_typesupport_fastrtps_c/custom_msgs/msg/detail/goal__type_support_c.cpp.o[0m
[1.644s] [ 71%] [32mBuilding CXX object CMakeFiles/custom_msgs__rosidl_typesupport_fastrtps_c.dir/rosidl_typesupport_fastrtps_c/custom_msgs/msg/detail/result__type_support_c.cpp.o[0m
[1.654s] [ 71%] Built target custom_msgs__rosidl_typesupport_c
[1.675s] [ 73%] [32m[1mLinking C shared library libcustom_msgs__rosidl_typesupport_introspection_c.so[0m
[1.703s] [ 73%] Built target custom_msgs__rosidl_typesupport_introspection_c
[1.734s] [ 75%] [32m[1mLinking CXX shared library libcustom_msgs__rosidl_typesupport_cpp.so[0m
[1.771s] [ 75%] Built target custom_msgs__rosidl_typesupport_cpp
[1.828s] [ 76%] [32m[1mLinking CXX shared library libcustom_msgs__rosidl_typesupport_introspection_cpp.so[0m
[1.850s] [ 78%] [32m[1mLinking CXX shared library libcustom_msgs__rosidl_typesupport_fastrtps_cpp.so[0m
[1.878s] [ 79%] [32m[1mLinking CXX shared library libcustom_msgs__rosidl_typesupport_fastrtps_c.so[0m
[1.880s] [ 79%] Built target custom_msgs__rosidl_typesupport_introspection_cpp
[1.897s] [ 79%] Built target custom_msgs__rosidl_typesupport_fastrtps_cpp
[1.928s] [ 79%] Built target custom_msgs__rosidl_typesupport_fastrtps_c
[1.941s] [ 79%] Built target custom_msgs
[1.955s] [ 81%] [34m[1mGenerating Python code for ROS interfaces[0m
[2.356s] [ 81%] Built target custom_msgs__py
[2.370s] [ 82%] [32mBuilding C object CMakeFiles/custom_msgs__rosidl_generator_py.dir/rosidl_generator_py/custom_msgs/msg/_vehicle_state_s.c.o[0m
[2.371s] [ 85%] [32mBuilding C object CMakeFiles/custom_msgs__rosidl_generator_py.dir/rosidl_generator_py/custom_msgs/msg/_goal_s.c.o[0m
[2.371s] [ 85%] [32mBuilding C object CMakeFiles/custom_msgs__rosidl_generator_py.dir/rosidl_generator_py/custom_msgs/msg/_map_data_s.c.o[0m
[2.371s] [ 87%] [32mBuilding C object CMakeFiles/custom_msgs__rosidl_generator_py.dir/rosidl_generator_py/custom_msgs/msg/_result_s.c.o[0m
[2.371s] [ 89%] [32mBuilding C object CMakeFiles/custom_msgs__rosidl_generator_py.dir/rosidl_generator_py/custom_msgs/msg/_chassis_info_s.c.o[0m
[2.474s] [ 90%] [32m[1mLinking C shared library rosidl_generator_py/custom_msgs/libcustom_msgs__rosidl_generator_py.so[0m
[2.501s] [ 90%] Built target custom_msgs__rosidl_generator_py
[2.516s] [ 93%] [32mBuilding C object CMakeFiles/custom_msgs__rosidl_typesupport_fastrtps_c__pyext.dir/rosidl_generator_py/custom_msgs/_custom_msgs_s.ep.rosidl_typesupport_fastrtps_c.c.o[0m
[2.516s] [ 93%] [32mBuilding C object CMakeFiles/custom_msgs__rosidl_typesupport_introspection_c__pyext.dir/rosidl_generator_py/custom_msgs/_custom_msgs_s.ep.rosidl_typesupport_introspection_c.c.o[0m
[2.517s] [ 95%] [32mBuilding C object CMakeFiles/custom_msgs__rosidl_typesupport_c__pyext.dir/rosidl_generator_py/custom_msgs/_custom_msgs_s.ep.rosidl_typesupport_c.c.o[0m
[2.607s] [ 96%] [32m[1mLinking C shared library rosidl_generator_py/custom_msgs/custom_msgs_s__rosidl_typesupport_c.cpython-310-x86_64-linux-gnu.so[0m
[2.609s] [ 98%] [32m[1mLinking C shared library rosidl_generator_py/custom_msgs/custom_msgs_s__rosidl_typesupport_fastrtps_c.cpython-310-x86_64-linux-gnu.so[0m
[2.612s] [100%] [32m[1mLinking C shared library rosidl_generator_py/custom_msgs/custom_msgs_s__rosidl_typesupport_introspection_c.cpython-310-x86_64-linux-gnu.so[0m
[2.634s] [100%] Built target custom_msgs__rosidl_typesupport_c__pyext
[2.635s] [100%] Built target custom_msgs__rosidl_typesupport_fastrtps_c__pyext
[2.639s] [100%] Built target custom_msgs__rosidl_typesupport_introspection_c__pyext
[2.648s] Invoked command in '/home/zxcx/new_naw/build/custom_msgs' returned '0': CMAKE_PREFIX_PATH=${CMAKE_PREFIX_PATH}:/opt/ros/humble /usr/bin/cmake --build /home/zxcx/new_naw/build/custom_msgs -- -j32 -l32
[2.649s] Invoking command in '/home/zxcx/new_naw/build/custom_msgs': CMAKE_PREFIX_PATH=${CMAKE_PREFIX_PATH}:/opt/ros/humble /usr/bin/cmake --install /home/zxcx/new_naw/build/custom_msgs
[2.654s] -- Install configuration: "Release"
[2.654s] -- Installing: /home/zxcx/new_naw/install/custom_msgs/share/ament_index/resource_index/rosidl_interfaces/custom_msgs
[2.654s] -- Installing: /home/zxcx/new_naw/install/custom_msgs/include/custom_msgs/custom_msgs
[2.655s] -- Installing: /home/zxcx/new_naw/install/custom_msgs/include/custom_msgs/custom_msgs/msg
[2.655s] -- Installing: /home/zxcx/new_naw/install/custom_msgs/include/custom_msgs/custom_msgs/msg/vehicle_state.h
[2.655s] -- Installing: /home/zxcx/new_naw/install/custom_msgs/include/custom_msgs/custom_msgs/msg/map_data.h
[2.655s] -- Installing: /home/zxcx/new_naw/install/custom_msgs/include/custom_msgs/custom_msgs/msg/result.h
[2.655s] -- Installing: /home/zxcx/new_naw/install/custom_msgs/include/custom_msgs/custom_msgs/msg/goal.h
[2.655s] -- Installing: /home/zxcx/new_naw/install/custom_msgs/include/custom_msgs/custom_msgs/msg/chassis_info.h
[2.655s] -- Installing: /home/zxcx/new_naw/install/custom_msgs/include/custom_msgs/custom_msgs/msg/rosidl_generator_c__visibility_control.h
[2.655s] -- Installing: /home/zxcx/new_naw/install/custom_msgs/include/custom_msgs/custom_msgs/msg/detail
[2.655s] -- Installing: /home/zxcx/new_naw/install/custom_msgs/include/custom_msgs/custom_msgs/msg/detail/chassis_info__functions.c
[2.655s] -- Installing: /home/zxcx/new_naw/install/custom_msgs/include/custom_msgs/custom_msgs/msg/detail/vehicle_state__type_support.h
[2.655s] -- Installing: /home/zxcx/new_naw/install/custom_msgs/include/custom_msgs/custom_msgs/msg/detail/result__functions.c
[2.656s] -- Installing: /home/zxcx/new_naw/install/custom_msgs/include/custom_msgs/custom_msgs/msg/detail/map_data__functions.c
[2.656s] -- Installing: /home/zxcx/new_naw/install/custom_msgs/include/custom_msgs/custom_msgs/msg/detail/vehicle_state__functions.h
[2.656s] -- Installing: /home/zxcx/new_naw/install/custom_msgs/include/custom_msgs/custom_msgs/msg/detail/goal__type_support.h
[2.656s] -- Installing: /home/zxcx/new_naw/install/custom_msgs/include/custom_msgs/custom_msgs/msg/detail/goal__functions.h
[2.656s] -- Installing: /home/zxcx/new_naw/install/custom_msgs/include/custom_msgs/custom_msgs/msg/detail/result__type_support.h
[2.656s] -- Installing: /home/zxcx/new_naw/install/custom_msgs/include/custom_msgs/custom_msgs/msg/detail/map_data__functions.h
[2.656s] -- Installing: /home/zxcx/new_naw/install/custom_msgs/include/custom_msgs/custom_msgs/msg/detail/result__functions.h
[2.656s] -- Installing: /home/zxcx/new_naw/install/custom_msgs/include/custom_msgs/custom_msgs/msg/detail/map_data__type_support.h
[2.656s] -- Installing: /home/zxcx/new_naw/install/custom_msgs/include/custom_msgs/custom_msgs/msg/detail/result__struct.h
[2.656s] -- Installing: /home/zxcx/new_naw/install/custom_msgs/include/custom_msgs/custom_msgs/msg/detail/vehicle_state__functions.c
[2.657s] -- Installing: /home/zxcx/new_naw/install/custom_msgs/include/custom_msgs/custom_msgs/msg/detail/chassis_info__functions.h
[2.657s] -- Installing: /home/zxcx/new_naw/install/custom_msgs/include/custom_msgs/custom_msgs/msg/detail/chassis_info__type_support.h
[2.657s] -- Installing: /home/zxcx/new_naw/install/custom_msgs/include/custom_msgs/custom_msgs/msg/detail/vehicle_state__struct.h
[2.657s] -- Installing: /home/zxcx/new_naw/install/custom_msgs/include/custom_msgs/custom_msgs/msg/detail/chassis_info__struct.h
[2.657s] -- Installing: /home/zxcx/new_naw/install/custom_msgs/include/custom_msgs/custom_msgs/msg/detail/map_data__struct.h
[2.657s] -- Installing: /home/zxcx/new_naw/install/custom_msgs/include/custom_msgs/custom_msgs/msg/detail/goal__functions.c
[2.657s] -- Installing: /home/zxcx/new_naw/install/custom_msgs/include/custom_msgs/custom_msgs/msg/detail/goal__struct.h
[2.657s] -- Installing: /home/zxcx/new_naw/install/custom_msgs/share/custom_msgs/environment/library_path.sh
[2.658s] -- Installing: /home/zxcx/new_naw/install/custom_msgs/share/custom_msgs/environment/library_path.dsv
[2.658s] -- Installing: /home/zxcx/new_naw/install/custom_msgs/lib/libcustom_msgs__rosidl_generator_c.so
[2.658s] -- Set runtime path of "/home/zxcx/new_naw/install/custom_msgs/lib/libcustom_msgs__rosidl_generator_c.so" to ""
[2.658s] -- Up-to-date: /home/zxcx/new_naw/install/custom_msgs/include/custom_msgs/custom_msgs
[2.658s] -- Up-to-date: /home/zxcx/new_naw/install/custom_msgs/include/custom_msgs/custom_msgs/msg
[2.658s] -- Installing: /home/zxcx/new_naw/install/custom_msgs/include/custom_msgs/custom_msgs/msg/rosidl_typesupport_fastrtps_c__visibility_control.h
[2.658s] -- Up-to-date: /home/zxcx/new_naw/install/custom_msgs/include/custom_msgs/custom_msgs/msg/detail
[2.658s] -- Installing: /home/zxcx/new_naw/install/custom_msgs/include/custom_msgs/custom_msgs/msg/detail/vehicle_state__rosidl_typesupport_fastrtps_c.h
[2.658s] -- Installing: /home/zxcx/new_naw/install/custom_msgs/include/custom_msgs/custom_msgs/msg/detail/chassis_info__rosidl_typesupport_fastrtps_c.h
[2.658s] -- Installing: /home/zxcx/new_naw/install/custom_msgs/include/custom_msgs/custom_msgs/msg/detail/map_data__rosidl_typesupport_fastrtps_c.h
[2.659s] -- Installing: /home/zxcx/new_naw/install/custom_msgs/include/custom_msgs/custom_msgs/msg/detail/goal__rosidl_typesupport_fastrtps_c.h
[2.659s] -- Installing: /home/zxcx/new_naw/install/custom_msgs/include/custom_msgs/custom_msgs/msg/detail/result__rosidl_typesupport_fastrtps_c.h
[2.659s] -- Installing: /home/zxcx/new_naw/install/custom_msgs/lib/libcustom_msgs__rosidl_typesupport_fastrtps_c.so
[2.659s] -- Set runtime path of "/home/zxcx/new_naw/install/custom_msgs/lib/libcustom_msgs__rosidl_typesupport_fastrtps_c.so" to ""
[2.659s] -- Up-to-date: /home/zxcx/new_naw/install/custom_msgs/include/custom_msgs/custom_msgs
[2.659s] -- Up-to-date: /home/zxcx/new_naw/install/custom_msgs/include/custom_msgs/custom_msgs/msg
[2.659s] -- Installing: /home/zxcx/new_naw/install/custom_msgs/include/custom_msgs/custom_msgs/msg/rosidl_typesupport_introspection_c__visibility_control.h
[2.659s] -- Up-to-date: /home/zxcx/new_naw/install/custom_msgs/include/custom_msgs/custom_msgs/msg/detail
[2.659s] -- Installing: /home/zxcx/new_naw/install/custom_msgs/include/custom_msgs/custom_msgs/msg/detail/goal__type_support.c
[2.659s] -- Installing: /home/zxcx/new_naw/install/custom_msgs/include/custom_msgs/custom_msgs/msg/detail/goal__rosidl_typesupport_introspection_c.h
[2.659s] -- Installing: /home/zxcx/new_naw/install/custom_msgs/include/custom_msgs/custom_msgs/msg/detail/result__type_support.c
[2.660s] -- Installing: /home/zxcx/new_naw/install/custom_msgs/include/custom_msgs/custom_msgs/msg/detail/map_data__type_support.c
[2.660s] -- Installing: /home/zxcx/new_naw/install/custom_msgs/include/custom_msgs/custom_msgs/msg/detail/chassis_info__rosidl_typesupport_introspection_c.h
[2.660s] -- Installing: /home/zxcx/new_naw/install/custom_msgs/include/custom_msgs/custom_msgs/msg/detail/vehicle_state__rosidl_typesupport_introspection_c.h
[2.660s] -- Installing: /home/zxcx/new_naw/install/custom_msgs/include/custom_msgs/custom_msgs/msg/detail/result__rosidl_typesupport_introspection_c.h
[2.660s] -- Installing: /home/zxcx/new_naw/install/custom_msgs/include/custom_msgs/custom_msgs/msg/detail/vehicle_state__type_support.c
[2.660s] -- Installing: /home/zxcx/new_naw/install/custom_msgs/include/custom_msgs/custom_msgs/msg/detail/map_data__rosidl_typesupport_introspection_c.h
[2.660s] -- Installing: /home/zxcx/new_naw/install/custom_msgs/include/custom_msgs/custom_msgs/msg/detail/chassis_info__type_support.c
[2.660s] -- Installing: /home/zxcx/new_naw/install/custom_msgs/lib/libcustom_msgs__rosidl_typesupport_introspection_c.so
[2.661s] -- Set runtime path of "/home/zxcx/new_naw/install/custom_msgs/lib/libcustom_msgs__rosidl_typesupport_introspection_c.so" to ""
[2.661s] -- Installing: /home/zxcx/new_naw/install/custom_msgs/lib/libcustom_msgs__rosidl_typesupport_c.so
[2.661s] -- Set runtime path of "/home/zxcx/new_naw/install/custom_msgs/lib/libcustom_msgs__rosidl_typesupport_c.so" to ""
[2.661s] -- Up-to-date: /home/zxcx/new_naw/install/custom_msgs/include/custom_msgs/custom_msgs
[2.661s] -- Up-to-date: /home/zxcx/new_naw/install/custom_msgs/include/custom_msgs/custom_msgs/msg
[2.661s] -- Installing: /home/zxcx/new_naw/install/custom_msgs/include/custom_msgs/custom_msgs/msg/goal.hpp
[2.661s] -- Installing: /home/zxcx/new_naw/install/custom_msgs/include/custom_msgs/custom_msgs/msg/rosidl_generator_cpp__visibility_control.hpp
[2.661s] -- Installing: /home/zxcx/new_naw/install/custom_msgs/include/custom_msgs/custom_msgs/msg/vehicle_state.hpp
[2.661s] -- Installing: /home/zxcx/new_naw/install/custom_msgs/include/custom_msgs/custom_msgs/msg/result.hpp
[2.661s] -- Installing: /home/zxcx/new_naw/install/custom_msgs/include/custom_msgs/custom_msgs/msg/chassis_info.hpp
[2.661s] -- Up-to-date: /home/zxcx/new_naw/install/custom_msgs/include/custom_msgs/custom_msgs/msg/detail
[2.661s] -- Installing: /home/zxcx/new_naw/install/custom_msgs/include/custom_msgs/custom_msgs/msg/detail/goal__type_support.hpp
[2.662s] -- Installing: /home/zxcx/new_naw/install/custom_msgs/include/custom_msgs/custom_msgs/msg/detail/result__builder.hpp
[2.662s] -- Installing: /home/zxcx/new_naw/install/custom_msgs/include/custom_msgs/custom_msgs/msg/detail/vehicle_state__builder.hpp
[2.662s] -- Installing: /home/zxcx/new_naw/install/custom_msgs/include/custom_msgs/custom_msgs/msg/detail/map_data__builder.hpp
[2.662s] -- Installing: /home/zxcx/new_naw/install/custom_msgs/include/custom_msgs/custom_msgs/msg/detail/goal__builder.hpp
[2.662s] -- Installing: /home/zxcx/new_naw/install/custom_msgs/include/custom_msgs/custom_msgs/msg/detail/chassis_info__traits.hpp
[2.662s] -- Installing: /home/zxcx/new_naw/install/custom_msgs/include/custom_msgs/custom_msgs/msg/detail/goal__struct.hpp
[2.662s] -- Installing: /home/zxcx/new_naw/install/custom_msgs/include/custom_msgs/custom_msgs/msg/detail/result__type_support.hpp
[2.662s] -- Installing: /home/zxcx/new_naw/install/custom_msgs/include/custom_msgs/custom_msgs/msg/detail/vehicle_state__struct.hpp
[2.662s] -- Installing: /home/zxcx/new_naw/install/custom_msgs/include/custom_msgs/custom_msgs/msg/detail/map_data__struct.hpp
[2.662s] -- Installing: /home/zxcx/new_naw/install/custom_msgs/include/custom_msgs/custom_msgs/msg/detail/vehicle_state__type_support.hpp
[2.663s] -- Installing: /home/zxcx/new_naw/install/custom_msgs/include/custom_msgs/custom_msgs/msg/detail/chassis_info__type_support.hpp
[2.663s] -- Installing: /home/zxcx/new_naw/install/custom_msgs/include/custom_msgs/custom_msgs/msg/detail/result__traits.hpp
[2.663s] -- Installing: /home/zxcx/new_naw/install/custom_msgs/include/custom_msgs/custom_msgs/msg/detail/map_data__type_support.hpp
[2.663s] -- Installing: /home/zxcx/new_naw/install/custom_msgs/include/custom_msgs/custom_msgs/msg/detail/result__struct.hpp
[2.663s] -- Installing: /home/zxcx/new_naw/install/custom_msgs/include/custom_msgs/custom_msgs/msg/detail/vehicle_state__traits.hpp
[2.663s] -- Installing: /home/zxcx/new_naw/install/custom_msgs/include/custom_msgs/custom_msgs/msg/detail/chassis_info__builder.hpp
[2.663s] -- Installing: /home/zxcx/new_naw/install/custom_msgs/include/custom_msgs/custom_msgs/msg/detail/goal__traits.hpp
[2.663s] -- Installing: /home/zxcx/new_naw/install/custom_msgs/include/custom_msgs/custom_msgs/msg/detail/chassis_info__struct.hpp
[2.663s] -- Installing: /home/zxcx/new_naw/install/custom_msgs/include/custom_msgs/custom_msgs/msg/detail/map_data__traits.hpp
[2.663s] -- Installing: /home/zxcx/new_naw/install/custom_msgs/include/custom_msgs/custom_msgs/msg/map_data.hpp
[2.664s] -- Up-to-date: /home/zxcx/new_naw/install/custom_msgs/include/custom_msgs/custom_msgs
[2.664s] -- Up-to-date: /home/zxcx/new_naw/install/custom_msgs/include/custom_msgs/custom_msgs/msg
[2.664s] -- Installing: /home/zxcx/new_naw/install/custom_msgs/include/custom_msgs/custom_msgs/msg/rosidl_typesupport_fastrtps_cpp__visibility_control.h
[2.664s] -- Up-to-date: /home/zxcx/new_naw/install/custom_msgs/include/custom_msgs/custom_msgs/msg/detail
[2.664s] -- Installing: /home/zxcx/new_naw/install/custom_msgs/include/custom_msgs/custom_msgs/msg/detail/vehicle_state__rosidl_typesupport_fastrtps_cpp.hpp
[2.664s] -- Installing: /home/zxcx/new_naw/install/custom_msgs/include/custom_msgs/custom_msgs/msg/detail/chassis_info__rosidl_typesupport_fastrtps_cpp.hpp
[2.664s] -- Installing: /home/zxcx/new_naw/install/custom_msgs/include/custom_msgs/custom_msgs/msg/detail/result__rosidl_typesupport_fastrtps_cpp.hpp
[2.664s] -- Installing: /home/zxcx/new_naw/install/custom_msgs/include/custom_msgs/custom_msgs/msg/detail/goal__rosidl_typesupport_fastrtps_cpp.hpp
[2.664s] -- Installing: /home/zxcx/new_naw/install/custom_msgs/include/custom_msgs/custom_msgs/msg/detail/dds_fastrtps
[2.664s] -- Installing: /home/zxcx/new_naw/install/custom_msgs/include/custom_msgs/custom_msgs/msg/detail/map_data__rosidl_typesupport_fastrtps_cpp.hpp
[2.664s] -- Installing: /home/zxcx/new_naw/install/custom_msgs/lib/libcustom_msgs__rosidl_typesupport_fastrtps_cpp.so
[2.665s] -- Set runtime path of "/home/zxcx/new_naw/install/custom_msgs/lib/libcustom_msgs__rosidl_typesupport_fastrtps_cpp.so" to ""
[2.665s] -- Up-to-date: /home/zxcx/new_naw/install/custom_msgs/include/custom_msgs/custom_msgs
[2.665s] -- Up-to-date: /home/zxcx/new_naw/install/custom_msgs/include/custom_msgs/custom_msgs/msg
[2.665s] -- Up-to-date: /home/zxcx/new_naw/install/custom_msgs/include/custom_msgs/custom_msgs/msg/detail
[2.665s] -- Installing: /home/zxcx/new_naw/install/custom_msgs/include/custom_msgs/custom_msgs/msg/detail/vehicle_state__rosidl_typesupport_introspection_cpp.hpp
[2.665s] -- Installing: /home/zxcx/new_naw/install/custom_msgs/include/custom_msgs/custom_msgs/msg/detail/chassis_info__rosidl_typesupport_introspection_cpp.hpp
[2.665s] -- Installing: /home/zxcx/new_naw/install/custom_msgs/include/custom_msgs/custom_msgs/msg/detail/chassis_info__type_support.cpp
[2.665s] -- Installing: /home/zxcx/new_naw/install/custom_msgs/include/custom_msgs/custom_msgs/msg/detail/goal__type_support.cpp
[2.665s] -- Installing: /home/zxcx/new_naw/install/custom_msgs/include/custom_msgs/custom_msgs/msg/detail/goal__rosidl_typesupport_introspection_cpp.hpp
[2.665s] -- Installing: /home/zxcx/new_naw/install/custom_msgs/include/custom_msgs/custom_msgs/msg/detail/map_data__type_support.cpp
[2.665s] -- Installing: /home/zxcx/new_naw/install/custom_msgs/include/custom_msgs/custom_msgs/msg/detail/map_data__rosidl_typesupport_introspection_cpp.hpp
[2.665s] -- Installing: /home/zxcx/new_naw/install/custom_msgs/include/custom_msgs/custom_msgs/msg/detail/result__rosidl_typesupport_introspection_cpp.hpp
[2.666s] -- Installing: /home/zxcx/new_naw/install/custom_msgs/include/custom_msgs/custom_msgs/msg/detail/result__type_support.cpp
[2.666s] -- Installing: /home/zxcx/new_naw/install/custom_msgs/include/custom_msgs/custom_msgs/msg/detail/vehicle_state__type_support.cpp
[2.666s] -- Installing: /home/zxcx/new_naw/install/custom_msgs/lib/libcustom_msgs__rosidl_typesupport_introspection_cpp.so
[2.666s] -- Set runtime path of "/home/zxcx/new_naw/install/custom_msgs/lib/libcustom_msgs__rosidl_typesupport_introspection_cpp.so" to ""
[2.666s] -- Installing: /home/zxcx/new_naw/install/custom_msgs/lib/libcustom_msgs__rosidl_typesupport_cpp.so
[2.666s] -- Set runtime path of "/home/zxcx/new_naw/install/custom_msgs/lib/libcustom_msgs__rosidl_typesupport_cpp.so" to ""
[2.666s] -- Installing: /home/zxcx/new_naw/install/custom_msgs/share/custom_msgs/environment/pythonpath.sh
[2.666s] -- Installing: /home/zxcx/new_naw/install/custom_msgs/share/custom_msgs/environment/pythonpath.dsv
[2.667s] -- Installing: /home/zxcx/new_naw/install/custom_msgs/local/lib/python3.10/dist-packages/custom_msgs-0.0.0-py3.10.egg-info
[2.667s] -- Installing: /home/zxcx/new_naw/install/custom_msgs/local/lib/python3.10/dist-packages/custom_msgs-0.0.0-py3.10.egg-info/SOURCES.txt
[2.667s] -- Installing: /home/zxcx/new_naw/install/custom_msgs/local/lib/python3.10/dist-packages/custom_msgs-0.0.0-py3.10.egg-info/dependency_links.txt
[2.667s] -- Installing: /home/zxcx/new_naw/install/custom_msgs/local/lib/python3.10/dist-packages/custom_msgs-0.0.0-py3.10.egg-info/top_level.txt
[2.667s] -- Installing: /home/zxcx/new_naw/install/custom_msgs/local/lib/python3.10/dist-packages/custom_msgs-0.0.0-py3.10.egg-info/PKG-INFO
[2.667s] -- Installing: /home/zxcx/new_naw/install/custom_msgs/local/lib/python3.10/dist-packages/custom_msgs
[2.667s] -- Installing: /home/zxcx/new_naw/install/custom_msgs/local/lib/python3.10/dist-packages/custom_msgs/__init__.py
[2.667s] -- Installing: /home/zxcx/new_naw/install/custom_msgs/local/lib/python3.10/dist-packages/custom_msgs/custom_msgs_s__rosidl_typesupport_c.cpython-310-x86_64-linux-gnu.so
[2.667s] -- Installing: /home/zxcx/new_naw/install/custom_msgs/local/lib/python3.10/dist-packages/custom_msgs/_custom_msgs_s.ep.rosidl_typesupport_c.c
[2.667s] -- Installing: /home/zxcx/new_naw/install/custom_msgs/local/lib/python3.10/dist-packages/custom_msgs/custom_msgs_s__rosidl_typesupport_fastrtps_c.cpython-310-x86_64-linux-gnu.so
[2.667s] -- Installing: /home/zxcx/new_naw/install/custom_msgs/local/lib/python3.10/dist-packages/custom_msgs/libcustom_msgs__rosidl_generator_py.so
[2.668s] -- Installing: /home/zxcx/new_naw/install/custom_msgs/local/lib/python3.10/dist-packages/custom_msgs/_custom_msgs_s.ep.rosidl_typesupport_introspection_c.c
[2.668s] -- Installing: /home/zxcx/new_naw/install/custom_msgs/local/lib/python3.10/dist-packages/custom_msgs/msg
[2.668s] -- Installing: /home/zxcx/new_naw/install/custom_msgs/local/lib/python3.10/dist-packages/custom_msgs/msg/_vehicle_state_s.c
[2.668s] -- Installing: /home/zxcx/new_naw/install/custom_msgs/local/lib/python3.10/dist-packages/custom_msgs/msg/_result_s.c
[2.668s] -- Installing: /home/zxcx/new_naw/install/custom_msgs/local/lib/python3.10/dist-packages/custom_msgs/msg/__init__.py
[2.668s] -- Installing: /home/zxcx/new_naw/install/custom_msgs/local/lib/python3.10/dist-packages/custom_msgs/msg/_map_data.py
[2.668s] -- Installing: /home/zxcx/new_naw/install/custom_msgs/local/lib/python3.10/dist-packages/custom_msgs/msg/_map_data_s.c
[2.668s] -- Installing: /home/zxcx/new_naw/install/custom_msgs/local/lib/python3.10/dist-packages/custom_msgs/msg/_goal_s.c
[2.668s] -- Installing: /home/zxcx/new_naw/install/custom_msgs/local/lib/python3.10/dist-packages/custom_msgs/msg/_vehicle_state.py
[2.668s] -- Installing: /home/zxcx/new_naw/install/custom_msgs/local/lib/python3.10/dist-packages/custom_msgs/msg/_chassis_info_s.c
[2.669s] -- Installing: /home/zxcx/new_naw/install/custom_msgs/local/lib/python3.10/dist-packages/custom_msgs/msg/_goal.py
[2.669s] -- Installing: /home/zxcx/new_naw/install/custom_msgs/local/lib/python3.10/dist-packages/custom_msgs/msg/_chassis_info.py
[2.669s] -- Installing: /home/zxcx/new_naw/install/custom_msgs/local/lib/python3.10/dist-packages/custom_msgs/msg/_result.py
[2.669s] -- Installing: /home/zxcx/new_naw/install/custom_msgs/local/lib/python3.10/dist-packages/custom_msgs/custom_msgs_s__rosidl_typesupport_introspection_c.cpython-310-x86_64-linux-gnu.so
[2.669s] -- Installing: /home/zxcx/new_naw/install/custom_msgs/local/lib/python3.10/dist-packages/custom_msgs/_custom_msgs_s.ep.rosidl_typesupport_fastrtps_c.c
[2.692s] Listing '/home/zxcx/new_naw/install/custom_msgs/local/lib/python3.10/dist-packages/custom_msgs'...
[2.692s] Compiling '/home/zxcx/new_naw/install/custom_msgs/local/lib/python3.10/dist-packages/custom_msgs/__init__.py'...
[2.692s] Listing '/home/zxcx/new_naw/install/custom_msgs/local/lib/python3.10/dist-packages/custom_msgs/msg'...
[2.692s] Compiling '/home/zxcx/new_naw/install/custom_msgs/local/lib/python3.10/dist-packages/custom_msgs/msg/__init__.py'...
[2.692s] Compiling '/home/zxcx/new_naw/install/custom_msgs/local/lib/python3.10/dist-packages/custom_msgs/msg/_chassis_info.py'...
[2.692s] Compiling '/home/zxcx/new_naw/install/custom_msgs/local/lib/python3.10/dist-packages/custom_msgs/msg/_goal.py'...
[2.692s] Compiling '/home/zxcx/new_naw/install/custom_msgs/local/lib/python3.10/dist-packages/custom_msgs/msg/_map_data.py'...
[2.692s] Compiling '/home/zxcx/new_naw/install/custom_msgs/local/lib/python3.10/dist-packages/custom_msgs/msg/_result.py'...
[2.692s] Compiling '/home/zxcx/new_naw/install/custom_msgs/local/lib/python3.10/dist-packages/custom_msgs/msg/_vehicle_state.py'...
[2.695s] -- Installing: /home/zxcx/new_naw/install/custom_msgs/local/lib/python3.10/dist-packages/custom_msgs/custom_msgs_s__rosidl_typesupport_fastrtps_c.cpython-310-x86_64-linux-gnu.so
[2.695s] -- Set runtime path of "/home/zxcx/new_naw/install/custom_msgs/local/lib/python3.10/dist-packages/custom_msgs/custom_msgs_s__rosidl_typesupport_fastrtps_c.cpython-310-x86_64-linux-gnu.so" to ""
[2.695s] -- Installing: /home/zxcx/new_naw/install/custom_msgs/local/lib/python3.10/dist-packages/custom_msgs/custom_msgs_s__rosidl_typesupport_introspection_c.cpython-310-x86_64-linux-gnu.so
[2.695s] -- Set runtime path of "/home/zxcx/new_naw/install/custom_msgs/local/lib/python3.10/dist-packages/custom_msgs/custom_msgs_s__rosidl_typesupport_introspection_c.cpython-310-x86_64-linux-gnu.so" to ""
[2.695s] -- Installing: /home/zxcx/new_naw/install/custom_msgs/local/lib/python3.10/dist-packages/custom_msgs/custom_msgs_s__rosidl_typesupport_c.cpython-310-x86_64-linux-gnu.so
[2.696s] -- Set runtime path of "/home/zxcx/new_naw/install/custom_msgs/local/lib/python3.10/dist-packages/custom_msgs/custom_msgs_s__rosidl_typesupport_c.cpython-310-x86_64-linux-gnu.so" to ""
[2.696s] -- Installing: /home/zxcx/new_naw/install/custom_msgs/lib/libcustom_msgs__rosidl_generator_py.so
[2.696s] -- Set runtime path of "/home/zxcx/new_naw/install/custom_msgs/lib/libcustom_msgs__rosidl_generator_py.so" to ""
[2.696s] -- Installing: /home/zxcx/new_naw/install/custom_msgs/share/ament_index/resource_index/rust_packages/custom_msgs
[2.696s] -- Installing: /home/zxcx/new_naw/install/custom_msgs/share/custom_msgs/rust
[2.696s] -- Installing: /home/zxcx/new_naw/install/custom_msgs/share/custom_msgs/rust/src
[2.696s] -- Installing: /home/zxcx/new_naw/install/custom_msgs/share/custom_msgs/rust/src/lib.rs
[2.696s] -- Installing: /home/zxcx/new_naw/install/custom_msgs/share/custom_msgs/rust/src/msg
[2.696s] -- Installing: /home/zxcx/new_naw/install/custom_msgs/share/custom_msgs/rust/src/msg/rmw.rs
[2.697s] -- Installing: /home/zxcx/new_naw/install/custom_msgs/share/custom_msgs/rust/src/msg.rs
[2.697s] -- Installing: /home/zxcx/new_naw/install/custom_msgs/share/custom_msgs/rust/build.rs
[2.697s] -- Installing: /home/zxcx/new_naw/install/custom_msgs/share/custom_msgs/rust/Cargo.toml
[2.697s] -- Installing: /home/zxcx/new_naw/install/custom_msgs/share/custom_msgs/msg/MapData.idl
[2.697s] -- Installing: /home/zxcx/new_naw/install/custom_msgs/share/custom_msgs/msg/VehicleState.idl
[2.697s] -- Installing: /home/zxcx/new_naw/install/custom_msgs/share/custom_msgs/msg/Goal.idl
[2.697s] -- Installing: /home/zxcx/new_naw/install/custom_msgs/share/custom_msgs/msg/Result.idl
[2.697s] -- Installing: /home/zxcx/new_naw/install/custom_msgs/share/custom_msgs/msg/ChassisInfo.idl
[2.697s] -- Installing: /home/zxcx/new_naw/install/custom_msgs/share/custom_msgs/msg/MapData.msg
[2.698s] -- Installing: /home/zxcx/new_naw/install/custom_msgs/share/custom_msgs/msg/VehicleState.msg
[2.698s] -- Installing: /home/zxcx/new_naw/install/custom_msgs/share/custom_msgs/msg/Goal.msg
[2.698s] -- Installing: /home/zxcx/new_naw/install/custom_msgs/share/custom_msgs/msg/Result.msg
[2.698s] -- Installing: /home/zxcx/new_naw/install/custom_msgs/share/custom_msgs/msg/ChassisInfo.msg
[2.698s] -- Installing: /home/zxcx/new_naw/install/custom_msgs/share/ament_index/resource_index/package_run_dependencies/custom_msgs
[2.698s] -- Installing: /home/zxcx/new_naw/install/custom_msgs/share/ament_index/resource_index/parent_prefix_path/custom_msgs
[2.698s] -- Installing: /home/zxcx/new_naw/install/custom_msgs/share/custom_msgs/environment/ament_prefix_path.sh
[2.698s] -- Installing: /home/zxcx/new_naw/install/custom_msgs/share/custom_msgs/environment/ament_prefix_path.dsv
[2.698s] -- Installing: /home/zxcx/new_naw/install/custom_msgs/share/custom_msgs/environment/path.sh
[2.698s] -- Installing: /home/zxcx/new_naw/install/custom_msgs/share/custom_msgs/environment/path.dsv
[2.698s] -- Installing: /home/zxcx/new_naw/install/custom_msgs/share/custom_msgs/local_setup.bash
[2.699s] -- Installing: /home/zxcx/new_naw/install/custom_msgs/share/custom_msgs/local_setup.sh
[2.699s] -- Installing: /home/zxcx/new_naw/install/custom_msgs/share/custom_msgs/local_setup.zsh
[2.699s] -- Installing: /home/zxcx/new_naw/install/custom_msgs/share/custom_msgs/local_setup.dsv
[2.699s] -- Installing: /home/zxcx/new_naw/install/custom_msgs/share/custom_msgs/package.dsv
[2.699s] -- Installing: /home/zxcx/new_naw/install/custom_msgs/share/ament_index/resource_index/packages/custom_msgs
[2.699s] -- Installing: /home/zxcx/new_naw/install/custom_msgs/share/custom_msgs/cmake/export_custom_msgs__rosidl_generator_cExport.cmake
[2.699s] -- Installing: /home/zxcx/new_naw/install/custom_msgs/share/custom_msgs/cmake/export_custom_msgs__rosidl_generator_cExport-release.cmake
[2.699s] -- Installing: /home/zxcx/new_naw/install/custom_msgs/share/custom_msgs/cmake/export_custom_msgs__rosidl_typesupport_fastrtps_cExport.cmake
[2.699s] -- Installing: /home/zxcx/new_naw/install/custom_msgs/share/custom_msgs/cmake/export_custom_msgs__rosidl_typesupport_fastrtps_cExport-release.cmake
[2.700s] -- Installing: /home/zxcx/new_naw/install/custom_msgs/share/custom_msgs/cmake/custom_msgs__rosidl_typesupport_introspection_cExport.cmake
[2.700s] -- Installing: /home/zxcx/new_naw/install/custom_msgs/share/custom_msgs/cmake/custom_msgs__rosidl_typesupport_introspection_cExport-release.cmake
[2.700s] -- Installing: /home/zxcx/new_naw/install/custom_msgs/share/custom_msgs/cmake/custom_msgs__rosidl_typesupport_cExport.cmake
[2.700s] -- Installing: /home/zxcx/new_naw/install/custom_msgs/share/custom_msgs/cmake/custom_msgs__rosidl_typesupport_cExport-release.cmake
[2.700s] -- Installing: /home/zxcx/new_naw/install/custom_msgs/share/custom_msgs/cmake/export_custom_msgs__rosidl_generator_cppExport.cmake
[2.700s] -- Installing: /home/zxcx/new_naw/install/custom_msgs/share/custom_msgs/cmake/export_custom_msgs__rosidl_typesupport_fastrtps_cppExport.cmake
[2.700s] -- Installing: /home/zxcx/new_naw/install/custom_msgs/share/custom_msgs/cmake/export_custom_msgs__rosidl_typesupport_fastrtps_cppExport-release.cmake
[2.700s] -- Installing: /home/zxcx/new_naw/install/custom_msgs/share/custom_msgs/cmake/custom_msgs__rosidl_typesupport_introspection_cppExport.cmake
[2.700s] -- Installing: /home/zxcx/new_naw/install/custom_msgs/share/custom_msgs/cmake/custom_msgs__rosidl_typesupport_introspection_cppExport-release.cmake
[2.700s] -- Installing: /home/zxcx/new_naw/install/custom_msgs/share/custom_msgs/cmake/custom_msgs__rosidl_typesupport_cppExport.cmake
[2.701s] -- Installing: /home/zxcx/new_naw/install/custom_msgs/share/custom_msgs/cmake/custom_msgs__rosidl_typesupport_cppExport-release.cmake
[2.701s] -- Installing: /home/zxcx/new_naw/install/custom_msgs/share/custom_msgs/cmake/export_custom_msgs__rosidl_generator_pyExport.cmake
[2.701s] -- Installing: /home/zxcx/new_naw/install/custom_msgs/share/custom_msgs/cmake/export_custom_msgs__rosidl_generator_pyExport-release.cmake
[2.701s] -- Installing: /home/zxcx/new_naw/install/custom_msgs/share/custom_msgs/cmake/rosidl_cmake-extras.cmake
[2.701s] -- Installing: /home/zxcx/new_naw/install/custom_msgs/share/custom_msgs/cmake/ament_cmake_export_dependencies-extras.cmake
[2.701s] -- Installing: /home/zxcx/new_naw/install/custom_msgs/share/custom_msgs/cmake/ament_cmake_export_include_directories-extras.cmake
[2.701s] -- Installing: /home/zxcx/new_naw/install/custom_msgs/share/custom_msgs/cmake/ament_cmake_export_libraries-extras.cmake
[2.701s] -- Installing: /home/zxcx/new_naw/install/custom_msgs/share/custom_msgs/cmake/ament_cmake_export_targets-extras.cmake
[2.701s] -- Installing: /home/zxcx/new_naw/install/custom_msgs/share/custom_msgs/cmake/rosidl_cmake_export_typesupport_targets-extras.cmake
[2.701s] -- Installing: /home/zxcx/new_naw/install/custom_msgs/share/custom_msgs/cmake/rosidl_cmake_export_typesupport_libraries-extras.cmake
[2.702s] -- Installing: /home/zxcx/new_naw/install/custom_msgs/share/custom_msgs/cmake/custom_msgsConfig.cmake
[2.702s] -- Installing: /home/zxcx/new_naw/install/custom_msgs/share/custom_msgs/cmake/custom_msgsConfig-version.cmake
[2.702s] -- Installing: /home/zxcx/new_naw/install/custom_msgs/share/custom_msgs/package.xml
[2.704s] Invoked command in '/home/zxcx/new_naw/build/custom_msgs' returned '0': CMAKE_PREFIX_PATH=${CMAKE_PREFIX_PATH}:/opt/ros/humble /usr/bin/cmake --install /home/zxcx/new_naw/build/custom_msgs
