[0.025s] Invoking command in '/home/zxcx/new_naw/build/esdf': AMENT_PREFIX_PATH=/home/zxcx/new_naw/install/custom_msgs:${AMENT_PREFIX_PATH} CMAKE_PREFIX_PATH=/home/zxcx/new_naw/install/custom_msgs:/opt/ros/humble LD_LIBRARY_PATH=/home/zxcx/new_naw/install/custom_msgs/lib:${LD_LIBRARY_PATH} PYTHONPATH=/home/zxcx/new_naw/install/custom_msgs/local/lib/python3.10/dist-packages:${PYTHONPATH} /usr/bin/cmake --build /home/zxcx/new_naw/build/esdf -- -j32 -l32
[0.067s] [ 50%] Built target esdf_map_lib
[0.088s] [ 75%] Built target esdf_test
[0.089s] [100%] Built target esdf_node
[0.106s] Invoked command in '/home/zxcx/new_naw/build/esdf' returned '0': AMENT_PREFIX_PATH=/home/zxcx/new_naw/install/custom_msgs:${AMENT_PREFIX_PATH} CMAKE_PREFIX_PATH=/home/zxcx/new_naw/install/custom_msgs:/opt/ros/humble LD_LIBRARY_PATH=/home/zxcx/new_naw/install/custom_msgs/lib:${LD_LIBRARY_PATH} PYTHONPATH=/home/zxcx/new_naw/install/custom_msgs/local/lib/python3.10/dist-packages:${PYTHONPATH} /usr/bin/cmake --build /home/zxcx/new_naw/build/esdf -- -j32 -l32
[0.107s] Invoking command in '/home/zxcx/new_naw/build/esdf': AMENT_PREFIX_PATH=/home/zxcx/new_naw/install/custom_msgs:${AMENT_PREFIX_PATH} CMAKE_PREFIX_PATH=/home/zxcx/new_naw/install/custom_msgs:/opt/ros/humble LD_LIBRARY_PATH=/home/zxcx/new_naw/install/custom_msgs/lib:${LD_LIBRARY_PATH} PYTHONPATH=/home/zxcx/new_naw/install/custom_msgs/local/lib/python3.10/dist-packages:${PYTHONPATH} /usr/bin/cmake --install /home/zxcx/new_naw/build/esdf
[0.112s] -- Install configuration: "Release"
[0.113s] -- Up-to-date: /home/zxcx/new_naw/install/esdf/lib/esdf/esdf_node
[0.113s] -- Up-to-date: /home/zxcx/new_naw/install/esdf/lib/esdf/esdf_test
[0.113s] -- Up-to-date: /home/zxcx/new_naw/install/esdf/share/ament_index/resource_index/package_run_dependencies/esdf
[0.113s] -- Up-to-date: /home/zxcx/new_naw/install/esdf/share/ament_index/resource_index/parent_prefix_path/esdf
[0.113s] -- Up-to-date: /home/zxcx/new_naw/install/esdf/share/esdf/environment/ament_prefix_path.sh
[0.113s] -- Up-to-date: /home/zxcx/new_naw/install/esdf/share/esdf/environment/ament_prefix_path.dsv
[0.113s] -- Up-to-date: /home/zxcx/new_naw/install/esdf/share/esdf/environment/path.sh
[0.113s] -- Up-to-date: /home/zxcx/new_naw/install/esdf/share/esdf/environment/path.dsv
[0.113s] -- Up-to-date: /home/zxcx/new_naw/install/esdf/share/esdf/local_setup.bash
[0.113s] -- Up-to-date: /home/zxcx/new_naw/install/esdf/share/esdf/local_setup.sh
[0.114s] -- Up-to-date: /home/zxcx/new_naw/install/esdf/share/esdf/local_setup.zsh
[0.114s] -- Up-to-date: /home/zxcx/new_naw/install/esdf/share/esdf/local_setup.dsv
[0.114s] -- Installing: /home/zxcx/new_naw/install/esdf/share/esdf/package.dsv
[0.114s] -- Up-to-date: /home/zxcx/new_naw/install/esdf/share/ament_index/resource_index/packages/esdf
[0.114s] -- Up-to-date: /home/zxcx/new_naw/install/esdf/share/esdf/cmake/esdfConfig.cmake
[0.114s] -- Up-to-date: /home/zxcx/new_naw/install/esdf/share/esdf/cmake/esdfConfig-version.cmake
[0.114s] -- Up-to-date: /home/zxcx/new_naw/install/esdf/share/esdf/package.xml
[0.123s] Invoked command in '/home/zxcx/new_naw/build/esdf' returned '0': AMENT_PREFIX_PATH=/home/zxcx/new_naw/install/custom_msgs:${AMENT_PREFIX_PATH} CMAKE_PREFIX_PATH=/home/zxcx/new_naw/install/custom_msgs:/opt/ros/humble LD_LIBRARY_PATH=/home/zxcx/new_naw/install/custom_msgs/lib:${LD_LIBRARY_PATH} PYTHONPATH=/home/zxcx/new_naw/install/custom_msgs/local/lib/python3.10/dist-packages:${PYTHONPATH} /usr/bin/cmake --install /home/zxcx/new_naw/build/esdf
