[0.009s] Invoking command in '/home/zxcx/new_naw/build/planner': AMENT_PREFIX_PATH=/home/zxcx/new_naw/install/custom_msgs:${AMENT_PREFIX_PATH} CMAKE_PREFIX_PATH=/home/zxcx/new_naw/install/custom_msgs:/opt/ros/humble LD_LIBRARY_PATH=/home/zxcx/new_naw/install/custom_msgs/lib:${LD_LIBRARY_PATH} PYTHONPATH=/home/zxcx/new_naw/install/custom_msgs/local/lib/python3.10/dist-packages:${PYTHONPATH} /usr/bin/cmake --build /home/zxcx/new_naw/build/planner -- -j32 -l32
[0.054s] Consolidate compiler generated dependencies of target planner_node
[0.055s] Consolidate compiler generated dependencies of target planner_test
[0.065s] [ 12%] Building CXX object CMakeFiles/planner_node.dir/src/a_star.cpp.o
[0.066s] [ 12%] Building CXX object CMakeFiles/planner_node.dir/src/jps.cpp.o
[0.066s] [ 25%] Building CXX object CMakeFiles/planner_node.dir/src/lbfgs.cpp.o
[0.066s] [ 25%] Building CXX object CMakeFiles/planner_node.dir/src/tra_project.cpp.o
[0.067s] [ 37%] Building CXX object CMakeFiles/planner_test.dir/src/test.cpp.o
[0.067s] [ 37%] Building CXX object CMakeFiles/planner_node.dir/src/replanner.cpp.o
[0.067s] [ 43%] Building CXX object CMakeFiles/planner_test.dir/src/a_star.cpp.o
[0.067s] [ 56%] Building CXX object CMakeFiles/planner_test.dir/src/jps.cpp.o
[0.067s] [ 56%] Building CXX object CMakeFiles/planner_test.dir/src/lbfgs.cpp.o
[0.067s] [ 62%] Building CXX object CMakeFiles/planner_node.dir/src/planner_node.cpp.o
[0.068s] [ 75%] Building CXX object CMakeFiles/planner_test.dir/src/tra_project.cpp.o
[0.068s] [ 75%] Building CXX object CMakeFiles/planner_test.dir/src/replanner.cpp.o
[0.741s] In file included from /home/zxcx/new_naw/planner/src/jps.cpp:1:
[0.741s] /home/zxcx/new_naw/planner/include/planner_2d/jps.hpp: In constructor ‘planner_2d::jps::jps()’:
[0.741s] /home/zxcx/new_naw/planner/include/planner_2d/jps.hpp:83:54: warning: ‘planner_2d::jps::m_IsInitPoint’ will be initialized after [-Wreorder]
[0.741s]    83 |         bool m_IsInitMap; bool m_IsInitESDFMap; bool m_IsInitPoint;
[0.741s]       |                                                      ^~~~~~~~~~~~~
[0.741s] /home/zxcx/new_naw/planner/include/planner_2d/jps.hpp:68:18: warning:   ‘uint16_t planner_2d::jps::m_SearchEpoch’ [-Wreorder]
[0.741s]    68 |         uint16_t m_SearchEpoch;
[0.741s]       |                  ^~~~~~~~~~~~~
[0.741s] /home/zxcx/new_naw/planner/src/jps.cpp:8:5: warning:   when initialized here [-Wreorder]
[0.741s]     8 |     jps::jps() : m_MapLenX(0), m_MapWeightY(0), m_IsInitMap(false), m_IsInitESDFMap(false), m_IsInitPoint(false), m_SearchEpoch(0) {}
[0.741s]       |     ^~~
[0.763s] In file included from /home/zxcx/new_naw/planner/src/jps.cpp:1:
[0.763s] /home/zxcx/new_naw/planner/include/planner_2d/jps.hpp: In constructor ‘planner_2d::jps::jps()’:
[0.763s] /home/zxcx/new_naw/planner/include/planner_2d/jps.hpp:83:54: warning: ‘planner_2d::jps::m_IsInitPoint’ will be initialized after [-Wreorder]
[0.763s]    83 |         bool m_IsInitMap; bool m_IsInitESDFMap; bool m_IsInitPoint;
[0.763s]       |                                                      ^~~~~~~~~~~~~
[0.764s] /home/zxcx/new_naw/planner/include/planner_2d/jps.hpp:68:18: warning:   ‘uint16_t planner_2d::jps::m_SearchEpoch’ [-Wreorder]
[0.764s]    68 |         uint16_t m_SearchEpoch;
[0.764s]       |                  ^~~~~~~~~~~~~
[0.764s] /home/zxcx/new_naw/planner/src/jps.cpp:8:5: warning:   when initialized here [-Wreorder]
[0.764s]     8 |     jps::jps() : m_MapLenX(0), m_MapWeightY(0), m_IsInitMap(false), m_IsInitESDFMap(false), m_IsInitPoint(false), m_SearchEpoch(0) {}
[0.764s]       |     ^~~
[0.773s] /home/zxcx/new_naw/planner/src/tra_project.cpp: In member function ‘int planner_2d::project::BuildTreeRecursive(std::vector<planner_2d::SegmentInfo>&, int, int)’:
[0.773s] /home/zxcx/new_naw/planner/src/tra_project.cpp:33:19: warning: unused variable ‘node’ [-Wunused-variable]
[0.773s]    33 |         AABBNode& node = m_TreeNodes.back();
[0.773s]       |                   ^~~~
[0.779s] /home/zxcx/new_naw/planner/src/tra_project.cpp: In member function ‘int planner_2d::project::BuildTreeRecursive(std::vector<planner_2d::SegmentInfo>&, int, int)’:
[0.779s] /home/zxcx/new_naw/planner/src/tra_project.cpp:33:19: warning: unused variable ‘node’ [-Wunused-variable]
[0.779s]    33 |         AABBNode& node = m_TreeNodes.back();
[0.779s]       |                   ^~~~
[0.785s] /home/zxcx/new_naw/planner/src/tra_project.cpp: In member function ‘void planner_2d::project::GetCubicExtrema(double, double, double, double, double, std::vector<double>&) const’:
[0.785s] /home/zxcx/new_naw/planner/src/tra_project.cpp:171:42: warning: unused parameter ‘a0’ [-Wunused-parameter]
[0.785s]   171 |     void project::GetCubicExtrema(double a0, double a1, double a2, double a3, double T, std::vector<double>& extremas) const {
[0.785s]       |                                   ~~~~~~~^~
[0.791s] /home/zxcx/new_naw/planner/src/tra_project.cpp: In member function ‘void planner_2d::project::GetCubicExtrema(double, double, double, double, double, std::vector<double>&) const’:
[0.791s] /home/zxcx/new_naw/planner/src/tra_project.cpp:171:42: warning: unused parameter ‘a0’ [-Wunused-parameter]
[0.791s]   171 |     void project::GetCubicExtrema(double a0, double a1, double a2, double a3, double T, std::vector<double>& extremas) const {
[0.791s]       |                                   ~~~~~~~^~
[0.931s] /home/zxcx/new_naw/planner/src/replanner.cpp: In member function ‘bool planner_2d::replanner::Update(const Vector2d&, const Vector2d&, const std::vector<int>&, const std::vector<double>&, int, int, double, double)’:
[0.931s] /home/zxcx/new_naw/planner/src/replanner.cpp:144:33: warning: comparison of integer expressions of different signedness: ‘int’ and ‘size_t’ {aka ‘long unsigned int’} [-Wsign-compare]
[0.931s]   144 |         for (int k = idx + 1; k < temp_tra.GetNumPoints() - 1; ++k) {
[0.931s]       |                               ~~^~~~~~~~~~~~~~~~~~~~~~~~~~~~~
[0.932s] /home/zxcx/new_naw/planner/src/replanner.cpp:217:61: warning: comparison of integer expressions of different signedness: ‘int’ and ‘size_t’ {aka ‘long unsigned int’} [-Wsign-compare]
[0.932s]   217 |             if (front_res.seg_idx >= 0 && front_res.seg_idx < new_tra.GetNumPoints() - 1) {
[0.932s]       |                                           ~~~~~~~~~~~~~~~~~~^~~~~~~~~~~~~~~~~~~~~~~~~~~~
[0.932s] /home/zxcx/new_naw/planner/src/replanner.cpp: In member function ‘bool planner_2d::replanner::Update(const Vector2d&, const Vector2d&, const std::vector<int>&, const std::vector<double>&, int, int, double, double)’:
[0.932s] /home/zxcx/new_naw/planner/src/replanner.cpp:144:33: warning: comparison of integer expressions of different signedness: ‘int’ and ‘size_t’ {aka ‘long unsigned int’} [-Wsign-compare]
[0.932s]   144 |         for (int k = idx + 1; k < temp_tra.GetNumPoints() - 1; ++k) {
[0.932s]       |                               ~~^~~~~~~~~~~~~~~~~~~~~~~~~~~~~
[0.933s] /home/zxcx/new_naw/planner/src/replanner.cpp:217:61: warning: comparison of integer expressions of different signedness: ‘int’ and ‘size_t’ {aka ‘long unsigned int’} [-Wsign-compare]
[0.933s]   217 |             if (front_res.seg_idx >= 0 && front_res.seg_idx < new_tra.GetNumPoints() - 1) {
[0.933s]       |                                           ~~~~~~~~~~~~~~~~~~^~~~~~~~~~~~~~~~~~~~~~~~~~~~
[0.936s] /home/zxcx/new_naw/planner/src/replanner.cpp: In member function ‘Eigen::Vector2d planner_2d::replanner::ClosestFreeGoal(const Vector2d&) const’:
[0.936s] /home/zxcx/new_naw/planner/src/replanner.cpp:386:9: warning: this ‘if’ clause does not guard... [-Wmisleading-indentation]
[0.936s]   386 |         if (gx < 0) gx = 0; if (gx >= m_MapLenX) gx = m_MapLenX - 1;
[0.936s]       |         ^~
[0.936s] /home/zxcx/new_naw/planner/src/replanner.cpp:386:29: note: ...this statement, but the latter is misleadingly indented as if it were guarded by the ‘if’
[0.936s]   386 |         if (gx < 0) gx = 0; if (gx >= m_MapLenX) gx = m_MapLenX - 1;
[0.936s]       |                             ^~
[0.936s] /home/zxcx/new_naw/planner/src/replanner.cpp:387:9: warning: this ‘if’ clause does not guard... [-Wmisleading-indentation]
[0.936s]   387 |         if (gy < 0) gy = 0; if (gy >= m_MapWeightY) gy = m_MapWeightY - 1;
[0.936s]       |         ^~
[0.936s] /home/zxcx/new_naw/planner/src/replanner.cpp:387:29: note: ...this statement, but the latter is misleadingly indented as if it were guarded by the ‘if’
[0.936s]   387 |         if (gy < 0) gy = 0; if (gy >= m_MapWeightY) gy = m_MapWeightY - 1;
[0.936s]       |                             ^~
[0.937s] /home/zxcx/new_naw/planner/src/replanner.cpp: In member function ‘Eigen::Vector2d planner_2d::replanner::ClosestFreeGoal(const Vector2d&) const’:
[0.937s] /home/zxcx/new_naw/planner/src/replanner.cpp:386:9: warning: this ‘if’ clause does not guard... [-Wmisleading-indentation]
[0.937s]   386 |         if (gx < 0) gx = 0; if (gx >= m_MapLenX) gx = m_MapLenX - 1;
[0.937s]       |         ^~
[0.937s] /home/zxcx/new_naw/planner/src/replanner.cpp:386:29: note: ...this statement, but the latter is misleadingly indented as if it were guarded by the ‘if’
[0.937s]   386 |         if (gx < 0) gx = 0; if (gx >= m_MapLenX) gx = m_MapLenX - 1;
[0.937s]       |                             ^~
[0.937s] /home/zxcx/new_naw/planner/src/replanner.cpp:387:9: warning: this ‘if’ clause does not guard... [-Wmisleading-indentation]
[0.937s]   387 |         if (gy < 0) gy = 0; if (gy >= m_MapWeightY) gy = m_MapWeightY - 1;
[0.937s]       |         ^~
[0.938s] /home/zxcx/new_naw/planner/src/replanner.cpp:387:29: note: ...this statement, but the latter is misleadingly indented as if it were guarded by the ‘if’
[0.938s]   387 |         if (gy < 0) gy = 0; if (gy >= m_MapWeightY) gy = m_MapWeightY - 1;
[0.938s]       |                             ^~
[3.920s] [ 81%] Linking CXX executable planner_test
[4.154s] [ 87%] Built target planner_test
[17.032s] [ 93%] Linking CXX executable planner_node
[17.233s] [100%] Built target planner_node
[17.242s] Invoked command in '/home/zxcx/new_naw/build/planner' returned '0': AMENT_PREFIX_PATH=/home/zxcx/new_naw/install/custom_msgs:${AMENT_PREFIX_PATH} CMAKE_PREFIX_PATH=/home/zxcx/new_naw/install/custom_msgs:/opt/ros/humble LD_LIBRARY_PATH=/home/zxcx/new_naw/install/custom_msgs/lib:${LD_LIBRARY_PATH} PYTHONPATH=/home/zxcx/new_naw/install/custom_msgs/local/lib/python3.10/dist-packages:${PYTHONPATH} /usr/bin/cmake --build /home/zxcx/new_naw/build/planner -- -j32 -l32
[17.249s] Invoking command in '/home/zxcx/new_naw/build/planner': AMENT_PREFIX_PATH=/home/zxcx/new_naw/install/custom_msgs:${AMENT_PREFIX_PATH} CMAKE_PREFIX_PATH=/home/zxcx/new_naw/install/custom_msgs:/opt/ros/humble LD_LIBRARY_PATH=/home/zxcx/new_naw/install/custom_msgs/lib:${LD_LIBRARY_PATH} PYTHONPATH=/home/zxcx/new_naw/install/custom_msgs/local/lib/python3.10/dist-packages:${PYTHONPATH} /usr/bin/cmake --install /home/zxcx/new_naw/build/planner
[17.253s] -- Install configuration: "Release"
[17.254s] -- Installing: /home/zxcx/new_naw/install/planner/lib/planner/planner_node
[17.257s] -- Set runtime path of "/home/zxcx/new_naw/install/planner/lib/planner/planner_node" to ""
[17.257s] -- Installing: /home/zxcx/new_naw/install/planner/lib/planner/planner_test
[17.258s] -- Set runtime path of "/home/zxcx/new_naw/install/planner/lib/planner/planner_test" to ""
[17.258s] -- Up-to-date: /home/zxcx/new_naw/install/planner/share/ament_index/resource_index/package_run_dependencies/planner
[17.258s] -- Up-to-date: /home/zxcx/new_naw/install/planner/share/ament_index/resource_index/parent_prefix_path/planner
[17.258s] -- Up-to-date: /home/zxcx/new_naw/install/planner/share/planner/environment/ament_prefix_path.sh
[17.259s] -- Up-to-date: /home/zxcx/new_naw/install/planner/share/planner/environment/ament_prefix_path.dsv
[17.259s] -- Up-to-date: /home/zxcx/new_naw/install/planner/share/planner/environment/path.sh
[17.259s] -- Up-to-date: /home/zxcx/new_naw/install/planner/share/planner/environment/path.dsv
[17.259s] -- Up-to-date: /home/zxcx/new_naw/install/planner/share/planner/local_setup.bash
[17.259s] -- Up-to-date: /home/zxcx/new_naw/install/planner/share/planner/local_setup.sh
[17.259s] -- Up-to-date: /home/zxcx/new_naw/install/planner/share/planner/local_setup.zsh
[17.259s] -- Up-to-date: /home/zxcx/new_naw/install/planner/share/planner/local_setup.dsv
[17.259s] -- Installing: /home/zxcx/new_naw/install/planner/share/planner/package.dsv
[17.259s] -- Up-to-date: /home/zxcx/new_naw/install/planner/share/ament_index/resource_index/packages/planner
[17.259s] -- Up-to-date: /home/zxcx/new_naw/install/planner/share/planner/cmake/plannerConfig.cmake
[17.259s] -- Up-to-date: /home/zxcx/new_naw/install/planner/share/planner/cmake/plannerConfig-version.cmake
[17.259s] -- Up-to-date: /home/zxcx/new_naw/install/planner/share/planner/package.xml
[30.014s] Invoked command in '/home/zxcx/new_naw/build/planner' returned '0': AMENT_PREFIX_PATH=/home/zxcx/new_naw/install/custom_msgs:${AMENT_PREFIX_PATH} CMAKE_PREFIX_PATH=/home/zxcx/new_naw/install/custom_msgs:/opt/ros/humble LD_LIBRARY_PATH=/home/zxcx/new_naw/install/custom_msgs/lib:${LD_LIBRARY_PATH} PYTHONPATH=/home/zxcx/new_naw/install/custom_msgs/local/lib/python3.10/dist-packages:${PYTHONPATH} /usr/bin/cmake --install /home/zxcx/new_naw/build/planner
