[0.010s] Invoking command in '/home/zxcx/new_naw/build/esdf': CMAKE_PREFIX_PATH=/home/zxcx/new_naw/install/custom_msgs:/home/zxcx/new_naw/install/livox_ros_driver2:/home/zxcx/new_naw/install/controller:/opt/ros/humble LD_LIBRARY_PATH=/home/zxcx/new_naw/install/custom_msgs/lib:/home/zxcx/new_naw/install/livox_ros_driver2/lib:/usr/lib/x86_64-linux-gnu/gazebo-11/plugins:/opt/ros/humble/opt/rviz_ogre_vendor/lib:/opt/ros/humble/lib/x86_64-linux-gnu:/opt/ros/humble/lib /usr/bin/cmake /home/zxcx/new_naw/esdf -DCMAKE_BUILD_TYPE=Release -DCMAKE_INSTALL_PREFIX=/home/zxcx/new_naw/install/esdf
[0.044s] -- The C compiler identification is GNU 11.4.0
[0.080s] -- The CXX compiler identification is GNU 11.4.0
[0.085s] -- Detecting C compiler ABI info
[0.134s] -- Detecting C compiler ABI info - done
[0.138s] -- Check for working C compiler: /usr/bin/cc - skipped
[0.138s] -- Detecting C compile features
[0.138s] -- Detecting C compile features - done
[0.140s] -- Detecting CXX compiler ABI info
[0.194s] -- Detecting CXX compiler ABI info - done
[0.198s] -- Check for working CXX compiler: /usr/bin/c++ - skipped
[0.198s] -- Detecting CXX compile features
[0.198s] -- Detecting CXX compile features - done
[0.200s] -- Found ament_cmake: 1.3.14 (/opt/ros/humble/share/ament_cmake/cmake)
[0.292s] -- Found Python3: /usr/bin/python3 (found version "3.10.12") found components: Interpreter 
[0.346s] -- Found rclcpp: 16.0.19 (/opt/ros/humble/share/rclcpp/cmake)
[0.371s] -- Found rosidl_generator_c: 3.1.8 (/opt/ros/humble/share/rosidl_generator_c/cmake)
[0.374s] -- Found rosidl_adapter: 3.1.8 (/opt/ros/humble/share/rosidl_adapter/cmake)
[0.379s] -- Found rosidl_generator_cpp: 3.1.8 (/opt/ros/humble/share/rosidl_generator_cpp/cmake)
[0.386s] -- Using all available rosidl_typesupport_c: rosidl_typesupport_fastrtps_c;rosidl_typesupport_introspection_c
[0.395s] -- Using all available rosidl_typesupport_cpp: rosidl_typesupport_fastrtps_cpp;rosidl_typesupport_introspection_cpp
[0.421s] -- Found rmw_implementation_cmake: 6.1.2 (/opt/ros/humble/share/rmw_implementation_cmake/cmake)
[0.423s] -- Found rmw_fastrtps_cpp: 6.2.10 (/opt/ros/humble/share/rmw_fastrtps_cpp/cmake)
[0.485s] -- Found OpenSSL: /usr/lib/x86_64-linux-gnu/libcrypto.so (found version "3.0.2")  
[0.506s] -- Found FastRTPS: /opt/ros/humble/include  
[0.536s] -- Using RMW implementation 'rmw_fastrtps_cpp' as default
[0.541s] -- Looking for pthread.h
[0.595s] -- Looking for pthread.h - found
[0.596s] -- Performing Test CMAKE_HAVE_LIBC_PTHREAD
[0.652s] -- Performing Test CMAKE_HAVE_LIBC_PTHREAD - Success
[0.653s] -- Found Threads: TRUE  
[0.683s] -- Found sensor_msgs: 4.9.1 (/opt/ros/humble/share/sensor_msgs/cmake)
[0.700s] -- Found nav_msgs: 4.9.1 (/opt/ros/humble/share/nav_msgs/cmake)
[0.713s] -- Found pcl_conversions: 2.4.5 (/opt/ros/humble/share/pcl_conversions/cmake)
[0.738s] -- Checking for module 'eigen3'
[0.752s] --   Found eigen3, version 3.4.0
[0.787s] -- Found Eigen: /usr/include/eigen3 (Required is at least version "3.1") 
[0.787s] -- Eigen found (include: /usr/include/eigen3, version: 3.4.0)
[0.821s] -- Checking for module 'flann'
[0.835s] --   Found flann, version 1.9.1
[0.871s] -- Found FLANN: /usr/lib/x86_64-linux-gnu/libflann_cpp.so  
[0.871s] -- FLANN found (include: /usr/include, lib: /usr/lib/x86_64-linux-gnu/libflann_cpp.so)
[2.015s] -- Checking for module 'libusb-1.0'
[2.027s] --   Found libusb-1.0, version 1.0.25
[2.070s] -- Found libusb: /usr/lib/x86_64-linux-gnu/libusb-1.0.so  
[2.071s] -- OpenNI found (version: 1.5.4.0, include: /usr/include/ni, lib: /usr/lib/libOpenNI.so;libusb::libusb)
[2.139s] -- OpenNI2 found (version: 2.2.0.33, include: /usr/include/openni2, lib: /usr/lib/x86_64-linux-gnu/libOpenNI2.so;libusb::libusb)
[2.303s] -- Eigen found (include: /usr/include/eigen3, version: 3.4.0)
[2.310s] -- OpenNI found (version: 1.5.4.0, include: /usr/include/ni, lib: /usr/lib/libOpenNI.so;libusb::libusb)
[2.318s] -- OpenNI2 found (version: 2.2.0.33, include: /usr/include/openni2, lib: /usr/lib/x86_64-linux-gnu/libOpenNI2.so;libusb::libusb)
[2.434s] -- Found Qhull version 8.0.2
[2.555s] -- OpenNI found (version: 1.5.4.0, include: /usr/include/ni, lib: /usr/lib/libOpenNI.so;libusb::libusb)
[2.669s] -- Found PCL_COMMON: /usr/lib/x86_64-linux-gnu/libpcl_common.so  
[2.670s] -- Found PCL_KDTREE: /usr/lib/x86_64-linux-gnu/libpcl_kdtree.so  
[2.670s] -- Found PCL_OCTREE: /usr/lib/x86_64-linux-gnu/libpcl_octree.so  
[2.671s] -- Found PCL_SEARCH: /usr/lib/x86_64-linux-gnu/libpcl_search.so  
[2.671s] -- Found PCL_SAMPLE_CONSENSUS: /usr/lib/x86_64-linux-gnu/libpcl_sample_consensus.so  
[2.672s] -- Found PCL_FILTERS: /usr/lib/x86_64-linux-gnu/libpcl_filters.so  
[2.672s] -- Found PCL_2D: /usr/include/pcl-1.12  
[2.672s] -- Found PCL_GEOMETRY: /usr/include/pcl-1.12  
[2.672s] -- Found PCL_IO: /usr/lib/x86_64-linux-gnu/libpcl_io.so  
[2.673s] -- Found PCL_FEATURES: /usr/lib/x86_64-linux-gnu/libpcl_features.so  
[2.673s] -- Found PCL_ML: /usr/lib/x86_64-linux-gnu/libpcl_ml.so  
[2.674s] -- Found PCL_SEGMENTATION: /usr/lib/x86_64-linux-gnu/libpcl_segmentation.so  
[2.674s] -- Found PCL_VISUALIZATION: /usr/lib/x86_64-linux-gnu/libpcl_visualization.so  
[2.675s] -- Found PCL_SURFACE: /usr/lib/x86_64-linux-gnu/libpcl_surface.so  
[2.675s] -- Found PCL_REGISTRATION: /usr/lib/x86_64-linux-gnu/libpcl_registration.so  
[2.676s] -- Found PCL_KEYPOINTS: /usr/lib/x86_64-linux-gnu/libpcl_keypoints.so  
[2.676s] -- Found PCL_TRACKING: /usr/lib/x86_64-linux-gnu/libpcl_tracking.so  
[2.677s] -- Found PCL_RECOGNITION: /usr/lib/x86_64-linux-gnu/libpcl_recognition.so  
[2.677s] -- Found PCL_STEREO: /usr/lib/x86_64-linux-gnu/libpcl_stereo.so  
[2.678s] -- Found PCL_APPS: /usr/lib/x86_64-linux-gnu/libpcl_apps.so  
[2.678s] -- Found PCL_IN_HAND_SCANNER: /usr/include/pcl-1.12  
[2.678s] -- Found PCL_MODELER: /usr/include/pcl-1.12  
[2.678s] -- Found PCL_POINT_CLOUD_EDITOR: /usr/include/pcl-1.12  
[2.679s] -- Found PCL_OUTOFCORE: /usr/lib/x86_64-linux-gnu/libpcl_outofcore.so  
[2.679s] -- Found PCL_PEOPLE: /usr/lib/x86_64-linux-gnu/libpcl_people.so  
[2.681s] -- Found custom_msgs: 0.0.0 (/home/zxcx/new_naw/install/custom_msgs/share/custom_msgs/cmake)
[2.687s] [33mCMake Warning (dev) at CMakeLists.txt:14 (find_package):
[2.687s]   Policy CMP0074 is not set: find_package uses <PackageName>_ROOT variables.
[2.688s]   Run "cmake --help-policy CMP0074" for policy details.  Use the cmake_policy
[2.688s]   command to set the policy and suppress this warning.
[2.688s] 
[2.688s]   CMake variable PCL_ROOT is set to:
[2.688s] 
[2.688s]     /usr
[2.688s] 
[2.688s]   For compatibility, CMake is ignoring the variable.
[2.688s] This warning is for project developers.  Use -Wno-dev to suppress it.
[2.688s] [0m
[2.704s] -- Found OpenCV: /usr (found version "4.5.4") 
[2.751s] -- Configuring done
[2.787s] -- Generating done
[2.797s] -- Build files have been written to: /home/zxcx/new_naw/build/esdf
[2.815s] Invoked command in '/home/zxcx/new_naw/build/esdf' returned '0': CMAKE_PREFIX_PATH=/home/zxcx/new_naw/install/custom_msgs:/home/zxcx/new_naw/install/livox_ros_driver2:/home/zxcx/new_naw/install/controller:/opt/ros/humble LD_LIBRARY_PATH=/home/zxcx/new_naw/install/custom_msgs/lib:/home/zxcx/new_naw/install/livox_ros_driver2/lib:/usr/lib/x86_64-linux-gnu/gazebo-11/plugins:/opt/ros/humble/opt/rviz_ogre_vendor/lib:/opt/ros/humble/lib/x86_64-linux-gnu:/opt/ros/humble/lib /usr/bin/cmake /home/zxcx/new_naw/esdf -DCMAKE_BUILD_TYPE=Release -DCMAKE_INSTALL_PREFIX=/home/zxcx/new_naw/install/esdf
[2.817s] Invoking command in '/home/zxcx/new_naw/build/esdf': CMAKE_PREFIX_PATH=/home/zxcx/new_naw/install/custom_msgs:/home/zxcx/new_naw/install/livox_ros_driver2:/home/zxcx/new_naw/install/controller:/opt/ros/humble LD_LIBRARY_PATH=/home/zxcx/new_naw/install/custom_msgs/lib:/home/zxcx/new_naw/install/livox_ros_driver2/lib:/usr/lib/x86_64-linux-gnu/gazebo-11/plugins:/opt/ros/humble/opt/rviz_ogre_vendor/lib:/opt/ros/humble/lib/x86_64-linux-gnu:/opt/ros/humble/lib /usr/bin/cmake --build /home/zxcx/new_naw/build/esdf -- -j32 -l32
[2.859s] [ 12%] [32mBuilding CXX object CMakeFiles/esdf_map_lib.dir/src/sliding_map.cpp.o[0m
[2.859s] [ 25%] [32mBuilding CXX object CMakeFiles/esdf_map_lib.dir/src/feasible_map.cpp.o[0m
[2.860s] [ 37%] [32mBuilding CXX object CMakeFiles/esdf_map_lib.dir/src/esdf_map.cpp.o[0m
[5.264s] [ 50%] [32m[1mLinking CXX static library libesdf_map_lib.a[0m
[5.285s] [ 50%] Built target esdf_map_lib
[5.299s] [ 62%] [32mBuilding CXX object CMakeFiles/esdf_test.dir/src/test.cpp.o[0m
[5.299s] [ 75%] [32mBuilding CXX object CMakeFiles/esdf_node.dir/src/esdf_node.cpp.o[0m
[8.545s] [ 87%] [32m[1mLinking CXX executable esdf_test[0m
[9.054s] [ 87%] Built target esdf_test
[16.493s] [100%] [32m[1mLinking CXX executable esdf_node[0m
[16.979s] [100%] Built target esdf_node
[16.988s] Invoked command in '/home/zxcx/new_naw/build/esdf' returned '0': CMAKE_PREFIX_PATH=/home/zxcx/new_naw/install/custom_msgs:/home/zxcx/new_naw/install/livox_ros_driver2:/home/zxcx/new_naw/install/controller:/opt/ros/humble LD_LIBRARY_PATH=/home/zxcx/new_naw/install/custom_msgs/lib:/home/zxcx/new_naw/install/livox_ros_driver2/lib:/usr/lib/x86_64-linux-gnu/gazebo-11/plugins:/opt/ros/humble/opt/rviz_ogre_vendor/lib:/opt/ros/humble/lib/x86_64-linux-gnu:/opt/ros/humble/lib /usr/bin/cmake --build /home/zxcx/new_naw/build/esdf -- -j32 -l32
[16.989s] Invoking command in '/home/zxcx/new_naw/build/esdf': CMAKE_PREFIX_PATH=/home/zxcx/new_naw/install/custom_msgs:/home/zxcx/new_naw/install/livox_ros_driver2:/home/zxcx/new_naw/install/controller:/opt/ros/humble LD_LIBRARY_PATH=/home/zxcx/new_naw/install/custom_msgs/lib:/home/zxcx/new_naw/install/livox_ros_driver2/lib:/usr/lib/x86_64-linux-gnu/gazebo-11/plugins:/opt/ros/humble/opt/rviz_ogre_vendor/lib:/opt/ros/humble/lib/x86_64-linux-gnu:/opt/ros/humble/lib /usr/bin/cmake --install /home/zxcx/new_naw/build/esdf
[16.994s] -- Install configuration: "Release"
[16.994s] -- Installing: /home/zxcx/new_naw/install/esdf/lib/esdf/esdf_node
[16.996s] -- Set runtime path of "/home/zxcx/new_naw/install/esdf/lib/esdf/esdf_node" to ""
[16.996s] -- Installing: /home/zxcx/new_naw/install/esdf/lib/esdf/esdf_test
[16.996s] -- Installing: /home/zxcx/new_naw/install/esdf/share/ament_index/resource_index/package_run_dependencies/esdf
[16.996s] -- Installing: /home/zxcx/new_naw/install/esdf/share/ament_index/resource_index/parent_prefix_path/esdf
[16.996s] -- Installing: /home/zxcx/new_naw/install/esdf/share/esdf/environment/ament_prefix_path.sh
[16.996s] -- Installing: /home/zxcx/new_naw/install/esdf/share/esdf/environment/ament_prefix_path.dsv
[16.996s] -- Installing: /home/zxcx/new_naw/install/esdf/share/esdf/environment/path.sh
[16.997s] -- Installing: /home/zxcx/new_naw/install/esdf/share/esdf/environment/path.dsv
[16.997s] -- Installing: /home/zxcx/new_naw/install/esdf/share/esdf/local_setup.bash
[16.997s] -- Installing: /home/zxcx/new_naw/install/esdf/share/esdf/local_setup.sh
[16.997s] -- Installing: /home/zxcx/new_naw/install/esdf/share/esdf/local_setup.zsh
[16.997s] -- Installing: /home/zxcx/new_naw/install/esdf/share/esdf/local_setup.dsv
[16.997s] -- Installing: /home/zxcx/new_naw/install/esdf/share/esdf/package.dsv
[16.997s] -- Installing: /home/zxcx/new_naw/install/esdf/share/ament_index/resource_index/packages/esdf
[16.997s] -- Installing: /home/zxcx/new_naw/install/esdf/share/esdf/cmake/esdfConfig.cmake
[16.997s] -- Installing: /home/zxcx/new_naw/install/esdf/share/esdf/cmake/esdfConfig-version.cmake
[16.998s] -- Installing: /home/zxcx/new_naw/install/esdf/share/esdf/package.xml
[16.999s] Invoked command in '/home/zxcx/new_naw/build/esdf' returned '0': CMAKE_PREFIX_PATH=/home/zxcx/new_naw/install/custom_msgs:/home/zxcx/new_naw/install/livox_ros_driver2:/home/zxcx/new_naw/install/controller:/opt/ros/humble LD_LIBRARY_PATH=/home/zxcx/new_naw/install/custom_msgs/lib:/home/zxcx/new_naw/install/livox_ros_driver2/lib:/usr/lib/x86_64-linux-gnu/gazebo-11/plugins:/opt/ros/humble/opt/rviz_ogre_vendor/lib:/opt/ros/humble/lib/x86_64-linux-gnu:/opt/ros/humble/lib /usr/bin/cmake --install /home/zxcx/new_naw/build/esdf
