-- Found ament_cmake: 1.3.14 (/opt/ros/humble/share/ament_cmake/cmake)
-- Found rclcpp: 16.0.19 (/opt/ros/humble/share/rclcpp/cmake)
-- Found rosidl_generator_c: 3.1.8 (/opt/ros/humble/share/rosidl_generator_c/cmake)
-- Found rosidl_adapter: 3.1.8 (/opt/ros/humble/share/rosidl_adapter/cmake)
-- Found rosidl_generator_cpp: 3.1.8 (/opt/ros/humble/share/rosidl_generator_cpp/cmake)
-- Using all available rosidl_typesupport_c: rosidl_typesupport_fastrtps_c;rosidl_typesupport_introspection_c
-- Using all available rosidl_typesupport_cpp: rosidl_typesupport_fastrtps_cpp;rosidl_typesupport_introspection_cpp
-- Found rmw_implementation_cmake: 6.1.2 (/opt/ros/humble/share/rmw_implementation_cmake/cmake)
-- Found rmw_fastrtps_cpp: 6.2.10 (/opt/ros/humble/share/rmw_fastrtps_cpp/cmake)
-- Using RMW implementation 'rmw_fastrtps_cpp' as default
-- Found custom_msgs: 0.0.0 (/home/zxcx/new_naw/install/custom_msgs/share/custom_msgs/cmake)
-- Configuring done
-- Generating done
-- Build files have been written to: /home/zxcx/new_naw/build/algo_master
Consolidate compiler generated dependencies of target algo_master
[ 33%] Building CXX object CMakeFiles/algo_master.dir/src/algo_master_node.cpp.o
[ 66%] Linking CXX executable algo_master
[100%] Built target algo_master
-- Install configuration: "Release"
-- Installing: /home/zxcx/new_naw/install/algo_master/lib/algo_master/algo_master
-- Set runtime path of "/home/zxcx/new_naw/install/algo_master/lib/algo_master/algo_master" to ""
-- Up-to-date: /home/zxcx/new_naw/install/algo_master/share/ament_index/resource_index/package_run_dependencies/algo_master
-- Installing: /home/zxcx/new_naw/install/algo_master/share/ament_index/resource_index/parent_prefix_path/algo_master
-- Up-to-date: /home/zxcx/new_naw/install/algo_master/share/algo_master/environment/ament_prefix_path.sh
-- Installing: /home/zxcx/new_naw/install/algo_master/share/algo_master/environment/ament_prefix_path.dsv
-- Up-to-date: /home/zxcx/new_naw/install/algo_master/share/algo_master/environment/path.sh
-- Installing: /home/zxcx/new_naw/install/algo_master/share/algo_master/environment/path.dsv
-- Up-to-date: /home/zxcx/new_naw/install/algo_master/share/algo_master/local_setup.bash
-- Up-to-date: /home/zxcx/new_naw/install/algo_master/share/algo_master/local_setup.sh
-- Up-to-date: /home/zxcx/new_naw/install/algo_master/share/algo_master/local_setup.zsh
-- Installing: /home/zxcx/new_naw/install/algo_master/share/algo_master/local_setup.dsv
-- Installing: /home/zxcx/new_naw/install/algo_master/share/algo_master/package.dsv
-- Up-to-date: /home/zxcx/new_naw/install/algo_master/share/ament_index/resource_index/packages/algo_master
-- Up-to-date: /home/zxcx/new_naw/install/algo_master/share/algo_master/cmake/algo_masterConfig.cmake
-- Up-to-date: /home/zxcx/new_naw/install/algo_master/share/algo_master/cmake/algo_masterConfig-version.cmake
-- Up-to-date: /home/zxcx/new_naw/install/algo_master/share/algo_master/package.xml
