[0.008s] Invoking command in '/home/zxcx/new_naw/build/algo_master': AMENT_PREFIX_PATH=/home/zxcx/new_naw/install/custom_msgs:${AMENT_PREFIX_PATH} CMAKE_PREFIX_PATH=/home/zxcx/new_naw/install/custom_msgs:/opt/ros/humble LD_LIBRARY_PATH=/home/zxcx/new_naw/install/custom_msgs/lib:${LD_LIBRARY_PATH} PYTHONPATH=/home/zxcx/new_naw/install/custom_msgs/local/lib/python3.10/dist-packages:${PYTHONPATH} /usr/bin/cmake /home/zxcx/new_naw/algo_master -DCMAKE_INSTALL_PREFIX=/home/zxcx/new_naw/install/algo_master
[0.016s] -- Found ament_cmake: 1.3.14 (/opt/ros/humble/share/ament_cmake/cmake)
[0.088s] -- Found rclcpp: 16.0.19 (/opt/ros/humble/share/rclcpp/cmake)
[0.105s] -- Found rosidl_generator_c: 3.1.8 (/opt/ros/humble/share/rosidl_generator_c/cmake)
[0.106s] -- Found rosidl_adapter: 3.1.8 (/opt/ros/humble/share/rosidl_adapter/cmake)
[0.109s] -- Found rosidl_generator_cpp: 3.1.8 (/opt/ros/humble/share/rosidl_generator_cpp/cmake)
[0.114s] -- Using all available rosidl_typesupport_c: rosidl_typesupport_fastrtps_c;rosidl_typesupport_introspection_c
[0.120s] -- Using all available rosidl_typesupport_cpp: rosidl_typesupport_fastrtps_cpp;rosidl_typesupport_introspection_cpp
[0.142s] -- Found rmw_implementation_cmake: 6.1.2 (/opt/ros/humble/share/rmw_implementation_cmake/cmake)
[0.143s] -- Found rmw_fastrtps_cpp: 6.2.10 (/opt/ros/humble/share/rmw_fastrtps_cpp/cmake)
[0.216s] -- Using RMW implementation 'rmw_fastrtps_cpp' as default
[0.247s] -- Found custom_msgs: 0.0.0 (/home/zxcx/new_naw/install/custom_msgs/share/custom_msgs/cmake)
[0.295s] -- Configuring done
[0.301s] -- Generating done
[0.303s] -- Build files have been written to: /home/zxcx/new_naw/build/algo_master
[0.309s] Invoked command in '/home/zxcx/new_naw/build/algo_master' returned '0': AMENT_PREFIX_PATH=/home/zxcx/new_naw/install/custom_msgs:${AMENT_PREFIX_PATH} CMAKE_PREFIX_PATH=/home/zxcx/new_naw/install/custom_msgs:/opt/ros/humble LD_LIBRARY_PATH=/home/zxcx/new_naw/install/custom_msgs/lib:${LD_LIBRARY_PATH} PYTHONPATH=/home/zxcx/new_naw/install/custom_msgs/local/lib/python3.10/dist-packages:${PYTHONPATH} /usr/bin/cmake /home/zxcx/new_naw/algo_master -DCMAKE_INSTALL_PREFIX=/home/zxcx/new_naw/install/algo_master
[0.310s] Invoking command in '/home/zxcx/new_naw/build/algo_master': AMENT_PREFIX_PATH=/home/zxcx/new_naw/install/custom_msgs:${AMENT_PREFIX_PATH} CMAKE_PREFIX_PATH=/home/zxcx/new_naw/install/custom_msgs:/opt/ros/humble LD_LIBRARY_PATH=/home/zxcx/new_naw/install/custom_msgs/lib:${LD_LIBRARY_PATH} PYTHONPATH=/home/zxcx/new_naw/install/custom_msgs/local/lib/python3.10/dist-packages:${PYTHONPATH} /usr/bin/cmake --build /home/zxcx/new_naw/build/algo_master -- -j32 -l32
[0.341s] Consolidate compiler generated dependencies of target algo_master
[0.357s] [ 33%] Building CXX object CMakeFiles/algo_master.dir/src/algo_master_node.cpp.o
[8.023s] [ 66%] Linking CXX executable algo_master
[8.125s] [100%] Built target algo_master
[17.737s] Invoked command in '/home/zxcx/new_naw/build/algo_master' returned '0': AMENT_PREFIX_PATH=/home/zxcx/new_naw/install/custom_msgs:${AMENT_PREFIX_PATH} CMAKE_PREFIX_PATH=/home/zxcx/new_naw/install/custom_msgs:/opt/ros/humble LD_LIBRARY_PATH=/home/zxcx/new_naw/install/custom_msgs/lib:${LD_LIBRARY_PATH} PYTHONPATH=/home/zxcx/new_naw/install/custom_msgs/local/lib/python3.10/dist-packages:${PYTHONPATH} /usr/bin/cmake --build /home/zxcx/new_naw/build/algo_master -- -j32 -l32
[17.738s] Invoking command in '/home/zxcx/new_naw/build/algo_master': AMENT_PREFIX_PATH=/home/zxcx/new_naw/install/custom_msgs:${AMENT_PREFIX_PATH} CMAKE_PREFIX_PATH=/home/zxcx/new_naw/install/custom_msgs:/opt/ros/humble LD_LIBRARY_PATH=/home/zxcx/new_naw/install/custom_msgs/lib:${LD_LIBRARY_PATH} PYTHONPATH=/home/zxcx/new_naw/install/custom_msgs/local/lib/python3.10/dist-packages:${PYTHONPATH} /usr/bin/cmake --install /home/zxcx/new_naw/build/algo_master
[17.744s] -- Install configuration: "Release"
[17.744s] -- Installing: /home/zxcx/new_naw/install/algo_master/lib/algo_master/algo_master
[17.745s] -- Set runtime path of "/home/zxcx/new_naw/install/algo_master/lib/algo_master/algo_master" to ""
[17.746s] -- Up-to-date: /home/zxcx/new_naw/install/algo_master/share/ament_index/resource_index/package_run_dependencies/algo_master
[17.746s] -- Installing: /home/zxcx/new_naw/install/algo_master/share/ament_index/resource_index/parent_prefix_path/algo_master
[17.746s] -- Up-to-date: /home/zxcx/new_naw/install/algo_master/share/algo_master/environment/ament_prefix_path.sh
[17.746s] -- Installing: /home/zxcx/new_naw/install/algo_master/share/algo_master/environment/ament_prefix_path.dsv
[17.746s] -- Up-to-date: /home/zxcx/new_naw/install/algo_master/share/algo_master/environment/path.sh
[17.746s] -- Installing: /home/zxcx/new_naw/install/algo_master/share/algo_master/environment/path.dsv
[17.746s] -- Up-to-date: /home/zxcx/new_naw/install/algo_master/share/algo_master/local_setup.bash
[17.746s] -- Up-to-date: /home/zxcx/new_naw/install/algo_master/share/algo_master/local_setup.sh
[17.746s] -- Up-to-date: /home/zxcx/new_naw/install/algo_master/share/algo_master/local_setup.zsh
[17.746s] -- Installing: /home/zxcx/new_naw/install/algo_master/share/algo_master/local_setup.dsv
[17.746s] -- Installing: /home/zxcx/new_naw/install/algo_master/share/algo_master/package.dsv
[17.746s] -- Up-to-date: /home/zxcx/new_naw/install/algo_master/share/ament_index/resource_index/packages/algo_master
[17.746s] -- Up-to-date: /home/zxcx/new_naw/install/algo_master/share/algo_master/cmake/algo_masterConfig.cmake
[17.746s] -- Up-to-date: /home/zxcx/new_naw/install/algo_master/share/algo_master/cmake/algo_masterConfig-version.cmake
[17.746s] -- Up-to-date: /home/zxcx/new_naw/install/algo_master/share/algo_master/package.xml
[17.747s] Invoked command in '/home/zxcx/new_naw/build/algo_master' returned '0': AMENT_PREFIX_PATH=/home/zxcx/new_naw/install/custom_msgs:${AMENT_PREFIX_PATH} CMAKE_PREFIX_PATH=/home/zxcx/new_naw/install/custom_msgs:/opt/ros/humble LD_LIBRARY_PATH=/home/zxcx/new_naw/install/custom_msgs/lib:${LD_LIBRARY_PATH} PYTHONPATH=/home/zxcx/new_naw/install/custom_msgs/local/lib/python3.10/dist-packages:${PYTHONPATH} /usr/bin/cmake --install /home/zxcx/new_naw/build/algo_master
