[0.008s] Invoking command in '/home/zxcx/new_naw/build/relocation': AMENT_PREFIX_PATH=/home/zxcx/new_naw/install/custom_msgs:${AMENT_PREFIX_PATH} CMAKE_PREFIX_PATH=/home/zxcx/new_naw/install/custom_msgs:/opt/ros/humble LD_LIBRARY_PATH=/home/zxcx/new_naw/install/custom_msgs/lib:${LD_LIBRARY_PATH} PYTHONPATH=/home/zxcx/new_naw/install/custom_msgs/local/lib/python3.10/dist-packages:${PYTHONPATH} /usr/bin/cmake --build /home/zxcx/new_naw/build/relocation -- -j32 -l32
[0.055s] [ 60%] Built target relocation_core
[0.073s] Consolidate compiler generated dependencies of target test_node
[0.081s] [ 70%] Building CXX object CMakeFiles/relocation_node.dir/src/relocation_node.cpp.o
[0.085s] [ 80%] Building CXX object CMakeFiles/test_node.dir/src/test.cpp.o
[3.989s] /home/zxcx/new_naw/relocation/src/relocation_node.cpp: In constructor ‘relocation::RelocationNode::RelocationNode()’:
[3.989s] /home/zxcx/new_naw/relocation/src/relocation_node.cpp:727:10: warning: ‘relocation::RelocationNode::trigger_reloc_’ will be initialized after [-Wreorder]
[3.989s]   727 |     bool trigger_reloc_;
[3.989s]       |          ^~~~~~~~~~~~~~
[3.989s] /home/zxcx/new_naw/relocation/src/relocation_node.cpp:721:10: warning:   ‘bool relocation::RelocationNode::map_initialized_’ [-Wreorder]
[3.989s]   721 |     bool map_initialized_;
[3.989s]       |          ^~~~~~~~~~~~~~~~
[3.989s] /home/zxcx/new_naw/relocation/src/relocation_node.cpp:116:5: warning:   when initialized here [-Wreorder]
[3.989s]   116 |     RelocationNode() : Node(node_name), is_relocated_(false), trigger_reloc_(true), map_initialized_(false), has_cached_grid_(false), accumulated_frames_(0), initial_gimbal_yaw_(0.0)
[3.989s]       |     ^~~~~~~~~~~~~~
[4.169s] Linking CXX executable test_node
[4.627s] Built target test_node
[20.137s] Linking CXX executable relocation_node
[20.644s] Built target relocation_node
[20.653s] Invoked command in '/home/zxcx/new_naw/build/relocation' returned '0': AMENT_PREFIX_PATH=/home/zxcx/new_naw/install/custom_msgs:${AMENT_PREFIX_PATH} CMAKE_PREFIX_PATH=/home/zxcx/new_naw/install/custom_msgs:/opt/ros/humble LD_LIBRARY_PATH=/home/zxcx/new_naw/install/custom_msgs/lib:${LD_LIBRARY_PATH} PYTHONPATH=/home/zxcx/new_naw/install/custom_msgs/local/lib/python3.10/dist-packages:${PYTHONPATH} /usr/bin/cmake --build /home/zxcx/new_naw/build/relocation -- -j32 -l32
[20.660s] Invoking command in '/home/zxcx/new_naw/build/relocation': AMENT_PREFIX_PATH=/home/zxcx/new_naw/install/custom_msgs:${AMENT_PREFIX_PATH} CMAKE_PREFIX_PATH=/home/zxcx/new_naw/install/custom_msgs:/opt/ros/humble LD_LIBRARY_PATH=/home/zxcx/new_naw/install/custom_msgs/lib:${LD_LIBRARY_PATH} PYTHONPATH=/home/zxcx/new_naw/install/custom_msgs/local/lib/python3.10/dist-packages:${PYTHONPATH} /usr/bin/cmake --install /home/zxcx/new_naw/build/relocation
[20.665s] -- Install configuration: "Release"
[20.665s] -- Up-to-date: /home/zxcx/new_naw/install/relocation/lib/librelocation_core.so
[20.666s] -- Installing: /home/zxcx/new_naw/install/relocation/lib/relocation/test_node
[20.666s] -- Set runtime path of "/home/zxcx/new_naw/install/relocation/lib/relocation/test_node" to ""
[20.666s] -- Installing: /home/zxcx/new_naw/install/relocation/lib/relocation/relocation_node
[20.670s] -- Set runtime path of "/home/zxcx/new_naw/install/relocation/lib/relocation/relocation_node" to ""
[20.670s] -- Up-to-date: /home/zxcx/new_naw/install/relocation/include
[20.670s] -- Up-to-date: /home/zxcx/new_naw/install/relocation/include/relocation
[20.670s] -- Up-to-date: /home/zxcx/new_naw/install/relocation/include/relocation/kd_tree.hpp
[20.670s] -- Up-to-date: /home/zxcx/new_naw/install/relocation/include/relocation/ann_kdtree.hpp
[20.670s] -- Up-to-date: /home/zxcx/new_naw/install/relocation/include/relocation/iris.hpp
[20.670s] -- Up-to-date: /home/zxcx/new_naw/install/relocation/include/relocation/icp.hpp
[20.670s] -- Up-to-date: /home/zxcx/new_naw/install/relocation/include/relocation/location.hpp
[20.670s] -- Up-to-date: /home/zxcx/new_naw/install/relocation/share/relocation/PCD
[20.670s] -- Up-to-date: /home/zxcx/new_naw/install/relocation/share/relocation/PCD/RMUC_2026.pcd
[20.670s] -- Up-to-date: /home/zxcx/new_naw/install/relocation/share/relocation/PCD/readme.md
[20.670s] -- Up-to-date: /home/zxcx/new_naw/install/relocation/share/relocation/PCD/rmuc_2025.pcd
[20.670s] -- Up-to-date: /home/zxcx/new_naw/install/relocation/share/relocation/PCD/1.pcd
[20.671s] -- Up-to-date: /home/zxcx/new_naw/install/relocation/share/ament_index/resource_index/package_run_dependencies/relocation
[20.671s] -- Up-to-date: /home/zxcx/new_naw/install/relocation/share/ament_index/resource_index/parent_prefix_path/relocation
[20.671s] -- Up-to-date: /home/zxcx/new_naw/install/relocation/share/relocation/environment/ament_prefix_path.sh
[20.671s] -- Up-to-date: /home/zxcx/new_naw/install/relocation/share/relocation/environment/ament_prefix_path.dsv
[20.671s] -- Up-to-date: /home/zxcx/new_naw/install/relocation/share/relocation/environment/path.sh
[20.671s] -- Up-to-date: /home/zxcx/new_naw/install/relocation/share/relocation/environment/path.dsv
[20.671s] -- Up-to-date: /home/zxcx/new_naw/install/relocation/share/relocation/local_setup.bash
[20.671s] -- Up-to-date: /home/zxcx/new_naw/install/relocation/share/relocation/local_setup.sh
[20.671s] -- Up-to-date: /home/zxcx/new_naw/install/relocation/share/relocation/local_setup.zsh
[20.671s] -- Up-to-date: /home/zxcx/new_naw/install/relocation/share/relocation/local_setup.dsv
[20.671s] -- Installing: /home/zxcx/new_naw/install/relocation/share/relocation/package.dsv
[20.671s] -- Up-to-date: /home/zxcx/new_naw/install/relocation/share/ament_index/resource_index/packages/relocation
[20.671s] -- Up-to-date: /home/zxcx/new_naw/install/relocation/share/relocation/cmake/relocationConfig.cmake
[20.671s] -- Up-to-date: /home/zxcx/new_naw/install/relocation/share/relocation/cmake/relocationConfig-version.cmake
[20.671s] -- Up-to-date: /home/zxcx/new_naw/install/relocation/share/relocation/package.xml
[30.010s] Invoked command in '/home/zxcx/new_naw/build/relocation' returned '0': AMENT_PREFIX_PATH=/home/zxcx/new_naw/install/custom_msgs:${AMENT_PREFIX_PATH} CMAKE_PREFIX_PATH=/home/zxcx/new_naw/install/custom_msgs:/opt/ros/humble LD_LIBRARY_PATH=/home/zxcx/new_naw/install/custom_msgs/lib:${LD_LIBRARY_PATH} PYTHONPATH=/home/zxcx/new_naw/install/custom_msgs/local/lib/python3.10/dist-packages:${PYTHONPATH} /usr/bin/cmake --install /home/zxcx/new_naw/build/relocation
