[0.018s] Invoking command in '/home/zxcx/new_naw/build/esdf': AMENT_PREFIX_PATH=/home/zxcx/new_naw/install/custom_msgs:${AMENT_PREFIX_PATH} CMAKE_PREFIX_PATH=/home/zxcx/new_naw/install/custom_msgs:/opt/ros/humble LD_LIBRARY_PATH=/home/zxcx/new_naw/install/custom_msgs/lib:${LD_LIBRARY_PATH} PYTHONPATH=/home/zxcx/new_naw/install/custom_msgs/local/lib/python3.10/dist-packages:${PYTHONPATH} /usr/bin/cmake /home/zxcx/new_naw/esdf -DCMAKE_BUILD_TYPE=Release -DCMAKE_INSTALL_PREFIX=/home/zxcx/new_naw/install/esdf
[0.026s] -- Found ament_cmake: 1.3.14 (/opt/ros/humble/share/ament_cmake/cmake)
[0.102s] -- Found rclcpp: 16.0.19 (/opt/ros/humble/share/rclcpp/cmake)
[0.117s] -- Found rosidl_generator_c: 3.1.8 (/opt/ros/humble/share/rosidl_generator_c/cmake)
[0.119s] -- Found rosidl_adapter: 3.1.8 (/opt/ros/humble/share/rosidl_adapter/cmake)
[0.122s] -- Found rosidl_generator_cpp: 3.1.8 (/opt/ros/humble/share/rosidl_generator_cpp/cmake)
[0.127s] -- Using all available rosidl_typesupport_c: rosidl_typesupport_fastrtps_c;rosidl_typesupport_introspection_c
[0.134s] -- Using all available rosidl_typesupport_cpp: rosidl_typesupport_fastrtps_cpp;rosidl_typesupport_introspection_cpp
[0.151s] -- Found rmw_implementation_cmake: 6.1.2 (/opt/ros/humble/share/rmw_implementation_cmake/cmake)
[0.152s] -- Found rmw_fastrtps_cpp: 6.2.10 (/opt/ros/humble/share/rmw_fastrtps_cpp/cmake)
[0.220s] -- Using RMW implementation 'rmw_fastrtps_cpp' as default
[0.252s] -- Found sensor_msgs: 4.9.1 (/opt/ros/humble/share/sensor_msgs/cmake)
[0.271s] -- Found nav_msgs: 4.9.1 (/opt/ros/humble/share/nav_msgs/cmake)
[0.280s] -- Found pcl_conversions: 2.4.5 (/opt/ros/humble/share/pcl_conversions/cmake)
[0.302s] -- Eigen found (include: /usr/include/eigen3, version: 3.4.0)
[0.324s] -- FLANN found (include: /usr/include, lib: /usr/lib/x86_64-linux-gnu/libflann_cpp.so)
[0.514s] -- OpenNI found (version: 1.5.4.0, include: /usr/include/ni, lib: /usr/lib/libOpenNI.so;libusb::libusb)
[0.517s] -- OpenNI2 found (version: 2.2.0.33, include: /usr/include/openni2, lib: /usr/lib/x86_64-linux-gnu/libOpenNI2.so;libusb::libusb)
[0.606s] -- Eigen found (include: /usr/include/eigen3, version: 3.4.0)
[0.610s] -- OpenNI found (version: 1.5.4.0, include: /usr/include/ni, lib: /usr/lib/libOpenNI.so;libusb::libusb)
[0.615s] -- OpenNI2 found (version: 2.2.0.33, include: /usr/include/openni2, lib: /usr/lib/x86_64-linux-gnu/libOpenNI2.so;libusb::libusb)
[0.700s] -- Found Qhull version 8.0.2
[0.790s] -- OpenNI found (version: 1.5.4.0, include: /usr/include/ni, lib: /usr/lib/libOpenNI.so;libusb::libusb)
[0.878s] -- Found custom_msgs: 0.0.0 (/home/zxcx/new_naw/install/custom_msgs/share/custom_msgs/cmake)
[0.884s] [33mCMake Warning (dev) at CMakeLists.txt:14 (find_package):
[0.884s]   Policy CMP0074 is not set: find_package uses <PackageName>_ROOT variables.
[0.884s]   Run "cmake --help-policy CMP0074" for policy details.  Use the cmake_policy
[0.884s]   command to set the policy and suppress this warning.
[0.884s] 
[0.884s]   CMake variable PCL_ROOT is set to:
[0.884s] 
[0.884s]     /usr
[0.884s] 
[0.885s]   For compatibility, CMake is ignoring the variable.
[0.885s] This warning is for project developers.  Use -Wno-dev to suppress it.
[0.885s] [0m
[0.933s] -- Configuring done
[0.966s] -- Generating done
[0.974s] -- Build files have been written to: /home/zxcx/new_naw/build/esdf
[0.984s] Invoked command in '/home/zxcx/new_naw/build/esdf' returned '0': AMENT_PREFIX_PATH=/home/zxcx/new_naw/install/custom_msgs:${AMENT_PREFIX_PATH} CMAKE_PREFIX_PATH=/home/zxcx/new_naw/install/custom_msgs:/opt/ros/humble LD_LIBRARY_PATH=/home/zxcx/new_naw/install/custom_msgs/lib:${LD_LIBRARY_PATH} PYTHONPATH=/home/zxcx/new_naw/install/custom_msgs/local/lib/python3.10/dist-packages:${PYTHONPATH} /usr/bin/cmake /home/zxcx/new_naw/esdf -DCMAKE_BUILD_TYPE=Release -DCMAKE_INSTALL_PREFIX=/home/zxcx/new_naw/install/esdf
[0.986s] Invoking command in '/home/zxcx/new_naw/build/esdf': AMENT_PREFIX_PATH=/home/zxcx/new_naw/install/custom_msgs:${AMENT_PREFIX_PATH} CMAKE_PREFIX_PATH=/home/zxcx/new_naw/install/custom_msgs:/opt/ros/humble LD_LIBRARY_PATH=/home/zxcx/new_naw/install/custom_msgs/lib:${LD_LIBRARY_PATH} PYTHONPATH=/home/zxcx/new_naw/install/custom_msgs/local/lib/python3.10/dist-packages:${PYTHONPATH} /usr/bin/cmake --build /home/zxcx/new_naw/build/esdf -- -j32 -l32
[1.016s] [35m[1mConsolidate compiler generated dependencies of target esdf_map_lib[0m
[1.034s] [ 50%] Built target esdf_map_lib
[1.043s] [35m[1mConsolidate compiler generated dependencies of target esdf_test[0m
[1.043s] [35m[1mConsolidate compiler generated dependencies of target esdf_node[0m
[1.060s] [ 75%] Built target esdf_test
[1.064s] [100%] Built target esdf_node
[1.072s] Invoked command in '/home/zxcx/new_naw/build/esdf' returned '0': AMENT_PREFIX_PATH=/home/zxcx/new_naw/install/custom_msgs:${AMENT_PREFIX_PATH} CMAKE_PREFIX_PATH=/home/zxcx/new_naw/install/custom_msgs:/opt/ros/humble LD_LIBRARY_PATH=/home/zxcx/new_naw/install/custom_msgs/lib:${LD_LIBRARY_PATH} PYTHONPATH=/home/zxcx/new_naw/install/custom_msgs/local/lib/python3.10/dist-packages:${PYTHONPATH} /usr/bin/cmake --build /home/zxcx/new_naw/build/esdf -- -j32 -l32
[1.073s] Invoking command in '/home/zxcx/new_naw/build/esdf': AMENT_PREFIX_PATH=/home/zxcx/new_naw/install/custom_msgs:${AMENT_PREFIX_PATH} CMAKE_PREFIX_PATH=/home/zxcx/new_naw/install/custom_msgs:/opt/ros/humble LD_LIBRARY_PATH=/home/zxcx/new_naw/install/custom_msgs/lib:${LD_LIBRARY_PATH} PYTHONPATH=/home/zxcx/new_naw/install/custom_msgs/local/lib/python3.10/dist-packages:${PYTHONPATH} /usr/bin/cmake --install /home/zxcx/new_naw/build/esdf
[1.078s] -- Install configuration: "Release"
[1.078s] -- Up-to-date: /home/zxcx/new_naw/install/esdf/lib/esdf/esdf_node
[1.079s] -- Up-to-date: /home/zxcx/new_naw/install/esdf/lib/esdf/esdf_test
[1.079s] -- Up-to-date: /home/zxcx/new_naw/install/esdf/share/ament_index/resource_index/package_run_dependencies/esdf
[1.079s] -- Up-to-date: /home/zxcx/new_naw/install/esdf/share/ament_index/resource_index/parent_prefix_path/esdf
[1.079s] -- Up-to-date: /home/zxcx/new_naw/install/esdf/share/esdf/environment/ament_prefix_path.sh
[1.079s] -- Installing: /home/zxcx/new_naw/install/esdf/share/esdf/environment/ament_prefix_path.dsv
[1.079s] -- Up-to-date: /home/zxcx/new_naw/install/esdf/share/esdf/environment/path.sh
[1.079s] -- Installing: /home/zxcx/new_naw/install/esdf/share/esdf/environment/path.dsv
[1.079s] -- Up-to-date: /home/zxcx/new_naw/install/esdf/share/esdf/local_setup.bash
[1.079s] -- Up-to-date: /home/zxcx/new_naw/install/esdf/share/esdf/local_setup.sh
[1.079s] -- Up-to-date: /home/zxcx/new_naw/install/esdf/share/esdf/local_setup.zsh
[1.079s] -- Installing: /home/zxcx/new_naw/install/esdf/share/esdf/local_setup.dsv
[1.079s] -- Installing: /home/zxcx/new_naw/install/esdf/share/esdf/package.dsv
[1.079s] -- Up-to-date: /home/zxcx/new_naw/install/esdf/share/ament_index/resource_index/packages/esdf
[1.079s] -- Up-to-date: /home/zxcx/new_naw/install/esdf/share/esdf/cmake/esdfConfig.cmake
[1.079s] -- Up-to-date: /home/zxcx/new_naw/install/esdf/share/esdf/cmake/esdfConfig-version.cmake
[1.079s] -- Up-to-date: /home/zxcx/new_naw/install/esdf/share/esdf/package.xml
[1.081s] Invoked command in '/home/zxcx/new_naw/build/esdf' returned '0': AMENT_PREFIX_PATH=/home/zxcx/new_naw/install/custom_msgs:${AMENT_PREFIX_PATH} CMAKE_PREFIX_PATH=/home/zxcx/new_naw/install/custom_msgs:/opt/ros/humble LD_LIBRARY_PATH=/home/zxcx/new_naw/install/custom_msgs/lib:${LD_LIBRARY_PATH} PYTHONPATH=/home/zxcx/new_naw/install/custom_msgs/local/lib/python3.10/dist-packages:${PYTHONPATH} /usr/bin/cmake --install /home/zxcx/new_naw/build/esdf
