-- Found ament_cmake: 1.3.14 (/opt/ros/humble/share/ament_cmake/cmake)
-- Found rclcpp: 16.0.19 (/opt/ros/humble/share/rclcpp/cmake)
-- Found rosidl_generator_c: 3.1.8 (/opt/ros/humble/share/rosidl_generator_c/cmake)
-- Found rosidl_adapter: 3.1.8 (/opt/ros/humble/share/rosidl_adapter/cmake)
-- Found rosidl_generator_cpp: 3.1.8 (/opt/ros/humble/share/rosidl_generator_cpp/cmake)
-- Using all available rosidl_typesupport_c: rosidl_typesupport_fastrtps_c;rosidl_typesupport_introspection_c
-- Using all available rosidl_typesupport_cpp: rosidl_typesupport_fastrtps_cpp;rosidl_typesupport_introspection_cpp
-- Found rmw_implementation_cmake: 6.1.2 (/opt/ros/humble/share/rmw_implementation_cmake/cmake)
-- Found rmw_fastrtps_cpp: 6.2.10 (/opt/ros/humble/share/rmw_fastrtps_cpp/cmake)
-- Using RMW implementation 'rmw_fastrtps_cpp' as default
-- Found sensor_msgs: 4.9.1 (/opt/ros/humble/share/sensor_msgs/cmake)
-- Found nav_msgs: 4.9.1 (/opt/ros/humble/share/nav_msgs/cmake)
-- Found pcl_conversions: 2.4.5 (/opt/ros/humble/share/pcl_conversions/cmake)
-- Eigen found (include: /usr/include/eigen3, version: 3.4.0)
-- FLANN found (include: /usr/include, lib: /usr/lib/x86_64-linux-gnu/libflann_cpp.so)
-- OpenNI found (version: 1.5.4.0, include: /usr/include/ni, lib: /usr/lib/libOpenNI.so;libusb::libusb)
-- OpenNI2 found (version: 2.2.0.33, include: /usr/include/openni2, lib: /usr/lib/x86_64-linux-gnu/libOpenNI2.so;libusb::libusb)
-- Eigen found (include: /usr/include/eigen3, version: 3.4.0)
-- OpenNI found (version: 1.5.4.0, include: /usr/include/ni, lib: /usr/lib/libOpenNI.so;libusb::libusb)
-- OpenNI2 found (version: 2.2.0.33, include: /usr/include/openni2, lib: /usr/lib/x86_64-linux-gnu/libOpenNI2.so;libusb::libusb)
-- Found Qhull version 8.0.2
-- OpenNI found (version: 1.5.4.0, include: /usr/include/ni, lib: /usr/lib/libOpenNI.so;libusb::libusb)
-- Found custom_msgs: 0.0.0 (/home/zxcx/new_naw/install/custom_msgs/share/custom_msgs/cmake)
-- Found visualization_msgs: 4.9.1 (/opt/ros/humble/share/visualization_msgs/cmake)
CMake Warning (dev) at CMakeLists.txt:27 (find_package):
  Policy CMP0074 is not set: find_package uses <PackageName>_ROOT variables.
  Run "cmake --help-policy CMP0074" for policy details.  Use the cmake_policy
  command to set the policy and suppress this warning.

  CMake variable PCL_ROOT is set to:

    /usr

  For compatibility, CMake is ignoring the variable.
This warning is for project developers.  Use -Wno-dev to suppress it.

-- Found ament_lint_auto: 0.12.15 (/opt/ros/humble/share/ament_lint_auto/cmake)
-- Added test 'cppcheck' to perform static code analysis on C / C++ code
-- Configured cppcheck include dirs: $<BUILD_INTERFACE:/home/zxcx/new_naw/relocation/include>
-- Configured cppcheck exclude dirs and/or files: 
-- Added test 'lint_cmake' to check CMake code style
-- Added test 'uncrustify' to check C / C++ code style
-- Configured uncrustify additional arguments: 
-- Added test 'xmllint' to check XML markup files
-- Configuring done
-- Generating done
-- Build files have been written to: /home/zxcx/new_naw/build/relocation
Consolidate compiler generated dependencies of target relocation_core
[ 60%] Built target relocation_core
Consolidate compiler generated dependencies of target test_node
Consolidate compiler generated dependencies of target relocation_node
[ 80%] Built target test_node
[ 90%] Building CXX object CMakeFiles/relocation_node.dir/src/relocation_node.cpp.o
/home/zxcx/new_naw/relocation/src/relocation_node.cpp: In constructor ‘relocation::RelocationNode::RelocationNode()’:
/home/zxcx/new_naw/relocation/src/relocation_node.cpp:579:10: warning: ‘relocation::RelocationNode::trigger_reloc_’ will be initialized after [-Wreorder]
  579 |     bool trigger_reloc_;
      |          ^~~~~~~~~~~~~~
/home/zxcx/new_naw/relocation/src/relocation_node.cpp:573:10: warning:   ‘bool relocation::RelocationNode::map_initialized_’ [-Wreorder]
  573 |     bool map_initialized_;
      |          ^~~~~~~~~~~~~~~~
/home/zxcx/new_naw/relocation/src/relocation_node.cpp:50:5: warning:   when initialized here [-Wreorder]
   50 |     RelocationNode() : Node(node_name), is_relocated_(false), trigger_reloc_(true), map_initialized_(false), has_cached_grid_(false), accumulated_frames_(0), initial_gimbal_yaw_(0.0)
      |     ^~~~~~~~~~~~~~
[100%] Linking CXX executable relocation_node
[100%] Built target relocation_node
-- Install configuration: "Release"
-- Up-to-date: /home/zxcx/new_naw/install/relocation/lib/librelocation_core.so
-- Up-to-date: /home/zxcx/new_naw/install/relocation/lib/relocation/test_node
-- Installing: /home/zxcx/new_naw/install/relocation/lib/relocation/relocation_node
-- Set runtime path of "/home/zxcx/new_naw/install/relocation/lib/relocation/relocation_node" to ""
-- Up-to-date: /home/zxcx/new_naw/install/relocation/include
-- Up-to-date: /home/zxcx/new_naw/install/relocation/include/relocation
-- Up-to-date: /home/zxcx/new_naw/install/relocation/include/relocation/kd_tree.hpp
-- Up-to-date: /home/zxcx/new_naw/install/relocation/include/relocation/ann_kdtree.hpp
-- Up-to-date: /home/zxcx/new_naw/install/relocation/include/relocation/iris.hpp
-- Up-to-date: /home/zxcx/new_naw/install/relocation/include/relocation/icp.hpp
-- Up-to-date: /home/zxcx/new_naw/install/relocation/include/relocation/location.hpp
-- Up-to-date: /home/zxcx/new_naw/install/relocation/share/ament_index/resource_index/package_run_dependencies/relocation
-- Up-to-date: /home/zxcx/new_naw/install/relocation/share/ament_index/resource_index/parent_prefix_path/relocation
-- Up-to-date: /home/zxcx/new_naw/install/relocation/share/relocation/environment/ament_prefix_path.sh
-- Installing: /home/zxcx/new_naw/install/relocation/share/relocation/environment/ament_prefix_path.dsv
-- Up-to-date: /home/zxcx/new_naw/install/relocation/share/relocation/environment/path.sh
-- Installing: /home/zxcx/new_naw/install/relocation/share/relocation/environment/path.dsv
-- Up-to-date: /home/zxcx/new_naw/install/relocation/share/relocation/local_setup.bash
-- Up-to-date: /home/zxcx/new_naw/install/relocation/share/relocation/local_setup.sh
-- Up-to-date: /home/zxcx/new_naw/install/relocation/share/relocation/local_setup.zsh
-- Installing: /home/zxcx/new_naw/install/relocation/share/relocation/local_setup.dsv
-- Installing: /home/zxcx/new_naw/install/relocation/share/relocation/package.dsv
-- Up-to-date: /home/zxcx/new_naw/install/relocation/share/ament_index/resource_index/packages/relocation
-- Up-to-date: /home/zxcx/new_naw/install/relocation/share/relocation/cmake/relocationConfig.cmake
-- Up-to-date: /home/zxcx/new_naw/install/relocation/share/relocation/cmake/relocationConfig-version.cmake
-- Up-to-date: /home/zxcx/new_naw/install/relocation/share/relocation/package.xml
