[0.013s] Invoking command in '/home/zxcx/new_naw/build/relocation': AMENT_PREFIX_PATH=/home/zxcx/new_naw/install/custom_msgs:${AMENT_PREFIX_PATH} CMAKE_PREFIX_PATH=/home/zxcx/new_naw/install/custom_msgs:/opt/ros/humble LD_LIBRARY_PATH=/home/zxcx/new_naw/install/custom_msgs/lib:${LD_LIBRARY_PATH} PYTHONPATH=/home/zxcx/new_naw/install/custom_msgs/local/lib/python3.10/dist-packages:${PYTHONPATH} /usr/bin/cmake /home/zxcx/new_naw/relocation -DCMAKE_INSTALL_PREFIX=/home/zxcx/new_naw/install/relocation
[0.022s] -- Found ament_cmake: 1.3.14 (/opt/ros/humble/share/ament_cmake/cmake)
[0.088s] -- Found rclcpp: 16.0.19 (/opt/ros/humble/share/rclcpp/cmake)
[0.103s] -- Found rosidl_generator_c: 3.1.8 (/opt/ros/humble/share/rosidl_generator_c/cmake)
[0.105s] -- Found rosidl_adapter: 3.1.8 (/opt/ros/humble/share/rosidl_adapter/cmake)
[0.108s] -- Found rosidl_generator_cpp: 3.1.8 (/opt/ros/humble/share/rosidl_generator_cpp/cmake)
[0.113s] -- Using all available rosidl_typesupport_c: rosidl_typesupport_fastrtps_c;rosidl_typesupport_introspection_c
[0.119s] -- Using all available rosidl_typesupport_cpp: rosidl_typesupport_fastrtps_cpp;rosidl_typesupport_introspection_cpp
[0.135s] -- Found rmw_implementation_cmake: 6.1.2 (/opt/ros/humble/share/rmw_implementation_cmake/cmake)
[0.136s] -- Found rmw_fastrtps_cpp: 6.2.10 (/opt/ros/humble/share/rmw_fastrtps_cpp/cmake)
[0.203s] -- Using RMW implementation 'rmw_fastrtps_cpp' as default
[0.227s] -- Found sensor_msgs: 4.9.1 (/opt/ros/humble/share/sensor_msgs/cmake)
[0.242s] -- Found nav_msgs: 4.9.1 (/opt/ros/humble/share/nav_msgs/cmake)
[0.250s] -- Found pcl_conversions: 2.4.5 (/opt/ros/humble/share/pcl_conversions/cmake)
[0.272s] -- Eigen found (include: /usr/include/eigen3, version: 3.4.0)
[0.290s] -- FLANN found (include: /usr/include, lib: /usr/lib/x86_64-linux-gnu/libflann_cpp.so)
[0.474s] -- OpenNI found (version: 1.5.4.0, include: /usr/include/ni, lib: /usr/lib/libOpenNI.so;libusb::libusb)
[0.478s] -- OpenNI2 found (version: 2.2.0.33, include: /usr/include/openni2, lib: /usr/lib/x86_64-linux-gnu/libOpenNI2.so;libusb::libusb)
[0.573s] -- Eigen found (include: /usr/include/eigen3, version: 3.4.0)
[0.578s] -- OpenNI found (version: 1.5.4.0, include: /usr/include/ni, lib: /usr/lib/libOpenNI.so;libusb::libusb)
[0.582s] -- OpenNI2 found (version: 2.2.0.33, include: /usr/include/openni2, lib: /usr/lib/x86_64-linux-gnu/libOpenNI2.so;libusb::libusb)
[0.669s] -- Found Qhull version 8.0.2
[0.760s] -- OpenNI found (version: 1.5.4.0, include: /usr/include/ni, lib: /usr/lib/libOpenNI.so;libusb::libusb)
[0.852s] -- Found custom_msgs: 0.0.0 (/home/zxcx/new_naw/install/custom_msgs/share/custom_msgs/cmake)
[0.859s] -- Found visualization_msgs: 4.9.1 (/opt/ros/humble/share/visualization_msgs/cmake)
[0.873s] CMake Warning (dev) at CMakeLists.txt:27 (find_package):
[0.873s]   Policy CMP0074 is not set: find_package uses <PackageName>_ROOT variables.
[0.873s]   Run "cmake --help-policy CMP0074" for policy details.  Use the cmake_policy
[0.873s]   command to set the policy and suppress this warning.
[0.873s] 
[0.873s]   CMake variable PCL_ROOT is set to:
[0.873s] 
[0.873s]     /usr
[0.873s] 
[0.873s]   For compatibility, CMake is ignoring the variable.
[0.873s] This warning is for project developers.  Use -Wno-dev to suppress it.
[0.873s] 
[0.885s] -- Found ament_lint_auto: 0.12.15 (/opt/ros/humble/share/ament_lint_auto/cmake)
[0.924s] -- Added test 'cppcheck' to perform static code analysis on C / C++ code
[0.924s] -- Configured cppcheck include dirs: $<BUILD_INTERFACE:/home/zxcx/new_naw/relocation/include>
[0.924s] -- Configured cppcheck exclude dirs and/or files: 
[0.924s] -- Added test 'lint_cmake' to check CMake code style
[0.925s] -- Added test 'uncrustify' to check C / C++ code style
[0.925s] -- Configured uncrustify additional arguments: 
[0.925s] -- Added test 'xmllint' to check XML markup files
[0.926s] -- Configuring done
[0.974s] -- Generating done
[0.986s] -- Build files have been written to: /home/zxcx/new_naw/build/relocation
[1.001s] Invoked command in '/home/zxcx/new_naw/build/relocation' returned '0': AMENT_PREFIX_PATH=/home/zxcx/new_naw/install/custom_msgs:${AMENT_PREFIX_PATH} CMAKE_PREFIX_PATH=/home/zxcx/new_naw/install/custom_msgs:/opt/ros/humble LD_LIBRARY_PATH=/home/zxcx/new_naw/install/custom_msgs/lib:${LD_LIBRARY_PATH} PYTHONPATH=/home/zxcx/new_naw/install/custom_msgs/local/lib/python3.10/dist-packages:${PYTHONPATH} /usr/bin/cmake /home/zxcx/new_naw/relocation -DCMAKE_INSTALL_PREFIX=/home/zxcx/new_naw/install/relocation
[1.001s] Invoking command in '/home/zxcx/new_naw/build/relocation': AMENT_PREFIX_PATH=/home/zxcx/new_naw/install/custom_msgs:${AMENT_PREFIX_PATH} CMAKE_PREFIX_PATH=/home/zxcx/new_naw/install/custom_msgs:/opt/ros/humble LD_LIBRARY_PATH=/home/zxcx/new_naw/install/custom_msgs/lib:${LD_LIBRARY_PATH} PYTHONPATH=/home/zxcx/new_naw/install/custom_msgs/local/lib/python3.10/dist-packages:${PYTHONPATH} /usr/bin/cmake --build /home/zxcx/new_naw/build/relocation -- -j32 -l32
[1.042s] Consolidate compiler generated dependencies of target relocation_core
[1.054s] [ 60%] Built target relocation_core
[1.067s] Consolidate compiler generated dependencies of target test_node
[1.070s] Consolidate compiler generated dependencies of target relocation_node
[1.080s] [ 80%] Built target test_node
[1.085s] [ 90%] Building CXX object CMakeFiles/relocation_node.dir/src/relocation_node.cpp.o
[4.864s] /home/zxcx/new_naw/relocation/src/relocation_node.cpp: In constructor ‘relocation::RelocationNode::RelocationNode()’:
[4.864s] /home/zxcx/new_naw/relocation/src/relocation_node.cpp:579:10: warning: ‘relocation::RelocationNode::trigger_reloc_’ will be initialized after [-Wreorder]
[4.864s]   579 |     bool trigger_reloc_;
[4.864s]       |          ^~~~~~~~~~~~~~
[4.864s] /home/zxcx/new_naw/relocation/src/relocation_node.cpp:573:10: warning:   ‘bool relocation::RelocationNode::map_initialized_’ [-Wreorder]
[4.864s]   573 |     bool map_initialized_;
[4.864s]       |          ^~~~~~~~~~~~~~~~
[4.864s] /home/zxcx/new_naw/relocation/src/relocation_node.cpp:50:5: warning:   when initialized here [-Wreorder]
[4.864s]    50 |     RelocationNode() : Node(node_name), is_relocated_(false), trigger_reloc_(true), map_initialized_(false), has_cached_grid_(false), accumulated_frames_(0), initial_gimbal_yaw_(0.0)
[4.864s]       |     ^~~~~~~~~~~~~~
[21.355s] [100%] Linking CXX executable relocation_node
[21.862s] [100%] Built target relocation_node
[21.870s] Invoked command in '/home/zxcx/new_naw/build/relocation' returned '0': AMENT_PREFIX_PATH=/home/zxcx/new_naw/install/custom_msgs:${AMENT_PREFIX_PATH} CMAKE_PREFIX_PATH=/home/zxcx/new_naw/install/custom_msgs:/opt/ros/humble LD_LIBRARY_PATH=/home/zxcx/new_naw/install/custom_msgs/lib:${LD_LIBRARY_PATH} PYTHONPATH=/home/zxcx/new_naw/install/custom_msgs/local/lib/python3.10/dist-packages:${PYTHONPATH} /usr/bin/cmake --build /home/zxcx/new_naw/build/relocation -- -j32 -l32
[21.871s] Invoking command in '/home/zxcx/new_naw/build/relocation': AMENT_PREFIX_PATH=/home/zxcx/new_naw/install/custom_msgs:${AMENT_PREFIX_PATH} CMAKE_PREFIX_PATH=/home/zxcx/new_naw/install/custom_msgs:/opt/ros/humble LD_LIBRARY_PATH=/home/zxcx/new_naw/install/custom_msgs/lib:${LD_LIBRARY_PATH} PYTHONPATH=/home/zxcx/new_naw/install/custom_msgs/local/lib/python3.10/dist-packages:${PYTHONPATH} /usr/bin/cmake --install /home/zxcx/new_naw/build/relocation
[21.876s] -- Install configuration: "Release"
[21.876s] -- Up-to-date: /home/zxcx/new_naw/install/relocation/lib/librelocation_core.so
[21.876s] -- Up-to-date: /home/zxcx/new_naw/install/relocation/lib/relocation/test_node
[21.876s] -- Installing: /home/zxcx/new_naw/install/relocation/lib/relocation/relocation_node
[21.879s] -- Set runtime path of "/home/zxcx/new_naw/install/relocation/lib/relocation/relocation_node" to ""
[21.879s] -- Up-to-date: /home/zxcx/new_naw/install/relocation/include
[21.879s] -- Up-to-date: /home/zxcx/new_naw/install/relocation/include/relocation
[21.879s] -- Up-to-date: /home/zxcx/new_naw/install/relocation/include/relocation/kd_tree.hpp
[21.879s] -- Up-to-date: /home/zxcx/new_naw/install/relocation/include/relocation/ann_kdtree.hpp
[21.879s] -- Up-to-date: /home/zxcx/new_naw/install/relocation/include/relocation/iris.hpp
[21.879s] -- Up-to-date: /home/zxcx/new_naw/install/relocation/include/relocation/icp.hpp
[21.879s] -- Up-to-date: /home/zxcx/new_naw/install/relocation/include/relocation/location.hpp
[21.879s] -- Up-to-date: /home/zxcx/new_naw/install/relocation/share/ament_index/resource_index/package_run_dependencies/relocation
[21.880s] -- Up-to-date: /home/zxcx/new_naw/install/relocation/share/ament_index/resource_index/parent_prefix_path/relocation
[21.880s] -- Up-to-date: /home/zxcx/new_naw/install/relocation/share/relocation/environment/ament_prefix_path.sh
[21.880s] -- Installing: /home/zxcx/new_naw/install/relocation/share/relocation/environment/ament_prefix_path.dsv
[21.880s] -- Up-to-date: /home/zxcx/new_naw/install/relocation/share/relocation/environment/path.sh
[21.880s] -- Installing: /home/zxcx/new_naw/install/relocation/share/relocation/environment/path.dsv
[21.880s] -- Up-to-date: /home/zxcx/new_naw/install/relocation/share/relocation/local_setup.bash
[21.880s] -- Up-to-date: /home/zxcx/new_naw/install/relocation/share/relocation/local_setup.sh
[21.880s] -- Up-to-date: /home/zxcx/new_naw/install/relocation/share/relocation/local_setup.zsh
[21.880s] -- Installing: /home/zxcx/new_naw/install/relocation/share/relocation/local_setup.dsv
[21.880s] -- Installing: /home/zxcx/new_naw/install/relocation/share/relocation/package.dsv
[21.880s] -- Up-to-date: /home/zxcx/new_naw/install/relocation/share/ament_index/resource_index/packages/relocation
[21.880s] -- Up-to-date: /home/zxcx/new_naw/install/relocation/share/relocation/cmake/relocationConfig.cmake
[21.880s] -- Up-to-date: /home/zxcx/new_naw/install/relocation/share/relocation/cmake/relocationConfig-version.cmake
[21.880s] -- Up-to-date: /home/zxcx/new_naw/install/relocation/share/relocation/package.xml
[21.881s] Invoked command in '/home/zxcx/new_naw/build/relocation' returned '0': AMENT_PREFIX_PATH=/home/zxcx/new_naw/install/custom_msgs:${AMENT_PREFIX_PATH} CMAKE_PREFIX_PATH=/home/zxcx/new_naw/install/custom_msgs:/opt/ros/humble LD_LIBRARY_PATH=/home/zxcx/new_naw/install/custom_msgs/lib:${LD_LIBRARY_PATH} PYTHONPATH=/home/zxcx/new_naw/install/custom_msgs/local/lib/python3.10/dist-packages:${PYTHONPATH} /usr/bin/cmake --install /home/zxcx/new_naw/build/relocation
