[0.049s] DEBUG:colcon:Command line arguments: ['/usr/bin/colcon', 'build', '--cmake-args', '-DCMAKE_BUILD_TYPE=Release']
[0.049s] DEBUG:colcon:Parsed command line arguments: Namespace(log_base=None, log_level=None, verb_name='build', build_base='build', install_base='install', merge_install=False, symlink_install=False, test_result_base=None, continue_on_error=False, executor='parallel', parallel_workers=32, event_handlers=None, ignore_user_meta=False, metas=['./colcon.meta'], base_paths=['.'], packages_ignore=None, packages_ignore_regex=None, paths=None, packages_up_to=None, packages_up_to_regex=None, packages_above=None, packages_above_and_dependencies=None, packages_above_depth=None, packages_select_by_dep=None, packages_skip_by_dep=None, packages_skip_up_to=None, packages_select_build_failed=False, packages_skip_build_finished=False, packages_select_test_failures=False, packages_skip_test_passed=False, packages_select=None, packages_skip=None, packages_select_regex=None, packages_skip_regex=None, packages_start=None, packages_end=None, allow_overriding=[], cmake_args=['-DCMAKE_BUILD_TYPE=Release'], cmake_target=None, cmake_target_skip_unavailable=False, cmake_clean_cache=False, cmake_clean_first=False, cmake_force_configure=False, ament_cmake_args=None, catkin_cmake_args=None, catkin_skip_building_tests=False, verb_parser=<colcon_defaults.argument_parser.defaults.DefaultArgumentsDecorator object at 0x7e02f76641c0>, verb_extension=<colcon_core.verb.build.BuildVerb object at 0x7e02f762b2e0>, main=<bound method BuildVerb.main of <colcon_core.verb.build.BuildVerb object at 0x7e02f762b2e0>>)
[0.122s] Level 1:colcon.colcon_core.package_discovery:discover_packages(colcon_meta) check parameters
[0.122s] Level 1:colcon.colcon_core.package_discovery:discover_packages(recursive) check parameters
[0.122s] Level 1:colcon.colcon_core.package_discovery:discover_packages(ignore) check parameters
[0.123s] Level 1:colcon.colcon_core.package_discovery:discover_packages(path) check parameters
[0.123s] Level 1:colcon.colcon_core.package_discovery:discover_packages(colcon_meta) discover
[0.123s] Level 1:colcon.colcon_core.package_discovery:discover_packages(recursive) discover
[0.123s] INFO:colcon.colcon_core.package_discovery:Crawling recursively for packages in '/home/zxcx/new_naw'
[0.123s] Level 1:colcon.colcon_core.package_identification:_identify(.) by extensions ['ignore', 'ignore_ament_install']
[0.123s] Level 1:colcon.colcon_core.package_identification:_identify(.) by extension 'ignore'
[0.123s] Level 1:colcon.colcon_core.package_identification:_identify(.) by extension 'ignore_ament_install'
[0.123s] Level 1:colcon.colcon_core.package_identification:_identify(.) by extensions ['colcon_pkg']
[0.123s] Level 1:colcon.colcon_core.package_identification:_identify(.) by extension 'colcon_pkg'
[0.123s] Level 1:colcon.colcon_core.package_identification:_identify(.) by extensions ['colcon_meta']
[0.123s] Level 1:colcon.colcon_core.package_identification:_identify(.) by extension 'colcon_meta'
[0.123s] Level 1:colcon.colcon_core.package_identification:_identify(.) by extensions ['ros']
[0.123s] Level 1:colcon.colcon_core.package_identification:_identify(.) by extension 'ros'
[0.128s] Level 1:colcon.colcon_core.package_identification:_identify(.) by extensions ['cmake', 'python']
[0.128s] Level 1:colcon.colcon_core.package_identification:_identify(.) by extension 'cmake'
[0.128s] Level 1:colcon.colcon_core.package_identification:_identify(.) by extension 'python'
[0.128s] Level 1:colcon.colcon_core.package_identification:_identify(.) by extensions ['python_setup_py']
[0.128s] Level 1:colcon.colcon_core.package_identification:_identify(.) by extension 'python_setup_py'
[0.128s] Level 1:colcon.colcon_core.package_identification:_identify(algo_master) by extensions ['ignore', 'ignore_ament_install']
[0.129s] Level 1:colcon.colcon_core.package_identification:_identify(algo_master) by extension 'ignore'
[0.129s] Level 1:colcon.colcon_core.package_identification:_identify(algo_master) by extension 'ignore_ament_install'
[0.129s] Level 1:colcon.colcon_core.package_identification:_identify(algo_master) by extensions ['colcon_pkg']
[0.129s] Level 1:colcon.colcon_core.package_identification:_identify(algo_master) by extension 'colcon_pkg'
[0.129s] Level 1:colcon.colcon_core.package_identification:_identify(algo_master) by extensions ['colcon_meta']
[0.129s] Level 1:colcon.colcon_core.package_identification:_identify(algo_master) by extension 'colcon_meta'
[0.129s] Level 1:colcon.colcon_core.package_identification:_identify(algo_master) by extensions ['ros']
[0.129s] Level 1:colcon.colcon_core.package_identification:_identify(algo_master) by extension 'ros'
[0.130s] DEBUG:colcon.colcon_core.package_identification:Package 'algo_master' with type 'ros.ament_cmake' and name 'algo_master'
[0.130s] Level 1:colcon.colcon_core.package_identification:_identify(build) by extensions ['ignore', 'ignore_ament_install']
[0.130s] Level 1:colcon.colcon_core.package_identification:_identify(build) by extension 'ignore'
[0.130s] Level 1:colcon.colcon_core.package_identification:_identify(build) ignored
[0.130s] Level 1:colcon.colcon_core.package_identification:_identify(controller) by extensions ['ignore', 'ignore_ament_install']
[0.130s] Level 1:colcon.colcon_core.package_identification:_identify(controller) by extension 'ignore'
[0.130s] Level 1:colcon.colcon_core.package_identification:_identify(controller) by extension 'ignore_ament_install'
[0.130s] Level 1:colcon.colcon_core.package_identification:_identify(controller) by extensions ['colcon_pkg']
[0.130s] Level 1:colcon.colcon_core.package_identification:_identify(controller) by extension 'colcon_pkg'
[0.130s] Level 1:colcon.colcon_core.package_identification:_identify(controller) by extensions ['colcon_meta']
[0.130s] Level 1:colcon.colcon_core.package_identification:_identify(controller) by extension 'colcon_meta'
[0.130s] Level 1:colcon.colcon_core.package_identification:_identify(controller) by extensions ['ros']
[0.130s] Level 1:colcon.colcon_core.package_identification:_identify(controller) by extension 'ros'
[0.130s] DEBUG:colcon.colcon_core.package_identification:Package 'controller' with type 'ros.ament_cmake' and name 'controller'
[0.131s] Level 1:colcon.colcon_core.package_identification:_identify(custom_msgs) by extensions ['ignore', 'ignore_ament_install']
[0.131s] Level 1:colcon.colcon_core.package_identification:_identify(custom_msgs) by extension 'ignore'
[0.131s] Level 1:colcon.colcon_core.package_identification:_identify(custom_msgs) by extension 'ignore_ament_install'
[0.131s] Level 1:colcon.colcon_core.package_identification:_identify(custom_msgs) by extensions ['colcon_pkg']
[0.131s] Level 1:colcon.colcon_core.package_identification:_identify(custom_msgs) by extension 'colcon_pkg'
[0.131s] Level 1:colcon.colcon_core.package_identification:_identify(custom_msgs) by extensions ['colcon_meta']
[0.131s] Level 1:colcon.colcon_core.package_identification:_identify(custom_msgs) by extension 'colcon_meta'
[0.131s] Level 1:colcon.colcon_core.package_identification:_identify(custom_msgs) by extensions ['ros']
[0.131s] Level 1:colcon.colcon_core.package_identification:_identify(custom_msgs) by extension 'ros'
[0.131s] DEBUG:colcon.colcon_core.package_identification:Package 'custom_msgs' with type 'ros.ament_cmake' and name 'custom_msgs'
[0.131s] Level 1:colcon.colcon_core.package_identification:_identify(esdf) by extensions ['ignore', 'ignore_ament_install']
[0.131s] Level 1:colcon.colcon_core.package_identification:_identify(esdf) by extension 'ignore'
[0.131s] Level 1:colcon.colcon_core.package_identification:_identify(esdf) by extension 'ignore_ament_install'
[0.131s] Level 1:colcon.colcon_core.package_identification:_identify(esdf) by extensions ['colcon_pkg']
[0.131s] Level 1:colcon.colcon_core.package_identification:_identify(esdf) by extension 'colcon_pkg'
[0.131s] Level 1:colcon.colcon_core.package_identification:_identify(esdf) by extensions ['colcon_meta']
[0.131s] Level 1:colcon.colcon_core.package_identification:_identify(esdf) by extension 'colcon_meta'
[0.131s] Level 1:colcon.colcon_core.package_identification:_identify(esdf) by extensions ['ros']
[0.131s] Level 1:colcon.colcon_core.package_identification:_identify(esdf) by extension 'ros'
[0.132s] DEBUG:colcon.colcon_core.package_identification:Package 'esdf' with type 'ros.ament_cmake' and name 'esdf'
[0.132s] Level 1:colcon.colcon_core.package_identification:_identify(install) by extensions ['ignore', 'ignore_ament_install']
[0.132s] Level 1:colcon.colcon_core.package_identification:_identify(install) by extension 'ignore'
[0.132s] Level 1:colcon.colcon_core.package_identification:_identify(install) ignored
[0.132s] Level 1:colcon.colcon_core.package_identification:_identify(livox_ros_driver2) by extensions ['ignore', 'ignore_ament_install']
[0.132s] Level 1:colcon.colcon_core.package_identification:_identify(livox_ros_driver2) by extension 'ignore'
[0.132s] Level 1:colcon.colcon_core.package_identification:_identify(livox_ros_driver2) by extension 'ignore_ament_install'
[0.132s] Level 1:colcon.colcon_core.package_identification:_identify(livox_ros_driver2) by extensions ['colcon_pkg']
[0.132s] Level 1:colcon.colcon_core.package_identification:_identify(livox_ros_driver2) by extension 'colcon_pkg'
[0.132s] Level 1:colcon.colcon_core.package_identification:_identify(livox_ros_driver2) by extensions ['colcon_meta']
[0.132s] Level 1:colcon.colcon_core.package_identification:_identify(livox_ros_driver2) by extension 'colcon_meta'
[0.132s] Level 1:colcon.colcon_core.package_identification:_identify(livox_ros_driver2) by extensions ['ros']
[0.132s] Level 1:colcon.colcon_core.package_identification:_identify(livox_ros_driver2) by extension 'ros'
[0.133s] DEBUG:colcon.colcon_core.package_identification:Package 'livox_ros_driver2' with type 'ros.ament_cmake' and name 'livox_ros_driver2'
[0.133s] Level 1:colcon.colcon_core.package_identification:_identify(log) by extensions ['ignore', 'ignore_ament_install']
[0.133s] Level 1:colcon.colcon_core.package_identification:_identify(log) by extension 'ignore'
[0.133s] Level 1:colcon.colcon_core.package_identification:_identify(log) ignored
[0.133s] Level 1:colcon.colcon_core.package_identification:_identify(planner) by extensions ['ignore', 'ignore_ament_install']
[0.133s] Level 1:colcon.colcon_core.package_identification:_identify(planner) by extension 'ignore'
[0.133s] Level 1:colcon.colcon_core.package_identification:_identify(planner) by extension 'ignore_ament_install'
[0.133s] Level 1:colcon.colcon_core.package_identification:_identify(planner) by extensions ['colcon_pkg']
[0.133s] Level 1:colcon.colcon_core.package_identification:_identify(planner) by extension 'colcon_pkg'
[0.133s] Level 1:colcon.colcon_core.package_identification:_identify(planner) by extensions ['colcon_meta']
[0.133s] Level 1:colcon.colcon_core.package_identification:_identify(planner) by extension 'colcon_meta'
[0.133s] Level 1:colcon.colcon_core.package_identification:_identify(planner) by extensions ['ros']
[0.133s] Level 1:colcon.colcon_core.package_identification:_identify(planner) by extension 'ros'
[0.133s] DEBUG:colcon.colcon_core.package_identification:Package 'planner' with type 'ros.ament_cmake' and name 'planner'
[0.133s] Level 1:colcon.colcon_core.package_identification:_identify(point_lio) by extensions ['ignore', 'ignore_ament_install']
[0.133s] Level 1:colcon.colcon_core.package_identification:_identify(point_lio) by extension 'ignore'
[0.133s] Level 1:colcon.colcon_core.package_identification:_identify(point_lio) by extension 'ignore_ament_install'
[0.133s] Level 1:colcon.colcon_core.package_identification:_identify(point_lio) by extensions ['colcon_pkg']
[0.133s] Level 1:colcon.colcon_core.package_identification:_identify(point_lio) by extension 'colcon_pkg'
[0.133s] Level 1:colcon.colcon_core.package_identification:_identify(point_lio) by extensions ['colcon_meta']
[0.133s] Level 1:colcon.colcon_core.package_identification:_identify(point_lio) by extension 'colcon_meta'
[0.133s] Level 1:colcon.colcon_core.package_identification:_identify(point_lio) by extensions ['ros']
[0.134s] Level 1:colcon.colcon_core.package_identification:_identify(point_lio) by extension 'ros'
[0.134s] DEBUG:colcon.colcon_core.package_identification:Package 'point_lio' with type 'ros.ament_cmake' and name 'point_lio'
[0.134s] Level 1:colcon.colcon_core.package_identification:_identify(relocation) by extensions ['ignore', 'ignore_ament_install']
[0.134s] Level 1:colcon.colcon_core.package_identification:_identify(relocation) by extension 'ignore'
[0.134s] Level 1:colcon.colcon_core.package_identification:_identify(relocation) by extension 'ignore_ament_install'
[0.134s] Level 1:colcon.colcon_core.package_identification:_identify(relocation) by extensions ['colcon_pkg']
[0.134s] Level 1:colcon.colcon_core.package_identification:_identify(relocation) by extension 'colcon_pkg'
[0.134s] Level 1:colcon.colcon_core.package_identification:_identify(relocation) by extensions ['colcon_meta']
[0.134s] Level 1:colcon.colcon_core.package_identification:_identify(relocation) by extension 'colcon_meta'
[0.134s] Level 1:colcon.colcon_core.package_identification:_identify(relocation) by extensions ['ros']
[0.134s] Level 1:colcon.colcon_core.package_identification:_identify(relocation) by extension 'ros'
[0.135s] DEBUG:colcon.colcon_core.package_identification:Package 'relocation' with type 'ros.ament_cmake' and name 'relocation'
[0.135s] Level 1:colcon.colcon_core.package_discovery:discover_packages(recursive) using defaults
[0.135s] Level 1:colcon.colcon_core.package_discovery:discover_packages(ignore) discover
[0.135s] Level 1:colcon.colcon_core.package_discovery:discover_packages(ignore) using defaults
[0.135s] Level 1:colcon.colcon_core.package_discovery:discover_packages(path) discover
[0.135s] Level 1:colcon.colcon_core.package_discovery:discover_packages(path) using defaults
[0.150s] Level 1:colcon.colcon_core.package_discovery:discover_packages(prefix_path) check parameters
[0.150s] Level 1:colcon.colcon_core.package_discovery:discover_packages(prefix_path) discover
[0.150s] WARNING:colcon.colcon_ros.prefix_path.ament:The path '/home/zxcx/new_naw/install/livox_ros_driver2' in the environment variable AMENT_PREFIX_PATH doesn't exist
[0.150s] WARNING:colcon.colcon_ros.prefix_path.ament:The path '/home/zxcx/new_naw/install/custom_msgs' in the environment variable AMENT_PREFIX_PATH doesn't exist
[0.150s] WARNING:colcon.colcon_ros.prefix_path.ament:The path '/home/zxcx/new_naw/install/controller' in the environment variable AMENT_PREFIX_PATH doesn't exist
[0.150s] WARNING:colcon.colcon_ros.prefix_path.catkin:The path '/home/zxcx/new_naw/install/livox_ros_driver2' in the environment variable CMAKE_PREFIX_PATH doesn't exist
[0.150s] WARNING:colcon.colcon_ros.prefix_path.catkin:The path '/home/zxcx/new_naw/install/custom_msgs' in the environment variable CMAKE_PREFIX_PATH doesn't exist
[0.150s] WARNING:colcon.colcon_ros.prefix_path.catkin:The path '/home/zxcx/new_naw/install/controller' in the environment variable CMAKE_PREFIX_PATH doesn't exist
[0.151s] DEBUG:colcon.colcon_installed_package_information.package_discovery:Found 0 installed packages in /home/zxcx/new_naw/install
[0.151s] DEBUG:colcon.colcon_installed_package_information.package_discovery:Found 298 installed packages in /opt/ros/humble
[0.152s] Level 1:colcon.colcon_core.package_discovery:discover_packages(prefix_path) using defaults
[0.171s] Level 5:colcon.colcon_core.verb:set package 'controller' build argument 'cmake_args' from command line to '['-DCMAKE_BUILD_TYPE=Release']'
[0.171s] Level 5:colcon.colcon_core.verb:set package 'controller' build argument 'cmake_target' from command line to 'None'
[0.171s] Level 5:colcon.colcon_core.verb:set package 'controller' build argument 'cmake_target_skip_unavailable' from command line to 'False'
[0.171s] Level 5:colcon.colcon_core.verb:set package 'controller' build argument 'cmake_clean_cache' from command line to 'False'
[0.171s] Level 5:colcon.colcon_core.verb:set package 'controller' build argument 'cmake_clean_first' from command line to 'False'
[0.171s] Level 5:colcon.colcon_core.verb:set package 'controller' build argument 'cmake_force_configure' from command line to 'False'
[0.171s] Level 5:colcon.colcon_core.verb:set package 'controller' build argument 'ament_cmake_args' from command line to 'None'
[0.171s] Level 5:colcon.colcon_core.verb:set package 'controller' build argument 'catkin_cmake_args' from command line to 'None'
[0.171s] Level 5:colcon.colcon_core.verb:set package 'controller' build argument 'catkin_skip_building_tests' from command line to 'False'
[0.171s] DEBUG:colcon.colcon_core.verb:Building package 'controller' with the following arguments: {'ament_cmake_args': None, 'build_base': '/home/zxcx/new_naw/build/controller', 'catkin_cmake_args': None, 'catkin_skip_building_tests': False, 'cmake_args': ['-DCMAKE_BUILD_TYPE=Release'], 'cmake_clean_cache': False, 'cmake_clean_first': False, 'cmake_force_configure': False, 'cmake_target': None, 'cmake_target_skip_unavailable': False, 'install_base': '/home/zxcx/new_naw/install/controller', 'merge_install': False, 'path': '/home/zxcx/new_naw/controller', 'symlink_install': False, 'test_result_base': None}
[0.171s] Level 5:colcon.colcon_core.verb:set package 'custom_msgs' build argument 'cmake_args' from command line to '['-DCMAKE_BUILD_TYPE=Release']'
[0.171s] Level 5:colcon.colcon_core.verb:set package 'custom_msgs' build argument 'cmake_target' from command line to 'None'
[0.171s] Level 5:colcon.colcon_core.verb:set package 'custom_msgs' build argument 'cmake_target_skip_unavailable' from command line to 'False'
[0.171s] Level 5:colcon.colcon_core.verb:set package 'custom_msgs' build argument 'cmake_clean_cache' from command line to 'False'
[0.171s] Level 5:colcon.colcon_core.verb:set package 'custom_msgs' build argument 'cmake_clean_first' from command line to 'False'
[0.172s] Level 5:colcon.colcon_core.verb:set package 'custom_msgs' build argument 'cmake_force_configure' from command line to 'False'
[0.172s] Level 5:colcon.colcon_core.verb:set package 'custom_msgs' build argument 'ament_cmake_args' from command line to 'None'
[0.172s] Level 5:colcon.colcon_core.verb:set package 'custom_msgs' build argument 'catkin_cmake_args' from command line to 'None'
[0.172s] Level 5:colcon.colcon_core.verb:set package 'custom_msgs' build argument 'catkin_skip_building_tests' from command line to 'False'
[0.172s] DEBUG:colcon.colcon_core.verb:Building package 'custom_msgs' with the following arguments: {'ament_cmake_args': None, 'build_base': '/home/zxcx/new_naw/build/custom_msgs', 'catkin_cmake_args': None, 'catkin_skip_building_tests': False, 'cmake_args': ['-DCMAKE_BUILD_TYPE=Release'], 'cmake_clean_cache': False, 'cmake_clean_first': False, 'cmake_force_configure': False, 'cmake_target': None, 'cmake_target_skip_unavailable': False, 'install_base': '/home/zxcx/new_naw/install/custom_msgs', 'merge_install': False, 'path': '/home/zxcx/new_naw/custom_msgs', 'symlink_install': False, 'test_result_base': None}
[0.172s] Level 5:colcon.colcon_core.verb:set package 'livox_ros_driver2' build argument 'cmake_args' from command line to '['-DCMAKE_BUILD_TYPE=Release']'
[0.172s] Level 5:colcon.colcon_core.verb:set package 'livox_ros_driver2' build argument 'cmake_target' from command line to 'None'
[0.172s] Level 5:colcon.colcon_core.verb:set package 'livox_ros_driver2' build argument 'cmake_target_skip_unavailable' from command line to 'False'
[0.172s] Level 5:colcon.colcon_core.verb:set package 'livox_ros_driver2' build argument 'cmake_clean_cache' from command line to 'False'
[0.172s] Level 5:colcon.colcon_core.verb:set package 'livox_ros_driver2' build argument 'cmake_clean_first' from command line to 'False'
[0.172s] Level 5:colcon.colcon_core.verb:set package 'livox_ros_driver2' build argument 'cmake_force_configure' from command line to 'False'
[0.172s] Level 5:colcon.colcon_core.verb:set package 'livox_ros_driver2' build argument 'ament_cmake_args' from command line to 'None'
[0.172s] Level 5:colcon.colcon_core.verb:set package 'livox_ros_driver2' build argument 'catkin_cmake_args' from command line to 'None'
[0.172s] Level 5:colcon.colcon_core.verb:set package 'livox_ros_driver2' build argument 'catkin_skip_building_tests' from command line to 'False'
[0.172s] DEBUG:colcon.colcon_core.verb:Building package 'livox_ros_driver2' with the following arguments: {'ament_cmake_args': None, 'build_base': '/home/zxcx/new_naw/build/livox_ros_driver2', 'catkin_cmake_args': None, 'catkin_skip_building_tests': False, 'cmake_args': ['-DCMAKE_BUILD_TYPE=Release'], 'cmake_clean_cache': False, 'cmake_clean_first': False, 'cmake_force_configure': False, 'cmake_target': None, 'cmake_target_skip_unavailable': False, 'install_base': '/home/zxcx/new_naw/install/livox_ros_driver2', 'merge_install': False, 'path': '/home/zxcx/new_naw/livox_ros_driver2', 'symlink_install': False, 'test_result_base': None}
[0.172s] Level 5:colcon.colcon_core.verb:set package 'algo_master' build argument 'cmake_args' from command line to '['-DCMAKE_BUILD_TYPE=Release']'
[0.172s] Level 5:colcon.colcon_core.verb:set package 'algo_master' build argument 'cmake_target' from command line to 'None'
[0.172s] Level 5:colcon.colcon_core.verb:set package 'algo_master' build argument 'cmake_target_skip_unavailable' from command line to 'False'
[0.172s] Level 5:colcon.colcon_core.verb:set package 'algo_master' build argument 'cmake_clean_cache' from command line to 'False'
[0.172s] Level 5:colcon.colcon_core.verb:set package 'algo_master' build argument 'cmake_clean_first' from command line to 'False'
[0.172s] Level 5:colcon.colcon_core.verb:set package 'algo_master' build argument 'cmake_force_configure' from command line to 'False'
[0.172s] Level 5:colcon.colcon_core.verb:set package 'algo_master' build argument 'ament_cmake_args' from command line to 'None'
[0.172s] Level 5:colcon.colcon_core.verb:set package 'algo_master' build argument 'catkin_cmake_args' from command line to 'None'
[0.172s] Level 5:colcon.colcon_core.verb:set package 'algo_master' build argument 'catkin_skip_building_tests' from command line to 'False'
[0.172s] DEBUG:colcon.colcon_core.verb:Building package 'algo_master' with the following arguments: {'ament_cmake_args': None, 'build_base': '/home/zxcx/new_naw/build/algo_master', 'catkin_cmake_args': None, 'catkin_skip_building_tests': False, 'cmake_args': ['-DCMAKE_BUILD_TYPE=Release'], 'cmake_clean_cache': False, 'cmake_clean_first': False, 'cmake_force_configure': False, 'cmake_target': None, 'cmake_target_skip_unavailable': False, 'install_base': '/home/zxcx/new_naw/install/algo_master', 'merge_install': False, 'path': '/home/zxcx/new_naw/algo_master', 'symlink_install': False, 'test_result_base': None}
[0.172s] Level 5:colcon.colcon_core.verb:set package 'esdf' build argument 'cmake_args' from command line to '['-DCMAKE_BUILD_TYPE=Release']'
[0.172s] Level 5:colcon.colcon_core.verb:set package 'esdf' build argument 'cmake_target' from command line to 'None'
[0.172s] Level 5:colcon.colcon_core.verb:set package 'esdf' build argument 'cmake_target_skip_unavailable' from command line to 'False'
[0.172s] Level 5:colcon.colcon_core.verb:set package 'esdf' build argument 'cmake_clean_cache' from command line to 'False'
[0.172s] Level 5:colcon.colcon_core.verb:set package 'esdf' build argument 'cmake_clean_first' from command line to 'False'
[0.172s] Level 5:colcon.colcon_core.verb:set package 'esdf' build argument 'cmake_force_configure' from command line to 'False'
[0.172s] Level 5:colcon.colcon_core.verb:set package 'esdf' build argument 'ament_cmake_args' from command line to 'None'
[0.172s] Level 5:colcon.colcon_core.verb:set package 'esdf' build argument 'catkin_cmake_args' from command line to 'None'
[0.172s] Level 5:colcon.colcon_core.verb:set package 'esdf' build argument 'catkin_skip_building_tests' from command line to 'False'
[0.172s] DEBUG:colcon.colcon_core.verb:Building package 'esdf' with the following arguments: {'ament_cmake_args': None, 'build_base': '/home/zxcx/new_naw/build/esdf', 'catkin_cmake_args': None, 'catkin_skip_building_tests': False, 'cmake_args': ['-DCMAKE_BUILD_TYPE=Release'], 'cmake_clean_cache': False, 'cmake_clean_first': False, 'cmake_force_configure': False, 'cmake_target': None, 'cmake_target_skip_unavailable': False, 'install_base': '/home/zxcx/new_naw/install/esdf', 'merge_install': False, 'path': '/home/zxcx/new_naw/esdf', 'symlink_install': False, 'test_result_base': None}
[0.172s] Level 5:colcon.colcon_core.verb:set package 'planner' build argument 'cmake_args' from command line to '['-DCMAKE_BUILD_TYPE=Release']'
[0.172s] Level 5:colcon.colcon_core.verb:set package 'planner' build argument 'cmake_target' from command line to 'None'
[0.172s] Level 5:colcon.colcon_core.verb:set package 'planner' build argument 'cmake_target_skip_unavailable' from command line to 'False'
[0.172s] Level 5:colcon.colcon_core.verb:set package 'planner' build argument 'cmake_clean_cache' from command line to 'False'
[0.172s] Level 5:colcon.colcon_core.verb:set package 'planner' build argument 'cmake_clean_first' from command line to 'False'
[0.172s] Level 5:colcon.colcon_core.verb:set package 'planner' build argument 'cmake_force_configure' from command line to 'False'
[0.172s] Level 5:colcon.colcon_core.verb:set package 'planner' build argument 'ament_cmake_args' from command line to 'None'
[0.173s] Level 5:colcon.colcon_core.verb:set package 'planner' build argument 'catkin_cmake_args' from command line to 'None'
[0.173s] Level 5:colcon.colcon_core.verb:set package 'planner' build argument 'catkin_skip_building_tests' from command line to 'False'
[0.173s] DEBUG:colcon.colcon_core.verb:Building package 'planner' with the following arguments: {'ament_cmake_args': None, 'build_base': '/home/zxcx/new_naw/build/planner', 'catkin_cmake_args': None, 'catkin_skip_building_tests': False, 'cmake_args': ['-DCMAKE_BUILD_TYPE=Release'], 'cmake_clean_cache': False, 'cmake_clean_first': False, 'cmake_force_configure': False, 'cmake_target': None, 'cmake_target_skip_unavailable': False, 'install_base': '/home/zxcx/new_naw/install/planner', 'merge_install': False, 'path': '/home/zxcx/new_naw/planner', 'symlink_install': False, 'test_result_base': None}
[0.173s] Level 5:colcon.colcon_core.verb:set package 'point_lio' build argument 'cmake_args' from command line to '['-DCMAKE_BUILD_TYPE=Release']'
[0.173s] Level 5:colcon.colcon_core.verb:set package 'point_lio' build argument 'cmake_target' from command line to 'None'
[0.173s] Level 5:colcon.colcon_core.verb:set package 'point_lio' build argument 'cmake_target_skip_unavailable' from command line to 'False'
[0.173s] Level 5:colcon.colcon_core.verb:set package 'point_lio' build argument 'cmake_clean_cache' from command line to 'False'
[0.173s] Level 5:colcon.colcon_core.verb:set package 'point_lio' build argument 'cmake_clean_first' from command line to 'False'
[0.173s] Level 5:colcon.colcon_core.verb:set package 'point_lio' build argument 'cmake_force_configure' from command line to 'False'
[0.173s] Level 5:colcon.colcon_core.verb:set package 'point_lio' build argument 'ament_cmake_args' from command line to 'None'
[0.173s] Level 5:colcon.colcon_core.verb:set package 'point_lio' build argument 'catkin_cmake_args' from command line to 'None'
[0.173s] Level 5:colcon.colcon_core.verb:set package 'point_lio' build argument 'catkin_skip_building_tests' from command line to 'False'
[0.173s] DEBUG:colcon.colcon_core.verb:Building package 'point_lio' with the following arguments: {'ament_cmake_args': None, 'build_base': '/home/zxcx/new_naw/build/point_lio', 'catkin_cmake_args': None, 'catkin_skip_building_tests': False, 'cmake_args': ['-DCMAKE_BUILD_TYPE=Release'], 'cmake_clean_cache': False, 'cmake_clean_first': False, 'cmake_force_configure': False, 'cmake_target': None, 'cmake_target_skip_unavailable': False, 'install_base': '/home/zxcx/new_naw/install/point_lio', 'merge_install': False, 'path': '/home/zxcx/new_naw/point_lio', 'symlink_install': False, 'test_result_base': None}
[0.173s] Level 5:colcon.colcon_core.verb:set package 'relocation' build argument 'cmake_args' from command line to '['-DCMAKE_BUILD_TYPE=Release']'
[0.173s] Level 5:colcon.colcon_core.verb:set package 'relocation' build argument 'cmake_target' from command line to 'None'
[0.173s] Level 5:colcon.colcon_core.verb:set package 'relocation' build argument 'cmake_target_skip_unavailable' from command line to 'False'
[0.173s] Level 5:colcon.colcon_core.verb:set package 'relocation' build argument 'cmake_clean_cache' from command line to 'False'
[0.173s] Level 5:colcon.colcon_core.verb:set package 'relocation' build argument 'cmake_clean_first' from command line to 'False'
[0.173s] Level 5:colcon.colcon_core.verb:set package 'relocation' build argument 'cmake_force_configure' from command line to 'False'
[0.173s] Level 5:colcon.colcon_core.verb:set package 'relocation' build argument 'ament_cmake_args' from command line to 'None'
[0.173s] Level 5:colcon.colcon_core.verb:set package 'relocation' build argument 'catkin_cmake_args' from command line to 'None'
[0.173s] Level 5:colcon.colcon_core.verb:set package 'relocation' build argument 'catkin_skip_building_tests' from command line to 'False'
[0.173s] DEBUG:colcon.colcon_core.verb:Building package 'relocation' with the following arguments: {'ament_cmake_args': None, 'build_base': '/home/zxcx/new_naw/build/relocation', 'catkin_cmake_args': None, 'catkin_skip_building_tests': False, 'cmake_args': ['-DCMAKE_BUILD_TYPE=Release'], 'cmake_clean_cache': False, 'cmake_clean_first': False, 'cmake_force_configure': False, 'cmake_target': None, 'cmake_target_skip_unavailable': False, 'install_base': '/home/zxcx/new_naw/install/relocation', 'merge_install': False, 'path': '/home/zxcx/new_naw/relocation', 'symlink_install': False, 'test_result_base': None}
[0.173s] INFO:colcon.colcon_core.executor:Executing jobs using 'parallel' executor
[0.174s] DEBUG:colcon.colcon_parallel_executor.executor.parallel:run_until_complete
[0.174s] INFO:colcon.colcon_ros.task.ament_cmake.build:Building ROS package in '/home/zxcx/new_naw/custom_msgs' with build type 'ament_cmake'
[0.174s] INFO:colcon.colcon_cmake.task.cmake.build:Building CMake package in '/home/zxcx/new_naw/custom_msgs'
[0.175s] INFO:colcon.colcon_core.plugin_system:Skipping extension 'colcon_core.shell.bat': Not used on non-Windows systems
[0.175s] INFO:colcon.colcon_core.shell:Skip shell extension 'powershell' for command environment: Not usable outside of PowerShell
[0.175s] DEBUG:colcon.colcon_core.shell:Skip shell extension 'dsv' for command environment
[0.177s] INFO:colcon.colcon_ros.task.ament_cmake.build:Building ROS package in '/home/zxcx/new_naw/livox_ros_driver2' with build type 'ament_cmake'
[0.177s] INFO:colcon.colcon_cmake.task.cmake.build:Building CMake package in '/home/zxcx/new_naw/livox_ros_driver2'
[0.177s] INFO:colcon.colcon_core.shell:Skip shell extension 'powershell' for command environment: Not usable outside of PowerShell
[0.177s] DEBUG:colcon.colcon_core.shell:Skip shell extension 'dsv' for command environment
[0.179s] INFO:colcon.colcon_ros.task.ament_cmake.build:Building ROS package in '/home/zxcx/new_naw/controller' with build type 'ament_cmake'
[0.179s] INFO:colcon.colcon_cmake.task.cmake.build:Building CMake package in '/home/zxcx/new_naw/controller'
[0.179s] INFO:colcon.colcon_core.shell:Skip shell extension 'powershell' for command environment: Not usable outside of PowerShell
[0.179s] DEBUG:colcon.colcon_core.shell:Skip shell extension 'dsv' for command environment
[0.183s] DEBUG:colcon.colcon_core.event_handler.log_command:Invoking command in '/home/zxcx/new_naw/build/custom_msgs': CMAKE_PREFIX_PATH=${CMAKE_PREFIX_PATH}:/opt/ros/humble /usr/bin/cmake /home/zxcx/new_naw/custom_msgs -DCMAKE_BUILD_TYPE=Release -DCMAKE_INSTALL_PREFIX=/home/zxcx/new_naw/install/custom_msgs
[0.185s] DEBUG:colcon.colcon_core.event_handler.log_command:Invoking command in '/home/zxcx/new_naw/build/livox_ros_driver2': CMAKE_PREFIX_PATH=${CMAKE_PREFIX_PATH}:/opt/ros/humble /usr/bin/cmake /home/zxcx/new_naw/livox_ros_driver2 -DCMAKE_BUILD_TYPE=Release -DCMAKE_INSTALL_PREFIX=/home/zxcx/new_naw/install/livox_ros_driver2
[0.186s] DEBUG:colcon.colcon_core.event_handler.log_command:Invoking command in '/home/zxcx/new_naw/build/controller': CMAKE_PREFIX_PATH=${CMAKE_PREFIX_PATH}:/opt/ros/humble /usr/bin/cmake /home/zxcx/new_naw/controller -DCMAKE_BUILD_TYPE=Release -DCMAKE_INSTALL_PREFIX=/home/zxcx/new_naw/install/controller
[0.544s] DEBUG:colcon.colcon_core.event_handler.log_command:Invoked command in '/home/zxcx/new_naw/build/controller' returned '0': CMAKE_PREFIX_PATH=${CMAKE_PREFIX_PATH}:/opt/ros/humble /usr/bin/cmake /home/zxcx/new_naw/controller -DCMAKE_BUILD_TYPE=Release -DCMAKE_INSTALL_PREFIX=/home/zxcx/new_naw/install/controller
[0.545s] DEBUG:colcon.colcon_core.event_handler.log_command:Invoking command in '/home/zxcx/new_naw/build/controller': CMAKE_PREFIX_PATH=${CMAKE_PREFIX_PATH}:/opt/ros/humble /usr/bin/cmake --build /home/zxcx/new_naw/build/controller -- -j32 -l32
[0.572s] DEBUG:colcon.colcon_core.event_handler.log_command:Invoked command in '/home/zxcx/new_naw/build/controller' returned '0': CMAKE_PREFIX_PATH=${CMAKE_PREFIX_PATH}:/opt/ros/humble /usr/bin/cmake --build /home/zxcx/new_naw/build/controller -- -j32 -l32
[0.579s] DEBUG:colcon.colcon_core.event_handler.log_command:Invoking command in '/home/zxcx/new_naw/build/controller': CMAKE_PREFIX_PATH=${CMAKE_PREFIX_PATH}:/opt/ros/humble /usr/bin/cmake --install /home/zxcx/new_naw/build/controller
[0.587s] Level 1:colcon.colcon_core.environment:create_environment_scripts_only(controller)
[0.587s] DEBUG:colcon.colcon_core.event_handler.log_command:Invoked command in '/home/zxcx/new_naw/build/controller' returned '0': CMAKE_PREFIX_PATH=${CMAKE_PREFIX_PATH}:/opt/ros/humble /usr/bin/cmake --install /home/zxcx/new_naw/build/controller
[0.588s] Level 1:colcon.colcon_core.environment:checking '/home/zxcx/new_naw/install/controller' for CMake module files
[0.589s] Level 1:colcon.colcon_core.environment:checking '/home/zxcx/new_naw/install/controller' for CMake config files
[0.589s] Level 1:colcon.colcon_core.shell:create_environment_hook('controller', 'cmake_prefix_path')
[0.589s] INFO:colcon.colcon_core.shell:Creating environment hook '/home/zxcx/new_naw/install/controller/share/controller/hook/cmake_prefix_path.ps1'
[0.589s] INFO:colcon.colcon_core.shell:Creating environment descriptor '/home/zxcx/new_naw/install/controller/share/controller/hook/cmake_prefix_path.dsv'
[0.589s] INFO:colcon.colcon_core.shell:Creating environment hook '/home/zxcx/new_naw/install/controller/share/controller/hook/cmake_prefix_path.sh'
[0.590s] Level 1:colcon.colcon_core.environment:checking '/home/zxcx/new_naw/install/controller/bin'
[0.590s] Level 1:colcon.colcon_core.environment:checking '/home/zxcx/new_naw/install/controller/lib/pkgconfig/controller.pc'
[0.590s] Level 1:colcon.colcon_core.environment:checking '/home/zxcx/new_naw/install/controller/lib/python3.10/site-packages'
[0.590s] Level 1:colcon.colcon_core.environment:checking '/home/zxcx/new_naw/install/controller/bin'
[0.590s] INFO:colcon.colcon_core.shell:Creating package script '/home/zxcx/new_naw/install/controller/share/controller/package.ps1'
[0.591s] INFO:colcon.colcon_core.shell:Creating package descriptor '/home/zxcx/new_naw/install/controller/share/controller/package.dsv'
[0.591s] INFO:colcon.colcon_core.shell:Creating package script '/home/zxcx/new_naw/install/controller/share/controller/package.sh'
[0.591s] INFO:colcon.colcon_core.shell:Creating package script '/home/zxcx/new_naw/install/controller/share/controller/package.bash'
[0.592s] INFO:colcon.colcon_core.shell:Creating package script '/home/zxcx/new_naw/install/controller/share/controller/package.zsh'
[0.592s] Level 1:colcon.colcon_core.environment:create_file_with_runtime_dependencies(/home/zxcx/new_naw/install/controller/share/colcon-core/packages/controller)
[0.592s] Level 1:colcon.colcon_core.environment:create_environment_scripts_only(controller)
[0.592s] Level 1:colcon.colcon_core.environment:checking '/home/zxcx/new_naw/install/controller' for CMake module files
[0.593s] Level 1:colcon.colcon_core.environment:checking '/home/zxcx/new_naw/install/controller' for CMake config files
[0.593s] Level 1:colcon.colcon_core.shell:create_environment_hook('controller', 'cmake_prefix_path')
[0.593s] INFO:colcon.colcon_core.shell:Creating environment hook '/home/zxcx/new_naw/install/controller/share/controller/hook/cmake_prefix_path.ps1'
[0.593s] INFO:colcon.colcon_core.shell:Creating environment descriptor '/home/zxcx/new_naw/install/controller/share/controller/hook/cmake_prefix_path.dsv'
[0.593s] INFO:colcon.colcon_core.shell:Creating environment hook '/home/zxcx/new_naw/install/controller/share/controller/hook/cmake_prefix_path.sh'
[0.594s] Level 1:colcon.colcon_core.environment:checking '/home/zxcx/new_naw/install/controller/bin'
[0.594s] Level 1:colcon.colcon_core.environment:checking '/home/zxcx/new_naw/install/controller/lib/pkgconfig/controller.pc'
[0.594s] Level 1:colcon.colcon_core.environment:checking '/home/zxcx/new_naw/install/controller/lib/python3.10/site-packages'
[0.594s] Level 1:colcon.colcon_core.environment:checking '/home/zxcx/new_naw/install/controller/bin'
[0.594s] INFO:colcon.colcon_core.shell:Creating package script '/home/zxcx/new_naw/install/controller/share/controller/package.ps1'
[0.594s] INFO:colcon.colcon_core.shell:Creating package descriptor '/home/zxcx/new_naw/install/controller/share/controller/package.dsv'
[0.595s] INFO:colcon.colcon_core.shell:Creating package script '/home/zxcx/new_naw/install/controller/share/controller/package.sh'
[0.595s] INFO:colcon.colcon_core.shell:Creating package script '/home/zxcx/new_naw/install/controller/share/controller/package.bash'
[0.595s] INFO:colcon.colcon_core.shell:Creating package script '/home/zxcx/new_naw/install/controller/share/controller/package.zsh'
[0.595s] Level 1:colcon.colcon_core.environment:create_file_with_runtime_dependencies(/home/zxcx/new_naw/install/controller/share/colcon-core/packages/controller)
[1.139s] DEBUG:colcon.colcon_core.event_handler.log_command:Invoked command in '/home/zxcx/new_naw/build/custom_msgs' returned '0': CMAKE_PREFIX_PATH=${CMAKE_PREFIX_PATH}:/opt/ros/humble /usr/bin/cmake /home/zxcx/new_naw/custom_msgs -DCMAKE_BUILD_TYPE=Release -DCMAKE_INSTALL_PREFIX=/home/zxcx/new_naw/install/custom_msgs
[1.140s] DEBUG:colcon.colcon_core.event_handler.log_command:Invoking command in '/home/zxcx/new_naw/build/custom_msgs': CMAKE_PREFIX_PATH=${CMAKE_PREFIX_PATH}:/opt/ros/humble /usr/bin/cmake --build /home/zxcx/new_naw/build/custom_msgs -- -j32 -l32
[2.822s] DEBUG:colcon.colcon_core.event_handler.log_command:Invoked command in '/home/zxcx/new_naw/build/custom_msgs' returned '0': CMAKE_PREFIX_PATH=${CMAKE_PREFIX_PATH}:/opt/ros/humble /usr/bin/cmake --build /home/zxcx/new_naw/build/custom_msgs -- -j32 -l32
[2.823s] DEBUG:colcon.colcon_core.event_handler.log_command:Invoking command in '/home/zxcx/new_naw/build/custom_msgs': CMAKE_PREFIX_PATH=${CMAKE_PREFIX_PATH}:/opt/ros/humble /usr/bin/cmake --install /home/zxcx/new_naw/build/custom_msgs
[2.878s] Level 1:colcon.colcon_core.environment:create_environment_scripts_only(custom_msgs)
[2.878s] Level 1:colcon.colcon_core.environment:checking '/home/zxcx/new_naw/install/custom_msgs' for CMake module files
[2.878s] DEBUG:colcon.colcon_core.event_handler.log_command:Invoked command in '/home/zxcx/new_naw/build/custom_msgs' returned '0': CMAKE_PREFIX_PATH=${CMAKE_PREFIX_PATH}:/opt/ros/humble /usr/bin/cmake --install /home/zxcx/new_naw/build/custom_msgs
[2.878s] Level 1:colcon.colcon_core.environment:checking '/home/zxcx/new_naw/install/custom_msgs' for CMake config files
[2.878s] Level 1:colcon.colcon_core.shell:create_environment_hook('custom_msgs', 'cmake_prefix_path')
[2.879s] INFO:colcon.colcon_core.shell:Creating environment hook '/home/zxcx/new_naw/install/custom_msgs/share/custom_msgs/hook/cmake_prefix_path.ps1'
[2.879s] INFO:colcon.colcon_core.shell:Creating environment descriptor '/home/zxcx/new_naw/install/custom_msgs/share/custom_msgs/hook/cmake_prefix_path.dsv'
[2.879s] INFO:colcon.colcon_core.shell:Creating environment hook '/home/zxcx/new_naw/install/custom_msgs/share/custom_msgs/hook/cmake_prefix_path.sh'
[2.879s] Level 1:colcon.colcon_core.environment:checking '/home/zxcx/new_naw/install/custom_msgs/lib'
[2.879s] Level 1:colcon.colcon_core.shell:create_environment_hook('custom_msgs', 'ld_library_path_lib')
[2.880s] INFO:colcon.colcon_core.shell:Creating environment hook '/home/zxcx/new_naw/install/custom_msgs/share/custom_msgs/hook/ld_library_path_lib.ps1'
[2.880s] INFO:colcon.colcon_core.shell:Creating environment descriptor '/home/zxcx/new_naw/install/custom_msgs/share/custom_msgs/hook/ld_library_path_lib.dsv'
[2.880s] INFO:colcon.colcon_core.shell:Creating environment hook '/home/zxcx/new_naw/install/custom_msgs/share/custom_msgs/hook/ld_library_path_lib.sh'
[2.880s] Level 1:colcon.colcon_core.environment:checking '/home/zxcx/new_naw/install/custom_msgs/bin'
[2.880s] Level 1:colcon.colcon_core.environment:checking '/home/zxcx/new_naw/install/custom_msgs/lib/pkgconfig/custom_msgs.pc'
[2.880s] Level 1:colcon.colcon_core.environment:checking '/home/zxcx/new_naw/install/custom_msgs/lib/python3.10/site-packages'
[2.880s] Level 1:colcon.colcon_core.environment:checking '/home/zxcx/new_naw/install/custom_msgs/bin'
[2.880s] INFO:colcon.colcon_core.shell:Creating package script '/home/zxcx/new_naw/install/custom_msgs/share/custom_msgs/package.ps1'
[2.881s] INFO:colcon.colcon_core.shell:Creating package descriptor '/home/zxcx/new_naw/install/custom_msgs/share/custom_msgs/package.dsv'
[2.881s] INFO:colcon.colcon_core.shell:Creating package script '/home/zxcx/new_naw/install/custom_msgs/share/custom_msgs/package.sh'
[2.881s] INFO:colcon.colcon_core.shell:Creating package script '/home/zxcx/new_naw/install/custom_msgs/share/custom_msgs/package.bash'
[2.881s] INFO:colcon.colcon_core.shell:Creating package script '/home/zxcx/new_naw/install/custom_msgs/share/custom_msgs/package.zsh'
[2.881s] Level 1:colcon.colcon_core.environment:create_file_with_runtime_dependencies(/home/zxcx/new_naw/install/custom_msgs/share/colcon-core/packages/custom_msgs)
[2.882s] Level 1:colcon.colcon_core.environment:create_environment_scripts_only(custom_msgs)
[2.882s] Level 1:colcon.colcon_core.environment:checking '/home/zxcx/new_naw/install/custom_msgs' for CMake module files
[2.882s] Level 1:colcon.colcon_core.environment:checking '/home/zxcx/new_naw/install/custom_msgs' for CMake config files
[2.882s] Level 1:colcon.colcon_core.shell:create_environment_hook('custom_msgs', 'cmake_prefix_path')
[2.883s] INFO:colcon.colcon_core.shell:Creating environment hook '/home/zxcx/new_naw/install/custom_msgs/share/custom_msgs/hook/cmake_prefix_path.ps1'
[2.883s] INFO:colcon.colcon_core.shell:Creating environment descriptor '/home/zxcx/new_naw/install/custom_msgs/share/custom_msgs/hook/cmake_prefix_path.dsv'
[2.883s] INFO:colcon.colcon_core.shell:Creating environment hook '/home/zxcx/new_naw/install/custom_msgs/share/custom_msgs/hook/cmake_prefix_path.sh'
[2.883s] Level 1:colcon.colcon_core.environment:checking '/home/zxcx/new_naw/install/custom_msgs/lib'
[2.883s] Level 1:colcon.colcon_core.shell:create_environment_hook('custom_msgs', 'ld_library_path_lib')
[2.883s] INFO:colcon.colcon_core.shell:Creating environment hook '/home/zxcx/new_naw/install/custom_msgs/share/custom_msgs/hook/ld_library_path_lib.ps1'
[2.884s] INFO:colcon.colcon_core.shell:Creating environment descriptor '/home/zxcx/new_naw/install/custom_msgs/share/custom_msgs/hook/ld_library_path_lib.dsv'
[2.884s] INFO:colcon.colcon_core.shell:Creating environment hook '/home/zxcx/new_naw/install/custom_msgs/share/custom_msgs/hook/ld_library_path_lib.sh'
[2.884s] Level 1:colcon.colcon_core.environment:checking '/home/zxcx/new_naw/install/custom_msgs/bin'
[2.884s] Level 1:colcon.colcon_core.environment:checking '/home/zxcx/new_naw/install/custom_msgs/lib/pkgconfig/custom_msgs.pc'
[2.884s] Level 1:colcon.colcon_core.environment:checking '/home/zxcx/new_naw/install/custom_msgs/lib/python3.10/site-packages'
[2.884s] Level 1:colcon.colcon_core.environment:checking '/home/zxcx/new_naw/install/custom_msgs/bin'
[2.884s] INFO:colcon.colcon_core.shell:Creating package script '/home/zxcx/new_naw/install/custom_msgs/share/custom_msgs/package.ps1'
[2.885s] INFO:colcon.colcon_core.shell:Creating package descriptor '/home/zxcx/new_naw/install/custom_msgs/share/custom_msgs/package.dsv'
[2.885s] INFO:colcon.colcon_core.shell:Creating package script '/home/zxcx/new_naw/install/custom_msgs/share/custom_msgs/package.sh'
[2.885s] INFO:colcon.colcon_core.shell:Creating package script '/home/zxcx/new_naw/install/custom_msgs/share/custom_msgs/package.bash'
[2.885s] INFO:colcon.colcon_core.shell:Creating package script '/home/zxcx/new_naw/install/custom_msgs/share/custom_msgs/package.zsh'
[2.885s] Level 1:colcon.colcon_core.environment:create_file_with_runtime_dependencies(/home/zxcx/new_naw/install/custom_msgs/share/colcon-core/packages/custom_msgs)
[2.886s] INFO:colcon.colcon_ros.task.ament_cmake.build:Building ROS package in '/home/zxcx/new_naw/algo_master' with build type 'ament_cmake'
[2.886s] INFO:colcon.colcon_cmake.task.cmake.build:Building CMake package in '/home/zxcx/new_naw/algo_master'
[2.886s] INFO:colcon.colcon_core.shell:Skip shell extension 'powershell' for command environment: Not usable outside of PowerShell
[2.886s] DEBUG:colcon.colcon_core.shell:Skip shell extension 'dsv' for command environment
[2.888s] INFO:colcon.colcon_ros.task.ament_cmake.build:Building ROS package in '/home/zxcx/new_naw/esdf' with build type 'ament_cmake'
[2.888s] INFO:colcon.colcon_cmake.task.cmake.build:Building CMake package in '/home/zxcx/new_naw/esdf'
[2.888s] INFO:colcon.colcon_core.shell:Skip shell extension 'powershell' for command environment: Not usable outside of PowerShell
[2.888s] DEBUG:colcon.colcon_core.shell:Skip shell extension 'dsv' for command environment
[2.890s] INFO:colcon.colcon_ros.task.ament_cmake.build:Building ROS package in '/home/zxcx/new_naw/planner' with build type 'ament_cmake'
[2.890s] INFO:colcon.colcon_cmake.task.cmake.build:Building CMake package in '/home/zxcx/new_naw/planner'
[2.890s] INFO:colcon.colcon_core.shell:Skip shell extension 'powershell' for command environment: Not usable outside of PowerShell
[2.890s] DEBUG:colcon.colcon_core.shell:Skip shell extension 'dsv' for command environment
[2.892s] INFO:colcon.colcon_ros.task.ament_cmake.build:Building ROS package in '/home/zxcx/new_naw/relocation' with build type 'ament_cmake'
[2.892s] INFO:colcon.colcon_cmake.task.cmake.build:Building CMake package in '/home/zxcx/new_naw/relocation'
[2.892s] INFO:colcon.colcon_core.shell:Skip shell extension 'powershell' for command environment: Not usable outside of PowerShell
[2.892s] DEBUG:colcon.colcon_core.shell:Skip shell extension 'dsv' for command environment
[2.895s] DEBUG:colcon.colcon_core.event_handler.log_command:Invoked command in '/home/zxcx/new_naw/build/livox_ros_driver2' returned '0': CMAKE_PREFIX_PATH=${CMAKE_PREFIX_PATH}:/opt/ros/humble /usr/bin/cmake /home/zxcx/new_naw/livox_ros_driver2 -DCMAKE_BUILD_TYPE=Release -DCMAKE_INSTALL_PREFIX=/home/zxcx/new_naw/install/livox_ros_driver2
[2.896s] DEBUG:colcon.colcon_core.event_handler.log_command:Invoking command in '/home/zxcx/new_naw/build/livox_ros_driver2': CMAKE_PREFIX_PATH=${CMAKE_PREFIX_PATH}:/opt/ros/humble /usr/bin/cmake --build /home/zxcx/new_naw/build/livox_ros_driver2 -- -j32 -l32
[2.897s] DEBUG:colcon.colcon_core.event_handler.log_command:Invoking command in '/home/zxcx/new_naw/build/algo_master': CMAKE_PREFIX_PATH=/home/zxcx/new_naw/install/custom_msgs:/home/zxcx/new_naw/install/livox_ros_driver2:/home/zxcx/new_naw/install/controller:/opt/ros/humble LD_LIBRARY_PATH=/home/zxcx/new_naw/install/custom_msgs/lib:/home/zxcx/new_naw/install/livox_ros_driver2/lib:/usr/lib/x86_64-linux-gnu/gazebo-11/plugins:/opt/ros/humble/opt/rviz_ogre_vendor/lib:/opt/ros/humble/lib/x86_64-linux-gnu:/opt/ros/humble/lib /usr/bin/cmake /home/zxcx/new_naw/algo_master -DCMAKE_BUILD_TYPE=Release -DCMAKE_INSTALL_PREFIX=/home/zxcx/new_naw/install/algo_master
[2.898s] DEBUG:colcon.colcon_core.event_handler.log_command:Invoking command in '/home/zxcx/new_naw/build/esdf': CMAKE_PREFIX_PATH=/home/zxcx/new_naw/install/custom_msgs:/home/zxcx/new_naw/install/livox_ros_driver2:/home/zxcx/new_naw/install/controller:/opt/ros/humble LD_LIBRARY_PATH=/home/zxcx/new_naw/install/custom_msgs/lib:/home/zxcx/new_naw/install/livox_ros_driver2/lib:/usr/lib/x86_64-linux-gnu/gazebo-11/plugins:/opt/ros/humble/opt/rviz_ogre_vendor/lib:/opt/ros/humble/lib/x86_64-linux-gnu:/opt/ros/humble/lib /usr/bin/cmake /home/zxcx/new_naw/esdf -DCMAKE_BUILD_TYPE=Release -DCMAKE_INSTALL_PREFIX=/home/zxcx/new_naw/install/esdf
[2.900s] DEBUG:colcon.colcon_core.event_handler.log_command:Invoking command in '/home/zxcx/new_naw/build/planner': CMAKE_PREFIX_PATH=/home/zxcx/new_naw/install/custom_msgs:/home/zxcx/new_naw/install/livox_ros_driver2:/home/zxcx/new_naw/install/controller:/opt/ros/humble LD_LIBRARY_PATH=/home/zxcx/new_naw/install/custom_msgs/lib:/home/zxcx/new_naw/install/livox_ros_driver2/lib:/usr/lib/x86_64-linux-gnu/gazebo-11/plugins:/opt/ros/humble/opt/rviz_ogre_vendor/lib:/opt/ros/humble/lib/x86_64-linux-gnu:/opt/ros/humble/lib /usr/bin/cmake /home/zxcx/new_naw/planner -DCMAKE_BUILD_TYPE=Release -DCMAKE_INSTALL_PREFIX=/home/zxcx/new_naw/install/planner
[2.901s] DEBUG:colcon.colcon_core.event_handler.log_command:Invoking command in '/home/zxcx/new_naw/build/relocation': CMAKE_PREFIX_PATH=/home/zxcx/new_naw/install/custom_msgs:/home/zxcx/new_naw/install/livox_ros_driver2:/home/zxcx/new_naw/install/controller:/opt/ros/humble LD_LIBRARY_PATH=/home/zxcx/new_naw/install/custom_msgs/lib:/home/zxcx/new_naw/install/livox_ros_driver2/lib:/usr/lib/x86_64-linux-gnu/gazebo-11/plugins:/opt/ros/humble/opt/rviz_ogre_vendor/lib:/opt/ros/humble/lib/x86_64-linux-gnu:/opt/ros/humble/lib /usr/bin/cmake /home/zxcx/new_naw/relocation -DCMAKE_BUILD_TYPE=Release -DCMAKE_INSTALL_PREFIX=/home/zxcx/new_naw/install/relocation
[3.648s] DEBUG:colcon.colcon_core.event_handler.log_command:Invoked command in '/home/zxcx/new_naw/build/algo_master' returned '0': CMAKE_PREFIX_PATH=/home/zxcx/new_naw/install/custom_msgs:/home/zxcx/new_naw/install/livox_ros_driver2:/home/zxcx/new_naw/install/controller:/opt/ros/humble LD_LIBRARY_PATH=/home/zxcx/new_naw/install/custom_msgs/lib:/home/zxcx/new_naw/install/livox_ros_driver2/lib:/usr/lib/x86_64-linux-gnu/gazebo-11/plugins:/opt/ros/humble/opt/rviz_ogre_vendor/lib:/opt/ros/humble/lib/x86_64-linux-gnu:/opt/ros/humble/lib /usr/bin/cmake /home/zxcx/new_naw/algo_master -DCMAKE_BUILD_TYPE=Release -DCMAKE_INSTALL_PREFIX=/home/zxcx/new_naw/install/algo_master
[3.650s] DEBUG:colcon.colcon_core.event_handler.log_command:Invoking command in '/home/zxcx/new_naw/build/algo_master': CMAKE_PREFIX_PATH=/home/zxcx/new_naw/install/custom_msgs:/home/zxcx/new_naw/install/livox_ros_driver2:/home/zxcx/new_naw/install/controller:/opt/ros/humble LD_LIBRARY_PATH=/home/zxcx/new_naw/install/custom_msgs/lib:/home/zxcx/new_naw/install/livox_ros_driver2/lib:/usr/lib/x86_64-linux-gnu/gazebo-11/plugins:/opt/ros/humble/opt/rviz_ogre_vendor/lib:/opt/ros/humble/lib/x86_64-linux-gnu:/opt/ros/humble/lib /usr/bin/cmake --build /home/zxcx/new_naw/build/algo_master -- -j32 -l32
[3.770s] DEBUG:colcon.colcon_core.event_handler.log_command:Invoked command in '/home/zxcx/new_naw/build/planner' returned '0': CMAKE_PREFIX_PATH=/home/zxcx/new_naw/install/custom_msgs:/home/zxcx/new_naw/install/livox_ros_driver2:/home/zxcx/new_naw/install/controller:/opt/ros/humble LD_LIBRARY_PATH=/home/zxcx/new_naw/install/custom_msgs/lib:/home/zxcx/new_naw/install/livox_ros_driver2/lib:/usr/lib/x86_64-linux-gnu/gazebo-11/plugins:/opt/ros/humble/opt/rviz_ogre_vendor/lib:/opt/ros/humble/lib/x86_64-linux-gnu:/opt/ros/humble/lib /usr/bin/cmake /home/zxcx/new_naw/planner -DCMAKE_BUILD_TYPE=Release -DCMAKE_INSTALL_PREFIX=/home/zxcx/new_naw/install/planner
[3.771s] DEBUG:colcon.colcon_core.event_handler.log_command:Invoking command in '/home/zxcx/new_naw/build/planner': CMAKE_PREFIX_PATH=/home/zxcx/new_naw/install/custom_msgs:/home/zxcx/new_naw/install/livox_ros_driver2:/home/zxcx/new_naw/install/controller:/opt/ros/humble LD_LIBRARY_PATH=/home/zxcx/new_naw/install/custom_msgs/lib:/home/zxcx/new_naw/install/livox_ros_driver2/lib:/usr/lib/x86_64-linux-gnu/gazebo-11/plugins:/opt/ros/humble/opt/rviz_ogre_vendor/lib:/opt/ros/humble/lib/x86_64-linux-gnu:/opt/ros/humble/lib /usr/bin/cmake --build /home/zxcx/new_naw/build/planner -- -j32 -l32
[5.704s] DEBUG:colcon.colcon_core.event_handler.log_command:Invoked command in '/home/zxcx/new_naw/build/esdf' returned '0': CMAKE_PREFIX_PATH=/home/zxcx/new_naw/install/custom_msgs:/home/zxcx/new_naw/install/livox_ros_driver2:/home/zxcx/new_naw/install/controller:/opt/ros/humble LD_LIBRARY_PATH=/home/zxcx/new_naw/install/custom_msgs/lib:/home/zxcx/new_naw/install/livox_ros_driver2/lib:/usr/lib/x86_64-linux-gnu/gazebo-11/plugins:/opt/ros/humble/opt/rviz_ogre_vendor/lib:/opt/ros/humble/lib/x86_64-linux-gnu:/opt/ros/humble/lib /usr/bin/cmake /home/zxcx/new_naw/esdf -DCMAKE_BUILD_TYPE=Release -DCMAKE_INSTALL_PREFIX=/home/zxcx/new_naw/install/esdf
[5.706s] DEBUG:colcon.colcon_core.event_handler.log_command:Invoking command in '/home/zxcx/new_naw/build/esdf': CMAKE_PREFIX_PATH=/home/zxcx/new_naw/install/custom_msgs:/home/zxcx/new_naw/install/livox_ros_driver2:/home/zxcx/new_naw/install/controller:/opt/ros/humble LD_LIBRARY_PATH=/home/zxcx/new_naw/install/custom_msgs/lib:/home/zxcx/new_naw/install/livox_ros_driver2/lib:/usr/lib/x86_64-linux-gnu/gazebo-11/plugins:/opt/ros/humble/opt/rviz_ogre_vendor/lib:/opt/ros/humble/lib/x86_64-linux-gnu:/opt/ros/humble/lib /usr/bin/cmake --build /home/zxcx/new_naw/build/esdf -- -j32 -l32
[6.020s] DEBUG:colcon.colcon_core.event_handler.log_command:Invoked command in '/home/zxcx/new_naw/build/relocation' returned '0': CMAKE_PREFIX_PATH=/home/zxcx/new_naw/install/custom_msgs:/home/zxcx/new_naw/install/livox_ros_driver2:/home/zxcx/new_naw/install/controller:/opt/ros/humble LD_LIBRARY_PATH=/home/zxcx/new_naw/install/custom_msgs/lib:/home/zxcx/new_naw/install/livox_ros_driver2/lib:/usr/lib/x86_64-linux-gnu/gazebo-11/plugins:/opt/ros/humble/opt/rviz_ogre_vendor/lib:/opt/ros/humble/lib/x86_64-linux-gnu:/opt/ros/humble/lib /usr/bin/cmake /home/zxcx/new_naw/relocation -DCMAKE_BUILD_TYPE=Release -DCMAKE_INSTALL_PREFIX=/home/zxcx/new_naw/install/relocation
[6.022s] DEBUG:colcon.colcon_core.event_handler.log_command:Invoking command in '/home/zxcx/new_naw/build/relocation': CMAKE_PREFIX_PATH=/home/zxcx/new_naw/install/custom_msgs:/home/zxcx/new_naw/install/livox_ros_driver2:/home/zxcx/new_naw/install/controller:/opt/ros/humble LD_LIBRARY_PATH=/home/zxcx/new_naw/install/custom_msgs/lib:/home/zxcx/new_naw/install/livox_ros_driver2/lib:/usr/lib/x86_64-linux-gnu/gazebo-11/plugins:/opt/ros/humble/opt/rviz_ogre_vendor/lib:/opt/ros/humble/lib/x86_64-linux-gnu:/opt/ros/humble/lib /usr/bin/cmake --build /home/zxcx/new_naw/build/relocation -- -j32 -l32
[10.442s] DEBUG:colcon.colcon_core.event_handler.log_command:Invoked command in '/home/zxcx/new_naw/build/livox_ros_driver2' returned '0': CMAKE_PREFIX_PATH=${CMAKE_PREFIX_PATH}:/opt/ros/humble /usr/bin/cmake --build /home/zxcx/new_naw/build/livox_ros_driver2 -- -j32 -l32
[10.444s] DEBUG:colcon.colcon_core.event_handler.log_command:Invoking command in '/home/zxcx/new_naw/build/livox_ros_driver2': CMAKE_PREFIX_PATH=${CMAKE_PREFIX_PATH}:/opt/ros/humble /usr/bin/cmake --install /home/zxcx/new_naw/build/livox_ros_driver2
[10.495s] Level 1:colcon.colcon_core.environment:create_environment_scripts_only(livox_ros_driver2)
[10.495s] Level 1:colcon.colcon_core.environment:checking '/home/zxcx/new_naw/install/livox_ros_driver2' for CMake module files
[10.495s] DEBUG:colcon.colcon_core.event_handler.log_command:Invoked command in '/home/zxcx/new_naw/build/livox_ros_driver2' returned '0': CMAKE_PREFIX_PATH=${CMAKE_PREFIX_PATH}:/opt/ros/humble /usr/bin/cmake --install /home/zxcx/new_naw/build/livox_ros_driver2
[10.495s] Level 1:colcon.colcon_core.environment:checking '/home/zxcx/new_naw/install/livox_ros_driver2' for CMake config files
[10.496s] Level 1:colcon.colcon_core.shell:create_environment_hook('livox_ros_driver2', 'cmake_prefix_path')
[10.496s] INFO:colcon.colcon_core.shell:Creating environment hook '/home/zxcx/new_naw/install/livox_ros_driver2/share/livox_ros_driver2/hook/cmake_prefix_path.ps1'
[10.496s] INFO:colcon.colcon_core.shell:Creating environment descriptor '/home/zxcx/new_naw/install/livox_ros_driver2/share/livox_ros_driver2/hook/cmake_prefix_path.dsv'
[10.496s] INFO:colcon.colcon_core.shell:Creating environment hook '/home/zxcx/new_naw/install/livox_ros_driver2/share/livox_ros_driver2/hook/cmake_prefix_path.sh'
[10.496s] Level 1:colcon.colcon_core.environment:checking '/home/zxcx/new_naw/install/livox_ros_driver2/lib'
[10.497s] Level 1:colcon.colcon_core.shell:create_environment_hook('livox_ros_driver2', 'ld_library_path_lib')
[10.497s] INFO:colcon.colcon_core.shell:Creating environment hook '/home/zxcx/new_naw/install/livox_ros_driver2/share/livox_ros_driver2/hook/ld_library_path_lib.ps1'
[10.497s] INFO:colcon.colcon_core.shell:Creating environment descriptor '/home/zxcx/new_naw/install/livox_ros_driver2/share/livox_ros_driver2/hook/ld_library_path_lib.dsv'
[10.497s] INFO:colcon.colcon_core.shell:Creating environment hook '/home/zxcx/new_naw/install/livox_ros_driver2/share/livox_ros_driver2/hook/ld_library_path_lib.sh'
[10.497s] Level 1:colcon.colcon_core.environment:checking '/home/zxcx/new_naw/install/livox_ros_driver2/bin'
[10.497s] Level 1:colcon.colcon_core.environment:checking '/home/zxcx/new_naw/install/livox_ros_driver2/lib/pkgconfig/livox_ros_driver2.pc'
[10.497s] Level 1:colcon.colcon_core.environment:checking '/home/zxcx/new_naw/install/livox_ros_driver2/lib/python3.10/site-packages'
[10.497s] Level 1:colcon.colcon_core.environment:checking '/home/zxcx/new_naw/install/livox_ros_driver2/bin'
[10.498s] INFO:colcon.colcon_core.shell:Creating package script '/home/zxcx/new_naw/install/livox_ros_driver2/share/livox_ros_driver2/package.ps1'
[10.498s] INFO:colcon.colcon_core.shell:Creating package descriptor '/home/zxcx/new_naw/install/livox_ros_driver2/share/livox_ros_driver2/package.dsv'
[10.498s] INFO:colcon.colcon_core.shell:Creating package script '/home/zxcx/new_naw/install/livox_ros_driver2/share/livox_ros_driver2/package.sh'
[10.499s] INFO:colcon.colcon_core.shell:Creating package script '/home/zxcx/new_naw/install/livox_ros_driver2/share/livox_ros_driver2/package.bash'
[10.499s] INFO:colcon.colcon_core.shell:Creating package script '/home/zxcx/new_naw/install/livox_ros_driver2/share/livox_ros_driver2/package.zsh'
[10.499s] Level 1:colcon.colcon_core.environment:create_file_with_runtime_dependencies(/home/zxcx/new_naw/install/livox_ros_driver2/share/colcon-core/packages/livox_ros_driver2)
[10.499s] Level 1:colcon.colcon_core.environment:create_environment_scripts_only(livox_ros_driver2)
[10.499s] Level 1:colcon.colcon_core.environment:checking '/home/zxcx/new_naw/install/livox_ros_driver2' for CMake module files
[10.500s] Level 1:colcon.colcon_core.environment:checking '/home/zxcx/new_naw/install/livox_ros_driver2' for CMake config files
[10.500s] Level 1:colcon.colcon_core.shell:create_environment_hook('livox_ros_driver2', 'cmake_prefix_path')
[10.500s] INFO:colcon.colcon_core.shell:Creating environment hook '/home/zxcx/new_naw/install/livox_ros_driver2/share/livox_ros_driver2/hook/cmake_prefix_path.ps1'
[10.500s] INFO:colcon.colcon_core.shell:Creating environment descriptor '/home/zxcx/new_naw/install/livox_ros_driver2/share/livox_ros_driver2/hook/cmake_prefix_path.dsv'
[10.500s] INFO:colcon.colcon_core.shell:Creating environment hook '/home/zxcx/new_naw/install/livox_ros_driver2/share/livox_ros_driver2/hook/cmake_prefix_path.sh'
[10.501s] Level 1:colcon.colcon_core.environment:checking '/home/zxcx/new_naw/install/livox_ros_driver2/lib'
[10.501s] Level 1:colcon.colcon_core.shell:create_environment_hook('livox_ros_driver2', 'ld_library_path_lib')
[10.501s] INFO:colcon.colcon_core.shell:Creating environment hook '/home/zxcx/new_naw/install/livox_ros_driver2/share/livox_ros_driver2/hook/ld_library_path_lib.ps1'
[10.501s] INFO:colcon.colcon_core.shell:Creating environment descriptor '/home/zxcx/new_naw/install/livox_ros_driver2/share/livox_ros_driver2/hook/ld_library_path_lib.dsv'
[10.501s] INFO:colcon.colcon_core.shell:Creating environment hook '/home/zxcx/new_naw/install/livox_ros_driver2/share/livox_ros_driver2/hook/ld_library_path_lib.sh'
[10.501s] Level 1:colcon.colcon_core.environment:checking '/home/zxcx/new_naw/install/livox_ros_driver2/bin'
[10.501s] Level 1:colcon.colcon_core.environment:checking '/home/zxcx/new_naw/install/livox_ros_driver2/lib/pkgconfig/livox_ros_driver2.pc'
[10.501s] Level 1:colcon.colcon_core.environment:checking '/home/zxcx/new_naw/install/livox_ros_driver2/lib/python3.10/site-packages'
[10.502s] Level 1:colcon.colcon_core.environment:checking '/home/zxcx/new_naw/install/livox_ros_driver2/bin'
[10.502s] INFO:colcon.colcon_core.shell:Creating package script '/home/zxcx/new_naw/install/livox_ros_driver2/share/livox_ros_driver2/package.ps1'
[10.502s] INFO:colcon.colcon_core.shell:Creating package descriptor '/home/zxcx/new_naw/install/livox_ros_driver2/share/livox_ros_driver2/package.dsv'
[10.502s] INFO:colcon.colcon_core.shell:Creating package script '/home/zxcx/new_naw/install/livox_ros_driver2/share/livox_ros_driver2/package.sh'
[10.503s] INFO:colcon.colcon_core.shell:Creating package script '/home/zxcx/new_naw/install/livox_ros_driver2/share/livox_ros_driver2/package.bash'
[10.503s] INFO:colcon.colcon_core.shell:Creating package script '/home/zxcx/new_naw/install/livox_ros_driver2/share/livox_ros_driver2/package.zsh'
[10.503s] Level 1:colcon.colcon_core.environment:create_file_with_runtime_dependencies(/home/zxcx/new_naw/install/livox_ros_driver2/share/colcon-core/packages/livox_ros_driver2)
[10.503s] INFO:colcon.colcon_ros.task.ament_cmake.build:Building ROS package in '/home/zxcx/new_naw/point_lio' with build type 'ament_cmake'
[10.503s] INFO:colcon.colcon_cmake.task.cmake.build:Building CMake package in '/home/zxcx/new_naw/point_lio'
[10.503s] INFO:colcon.colcon_core.shell:Skip shell extension 'powershell' for command environment: Not usable outside of PowerShell
[10.503s] DEBUG:colcon.colcon_core.shell:Skip shell extension 'dsv' for command environment
[10.510s] DEBUG:colcon.colcon_core.event_handler.log_command:Invoking command in '/home/zxcx/new_naw/build/point_lio': CMAKE_PREFIX_PATH=${CMAKE_PREFIX_PATH}:/opt/ros/humble /usr/bin/cmake /home/zxcx/new_naw/point_lio -DCMAKE_BUILD_TYPE=Release -DCMAKE_INSTALL_PREFIX=/home/zxcx/new_naw/install/point_lio
[12.700s] DEBUG:colcon.colcon_core.event_handler.log_command:Invoked command in '/home/zxcx/new_naw/build/algo_master' returned '0': CMAKE_PREFIX_PATH=/home/zxcx/new_naw/install/custom_msgs:/home/zxcx/new_naw/install/livox_ros_driver2:/home/zxcx/new_naw/install/controller:/opt/ros/humble LD_LIBRARY_PATH=/home/zxcx/new_naw/install/custom_msgs/lib:/home/zxcx/new_naw/install/livox_ros_driver2/lib:/usr/lib/x86_64-linux-gnu/gazebo-11/plugins:/opt/ros/humble/opt/rviz_ogre_vendor/lib:/opt/ros/humble/lib/x86_64-linux-gnu:/opt/ros/humble/lib /usr/bin/cmake --build /home/zxcx/new_naw/build/algo_master -- -j32 -l32
[12.701s] DEBUG:colcon.colcon_core.event_handler.log_command:Invoking command in '/home/zxcx/new_naw/build/algo_master': CMAKE_PREFIX_PATH=/home/zxcx/new_naw/install/custom_msgs:/home/zxcx/new_naw/install/livox_ros_driver2:/home/zxcx/new_naw/install/controller:/opt/ros/humble LD_LIBRARY_PATH=/home/zxcx/new_naw/install/custom_msgs/lib:/home/zxcx/new_naw/install/livox_ros_driver2/lib:/usr/lib/x86_64-linux-gnu/gazebo-11/plugins:/opt/ros/humble/opt/rviz_ogre_vendor/lib:/opt/ros/humble/lib/x86_64-linux-gnu:/opt/ros/humble/lib /usr/bin/cmake --install /home/zxcx/new_naw/build/algo_master
[12.709s] Level 1:colcon.colcon_core.environment:create_environment_scripts_only(algo_master)
[12.710s] Level 1:colcon.colcon_core.environment:checking '/home/zxcx/new_naw/install/algo_master' for CMake module files
[12.710s] DEBUG:colcon.colcon_core.event_handler.log_command:Invoked command in '/home/zxcx/new_naw/build/algo_master' returned '0': CMAKE_PREFIX_PATH=/home/zxcx/new_naw/install/custom_msgs:/home/zxcx/new_naw/install/livox_ros_driver2:/home/zxcx/new_naw/install/controller:/opt/ros/humble LD_LIBRARY_PATH=/home/zxcx/new_naw/install/custom_msgs/lib:/home/zxcx/new_naw/install/livox_ros_driver2/lib:/usr/lib/x86_64-linux-gnu/gazebo-11/plugins:/opt/ros/humble/opt/rviz_ogre_vendor/lib:/opt/ros/humble/lib/x86_64-linux-gnu:/opt/ros/humble/lib /usr/bin/cmake --install /home/zxcx/new_naw/build/algo_master
[12.710s] Level 1:colcon.colcon_core.environment:checking '/home/zxcx/new_naw/install/algo_master' for CMake config files
[12.710s] Level 1:colcon.colcon_core.shell:create_environment_hook('algo_master', 'cmake_prefix_path')
[12.710s] INFO:colcon.colcon_core.shell:Creating environment hook '/home/zxcx/new_naw/install/algo_master/share/algo_master/hook/cmake_prefix_path.ps1'
[12.711s] INFO:colcon.colcon_core.shell:Creating environment descriptor '/home/zxcx/new_naw/install/algo_master/share/algo_master/hook/cmake_prefix_path.dsv'
[12.711s] INFO:colcon.colcon_core.shell:Creating environment hook '/home/zxcx/new_naw/install/algo_master/share/algo_master/hook/cmake_prefix_path.sh'
[12.711s] Level 1:colcon.colcon_core.environment:checking '/home/zxcx/new_naw/install/algo_master/lib'
[12.711s] Level 1:colcon.colcon_core.environment:checking '/home/zxcx/new_naw/install/algo_master/bin'
[12.711s] Level 1:colcon.colcon_core.environment:checking '/home/zxcx/new_naw/install/algo_master/lib/pkgconfig/algo_master.pc'
[12.711s] Level 1:colcon.colcon_core.environment:checking '/home/zxcx/new_naw/install/algo_master/lib/python3.10/site-packages'
[12.712s] Level 1:colcon.colcon_core.environment:checking '/home/zxcx/new_naw/install/algo_master/bin'
[12.712s] INFO:colcon.colcon_core.shell:Creating package script '/home/zxcx/new_naw/install/algo_master/share/algo_master/package.ps1'
[12.712s] INFO:colcon.colcon_core.shell:Creating package descriptor '/home/zxcx/new_naw/install/algo_master/share/algo_master/package.dsv'
[12.712s] INFO:colcon.colcon_core.shell:Creating package script '/home/zxcx/new_naw/install/algo_master/share/algo_master/package.sh'
[12.712s] INFO:colcon.colcon_core.shell:Creating package script '/home/zxcx/new_naw/install/algo_master/share/algo_master/package.bash'
[12.713s] INFO:colcon.colcon_core.shell:Creating package script '/home/zxcx/new_naw/install/algo_master/share/algo_master/package.zsh'
[12.713s] Level 1:colcon.colcon_core.environment:create_file_with_runtime_dependencies(/home/zxcx/new_naw/install/algo_master/share/colcon-core/packages/algo_master)
[12.713s] Level 1:colcon.colcon_core.environment:create_environment_scripts_only(algo_master)
[12.713s] Level 1:colcon.colcon_core.environment:checking '/home/zxcx/new_naw/install/algo_master' for CMake module files
[12.713s] Level 1:colcon.colcon_core.environment:checking '/home/zxcx/new_naw/install/algo_master' for CMake config files
[12.714s] Level 1:colcon.colcon_core.shell:create_environment_hook('algo_master', 'cmake_prefix_path')
[12.714s] INFO:colcon.colcon_core.shell:Creating environment hook '/home/zxcx/new_naw/install/algo_master/share/algo_master/hook/cmake_prefix_path.ps1'
[12.714s] INFO:colcon.colcon_core.shell:Creating environment descriptor '/home/zxcx/new_naw/install/algo_master/share/algo_master/hook/cmake_prefix_path.dsv'
[12.714s] INFO:colcon.colcon_core.shell:Creating environment hook '/home/zxcx/new_naw/install/algo_master/share/algo_master/hook/cmake_prefix_path.sh'
[12.714s] Level 1:colcon.colcon_core.environment:checking '/home/zxcx/new_naw/install/algo_master/lib'
[12.714s] Level 1:colcon.colcon_core.environment:checking '/home/zxcx/new_naw/install/algo_master/bin'
[12.714s] Level 1:colcon.colcon_core.environment:checking '/home/zxcx/new_naw/install/algo_master/lib/pkgconfig/algo_master.pc'
[12.715s] Level 1:colcon.colcon_core.environment:checking '/home/zxcx/new_naw/install/algo_master/lib/python3.10/site-packages'
[12.715s] Level 1:colcon.colcon_core.environment:checking '/home/zxcx/new_naw/install/algo_master/bin'
[12.715s] INFO:colcon.colcon_core.shell:Creating package script '/home/zxcx/new_naw/install/algo_master/share/algo_master/package.ps1'
[12.715s] INFO:colcon.colcon_core.shell:Creating package descriptor '/home/zxcx/new_naw/install/algo_master/share/algo_master/package.dsv'
[12.715s] INFO:colcon.colcon_core.shell:Creating package script '/home/zxcx/new_naw/install/algo_master/share/algo_master/package.sh'
[12.716s] INFO:colcon.colcon_core.shell:Creating package script '/home/zxcx/new_naw/install/algo_master/share/algo_master/package.bash'
[12.716s] INFO:colcon.colcon_core.shell:Creating package script '/home/zxcx/new_naw/install/algo_master/share/algo_master/package.zsh'
[12.716s] Level 1:colcon.colcon_core.environment:create_file_with_runtime_dependencies(/home/zxcx/new_naw/install/algo_master/share/colcon-core/packages/algo_master)
[12.877s] DEBUG:colcon.colcon_core.event_handler.log_command:Invoked command in '/home/zxcx/new_naw/build/point_lio' returned '0': CMAKE_PREFIX_PATH=${CMAKE_PREFIX_PATH}:/opt/ros/humble /usr/bin/cmake /home/zxcx/new_naw/point_lio -DCMAKE_BUILD_TYPE=Release -DCMAKE_INSTALL_PREFIX=/home/zxcx/new_naw/install/point_lio
[12.878s] DEBUG:colcon.colcon_core.event_handler.log_command:Invoking command in '/home/zxcx/new_naw/build/point_lio': CMAKE_PREFIX_PATH=${CMAKE_PREFIX_PATH}:/opt/ros/humble /usr/bin/cmake --build /home/zxcx/new_naw/build/point_lio -- -j32 -l32
[19.876s] DEBUG:colcon.colcon_core.event_handler.log_command:Invoked command in '/home/zxcx/new_naw/build/esdf' returned '0': CMAKE_PREFIX_PATH=/home/zxcx/new_naw/install/custom_msgs:/home/zxcx/new_naw/install/livox_ros_driver2:/home/zxcx/new_naw/install/controller:/opt/ros/humble LD_LIBRARY_PATH=/home/zxcx/new_naw/install/custom_msgs/lib:/home/zxcx/new_naw/install/livox_ros_driver2/lib:/usr/lib/x86_64-linux-gnu/gazebo-11/plugins:/opt/ros/humble/opt/rviz_ogre_vendor/lib:/opt/ros/humble/lib/x86_64-linux-gnu:/opt/ros/humble/lib /usr/bin/cmake --build /home/zxcx/new_naw/build/esdf -- -j32 -l32
[19.877s] DEBUG:colcon.colcon_core.event_handler.log_command:Invoking command in '/home/zxcx/new_naw/build/esdf': CMAKE_PREFIX_PATH=/home/zxcx/new_naw/install/custom_msgs:/home/zxcx/new_naw/install/livox_ros_driver2:/home/zxcx/new_naw/install/controller:/opt/ros/humble LD_LIBRARY_PATH=/home/zxcx/new_naw/install/custom_msgs/lib:/home/zxcx/new_naw/install/livox_ros_driver2/lib:/usr/lib/x86_64-linux-gnu/gazebo-11/plugins:/opt/ros/humble/opt/rviz_ogre_vendor/lib:/opt/ros/humble/lib/x86_64-linux-gnu:/opt/ros/humble/lib /usr/bin/cmake --install /home/zxcx/new_naw/build/esdf
[19.887s] Level 1:colcon.colcon_core.environment:create_environment_scripts_only(esdf)
[19.887s] Level 1:colcon.colcon_core.environment:checking '/home/zxcx/new_naw/install/esdf' for CMake module files
[19.888s] DEBUG:colcon.colcon_core.event_handler.log_command:Invoked command in '/home/zxcx/new_naw/build/esdf' returned '0': CMAKE_PREFIX_PATH=/home/zxcx/new_naw/install/custom_msgs:/home/zxcx/new_naw/install/livox_ros_driver2:/home/zxcx/new_naw/install/controller:/opt/ros/humble LD_LIBRARY_PATH=/home/zxcx/new_naw/install/custom_msgs/lib:/home/zxcx/new_naw/install/livox_ros_driver2/lib:/usr/lib/x86_64-linux-gnu/gazebo-11/plugins:/opt/ros/humble/opt/rviz_ogre_vendor/lib:/opt/ros/humble/lib/x86_64-linux-gnu:/opt/ros/humble/lib /usr/bin/cmake --install /home/zxcx/new_naw/build/esdf
[19.888s] Level 1:colcon.colcon_core.environment:checking '/home/zxcx/new_naw/install/esdf' for CMake config files
[19.888s] Level 1:colcon.colcon_core.shell:create_environment_hook('esdf', 'cmake_prefix_path')
[19.888s] INFO:colcon.colcon_core.shell:Creating environment hook '/home/zxcx/new_naw/install/esdf/share/esdf/hook/cmake_prefix_path.ps1'
[19.888s] INFO:colcon.colcon_core.shell:Creating environment descriptor '/home/zxcx/new_naw/install/esdf/share/esdf/hook/cmake_prefix_path.dsv'
[19.888s] INFO:colcon.colcon_core.shell:Creating environment hook '/home/zxcx/new_naw/install/esdf/share/esdf/hook/cmake_prefix_path.sh'
[19.889s] Level 1:colcon.colcon_core.environment:checking '/home/zxcx/new_naw/install/esdf/lib'
[19.889s] Level 1:colcon.colcon_core.environment:checking '/home/zxcx/new_naw/install/esdf/bin'
[19.889s] Level 1:colcon.colcon_core.environment:checking '/home/zxcx/new_naw/install/esdf/lib/pkgconfig/esdf.pc'
[19.889s] Level 1:colcon.colcon_core.environment:checking '/home/zxcx/new_naw/install/esdf/lib/python3.10/site-packages'
[19.889s] Level 1:colcon.colcon_core.environment:checking '/home/zxcx/new_naw/install/esdf/bin'
[19.889s] INFO:colcon.colcon_core.shell:Creating package script '/home/zxcx/new_naw/install/esdf/share/esdf/package.ps1'
[19.890s] INFO:colcon.colcon_core.shell:Creating package descriptor '/home/zxcx/new_naw/install/esdf/share/esdf/package.dsv'
[19.890s] INFO:colcon.colcon_core.shell:Creating package script '/home/zxcx/new_naw/install/esdf/share/esdf/package.sh'
[19.890s] INFO:colcon.colcon_core.shell:Creating package script '/home/zxcx/new_naw/install/esdf/share/esdf/package.bash'
[19.890s] INFO:colcon.colcon_core.shell:Creating package script '/home/zxcx/new_naw/install/esdf/share/esdf/package.zsh'
[19.890s] Level 1:colcon.colcon_core.environment:create_file_with_runtime_dependencies(/home/zxcx/new_naw/install/esdf/share/colcon-core/packages/esdf)
[19.891s] Level 1:colcon.colcon_core.environment:create_environment_scripts_only(esdf)
[19.891s] Level 1:colcon.colcon_core.environment:checking '/home/zxcx/new_naw/install/esdf' for CMake module files
[19.891s] Level 1:colcon.colcon_core.environment:checking '/home/zxcx/new_naw/install/esdf' for CMake config files
[19.891s] Level 1:colcon.colcon_core.shell:create_environment_hook('esdf', 'cmake_prefix_path')
[19.891s] INFO:colcon.colcon_core.shell:Creating environment hook '/home/zxcx/new_naw/install/esdf/share/esdf/hook/cmake_prefix_path.ps1'
[19.892s] INFO:colcon.colcon_core.shell:Creating environment descriptor '/home/zxcx/new_naw/install/esdf/share/esdf/hook/cmake_prefix_path.dsv'
[19.892s] INFO:colcon.colcon_core.shell:Creating environment hook '/home/zxcx/new_naw/install/esdf/share/esdf/hook/cmake_prefix_path.sh'
[19.892s] Level 1:colcon.colcon_core.environment:checking '/home/zxcx/new_naw/install/esdf/lib'
[19.892s] Level 1:colcon.colcon_core.environment:checking '/home/zxcx/new_naw/install/esdf/bin'
[19.892s] Level 1:colcon.colcon_core.environment:checking '/home/zxcx/new_naw/install/esdf/lib/pkgconfig/esdf.pc'
[19.892s] Level 1:colcon.colcon_core.environment:checking '/home/zxcx/new_naw/install/esdf/lib/python3.10/site-packages'
[19.892s] Level 1:colcon.colcon_core.environment:checking '/home/zxcx/new_naw/install/esdf/bin'
[19.893s] INFO:colcon.colcon_core.shell:Creating package script '/home/zxcx/new_naw/install/esdf/share/esdf/package.ps1'
[19.893s] INFO:colcon.colcon_core.shell:Creating package descriptor '/home/zxcx/new_naw/install/esdf/share/esdf/package.dsv'
[19.893s] INFO:colcon.colcon_core.shell:Creating package script '/home/zxcx/new_naw/install/esdf/share/esdf/package.sh'
[19.893s] INFO:colcon.colcon_core.shell:Creating package script '/home/zxcx/new_naw/install/esdf/share/esdf/package.bash'
[19.894s] INFO:colcon.colcon_core.shell:Creating package script '/home/zxcx/new_naw/install/esdf/share/esdf/package.zsh'
[19.894s] Level 1:colcon.colcon_core.environment:create_file_with_runtime_dependencies(/home/zxcx/new_naw/install/esdf/share/colcon-core/packages/esdf)
[23.668s] DEBUG:colcon.colcon_core.event_handler.log_command:Invoked command in '/home/zxcx/new_naw/build/planner' returned '0': CMAKE_PREFIX_PATH=/home/zxcx/new_naw/install/custom_msgs:/home/zxcx/new_naw/install/livox_ros_driver2:/home/zxcx/new_naw/install/controller:/opt/ros/humble LD_LIBRARY_PATH=/home/zxcx/new_naw/install/custom_msgs/lib:/home/zxcx/new_naw/install/livox_ros_driver2/lib:/usr/lib/x86_64-linux-gnu/gazebo-11/plugins:/opt/ros/humble/opt/rviz_ogre_vendor/lib:/opt/ros/humble/lib/x86_64-linux-gnu:/opt/ros/humble/lib /usr/bin/cmake --build /home/zxcx/new_naw/build/planner -- -j32 -l32
[23.670s] DEBUG:colcon.colcon_core.event_handler.log_command:Invoking command in '/home/zxcx/new_naw/build/planner': CMAKE_PREFIX_PATH=/home/zxcx/new_naw/install/custom_msgs:/home/zxcx/new_naw/install/livox_ros_driver2:/home/zxcx/new_naw/install/controller:/opt/ros/humble LD_LIBRARY_PATH=/home/zxcx/new_naw/install/custom_msgs/lib:/home/zxcx/new_naw/install/livox_ros_driver2/lib:/usr/lib/x86_64-linux-gnu/gazebo-11/plugins:/opt/ros/humble/opt/rviz_ogre_vendor/lib:/opt/ros/humble/lib/x86_64-linux-gnu:/opt/ros/humble/lib /usr/bin/cmake --install /home/zxcx/new_naw/build/planner
[23.680s] Level 1:colcon.colcon_core.environment:create_environment_scripts_only(planner)
[23.680s] DEBUG:colcon.colcon_core.event_handler.log_command:Invoked command in '/home/zxcx/new_naw/build/planner' returned '0': CMAKE_PREFIX_PATH=/home/zxcx/new_naw/install/custom_msgs:/home/zxcx/new_naw/install/livox_ros_driver2:/home/zxcx/new_naw/install/controller:/opt/ros/humble LD_LIBRARY_PATH=/home/zxcx/new_naw/install/custom_msgs/lib:/home/zxcx/new_naw/install/livox_ros_driver2/lib:/usr/lib/x86_64-linux-gnu/gazebo-11/plugins:/opt/ros/humble/opt/rviz_ogre_vendor/lib:/opt/ros/humble/lib/x86_64-linux-gnu:/opt/ros/humble/lib /usr/bin/cmake --install /home/zxcx/new_naw/build/planner
[23.680s] Level 1:colcon.colcon_core.environment:checking '/home/zxcx/new_naw/install/planner' for CMake module files
[23.681s] Level 1:colcon.colcon_core.environment:checking '/home/zxcx/new_naw/install/planner' for CMake config files
[23.681s] Level 1:colcon.colcon_core.shell:create_environment_hook('planner', 'cmake_prefix_path')
[23.681s] INFO:colcon.colcon_core.shell:Creating environment hook '/home/zxcx/new_naw/install/planner/share/planner/hook/cmake_prefix_path.ps1'
[23.681s] INFO:colcon.colcon_core.shell:Creating environment descriptor '/home/zxcx/new_naw/install/planner/share/planner/hook/cmake_prefix_path.dsv'
[23.682s] INFO:colcon.colcon_core.shell:Creating environment hook '/home/zxcx/new_naw/install/planner/share/planner/hook/cmake_prefix_path.sh'
[23.682s] Level 1:colcon.colcon_core.environment:checking '/home/zxcx/new_naw/install/planner/lib'
[23.682s] Level 1:colcon.colcon_core.environment:checking '/home/zxcx/new_naw/install/planner/bin'
[23.682s] Level 1:colcon.colcon_core.environment:checking '/home/zxcx/new_naw/install/planner/lib/pkgconfig/planner.pc'
[23.682s] Level 1:colcon.colcon_core.environment:checking '/home/zxcx/new_naw/install/planner/lib/python3.10/site-packages'
[23.682s] Level 1:colcon.colcon_core.environment:checking '/home/zxcx/new_naw/install/planner/bin'
[23.682s] INFO:colcon.colcon_core.shell:Creating package script '/home/zxcx/new_naw/install/planner/share/planner/package.ps1'
[23.683s] INFO:colcon.colcon_core.shell:Creating package descriptor '/home/zxcx/new_naw/install/planner/share/planner/package.dsv'
[23.683s] INFO:colcon.colcon_core.shell:Creating package script '/home/zxcx/new_naw/install/planner/share/planner/package.sh'
[23.683s] INFO:colcon.colcon_core.shell:Creating package script '/home/zxcx/new_naw/install/planner/share/planner/package.bash'
[23.683s] INFO:colcon.colcon_core.shell:Creating package script '/home/zxcx/new_naw/install/planner/share/planner/package.zsh'
[23.683s] Level 1:colcon.colcon_core.environment:create_file_with_runtime_dependencies(/home/zxcx/new_naw/install/planner/share/colcon-core/packages/planner)
[23.684s] Level 1:colcon.colcon_core.environment:create_environment_scripts_only(planner)
[23.684s] Level 1:colcon.colcon_core.environment:checking '/home/zxcx/new_naw/install/planner' for CMake module files
[23.684s] Level 1:colcon.colcon_core.environment:checking '/home/zxcx/new_naw/install/planner' for CMake config files
[23.684s] Level 1:colcon.colcon_core.shell:create_environment_hook('planner', 'cmake_prefix_path')
[23.684s] INFO:colcon.colcon_core.shell:Creating environment hook '/home/zxcx/new_naw/install/planner/share/planner/hook/cmake_prefix_path.ps1'
[23.685s] INFO:colcon.colcon_core.shell:Creating environment descriptor '/home/zxcx/new_naw/install/planner/share/planner/hook/cmake_prefix_path.dsv'
[23.685s] INFO:colcon.colcon_core.shell:Creating environment hook '/home/zxcx/new_naw/install/planner/share/planner/hook/cmake_prefix_path.sh'
[23.685s] Level 1:colcon.colcon_core.environment:checking '/home/zxcx/new_naw/install/planner/lib'
[23.685s] Level 1:colcon.colcon_core.environment:checking '/home/zxcx/new_naw/install/planner/bin'
[23.685s] Level 1:colcon.colcon_core.environment:checking '/home/zxcx/new_naw/install/planner/lib/pkgconfig/planner.pc'
[23.685s] Level 1:colcon.colcon_core.environment:checking '/home/zxcx/new_naw/install/planner/lib/python3.10/site-packages'
[23.685s] Level 1:colcon.colcon_core.environment:checking '/home/zxcx/new_naw/install/planner/bin'
[23.686s] INFO:colcon.colcon_core.shell:Creating package script '/home/zxcx/new_naw/install/planner/share/planner/package.ps1'
[23.686s] INFO:colcon.colcon_core.shell:Creating package descriptor '/home/zxcx/new_naw/install/planner/share/planner/package.dsv'
[23.686s] INFO:colcon.colcon_core.shell:Creating package script '/home/zxcx/new_naw/install/planner/share/planner/package.sh'
[23.686s] INFO:colcon.colcon_core.shell:Creating package script '/home/zxcx/new_naw/install/planner/share/planner/package.bash'
[23.687s] INFO:colcon.colcon_core.shell:Creating package script '/home/zxcx/new_naw/install/planner/share/planner/package.zsh'
[23.687s] Level 1:colcon.colcon_core.environment:create_file_with_runtime_dependencies(/home/zxcx/new_naw/install/planner/share/colcon-core/packages/planner)
[33.378s] DEBUG:colcon.colcon_core.event_handler.log_command:Invoked command in '/home/zxcx/new_naw/build/relocation' returned '0': CMAKE_PREFIX_PATH=/home/zxcx/new_naw/install/custom_msgs:/home/zxcx/new_naw/install/livox_ros_driver2:/home/zxcx/new_naw/install/controller:/opt/ros/humble LD_LIBRARY_PATH=/home/zxcx/new_naw/install/custom_msgs/lib:/home/zxcx/new_naw/install/livox_ros_driver2/lib:/usr/lib/x86_64-linux-gnu/gazebo-11/plugins:/opt/ros/humble/opt/rviz_ogre_vendor/lib:/opt/ros/humble/lib/x86_64-linux-gnu:/opt/ros/humble/lib /usr/bin/cmake --build /home/zxcx/new_naw/build/relocation -- -j32 -l32
[33.379s] DEBUG:colcon.colcon_core.event_handler.log_command:Invoking command in '/home/zxcx/new_naw/build/relocation': CMAKE_PREFIX_PATH=/home/zxcx/new_naw/install/custom_msgs:/home/zxcx/new_naw/install/livox_ros_driver2:/home/zxcx/new_naw/install/controller:/opt/ros/humble LD_LIBRARY_PATH=/home/zxcx/new_naw/install/custom_msgs/lib:/home/zxcx/new_naw/install/livox_ros_driver2/lib:/usr/lib/x86_64-linux-gnu/gazebo-11/plugins:/opt/ros/humble/opt/rviz_ogre_vendor/lib:/opt/ros/humble/lib/x86_64-linux-gnu:/opt/ros/humble/lib /usr/bin/cmake --install /home/zxcx/new_naw/build/relocation
[33.390s] Level 1:colcon.colcon_core.environment:create_environment_scripts_only(relocation)
[33.391s] Level 1:colcon.colcon_core.environment:checking '/home/zxcx/new_naw/install/relocation' for CMake module files
[33.391s] DEBUG:colcon.colcon_core.event_handler.log_command:Invoked command in '/home/zxcx/new_naw/build/relocation' returned '0': CMAKE_PREFIX_PATH=/home/zxcx/new_naw/install/custom_msgs:/home/zxcx/new_naw/install/livox_ros_driver2:/home/zxcx/new_naw/install/controller:/opt/ros/humble LD_LIBRARY_PATH=/home/zxcx/new_naw/install/custom_msgs/lib:/home/zxcx/new_naw/install/livox_ros_driver2/lib:/usr/lib/x86_64-linux-gnu/gazebo-11/plugins:/opt/ros/humble/opt/rviz_ogre_vendor/lib:/opt/ros/humble/lib/x86_64-linux-gnu:/opt/ros/humble/lib /usr/bin/cmake --install /home/zxcx/new_naw/build/relocation
[33.391s] Level 1:colcon.colcon_core.environment:checking '/home/zxcx/new_naw/install/relocation' for CMake config files
[33.391s] Level 1:colcon.colcon_core.shell:create_environment_hook('relocation', 'cmake_prefix_path')
[33.391s] INFO:colcon.colcon_core.shell:Creating environment hook '/home/zxcx/new_naw/install/relocation/share/relocation/hook/cmake_prefix_path.ps1'
[33.392s] INFO:colcon.colcon_core.shell:Creating environment descriptor '/home/zxcx/new_naw/install/relocation/share/relocation/hook/cmake_prefix_path.dsv'
[33.392s] INFO:colcon.colcon_core.shell:Creating environment hook '/home/zxcx/new_naw/install/relocation/share/relocation/hook/cmake_prefix_path.sh'
[33.392s] Level 1:colcon.colcon_core.environment:checking '/home/zxcx/new_naw/install/relocation/lib'
[33.392s] Level 1:colcon.colcon_core.shell:create_environment_hook('relocation', 'ld_library_path_lib')
[33.392s] INFO:colcon.colcon_core.shell:Creating environment hook '/home/zxcx/new_naw/install/relocation/share/relocation/hook/ld_library_path_lib.ps1'
[33.393s] INFO:colcon.colcon_core.shell:Creating environment descriptor '/home/zxcx/new_naw/install/relocation/share/relocation/hook/ld_library_path_lib.dsv'
[33.393s] INFO:colcon.colcon_core.shell:Creating environment hook '/home/zxcx/new_naw/install/relocation/share/relocation/hook/ld_library_path_lib.sh'
[33.393s] Level 1:colcon.colcon_core.environment:checking '/home/zxcx/new_naw/install/relocation/bin'
[33.393s] Level 1:colcon.colcon_core.environment:checking '/home/zxcx/new_naw/install/relocation/lib/pkgconfig/relocation.pc'
[33.393s] Level 1:colcon.colcon_core.environment:checking '/home/zxcx/new_naw/install/relocation/lib/python3.10/site-packages'
[33.393s] Level 1:colcon.colcon_core.environment:checking '/home/zxcx/new_naw/install/relocation/bin'
[33.393s] INFO:colcon.colcon_core.shell:Creating package script '/home/zxcx/new_naw/install/relocation/share/relocation/package.ps1'
[33.394s] INFO:colcon.colcon_core.shell:Creating package descriptor '/home/zxcx/new_naw/install/relocation/share/relocation/package.dsv'
[33.394s] INFO:colcon.colcon_core.shell:Creating package script '/home/zxcx/new_naw/install/relocation/share/relocation/package.sh'
[33.394s] INFO:colcon.colcon_core.shell:Creating package script '/home/zxcx/new_naw/install/relocation/share/relocation/package.bash'
[33.394s] INFO:colcon.colcon_core.shell:Creating package script '/home/zxcx/new_naw/install/relocation/share/relocation/package.zsh'
[33.394s] Level 1:colcon.colcon_core.environment:create_file_with_runtime_dependencies(/home/zxcx/new_naw/install/relocation/share/colcon-core/packages/relocation)
[33.395s] Level 1:colcon.colcon_core.environment:create_environment_scripts_only(relocation)
[33.395s] Level 1:colcon.colcon_core.environment:checking '/home/zxcx/new_naw/install/relocation' for CMake module files
[33.395s] Level 1:colcon.colcon_core.environment:checking '/home/zxcx/new_naw/install/relocation' for CMake config files
[33.395s] Level 1:colcon.colcon_core.shell:create_environment_hook('relocation', 'cmake_prefix_path')
[33.396s] INFO:colcon.colcon_core.shell:Creating environment hook '/home/zxcx/new_naw/install/relocation/share/relocation/hook/cmake_prefix_path.ps1'
[33.396s] INFO:colcon.colcon_core.shell:Creating environment descriptor '/home/zxcx/new_naw/install/relocation/share/relocation/hook/cmake_prefix_path.dsv'
[33.396s] INFO:colcon.colcon_core.shell:Creating environment hook '/home/zxcx/new_naw/install/relocation/share/relocation/hook/cmake_prefix_path.sh'
[33.396s] Level 1:colcon.colcon_core.environment:checking '/home/zxcx/new_naw/install/relocation/lib'
[33.396s] Level 1:colcon.colcon_core.shell:create_environment_hook('relocation', 'ld_library_path_lib')
[33.397s] INFO:colcon.colcon_core.shell:Creating environment hook '/home/zxcx/new_naw/install/relocation/share/relocation/hook/ld_library_path_lib.ps1'
[33.397s] INFO:colcon.colcon_core.shell:Creating environment descriptor '/home/zxcx/new_naw/install/relocation/share/relocation/hook/ld_library_path_lib.dsv'
[33.397s] INFO:colcon.colcon_core.shell:Creating environment hook '/home/zxcx/new_naw/install/relocation/share/relocation/hook/ld_library_path_lib.sh'
[33.397s] Level 1:colcon.colcon_core.environment:checking '/home/zxcx/new_naw/install/relocation/bin'
[33.397s] Level 1:colcon.colcon_core.environment:checking '/home/zxcx/new_naw/install/relocation/lib/pkgconfig/relocation.pc'
[33.397s] Level 1:colcon.colcon_core.environment:checking '/home/zxcx/new_naw/install/relocation/lib/python3.10/site-packages'
[33.397s] Level 1:colcon.colcon_core.environment:checking '/home/zxcx/new_naw/install/relocation/bin'
[33.398s] INFO:colcon.colcon_core.shell:Creating package script '/home/zxcx/new_naw/install/relocation/share/relocation/package.ps1'
[33.398s] INFO:colcon.colcon_core.shell:Creating package descriptor '/home/zxcx/new_naw/install/relocation/share/relocation/package.dsv'
[33.398s] INFO:colcon.colcon_core.shell:Creating package script '/home/zxcx/new_naw/install/relocation/share/relocation/package.sh'
[33.398s] INFO:colcon.colcon_core.shell:Creating package script '/home/zxcx/new_naw/install/relocation/share/relocation/package.bash'
[33.399s] INFO:colcon.colcon_core.shell:Creating package script '/home/zxcx/new_naw/install/relocation/share/relocation/package.zsh'
[33.399s] Level 1:colcon.colcon_core.environment:create_file_with_runtime_dependencies(/home/zxcx/new_naw/install/relocation/share/colcon-core/packages/relocation)
[43.224s] DEBUG:colcon.colcon_core.event_handler.log_command:Invoked command in '/home/zxcx/new_naw/build/point_lio' returned '0': CMAKE_PREFIX_PATH=${CMAKE_PREFIX_PATH}:/opt/ros/humble /usr/bin/cmake --build /home/zxcx/new_naw/build/point_lio -- -j32 -l32
[43.225s] DEBUG:colcon.colcon_core.event_handler.log_command:Invoking command in '/home/zxcx/new_naw/build/point_lio': CMAKE_PREFIX_PATH=${CMAKE_PREFIX_PATH}:/opt/ros/humble /usr/bin/cmake --install /home/zxcx/new_naw/build/point_lio
[43.234s] Level 1:colcon.colcon_core.environment:create_environment_scripts_only(point_lio)
[43.235s] Level 1:colcon.colcon_core.environment:checking '/home/zxcx/new_naw/install/point_lio' for CMake module files
[43.235s] DEBUG:colcon.colcon_core.event_handler.log_command:Invoked command in '/home/zxcx/new_naw/build/point_lio' returned '0': CMAKE_PREFIX_PATH=${CMAKE_PREFIX_PATH}:/opt/ros/humble /usr/bin/cmake --install /home/zxcx/new_naw/build/point_lio
[43.235s] Level 1:colcon.colcon_core.environment:checking '/home/zxcx/new_naw/install/point_lio' for CMake config files
[43.235s] Level 1:colcon.colcon_core.shell:create_environment_hook('point_lio', 'cmake_prefix_path')
[43.235s] INFO:colcon.colcon_core.shell:Creating environment hook '/home/zxcx/new_naw/install/point_lio/share/point_lio/hook/cmake_prefix_path.ps1'
[43.236s] INFO:colcon.colcon_core.shell:Creating environment descriptor '/home/zxcx/new_naw/install/point_lio/share/point_lio/hook/cmake_prefix_path.dsv'
[43.236s] INFO:colcon.colcon_core.shell:Creating environment hook '/home/zxcx/new_naw/install/point_lio/share/point_lio/hook/cmake_prefix_path.sh'
[43.236s] Level 1:colcon.colcon_core.environment:checking '/home/zxcx/new_naw/install/point_lio/lib'
[43.236s] Level 1:colcon.colcon_core.environment:checking '/home/zxcx/new_naw/install/point_lio/bin'
[43.236s] Level 1:colcon.colcon_core.environment:checking '/home/zxcx/new_naw/install/point_lio/lib/pkgconfig/point_lio.pc'
[43.236s] Level 1:colcon.colcon_core.environment:checking '/home/zxcx/new_naw/install/point_lio/lib/python3.10/site-packages'
[43.237s] Level 1:colcon.colcon_core.environment:checking '/home/zxcx/new_naw/install/point_lio/bin'
[43.237s] INFO:colcon.colcon_core.shell:Creating package script '/home/zxcx/new_naw/install/point_lio/share/point_lio/package.ps1'
[43.237s] INFO:colcon.colcon_core.shell:Creating package descriptor '/home/zxcx/new_naw/install/point_lio/share/point_lio/package.dsv'
[43.237s] INFO:colcon.colcon_core.shell:Creating package script '/home/zxcx/new_naw/install/point_lio/share/point_lio/package.sh'
[43.237s] INFO:colcon.colcon_core.shell:Creating package script '/home/zxcx/new_naw/install/point_lio/share/point_lio/package.bash'
[43.237s] INFO:colcon.colcon_core.shell:Creating package script '/home/zxcx/new_naw/install/point_lio/share/point_lio/package.zsh'
[43.238s] Level 1:colcon.colcon_core.environment:create_file_with_runtime_dependencies(/home/zxcx/new_naw/install/point_lio/share/colcon-core/packages/point_lio)
[43.238s] Level 1:colcon.colcon_core.environment:create_environment_scripts_only(point_lio)
[43.238s] Level 1:colcon.colcon_core.environment:checking '/home/zxcx/new_naw/install/point_lio' for CMake module files
[43.238s] Level 1:colcon.colcon_core.environment:checking '/home/zxcx/new_naw/install/point_lio' for CMake config files
[43.238s] Level 1:colcon.colcon_core.shell:create_environment_hook('point_lio', 'cmake_prefix_path')
[43.239s] INFO:colcon.colcon_core.shell:Creating environment hook '/home/zxcx/new_naw/install/point_lio/share/point_lio/hook/cmake_prefix_path.ps1'
[43.239s] INFO:colcon.colcon_core.shell:Creating environment descriptor '/home/zxcx/new_naw/install/point_lio/share/point_lio/hook/cmake_prefix_path.dsv'
[43.239s] INFO:colcon.colcon_core.shell:Creating environment hook '/home/zxcx/new_naw/install/point_lio/share/point_lio/hook/cmake_prefix_path.sh'
[43.239s] Level 1:colcon.colcon_core.environment:checking '/home/zxcx/new_naw/install/point_lio/lib'
[43.239s] Level 1:colcon.colcon_core.environment:checking '/home/zxcx/new_naw/install/point_lio/bin'
[43.239s] Level 1:colcon.colcon_core.environment:checking '/home/zxcx/new_naw/install/point_lio/lib/pkgconfig/point_lio.pc'
[43.239s] Level 1:colcon.colcon_core.environment:checking '/home/zxcx/new_naw/install/point_lio/lib/python3.10/site-packages'
[43.240s] Level 1:colcon.colcon_core.environment:checking '/home/zxcx/new_naw/install/point_lio/bin'
[43.240s] INFO:colcon.colcon_core.shell:Creating package script '/home/zxcx/new_naw/install/point_lio/share/point_lio/package.ps1'
[43.240s] INFO:colcon.colcon_core.shell:Creating package descriptor '/home/zxcx/new_naw/install/point_lio/share/point_lio/package.dsv'
[43.240s] INFO:colcon.colcon_core.shell:Creating package script '/home/zxcx/new_naw/install/point_lio/share/point_lio/package.sh'
[43.241s] INFO:colcon.colcon_core.shell:Creating package script '/home/zxcx/new_naw/install/point_lio/share/point_lio/package.bash'
[43.241s] INFO:colcon.colcon_core.shell:Creating package script '/home/zxcx/new_naw/install/point_lio/share/point_lio/package.zsh'
[43.241s] Level 1:colcon.colcon_core.environment:create_file_with_runtime_dependencies(/home/zxcx/new_naw/install/point_lio/share/colcon-core/packages/point_lio)
[43.241s] DEBUG:colcon.colcon_parallel_executor.executor.parallel:closing loop
[43.241s] DEBUG:colcon.colcon_parallel_executor.executor.parallel:loop closed
[43.241s] DEBUG:colcon.colcon_parallel_executor.executor.parallel:run_until_complete finished with '0'
[43.241s] DEBUG:colcon.colcon_core.event_reactor:joining thread
[43.245s] INFO:colcon.colcon_core.plugin_system:Skipping extension 'colcon_notification.desktop_notification.terminal_notifier': Not used on non-Darwin systems
[43.245s] INFO:colcon.colcon_core.plugin_system:Skipping extension 'colcon_notification.desktop_notification.win32': Not used on non-Windows systems
[43.245s] INFO:colcon.colcon_notification.desktop_notification:Sending desktop notification using 'notify2'
[43.250s] DEBUG:colcon.colcon_core.event_reactor:joined thread
[43.251s] INFO:colcon.colcon_core.shell:Creating prefix script '/home/zxcx/new_naw/install/local_setup.ps1'
[43.251s] INFO:colcon.colcon_core.shell:Creating prefix util module '/home/zxcx/new_naw/install/_local_setup_util_ps1.py'
[43.252s] INFO:colcon.colcon_core.shell:Creating prefix chain script '/home/zxcx/new_naw/install/setup.ps1'
[43.252s] INFO:colcon.colcon_core.shell:Creating prefix script '/home/zxcx/new_naw/install/local_setup.sh'
[43.252s] INFO:colcon.colcon_core.shell:Creating prefix util module '/home/zxcx/new_naw/install/_local_setup_util_sh.py'
[43.253s] INFO:colcon.colcon_core.shell:Creating prefix chain script '/home/zxcx/new_naw/install/setup.sh'
[43.253s] INFO:colcon.colcon_core.shell:Creating prefix script '/home/zxcx/new_naw/install/local_setup.bash'
[43.253s] INFO:colcon.colcon_core.shell:Creating prefix chain script '/home/zxcx/new_naw/install/setup.bash'
[43.254s] INFO:colcon.colcon_core.shell:Creating prefix script '/home/zxcx/new_naw/install/local_setup.zsh'
[43.254s] INFO:colcon.colcon_core.shell:Creating prefix chain script '/home/zxcx/new_naw/install/setup.zsh'
