[0.019s] Invoking command in '/home/zxcx/new_naw/build/relocation': AMENT_PREFIX_PATH=/home/zxcx/new_naw/install/custom_msgs:${AMENT_PREFIX_PATH} CMAKE_PREFIX_PATH=/home/zxcx/new_naw/install/custom_msgs:/opt/ros/humble LD_LIBRARY_PATH=/home/zxcx/new_naw/install/custom_msgs/lib:${LD_LIBRARY_PATH} PYTHONPATH=/home/zxcx/new_naw/install/custom_msgs/local/lib/python3.10/dist-packages:${PYTHONPATH} /usr/bin/cmake /home/zxcx/new_naw/relocation -DCMAKE_BUILD_TYPE=Release -DCMAKE_INSTALL_PREFIX=/home/zxcx/new_naw/install/relocation
[0.026s] -- Found ament_cmake: 1.3.14 (/opt/ros/humble/share/ament_cmake/cmake)
[0.099s] -- Found rclcpp: 16.0.19 (/opt/ros/humble/share/rclcpp/cmake)
[0.115s] -- Found rosidl_generator_c: 3.1.8 (/opt/ros/humble/share/rosidl_generator_c/cmake)
[0.117s] -- Found rosidl_adapter: 3.1.8 (/opt/ros/humble/share/rosidl_adapter/cmake)
[0.120s] -- Found rosidl_generator_cpp: 3.1.8 (/opt/ros/humble/share/rosidl_generator_cpp/cmake)
[0.125s] -- Using all available rosidl_typesupport_c: rosidl_typesupport_fastrtps_c;rosidl_typesupport_introspection_c
[0.132s] -- Using all available rosidl_typesupport_cpp: rosidl_typesupport_fastrtps_cpp;rosidl_typesupport_introspection_cpp
[0.148s] -- Found rmw_implementation_cmake: 6.1.2 (/opt/ros/humble/share/rmw_implementation_cmake/cmake)
[0.149s] -- Found rmw_fastrtps_cpp: 6.2.10 (/opt/ros/humble/share/rmw_fastrtps_cpp/cmake)
[0.217s] -- Using RMW implementation 'rmw_fastrtps_cpp' as default
[0.249s] -- Found sensor_msgs: 4.9.1 (/opt/ros/humble/share/sensor_msgs/cmake)
[0.265s] -- Found nav_msgs: 4.9.1 (/opt/ros/humble/share/nav_msgs/cmake)
[0.274s] -- Found pcl_conversions: 2.4.5 (/opt/ros/humble/share/pcl_conversions/cmake)
[0.295s] -- Eigen found (include: /usr/include/eigen3, version: 3.4.0)
[0.317s] -- FLANN found (include: /usr/include, lib: /usr/lib/x86_64-linux-gnu/libflann_cpp.so)
[0.503s] -- OpenNI found (version: 1.5.4.0, include: /usr/include/ni, lib: /usr/lib/libOpenNI.so;libusb::libusb)
[0.506s] -- OpenNI2 found (version: 2.2.0.33, include: /usr/include/openni2, lib: /usr/lib/x86_64-linux-gnu/libOpenNI2.so;libusb::libusb)
[0.601s] -- Eigen found (include: /usr/include/eigen3, version: 3.4.0)
[0.605s] -- OpenNI found (version: 1.5.4.0, include: /usr/include/ni, lib: /usr/lib/libOpenNI.so;libusb::libusb)
[0.609s] -- OpenNI2 found (version: 2.2.0.33, include: /usr/include/openni2, lib: /usr/lib/x86_64-linux-gnu/libOpenNI2.so;libusb::libusb)
[0.694s] -- Found Qhull version 8.0.2
[0.783s] -- OpenNI found (version: 1.5.4.0, include: /usr/include/ni, lib: /usr/lib/libOpenNI.so;libusb::libusb)
[0.874s] -- Found custom_msgs: 0.0.0 (/home/zxcx/new_naw/install/custom_msgs/share/custom_msgs/cmake)
[0.881s] -- Found visualization_msgs: 4.9.1 (/opt/ros/humble/share/visualization_msgs/cmake)
[0.894s] [33mCMake Warning (dev) at CMakeLists.txt:27 (find_package):
[0.894s]   Policy CMP0074 is not set: find_package uses <PackageName>_ROOT variables.
[0.894s]   Run "cmake --help-policy CMP0074" for policy details.  Use the cmake_policy
[0.894s]   command to set the policy and suppress this warning.
[0.894s] 
[0.894s]   CMake variable PCL_ROOT is set to:
[0.894s] 
[0.894s]     /usr
[0.894s] 
[0.894s]   For compatibility, CMake is ignoring the variable.
[0.894s] This warning is for project developers.  Use -Wno-dev to suppress it.
[0.895s] [0m
[0.906s] -- Found ament_lint_auto: 0.12.15 (/opt/ros/humble/share/ament_lint_auto/cmake)
[0.947s] -- Added test 'cppcheck' to perform static code analysis on C / C++ code
[0.948s] -- Configured cppcheck include dirs: $<BUILD_INTERFACE:/home/zxcx/new_naw/relocation/include>
[0.948s] -- Configured cppcheck exclude dirs and/or files: 
[0.948s] -- Added test 'lint_cmake' to check CMake code style
[0.949s] -- Added test 'uncrustify' to check C / C++ code style
[0.949s] -- Configured uncrustify additional arguments: 
[0.949s] -- Added test 'xmllint' to check XML markup files
[0.950s] -- Configuring done
[0.998s] -- Generating done
[1.011s] -- Build files have been written to: /home/zxcx/new_naw/build/relocation
[1.022s] Invoked command in '/home/zxcx/new_naw/build/relocation' returned '0': AMENT_PREFIX_PATH=/home/zxcx/new_naw/install/custom_msgs:${AMENT_PREFIX_PATH} CMAKE_PREFIX_PATH=/home/zxcx/new_naw/install/custom_msgs:/opt/ros/humble LD_LIBRARY_PATH=/home/zxcx/new_naw/install/custom_msgs/lib:${LD_LIBRARY_PATH} PYTHONPATH=/home/zxcx/new_naw/install/custom_msgs/local/lib/python3.10/dist-packages:${PYTHONPATH} /usr/bin/cmake /home/zxcx/new_naw/relocation -DCMAKE_BUILD_TYPE=Release -DCMAKE_INSTALL_PREFIX=/home/zxcx/new_naw/install/relocation
[1.023s] Invoking command in '/home/zxcx/new_naw/build/relocation': AMENT_PREFIX_PATH=/home/zxcx/new_naw/install/custom_msgs:${AMENT_PREFIX_PATH} CMAKE_PREFIX_PATH=/home/zxcx/new_naw/install/custom_msgs:/opt/ros/humble LD_LIBRARY_PATH=/home/zxcx/new_naw/install/custom_msgs/lib:${LD_LIBRARY_PATH} PYTHONPATH=/home/zxcx/new_naw/install/custom_msgs/local/lib/python3.10/dist-packages:${PYTHONPATH} /usr/bin/cmake --build /home/zxcx/new_naw/build/relocation -- -j32 -l32
[1.053s] [35m[1mConsolidate compiler generated dependencies of target relocation_core[0m
[1.076s] [ 60%] Built target relocation_core
[1.084s] [35m[1mConsolidate compiler generated dependencies of target test_node[0m
[1.085s] [35m[1mConsolidate compiler generated dependencies of target relocation_node[0m
[1.103s] [ 80%] Built target test_node
[1.109s] [100%] Built target relocation_node
[1.119s] Invoked command in '/home/zxcx/new_naw/build/relocation' returned '0': AMENT_PREFIX_PATH=/home/zxcx/new_naw/install/custom_msgs:${AMENT_PREFIX_PATH} CMAKE_PREFIX_PATH=/home/zxcx/new_naw/install/custom_msgs:/opt/ros/humble LD_LIBRARY_PATH=/home/zxcx/new_naw/install/custom_msgs/lib:${LD_LIBRARY_PATH} PYTHONPATH=/home/zxcx/new_naw/install/custom_msgs/local/lib/python3.10/dist-packages:${PYTHONPATH} /usr/bin/cmake --build /home/zxcx/new_naw/build/relocation -- -j32 -l32
[1.120s] Invoking command in '/home/zxcx/new_naw/build/relocation': AMENT_PREFIX_PATH=/home/zxcx/new_naw/install/custom_msgs:${AMENT_PREFIX_PATH} CMAKE_PREFIX_PATH=/home/zxcx/new_naw/install/custom_msgs:/opt/ros/humble LD_LIBRARY_PATH=/home/zxcx/new_naw/install/custom_msgs/lib:${LD_LIBRARY_PATH} PYTHONPATH=/home/zxcx/new_naw/install/custom_msgs/local/lib/python3.10/dist-packages:${PYTHONPATH} /usr/bin/cmake --install /home/zxcx/new_naw/build/relocation
[1.125s] -- Install configuration: "Release"
[1.125s] -- Up-to-date: /home/zxcx/new_naw/install/relocation/lib/librelocation_core.so
[1.125s] -- Up-to-date: /home/zxcx/new_naw/install/relocation/lib/relocation/test_node
[1.126s] -- Up-to-date: /home/zxcx/new_naw/install/relocation/lib/relocation/relocation_node
[1.126s] -- Up-to-date: /home/zxcx/new_naw/install/relocation/include
[1.126s] -- Up-to-date: /home/zxcx/new_naw/install/relocation/include/relocation
[1.126s] -- Up-to-date: /home/zxcx/new_naw/install/relocation/include/relocation/kd_tree.hpp
[1.126s] -- Up-to-date: /home/zxcx/new_naw/install/relocation/include/relocation/ann_kdtree.hpp
[1.126s] -- Up-to-date: /home/zxcx/new_naw/install/relocation/include/relocation/iris.hpp
[1.126s] -- Up-to-date: /home/zxcx/new_naw/install/relocation/include/relocation/icp.hpp
[1.126s] -- Up-to-date: /home/zxcx/new_naw/install/relocation/include/relocation/location.hpp
[1.126s] -- Up-to-date: /home/zxcx/new_naw/install/relocation/share/ament_index/resource_index/package_run_dependencies/relocation
[1.126s] -- Up-to-date: /home/zxcx/new_naw/install/relocation/share/ament_index/resource_index/parent_prefix_path/relocation
[1.126s] -- Up-to-date: /home/zxcx/new_naw/install/relocation/share/relocation/environment/ament_prefix_path.sh
[1.126s] -- Installing: /home/zxcx/new_naw/install/relocation/share/relocation/environment/ament_prefix_path.dsv
[1.126s] -- Up-to-date: /home/zxcx/new_naw/install/relocation/share/relocation/environment/path.sh
[1.126s] -- Installing: /home/zxcx/new_naw/install/relocation/share/relocation/environment/path.dsv
[1.126s] -- Up-to-date: /home/zxcx/new_naw/install/relocation/share/relocation/local_setup.bash
[1.127s] -- Up-to-date: /home/zxcx/new_naw/install/relocation/share/relocation/local_setup.sh
[1.127s] -- Up-to-date: /home/zxcx/new_naw/install/relocation/share/relocation/local_setup.zsh
[1.127s] -- Installing: /home/zxcx/new_naw/install/relocation/share/relocation/local_setup.dsv
[1.127s] -- Installing: /home/zxcx/new_naw/install/relocation/share/relocation/package.dsv
[1.127s] -- Up-to-date: /home/zxcx/new_naw/install/relocation/share/ament_index/resource_index/packages/relocation
[1.127s] -- Up-to-date: /home/zxcx/new_naw/install/relocation/share/relocation/cmake/relocationConfig.cmake
[1.127s] -- Up-to-date: /home/zxcx/new_naw/install/relocation/share/relocation/cmake/relocationConfig-version.cmake
[1.127s] -- Up-to-date: /home/zxcx/new_naw/install/relocation/share/relocation/package.xml
[1.128s] Invoked command in '/home/zxcx/new_naw/build/relocation' returned '0': AMENT_PREFIX_PATH=/home/zxcx/new_naw/install/custom_msgs:${AMENT_PREFIX_PATH} CMAKE_PREFIX_PATH=/home/zxcx/new_naw/install/custom_msgs:/opt/ros/humble LD_LIBRARY_PATH=/home/zxcx/new_naw/install/custom_msgs/lib:${LD_LIBRARY_PATH} PYTHONPATH=/home/zxcx/new_naw/install/custom_msgs/local/lib/python3.10/dist-packages:${PYTHONPATH} /usr/bin/cmake --install /home/zxcx/new_naw/build/relocation
