-- The C compiler identification is GNU 11.4.0
-- The CXX compiler identification is GNU 11.4.0
-- Detecting C compiler ABI info
-- Detecting C compiler ABI info - done
-- Check for working C compiler: /usr/bin/cc - skipped
-- Detecting C compile features
-- Detecting C compile features - done
-- Detecting CXX compiler ABI info
-- Detecting CXX compiler ABI info - done
-- Check for working CXX compiler: /usr/bin/c++ - skipped
-- Detecting CXX compile features
-- Detecting CXX compile features - done
-- Found ament_cmake: 1.3.14 (/opt/ros/humble/share/ament_cmake/cmake)
-- Found Python3: /usr/bin/python3 (found version "3.10.12") found components: Interpreter 
-- Found rclcpp: 16.0.19 (/opt/ros/humble/share/rclcpp/cmake)
-- Found rosidl_generator_c: 3.1.8 (/opt/ros/humble/share/rosidl_generator_c/cmake)
-- Found rosidl_adapter: 3.1.8 (/opt/ros/humble/share/rosidl_adapter/cmake)
-- Found rosidl_generator_cpp: 3.1.8 (/opt/ros/humble/share/rosidl_generator_cpp/cmake)
-- Using all available rosidl_typesupport_c: rosidl_typesupport_fastrtps_c;rosidl_typesupport_introspection_c
-- Using all available rosidl_typesupport_cpp: rosidl_typesupport_fastrtps_cpp;rosidl_typesupport_introspection_cpp
-- Found rmw_implementation_cmake: 6.1.2 (/opt/ros/humble/share/rmw_implementation_cmake/cmake)
-- Found rmw_fastrtps_cpp: 6.2.10 (/opt/ros/humble/share/rmw_fastrtps_cpp/cmake)
-- Found OpenSSL: /usr/lib/x86_64-linux-gnu/libcrypto.so (found version "3.0.2")  
-- Found FastRTPS: /opt/ros/humble/include  
-- Using RMW implementation 'rmw_fastrtps_cpp' as default
-- Looking for pthread.h
-- Looking for pthread.h - found
-- Performing Test CMAKE_HAVE_LIBC_PTHREAD
-- Performing Test CMAKE_HAVE_LIBC_PTHREAD - Success
-- Found Threads: TRUE  
-- Found custom_msgs: 0.0.0 (/home/zxcx/new_naw/install/custom_msgs/share/custom_msgs/cmake)
-- Found nlohmann_json: /usr/lib/cmake/nlohmann_json/nlohmann_jsonConfig.cmake (found version "3.10.5") 
-- Configuring done
-- Generating done
-- Build files have been written to: /home/zxcx/new_naw/build/algo_master
[ 33%] [32mBuilding CXX object CMakeFiles/algo_master.dir/src/algo_master_node.cpp.o[0m
[ 66%] [32mBuilding CXX object CMakeFiles/algo_master.dir/src/serialport.cpp.o[0m
[100%] [32m[1mLinking CXX executable algo_master[0m
[100%] Built target algo_master
-- Install configuration: "Release"
-- Installing: /home/zxcx/new_naw/install/algo_master/lib/algo_master/algo_master
-- Set runtime path of "/home/zxcx/new_naw/install/algo_master/lib/algo_master/algo_master" to ""
-- Installing: /home/zxcx/new_naw/install/algo_master/share/ament_index/resource_index/package_run_dependencies/algo_master
-- Installing: /home/zxcx/new_naw/install/algo_master/share/ament_index/resource_index/parent_prefix_path/algo_master
-- Installing: /home/zxcx/new_naw/install/algo_master/share/algo_master/environment/ament_prefix_path.sh
-- Installing: /home/zxcx/new_naw/install/algo_master/share/algo_master/environment/ament_prefix_path.dsv
-- Installing: /home/zxcx/new_naw/install/algo_master/share/algo_master/environment/path.sh
-- Installing: /home/zxcx/new_naw/install/algo_master/share/algo_master/environment/path.dsv
-- Installing: /home/zxcx/new_naw/install/algo_master/share/algo_master/local_setup.bash
-- Installing: /home/zxcx/new_naw/install/algo_master/share/algo_master/local_setup.sh
-- Installing: /home/zxcx/new_naw/install/algo_master/share/algo_master/local_setup.zsh
-- Installing: /home/zxcx/new_naw/install/algo_master/share/algo_master/local_setup.dsv
-- Installing: /home/zxcx/new_naw/install/algo_master/share/algo_master/package.dsv
-- Installing: /home/zxcx/new_naw/install/algo_master/share/ament_index/resource_index/packages/algo_master
-- Installing: /home/zxcx/new_naw/install/algo_master/share/algo_master/cmake/algo_masterConfig.cmake
-- Installing: /home/zxcx/new_naw/install/algo_master/share/algo_master/cmake/algo_masterConfig-version.cmake
-- Installing: /home/zxcx/new_naw/install/algo_master/share/algo_master/package.xml
