[0.011s] Invoking command in '/home/zxcx/new_naw/build/algo_master': CMAKE_PREFIX_PATH=/home/zxcx/new_naw/install/custom_msgs:/home/zxcx/new_naw/install/livox_ros_driver2:/home/zxcx/new_naw/install/controller:/opt/ros/humble LD_LIBRARY_PATH=/home/zxcx/new_naw/install/custom_msgs/lib:/home/zxcx/new_naw/install/livox_ros_driver2/lib:/usr/lib/x86_64-linux-gnu/gazebo-11/plugins:/opt/ros/humble/opt/rviz_ogre_vendor/lib:/opt/ros/humble/lib/x86_64-linux-gnu:/opt/ros/humble/lib /usr/bin/cmake /home/zxcx/new_naw/algo_master -DCMAKE_BUILD_TYPE=Release -DCMAKE_INSTALL_PREFIX=/home/zxcx/new_naw/install/algo_master
[0.046s] -- The C compiler identification is GNU 11.4.0
[0.083s] -- The CXX compiler identification is GNU 11.4.0
[0.087s] -- Detecting C compiler ABI info
[0.135s] -- Detecting C compiler ABI info - done
[0.139s] -- Check for working C compiler: /usr/bin/cc - skipped
[0.139s] -- Detecting C compile features
[0.139s] -- Detecting C compile features - done
[0.141s] -- Detecting CXX compiler ABI info
[0.196s] -- Detecting CXX compiler ABI info - done
[0.200s] -- Check for working CXX compiler: /usr/bin/c++ - skipped
[0.200s] -- Detecting CXX compile features
[0.200s] -- Detecting CXX compile features - done
[0.202s] -- Found ament_cmake: 1.3.14 (/opt/ros/humble/share/ament_cmake/cmake)
[0.291s] -- Found Python3: /usr/bin/python3 (found version "3.10.12") found components: Interpreter 
[0.346s] -- Found rclcpp: 16.0.19 (/opt/ros/humble/share/rclcpp/cmake)
[0.372s] -- Found rosidl_generator_c: 3.1.8 (/opt/ros/humble/share/rosidl_generator_c/cmake)
[0.375s] -- Found rosidl_adapter: 3.1.8 (/opt/ros/humble/share/rosidl_adapter/cmake)
[0.380s] -- Found rosidl_generator_cpp: 3.1.8 (/opt/ros/humble/share/rosidl_generator_cpp/cmake)
[0.386s] -- Using all available rosidl_typesupport_c: rosidl_typesupport_fastrtps_c;rosidl_typesupport_introspection_c
[0.395s] -- Using all available rosidl_typesupport_cpp: rosidl_typesupport_fastrtps_cpp;rosidl_typesupport_introspection_cpp
[0.420s] -- Found rmw_implementation_cmake: 6.1.2 (/opt/ros/humble/share/rmw_implementation_cmake/cmake)
[0.422s] -- Found rmw_fastrtps_cpp: 6.2.10 (/opt/ros/humble/share/rmw_fastrtps_cpp/cmake)
[0.484s] -- Found OpenSSL: /usr/lib/x86_64-linux-gnu/libcrypto.so (found version "3.0.2")  
[0.505s] -- Found FastRTPS: /opt/ros/humble/include  
[0.534s] -- Using RMW implementation 'rmw_fastrtps_cpp' as default
[0.539s] -- Looking for pthread.h
[0.592s] -- Looking for pthread.h - found
[0.593s] -- Performing Test CMAKE_HAVE_LIBC_PTHREAD
[0.650s] -- Performing Test CMAKE_HAVE_LIBC_PTHREAD - Success
[0.650s] -- Found Threads: TRUE  
[0.679s] -- Found custom_msgs: 0.0.0 (/home/zxcx/new_naw/install/custom_msgs/share/custom_msgs/cmake)
[0.687s] -- Found nlohmann_json: /usr/lib/cmake/nlohmann_json/nlohmann_jsonConfig.cmake (found version "3.10.5") 
[0.741s] -- Configuring done
[0.749s] -- Generating done
[0.751s] -- Build files have been written to: /home/zxcx/new_naw/build/algo_master
[0.762s] Invoked command in '/home/zxcx/new_naw/build/algo_master' returned '0': CMAKE_PREFIX_PATH=/home/zxcx/new_naw/install/custom_msgs:/home/zxcx/new_naw/install/livox_ros_driver2:/home/zxcx/new_naw/install/controller:/opt/ros/humble LD_LIBRARY_PATH=/home/zxcx/new_naw/install/custom_msgs/lib:/home/zxcx/new_naw/install/livox_ros_driver2/lib:/usr/lib/x86_64-linux-gnu/gazebo-11/plugins:/opt/ros/humble/opt/rviz_ogre_vendor/lib:/opt/ros/humble/lib/x86_64-linux-gnu:/opt/ros/humble/lib /usr/bin/cmake /home/zxcx/new_naw/algo_master -DCMAKE_BUILD_TYPE=Release -DCMAKE_INSTALL_PREFIX=/home/zxcx/new_naw/install/algo_master
[0.763s] Invoking command in '/home/zxcx/new_naw/build/algo_master': CMAKE_PREFIX_PATH=/home/zxcx/new_naw/install/custom_msgs:/home/zxcx/new_naw/install/livox_ros_driver2:/home/zxcx/new_naw/install/controller:/opt/ros/humble LD_LIBRARY_PATH=/home/zxcx/new_naw/install/custom_msgs/lib:/home/zxcx/new_naw/install/livox_ros_driver2/lib:/usr/lib/x86_64-linux-gnu/gazebo-11/plugins:/opt/ros/humble/opt/rviz_ogre_vendor/lib:/opt/ros/humble/lib/x86_64-linux-gnu:/opt/ros/humble/lib /usr/bin/cmake --build /home/zxcx/new_naw/build/algo_master -- -j32 -l32
[0.811s] [ 33%] [32mBuilding CXX object CMakeFiles/algo_master.dir/src/algo_master_node.cpp.o[0m
[0.812s] [ 66%] [32mBuilding CXX object CMakeFiles/algo_master.dir/src/serialport.cpp.o[0m
[9.697s] [100%] [32m[1mLinking CXX executable algo_master[0m
[9.806s] [100%] Built target algo_master
[9.814s] Invoked command in '/home/zxcx/new_naw/build/algo_master' returned '0': CMAKE_PREFIX_PATH=/home/zxcx/new_naw/install/custom_msgs:/home/zxcx/new_naw/install/livox_ros_driver2:/home/zxcx/new_naw/install/controller:/opt/ros/humble LD_LIBRARY_PATH=/home/zxcx/new_naw/install/custom_msgs/lib:/home/zxcx/new_naw/install/livox_ros_driver2/lib:/usr/lib/x86_64-linux-gnu/gazebo-11/plugins:/opt/ros/humble/opt/rviz_ogre_vendor/lib:/opt/ros/humble/lib/x86_64-linux-gnu:/opt/ros/humble/lib /usr/bin/cmake --build /home/zxcx/new_naw/build/algo_master -- -j32 -l32
[9.815s] Invoking command in '/home/zxcx/new_naw/build/algo_master': CMAKE_PREFIX_PATH=/home/zxcx/new_naw/install/custom_msgs:/home/zxcx/new_naw/install/livox_ros_driver2:/home/zxcx/new_naw/install/controller:/opt/ros/humble LD_LIBRARY_PATH=/home/zxcx/new_naw/install/custom_msgs/lib:/home/zxcx/new_naw/install/livox_ros_driver2/lib:/usr/lib/x86_64-linux-gnu/gazebo-11/plugins:/opt/ros/humble/opt/rviz_ogre_vendor/lib:/opt/ros/humble/lib/x86_64-linux-gnu:/opt/ros/humble/lib /usr/bin/cmake --install /home/zxcx/new_naw/build/algo_master
[9.819s] -- Install configuration: "Release"
[9.819s] -- Installing: /home/zxcx/new_naw/install/algo_master/lib/algo_master/algo_master
[9.820s] -- Set runtime path of "/home/zxcx/new_naw/install/algo_master/lib/algo_master/algo_master" to ""
[9.821s] -- Installing: /home/zxcx/new_naw/install/algo_master/share/ament_index/resource_index/package_run_dependencies/algo_master
[9.821s] -- Installing: /home/zxcx/new_naw/install/algo_master/share/ament_index/resource_index/parent_prefix_path/algo_master
[9.821s] -- Installing: /home/zxcx/new_naw/install/algo_master/share/algo_master/environment/ament_prefix_path.sh
[9.821s] -- Installing: /home/zxcx/new_naw/install/algo_master/share/algo_master/environment/ament_prefix_path.dsv
[9.821s] -- Installing: /home/zxcx/new_naw/install/algo_master/share/algo_master/environment/path.sh
[9.821s] -- Installing: /home/zxcx/new_naw/install/algo_master/share/algo_master/environment/path.dsv
[9.821s] -- Installing: /home/zxcx/new_naw/install/algo_master/share/algo_master/local_setup.bash
[9.821s] -- Installing: /home/zxcx/new_naw/install/algo_master/share/algo_master/local_setup.sh
[9.822s] -- Installing: /home/zxcx/new_naw/install/algo_master/share/algo_master/local_setup.zsh
[9.822s] -- Installing: /home/zxcx/new_naw/install/algo_master/share/algo_master/local_setup.dsv
[9.822s] -- Installing: /home/zxcx/new_naw/install/algo_master/share/algo_master/package.dsv
[9.822s] -- Installing: /home/zxcx/new_naw/install/algo_master/share/ament_index/resource_index/packages/algo_master
[9.822s] -- Installing: /home/zxcx/new_naw/install/algo_master/share/algo_master/cmake/algo_masterConfig.cmake
[9.822s] -- Installing: /home/zxcx/new_naw/install/algo_master/share/algo_master/cmake/algo_masterConfig-version.cmake
[9.822s] -- Installing: /home/zxcx/new_naw/install/algo_master/share/algo_master/package.xml
[9.824s] Invoked command in '/home/zxcx/new_naw/build/algo_master' returned '0': CMAKE_PREFIX_PATH=/home/zxcx/new_naw/install/custom_msgs:/home/zxcx/new_naw/install/livox_ros_driver2:/home/zxcx/new_naw/install/controller:/opt/ros/humble LD_LIBRARY_PATH=/home/zxcx/new_naw/install/custom_msgs/lib:/home/zxcx/new_naw/install/livox_ros_driver2/lib:/usr/lib/x86_64-linux-gnu/gazebo-11/plugins:/opt/ros/humble/opt/rviz_ogre_vendor/lib:/opt/ros/humble/lib/x86_64-linux-gnu:/opt/ros/humble/lib /usr/bin/cmake --install /home/zxcx/new_naw/build/algo_master
