[0.113s] DEBUG:colcon:Command line arguments: ['/usr/bin/colcon', 'build', '--packages-select', 'custom_msgs', 'relocation', 'planner', 'esdf', 'algo_master']
[0.113s] DEBUG:colcon:Parsed command line arguments: Namespace(log_base=None, log_level=None, verb_name='build', build_base='build', install_base='install', merge_install=False, symlink_install=False, test_result_base=None, continue_on_error=False, executor='parallel', parallel_workers=32, event_handlers=None, ignore_user_meta=False, metas=['./colcon.meta'], base_paths=['.'], packages_ignore=None, packages_ignore_regex=None, paths=None, packages_up_to=None, packages_up_to_regex=None, packages_above=None, packages_above_and_dependencies=None, packages_above_depth=None, packages_select_by_dep=None, packages_skip_by_dep=None, packages_skip_up_to=None, packages_select_build_failed=False, packages_skip_build_finished=False, packages_select_test_failures=False, packages_skip_test_passed=False, packages_select=['custom_msgs', 'relocation', 'planner', 'esdf', 'algo_master'], packages_skip=None, packages_select_regex=None, packages_skip_regex=None, packages_start=None, packages_end=None, allow_overriding=[], cmake_args=None, cmake_target=None, cmake_target_skip_unavailable=False, cmake_clean_cache=False, cmake_clean_first=False, cmake_force_configure=False, ament_cmake_args=None, catkin_cmake_args=None, catkin_skip_building_tests=False, verb_parser=<colcon_defaults.argument_parser.defaults.DefaultArgumentsDecorator object at 0x7dcf44e5c070>, verb_extension=<colcon_core.verb.build.BuildVerb object at 0x7dcf44e23190>, main=<bound method BuildVerb.main of <colcon_core.verb.build.BuildVerb object at 0x7dcf44e23190>>)
[0.228s] Level 1:colcon.colcon_core.package_discovery:discover_packages(colcon_meta) check parameters
[0.228s] Level 1:colcon.colcon_core.package_discovery:discover_packages(recursive) check parameters
[0.228s] Level 1:colcon.colcon_core.package_discovery:discover_packages(ignore) check parameters
[0.228s] Level 1:colcon.colcon_core.package_discovery:discover_packages(path) check parameters
[0.228s] Level 1:colcon.colcon_core.package_discovery:discover_packages(colcon_meta) discover
[0.229s] Level 1:colcon.colcon_core.package_discovery:discover_packages(recursive) discover
[0.229s] INFO:colcon.colcon_core.package_discovery:Crawling recursively for packages in '/home/zxcx/new_naw'
[0.229s] Level 1:colcon.colcon_core.package_identification:_identify(.) by extensions ['ignore', 'ignore_ament_install']
[0.229s] Level 1:colcon.colcon_core.package_identification:_identify(.) by extension 'ignore'
[0.229s] Level 1:colcon.colcon_core.package_identification:_identify(.) by extension 'ignore_ament_install'
[0.229s] Level 1:colcon.colcon_core.package_identification:_identify(.) by extensions ['colcon_pkg']
[0.229s] Level 1:colcon.colcon_core.package_identification:_identify(.) by extension 'colcon_pkg'
[0.229s] Level 1:colcon.colcon_core.package_identification:_identify(.) by extensions ['colcon_meta']
[0.229s] Level 1:colcon.colcon_core.package_identification:_identify(.) by extension 'colcon_meta'
[0.229s] Level 1:colcon.colcon_core.package_identification:_identify(.) by extensions ['ros']
[0.229s] Level 1:colcon.colcon_core.package_identification:_identify(.) by extension 'ros'
[0.235s] Level 1:colcon.colcon_core.package_identification:_identify(.) by extensions ['cmake', 'python']
[0.235s] Level 1:colcon.colcon_core.package_identification:_identify(.) by extension 'cmake'
[0.235s] Level 1:colcon.colcon_core.package_identification:_identify(.) by extension 'python'
[0.235s] Level 1:colcon.colcon_core.package_identification:_identify(.) by extensions ['python_setup_py']
[0.235s] Level 1:colcon.colcon_core.package_identification:_identify(.) by extension 'python_setup_py'
[0.235s] Level 1:colcon.colcon_core.package_identification:_identify(algo_master) by extensions ['ignore', 'ignore_ament_install']
[0.235s] Level 1:colcon.colcon_core.package_identification:_identify(algo_master) by extension 'ignore'
[0.235s] Level 1:colcon.colcon_core.package_identification:_identify(algo_master) by extension 'ignore_ament_install'
[0.235s] Level 1:colcon.colcon_core.package_identification:_identify(algo_master) by extensions ['colcon_pkg']
[0.235s] Level 1:colcon.colcon_core.package_identification:_identify(algo_master) by extension 'colcon_pkg'
[0.235s] Level 1:colcon.colcon_core.package_identification:_identify(algo_master) by extensions ['colcon_meta']
[0.235s] Level 1:colcon.colcon_core.package_identification:_identify(algo_master) by extension 'colcon_meta'
[0.235s] Level 1:colcon.colcon_core.package_identification:_identify(algo_master) by extensions ['ros']
[0.235s] Level 1:colcon.colcon_core.package_identification:_identify(algo_master) by extension 'ros'
[0.237s] DEBUG:colcon.colcon_core.package_identification:Package 'algo_master' with type 'ros.ament_cmake' and name 'algo_master'
[0.237s] Level 1:colcon.colcon_core.package_identification:_identify(build) by extensions ['ignore', 'ignore_ament_install']
[0.237s] Level 1:colcon.colcon_core.package_identification:_identify(build) by extension 'ignore'
[0.237s] Level 1:colcon.colcon_core.package_identification:_identify(build) ignored
[0.237s] Level 1:colcon.colcon_core.package_identification:_identify(controller) by extensions ['ignore', 'ignore_ament_install']
[0.237s] Level 1:colcon.colcon_core.package_identification:_identify(controller) by extension 'ignore'
[0.237s] Level 1:colcon.colcon_core.package_identification:_identify(controller) by extension 'ignore_ament_install'
[0.237s] Level 1:colcon.colcon_core.package_identification:_identify(controller) by extensions ['colcon_pkg']
[0.237s] Level 1:colcon.colcon_core.package_identification:_identify(controller) by extension 'colcon_pkg'
[0.237s] Level 1:colcon.colcon_core.package_identification:_identify(controller) by extensions ['colcon_meta']
[0.237s] Level 1:colcon.colcon_core.package_identification:_identify(controller) by extension 'colcon_meta'
[0.237s] Level 1:colcon.colcon_core.package_identification:_identify(controller) by extensions ['ros']
[0.237s] Level 1:colcon.colcon_core.package_identification:_identify(controller) by extension 'ros'
[0.238s] DEBUG:colcon.colcon_core.package_identification:Package 'controller' with type 'ros.ament_cmake' and name 'controller'
[0.238s] Level 1:colcon.colcon_core.package_identification:_identify(custom_msgs) by extensions ['ignore', 'ignore_ament_install']
[0.238s] Level 1:colcon.colcon_core.package_identification:_identify(custom_msgs) by extension 'ignore'
[0.238s] Level 1:colcon.colcon_core.package_identification:_identify(custom_msgs) by extension 'ignore_ament_install'
[0.238s] Level 1:colcon.colcon_core.package_identification:_identify(custom_msgs) by extensions ['colcon_pkg']
[0.238s] Level 1:colcon.colcon_core.package_identification:_identify(custom_msgs) by extension 'colcon_pkg'
[0.238s] Level 1:colcon.colcon_core.package_identification:_identify(custom_msgs) by extensions ['colcon_meta']
[0.238s] Level 1:colcon.colcon_core.package_identification:_identify(custom_msgs) by extension 'colcon_meta'
[0.238s] Level 1:colcon.colcon_core.package_identification:_identify(custom_msgs) by extensions ['ros']
[0.238s] Level 1:colcon.colcon_core.package_identification:_identify(custom_msgs) by extension 'ros'
[0.238s] DEBUG:colcon.colcon_core.package_identification:Package 'custom_msgs' with type 'ros.ament_cmake' and name 'custom_msgs'
[0.238s] Level 1:colcon.colcon_core.package_identification:_identify(esdf) by extensions ['ignore', 'ignore_ament_install']
[0.238s] Level 1:colcon.colcon_core.package_identification:_identify(esdf) by extension 'ignore'
[0.238s] Level 1:colcon.colcon_core.package_identification:_identify(esdf) by extension 'ignore_ament_install'
[0.238s] Level 1:colcon.colcon_core.package_identification:_identify(esdf) by extensions ['colcon_pkg']
[0.238s] Level 1:colcon.colcon_core.package_identification:_identify(esdf) by extension 'colcon_pkg'
[0.238s] Level 1:colcon.colcon_core.package_identification:_identify(esdf) by extensions ['colcon_meta']
[0.238s] Level 1:colcon.colcon_core.package_identification:_identify(esdf) by extension 'colcon_meta'
[0.238s] Level 1:colcon.colcon_core.package_identification:_identify(esdf) by extensions ['ros']
[0.238s] Level 1:colcon.colcon_core.package_identification:_identify(esdf) by extension 'ros'
[0.239s] DEBUG:colcon.colcon_core.package_identification:Package 'esdf' with type 'ros.ament_cmake' and name 'esdf'
[0.239s] Level 1:colcon.colcon_core.package_identification:_identify(install) by extensions ['ignore', 'ignore_ament_install']
[0.239s] Level 1:colcon.colcon_core.package_identification:_identify(install) by extension 'ignore'
[0.239s] Level 1:colcon.colcon_core.package_identification:_identify(install) ignored
[0.239s] Level 1:colcon.colcon_core.package_identification:_identify(livox_ros_driver2) by extensions ['ignore', 'ignore_ament_install']
[0.239s] Level 1:colcon.colcon_core.package_identification:_identify(livox_ros_driver2) by extension 'ignore'
[0.239s] Level 1:colcon.colcon_core.package_identification:_identify(livox_ros_driver2) by extension 'ignore_ament_install'
[0.239s] Level 1:colcon.colcon_core.package_identification:_identify(livox_ros_driver2) by extensions ['colcon_pkg']
[0.239s] Level 1:colcon.colcon_core.package_identification:_identify(livox_ros_driver2) by extension 'colcon_pkg'
[0.239s] Level 1:colcon.colcon_core.package_identification:_identify(livox_ros_driver2) by extensions ['colcon_meta']
[0.239s] Level 1:colcon.colcon_core.package_identification:_identify(livox_ros_driver2) by extension 'colcon_meta'
[0.239s] Level 1:colcon.colcon_core.package_identification:_identify(livox_ros_driver2) by extensions ['ros']
[0.239s] Level 1:colcon.colcon_core.package_identification:_identify(livox_ros_driver2) by extension 'ros'
[0.240s] DEBUG:colcon.colcon_core.package_identification:Package 'livox_ros_driver2' with type 'ros.ament_cmake' and name 'livox_ros_driver2'
[0.240s] Level 1:colcon.colcon_core.package_identification:_identify(log) by extensions ['ignore', 'ignore_ament_install']
[0.240s] Level 1:colcon.colcon_core.package_identification:_identify(log) by extension 'ignore'
[0.240s] Level 1:colcon.colcon_core.package_identification:_identify(log) ignored
[0.240s] Level 1:colcon.colcon_core.package_identification:_identify(planner) by extensions ['ignore', 'ignore_ament_install']
[0.240s] Level 1:colcon.colcon_core.package_identification:_identify(planner) by extension 'ignore'
[0.240s] Level 1:colcon.colcon_core.package_identification:_identify(planner) by extension 'ignore_ament_install'
[0.240s] Level 1:colcon.colcon_core.package_identification:_identify(planner) by extensions ['colcon_pkg']
[0.240s] Level 1:colcon.colcon_core.package_identification:_identify(planner) by extension 'colcon_pkg'
[0.240s] Level 1:colcon.colcon_core.package_identification:_identify(planner) by extensions ['colcon_meta']
[0.240s] Level 1:colcon.colcon_core.package_identification:_identify(planner) by extension 'colcon_meta'
[0.240s] Level 1:colcon.colcon_core.package_identification:_identify(planner) by extensions ['ros']
[0.240s] Level 1:colcon.colcon_core.package_identification:_identify(planner) by extension 'ros'
[0.241s] DEBUG:colcon.colcon_core.package_identification:Package 'planner' with type 'ros.ament_cmake' and name 'planner'
[0.241s] Level 1:colcon.colcon_core.package_identification:_identify(point_lio) by extensions ['ignore', 'ignore_ament_install']
[0.241s] Level 1:colcon.colcon_core.package_identification:_identify(point_lio) by extension 'ignore'
[0.241s] Level 1:colcon.colcon_core.package_identification:_identify(point_lio) by extension 'ignore_ament_install'
[0.241s] Level 1:colcon.colcon_core.package_identification:_identify(point_lio) by extensions ['colcon_pkg']
[0.241s] Level 1:colcon.colcon_core.package_identification:_identify(point_lio) by extension 'colcon_pkg'
[0.241s] Level 1:colcon.colcon_core.package_identification:_identify(point_lio) by extensions ['colcon_meta']
[0.241s] Level 1:colcon.colcon_core.package_identification:_identify(point_lio) by extension 'colcon_meta'
[0.241s] Level 1:colcon.colcon_core.package_identification:_identify(point_lio) by extensions ['ros']
[0.241s] Level 1:colcon.colcon_core.package_identification:_identify(point_lio) by extension 'ros'
[0.242s] DEBUG:colcon.colcon_core.package_identification:Package 'point_lio' with type 'ros.ament_cmake' and name 'point_lio'
[0.242s] Level 1:colcon.colcon_core.package_identification:_identify(relocation) by extensions ['ignore', 'ignore_ament_install']
[0.242s] Level 1:colcon.colcon_core.package_identification:_identify(relocation) by extension 'ignore'
[0.242s] Level 1:colcon.colcon_core.package_identification:_identify(relocation) by extension 'ignore_ament_install'
[0.242s] Level 1:colcon.colcon_core.package_identification:_identify(relocation) by extensions ['colcon_pkg']
[0.242s] Level 1:colcon.colcon_core.package_identification:_identify(relocation) by extension 'colcon_pkg'
[0.242s] Level 1:colcon.colcon_core.package_identification:_identify(relocation) by extensions ['colcon_meta']
[0.242s] Level 1:colcon.colcon_core.package_identification:_identify(relocation) by extension 'colcon_meta'
[0.242s] Level 1:colcon.colcon_core.package_identification:_identify(relocation) by extensions ['ros']
[0.242s] Level 1:colcon.colcon_core.package_identification:_identify(relocation) by extension 'ros'
[0.242s] DEBUG:colcon.colcon_core.package_identification:Package 'relocation' with type 'ros.ament_cmake' and name 'relocation'
[0.242s] Level 1:colcon.colcon_core.package_discovery:discover_packages(recursive) using defaults
[0.242s] Level 1:colcon.colcon_core.package_discovery:discover_packages(ignore) discover
[0.242s] Level 1:colcon.colcon_core.package_discovery:discover_packages(ignore) using defaults
[0.242s] Level 1:colcon.colcon_core.package_discovery:discover_packages(path) discover
[0.242s] Level 1:colcon.colcon_core.package_discovery:discover_packages(path) using defaults
[0.262s] INFO:colcon.colcon_core.package_selection:Skipping not selected package 'controller' in 'controller'
[0.262s] INFO:colcon.colcon_core.package_selection:Skipping not selected package 'livox_ros_driver2' in 'livox_ros_driver2'
[0.262s] INFO:colcon.colcon_core.package_selection:Skipping not selected package 'point_lio' in 'point_lio'
[0.262s] Level 1:colcon.colcon_core.package_discovery:discover_packages(prefix_path) check parameters
[0.262s] Level 1:colcon.colcon_core.package_discovery:discover_packages(prefix_path) discover
[0.264s] DEBUG:colcon.colcon_installed_package_information.package_discovery:Found 298 installed packages in /opt/ros/humble
[0.265s] Level 1:colcon.colcon_core.package_discovery:discover_packages(prefix_path) using defaults
[0.284s] Level 5:colcon.colcon_core.verb:set package 'custom_msgs' build argument 'cmake_args' from command line to 'None'
[0.284s] Level 5:colcon.colcon_core.verb:set package 'custom_msgs' build argument 'cmake_target' from command line to 'None'
[0.284s] Level 5:colcon.colcon_core.verb:set package 'custom_msgs' build argument 'cmake_target_skip_unavailable' from command line to 'False'
[0.284s] Level 5:colcon.colcon_core.verb:set package 'custom_msgs' build argument 'cmake_clean_cache' from command line to 'False'
[0.284s] Level 5:colcon.colcon_core.verb:set package 'custom_msgs' build argument 'cmake_clean_first' from command line to 'False'
[0.284s] Level 5:colcon.colcon_core.verb:set package 'custom_msgs' build argument 'cmake_force_configure' from command line to 'False'
[0.284s] Level 5:colcon.colcon_core.verb:set package 'custom_msgs' build argument 'ament_cmake_args' from command line to 'None'
[0.284s] Level 5:colcon.colcon_core.verb:set package 'custom_msgs' build argument 'catkin_cmake_args' from command line to 'None'
[0.284s] Level 5:colcon.colcon_core.verb:set package 'custom_msgs' build argument 'catkin_skip_building_tests' from command line to 'False'
[0.284s] DEBUG:colcon.colcon_core.verb:Building package 'custom_msgs' with the following arguments: {'ament_cmake_args': None, 'build_base': '/home/zxcx/new_naw/build/custom_msgs', 'catkin_cmake_args': None, 'catkin_skip_building_tests': False, 'cmake_args': None, 'cmake_clean_cache': False, 'cmake_clean_first': False, 'cmake_force_configure': False, 'cmake_target': None, 'cmake_target_skip_unavailable': False, 'install_base': '/home/zxcx/new_naw/install/custom_msgs', 'merge_install': False, 'path': '/home/zxcx/new_naw/custom_msgs', 'symlink_install': False, 'test_result_base': None}
[0.284s] Level 5:colcon.colcon_core.verb:set package 'algo_master' build argument 'cmake_args' from command line to 'None'
[0.284s] Level 5:colcon.colcon_core.verb:set package 'algo_master' build argument 'cmake_target' from command line to 'None'
[0.284s] Level 5:colcon.colcon_core.verb:set package 'algo_master' build argument 'cmake_target_skip_unavailable' from command line to 'False'
[0.284s] Level 5:colcon.colcon_core.verb:set package 'algo_master' build argument 'cmake_clean_cache' from command line to 'False'
[0.284s] Level 5:colcon.colcon_core.verb:set package 'algo_master' build argument 'cmake_clean_first' from command line to 'False'
[0.284s] Level 5:colcon.colcon_core.verb:set package 'algo_master' build argument 'cmake_force_configure' from command line to 'False'
[0.284s] Level 5:colcon.colcon_core.verb:set package 'algo_master' build argument 'ament_cmake_args' from command line to 'None'
[0.285s] Level 5:colcon.colcon_core.verb:set package 'algo_master' build argument 'catkin_cmake_args' from command line to 'None'
[0.285s] Level 5:colcon.colcon_core.verb:set package 'algo_master' build argument 'catkin_skip_building_tests' from command line to 'False'
[0.285s] DEBUG:colcon.colcon_core.verb:Building package 'algo_master' with the following arguments: {'ament_cmake_args': None, 'build_base': '/home/zxcx/new_naw/build/algo_master', 'catkin_cmake_args': None, 'catkin_skip_building_tests': False, 'cmake_args': None, 'cmake_clean_cache': False, 'cmake_clean_first': False, 'cmake_force_configure': False, 'cmake_target': None, 'cmake_target_skip_unavailable': False, 'install_base': '/home/zxcx/new_naw/install/algo_master', 'merge_install': False, 'path': '/home/zxcx/new_naw/algo_master', 'symlink_install': False, 'test_result_base': None}
[0.285s] Level 5:colcon.colcon_core.verb:set package 'esdf' build argument 'cmake_args' from command line to 'None'
[0.285s] Level 5:colcon.colcon_core.verb:set package 'esdf' build argument 'cmake_target' from command line to 'None'
[0.285s] Level 5:colcon.colcon_core.verb:set package 'esdf' build argument 'cmake_target_skip_unavailable' from command line to 'False'
[0.285s] Level 5:colcon.colcon_core.verb:set package 'esdf' build argument 'cmake_clean_cache' from command line to 'False'
[0.285s] Level 5:colcon.colcon_core.verb:set package 'esdf' build argument 'cmake_clean_first' from command line to 'False'
[0.285s] Level 5:colcon.colcon_core.verb:set package 'esdf' build argument 'cmake_force_configure' from command line to 'False'
[0.285s] Level 5:colcon.colcon_core.verb:set package 'esdf' build argument 'ament_cmake_args' from command line to 'None'
[0.285s] Level 5:colcon.colcon_core.verb:set package 'esdf' build argument 'catkin_cmake_args' from command line to 'None'
[0.285s] Level 5:colcon.colcon_core.verb:set package 'esdf' build argument 'catkin_skip_building_tests' from command line to 'False'
[0.285s] DEBUG:colcon.colcon_core.verb:Building package 'esdf' with the following arguments: {'ament_cmake_args': None, 'build_base': '/home/zxcx/new_naw/build/esdf', 'catkin_cmake_args': None, 'catkin_skip_building_tests': False, 'cmake_args': None, 'cmake_clean_cache': False, 'cmake_clean_first': False, 'cmake_force_configure': False, 'cmake_target': None, 'cmake_target_skip_unavailable': False, 'install_base': '/home/zxcx/new_naw/install/esdf', 'merge_install': False, 'path': '/home/zxcx/new_naw/esdf', 'symlink_install': False, 'test_result_base': None}
[0.285s] Level 5:colcon.colcon_core.verb:set package 'planner' build argument 'cmake_args' from command line to 'None'
[0.285s] Level 5:colcon.colcon_core.verb:set package 'planner' build argument 'cmake_target' from command line to 'None'
[0.285s] Level 5:colcon.colcon_core.verb:set package 'planner' build argument 'cmake_target_skip_unavailable' from command line to 'False'
[0.285s] Level 5:colcon.colcon_core.verb:set package 'planner' build argument 'cmake_clean_cache' from command line to 'False'
[0.285s] Level 5:colcon.colcon_core.verb:set package 'planner' build argument 'cmake_clean_first' from command line to 'False'
[0.285s] Level 5:colcon.colcon_core.verb:set package 'planner' build argument 'cmake_force_configure' from command line to 'False'
[0.285s] Level 5:colcon.colcon_core.verb:set package 'planner' build argument 'ament_cmake_args' from command line to 'None'
[0.285s] Level 5:colcon.colcon_core.verb:set package 'planner' build argument 'catkin_cmake_args' from command line to 'None'
[0.285s] Level 5:colcon.colcon_core.verb:set package 'planner' build argument 'catkin_skip_building_tests' from command line to 'False'
[0.285s] DEBUG:colcon.colcon_core.verb:Building package 'planner' with the following arguments: {'ament_cmake_args': None, 'build_base': '/home/zxcx/new_naw/build/planner', 'catkin_cmake_args': None, 'catkin_skip_building_tests': False, 'cmake_args': None, 'cmake_clean_cache': False, 'cmake_clean_first': False, 'cmake_force_configure': False, 'cmake_target': None, 'cmake_target_skip_unavailable': False, 'install_base': '/home/zxcx/new_naw/install/planner', 'merge_install': False, 'path': '/home/zxcx/new_naw/planner', 'symlink_install': False, 'test_result_base': None}
[0.285s] Level 5:colcon.colcon_core.verb:set package 'relocation' build argument 'cmake_args' from command line to 'None'
[0.285s] Level 5:colcon.colcon_core.verb:set package 'relocation' build argument 'cmake_target' from command line to 'None'
[0.285s] Level 5:colcon.colcon_core.verb:set package 'relocation' build argument 'cmake_target_skip_unavailable' from command line to 'False'
[0.285s] Level 5:colcon.colcon_core.verb:set package 'relocation' build argument 'cmake_clean_cache' from command line to 'False'
[0.285s] Level 5:colcon.colcon_core.verb:set package 'relocation' build argument 'cmake_clean_first' from command line to 'False'
[0.285s] Level 5:colcon.colcon_core.verb:set package 'relocation' build argument 'cmake_force_configure' from command line to 'False'
[0.285s] Level 5:colcon.colcon_core.verb:set package 'relocation' build argument 'ament_cmake_args' from command line to 'None'
[0.285s] Level 5:colcon.colcon_core.verb:set package 'relocation' build argument 'catkin_cmake_args' from command line to 'None'
[0.285s] Level 5:colcon.colcon_core.verb:set package 'relocation' build argument 'catkin_skip_building_tests' from command line to 'False'
[0.285s] DEBUG:colcon.colcon_core.verb:Building package 'relocation' with the following arguments: {'ament_cmake_args': None, 'build_base': '/home/zxcx/new_naw/build/relocation', 'catkin_cmake_args': None, 'catkin_skip_building_tests': False, 'cmake_args': None, 'cmake_clean_cache': False, 'cmake_clean_first': False, 'cmake_force_configure': False, 'cmake_target': None, 'cmake_target_skip_unavailable': False, 'install_base': '/home/zxcx/new_naw/install/relocation', 'merge_install': False, 'path': '/home/zxcx/new_naw/relocation', 'symlink_install': False, 'test_result_base': None}
[0.285s] INFO:colcon.colcon_core.executor:Executing jobs using 'parallel' executor
[0.286s] DEBUG:colcon.colcon_parallel_executor.executor.parallel:run_until_complete
[0.286s] INFO:colcon.colcon_ros.task.ament_cmake.build:Building ROS package in '/home/zxcx/new_naw/custom_msgs' with build type 'ament_cmake'
[0.286s] INFO:colcon.colcon_cmake.task.cmake.build:Building CMake package in '/home/zxcx/new_naw/custom_msgs'
[0.288s] INFO:colcon.colcon_core.plugin_system:Skipping extension 'colcon_core.shell.bat': Not used on non-Windows systems
[0.288s] INFO:colcon.colcon_core.shell:Skip shell extension 'powershell' for command environment: Not usable outside of PowerShell
[0.288s] DEBUG:colcon.colcon_core.shell:Skip shell extension 'dsv' for command environment
[0.293s] DEBUG:colcon.colcon_core.event_handler.log_command:Invoking command in '/home/zxcx/new_naw/build/custom_msgs': CMAKE_PREFIX_PATH=/opt/ros/humble /usr/bin/cmake /home/zxcx/new_naw/custom_msgs -DCMAKE_INSTALL_PREFIX=/home/zxcx/new_naw/install/custom_msgs
[30.317s] DEBUG:colcon.colcon_core.event_handler.log_command:Invoked command in '/home/zxcx/new_naw/build/custom_msgs' returned '0': CMAKE_PREFIX_PATH=/opt/ros/humble /usr/bin/cmake /home/zxcx/new_naw/custom_msgs -DCMAKE_INSTALL_PREFIX=/home/zxcx/new_naw/install/custom_msgs
[30.317s] DEBUG:colcon.colcon_core.event_handler.log_command:Invoking command in '/home/zxcx/new_naw/build/custom_msgs': CMAKE_PREFIX_PATH=/opt/ros/humble /usr/bin/cmake --build /home/zxcx/new_naw/build/custom_msgs -- -j32 -l32
[30.507s] DEBUG:colcon.colcon_core.event_handler.log_command:Invoked command in '/home/zxcx/new_naw/build/custom_msgs' returned '0': CMAKE_PREFIX_PATH=/opt/ros/humble /usr/bin/cmake --build /home/zxcx/new_naw/build/custom_msgs -- -j32 -l32
[30.513s] DEBUG:colcon.colcon_core.event_handler.log_command:Invoking command in '/home/zxcx/new_naw/build/custom_msgs': CMAKE_PREFIX_PATH=/opt/ros/humble /usr/bin/cmake --install /home/zxcx/new_naw/build/custom_msgs
[30.549s] Level 1:colcon.colcon_core.environment:create_environment_scripts_only(custom_msgs)
[30.551s] DEBUG:colcon.colcon_core.event_handler.log_command:Invoked command in '/home/zxcx/new_naw/build/custom_msgs' returned '0': CMAKE_PREFIX_PATH=/opt/ros/humble /usr/bin/cmake --install /home/zxcx/new_naw/build/custom_msgs
[30.553s] Level 1:colcon.colcon_core.environment:checking '/home/zxcx/new_naw/install/custom_msgs' for CMake module files
[30.554s] Level 1:colcon.colcon_core.environment:checking '/home/zxcx/new_naw/install/custom_msgs' for CMake config files
[30.554s] Level 1:colcon.colcon_core.shell:create_environment_hook('custom_msgs', 'cmake_prefix_path')
[30.554s] INFO:colcon.colcon_core.shell:Creating environment hook '/home/zxcx/new_naw/install/custom_msgs/share/custom_msgs/hook/cmake_prefix_path.ps1'
[30.555s] INFO:colcon.colcon_core.shell:Creating environment descriptor '/home/zxcx/new_naw/install/custom_msgs/share/custom_msgs/hook/cmake_prefix_path.dsv'
[30.555s] INFO:colcon.colcon_core.shell:Creating environment hook '/home/zxcx/new_naw/install/custom_msgs/share/custom_msgs/hook/cmake_prefix_path.sh'
[30.556s] Level 1:colcon.colcon_core.environment:checking '/home/zxcx/new_naw/install/custom_msgs/lib'
[30.556s] Level 1:colcon.colcon_core.shell:create_environment_hook('custom_msgs', 'ld_library_path_lib')
[30.556s] INFO:colcon.colcon_core.shell:Creating environment hook '/home/zxcx/new_naw/install/custom_msgs/share/custom_msgs/hook/ld_library_path_lib.ps1'
[30.556s] INFO:colcon.colcon_core.shell:Creating environment descriptor '/home/zxcx/new_naw/install/custom_msgs/share/custom_msgs/hook/ld_library_path_lib.dsv'
[30.556s] INFO:colcon.colcon_core.shell:Creating environment hook '/home/zxcx/new_naw/install/custom_msgs/share/custom_msgs/hook/ld_library_path_lib.sh'
[30.557s] Level 1:colcon.colcon_core.environment:checking '/home/zxcx/new_naw/install/custom_msgs/bin'
[30.557s] Level 1:colcon.colcon_core.environment:checking '/home/zxcx/new_naw/install/custom_msgs/lib/pkgconfig/custom_msgs.pc'
[30.557s] Level 1:colcon.colcon_core.environment:checking '/home/zxcx/new_naw/install/custom_msgs/lib/python3.10/site-packages'
[30.557s] Level 1:colcon.colcon_core.environment:checking '/home/zxcx/new_naw/install/custom_msgs/bin'
[30.557s] INFO:colcon.colcon_core.shell:Creating package script '/home/zxcx/new_naw/install/custom_msgs/share/custom_msgs/package.ps1'
[30.558s] INFO:colcon.colcon_core.shell:Creating package descriptor '/home/zxcx/new_naw/install/custom_msgs/share/custom_msgs/package.dsv'
[30.559s] INFO:colcon.colcon_core.shell:Creating package script '/home/zxcx/new_naw/install/custom_msgs/share/custom_msgs/package.sh'
[30.559s] INFO:colcon.colcon_core.shell:Creating package script '/home/zxcx/new_naw/install/custom_msgs/share/custom_msgs/package.bash'
[30.560s] INFO:colcon.colcon_core.shell:Creating package script '/home/zxcx/new_naw/install/custom_msgs/share/custom_msgs/package.zsh'
[30.562s] Level 1:colcon.colcon_core.environment:create_file_with_runtime_dependencies(/home/zxcx/new_naw/install/custom_msgs/share/colcon-core/packages/custom_msgs)
[30.562s] Level 1:colcon.colcon_core.environment:create_environment_scripts_only(custom_msgs)
[30.562s] Level 1:colcon.colcon_core.environment:checking '/home/zxcx/new_naw/install/custom_msgs' for CMake module files
[30.562s] Level 1:colcon.colcon_core.environment:checking '/home/zxcx/new_naw/install/custom_msgs' for CMake config files
[30.563s] Level 1:colcon.colcon_core.shell:create_environment_hook('custom_msgs', 'cmake_prefix_path')
[30.563s] INFO:colcon.colcon_core.shell:Creating environment hook '/home/zxcx/new_naw/install/custom_msgs/share/custom_msgs/hook/cmake_prefix_path.ps1'
[30.563s] INFO:colcon.colcon_core.shell:Creating environment descriptor '/home/zxcx/new_naw/install/custom_msgs/share/custom_msgs/hook/cmake_prefix_path.dsv'
[30.563s] INFO:colcon.colcon_core.shell:Creating environment hook '/home/zxcx/new_naw/install/custom_msgs/share/custom_msgs/hook/cmake_prefix_path.sh'
[30.563s] Level 1:colcon.colcon_core.environment:checking '/home/zxcx/new_naw/install/custom_msgs/lib'
[30.563s] Level 1:colcon.colcon_core.shell:create_environment_hook('custom_msgs', 'ld_library_path_lib')
[30.564s] INFO:colcon.colcon_core.shell:Creating environment hook '/home/zxcx/new_naw/install/custom_msgs/share/custom_msgs/hook/ld_library_path_lib.ps1'
[30.564s] INFO:colcon.colcon_core.shell:Creating environment descriptor '/home/zxcx/new_naw/install/custom_msgs/share/custom_msgs/hook/ld_library_path_lib.dsv'
[30.564s] INFO:colcon.colcon_core.shell:Creating environment hook '/home/zxcx/new_naw/install/custom_msgs/share/custom_msgs/hook/ld_library_path_lib.sh'
[30.564s] Level 1:colcon.colcon_core.environment:checking '/home/zxcx/new_naw/install/custom_msgs/bin'
[30.564s] Level 1:colcon.colcon_core.environment:checking '/home/zxcx/new_naw/install/custom_msgs/lib/pkgconfig/custom_msgs.pc'
[30.564s] Level 1:colcon.colcon_core.environment:checking '/home/zxcx/new_naw/install/custom_msgs/lib/python3.10/site-packages'
[30.564s] Level 1:colcon.colcon_core.environment:checking '/home/zxcx/new_naw/install/custom_msgs/bin'
[30.565s] INFO:colcon.colcon_core.shell:Creating package script '/home/zxcx/new_naw/install/custom_msgs/share/custom_msgs/package.ps1'
[30.565s] INFO:colcon.colcon_core.shell:Creating package descriptor '/home/zxcx/new_naw/install/custom_msgs/share/custom_msgs/package.dsv'
[30.565s] INFO:colcon.colcon_core.shell:Creating package script '/home/zxcx/new_naw/install/custom_msgs/share/custom_msgs/package.sh'
[30.565s] INFO:colcon.colcon_core.shell:Creating package script '/home/zxcx/new_naw/install/custom_msgs/share/custom_msgs/package.bash'
[30.566s] INFO:colcon.colcon_core.shell:Creating package script '/home/zxcx/new_naw/install/custom_msgs/share/custom_msgs/package.zsh'
[30.566s] Level 1:colcon.colcon_core.environment:create_file_with_runtime_dependencies(/home/zxcx/new_naw/install/custom_msgs/share/colcon-core/packages/custom_msgs)
[30.566s] INFO:colcon.colcon_ros.task.ament_cmake.build:Building ROS package in '/home/zxcx/new_naw/algo_master' with build type 'ament_cmake'
[30.566s] INFO:colcon.colcon_cmake.task.cmake.build:Building CMake package in '/home/zxcx/new_naw/algo_master'
[30.566s] INFO:colcon.colcon_core.shell:Skip shell extension 'powershell' for command environment: Not usable outside of PowerShell
[30.566s] DEBUG:colcon.colcon_core.shell:Skip shell extension 'dsv' for command environment
[30.568s] INFO:colcon.colcon_ros.task.ament_cmake.build:Building ROS package in '/home/zxcx/new_naw/esdf' with build type 'ament_cmake'
[30.568s] INFO:colcon.colcon_cmake.task.cmake.build:Building CMake package in '/home/zxcx/new_naw/esdf'
[30.568s] INFO:colcon.colcon_core.shell:Skip shell extension 'powershell' for command environment: Not usable outside of PowerShell
[30.568s] DEBUG:colcon.colcon_core.shell:Skip shell extension 'dsv' for command environment
[30.570s] INFO:colcon.colcon_ros.task.ament_cmake.build:Building ROS package in '/home/zxcx/new_naw/planner' with build type 'ament_cmake'
[30.570s] INFO:colcon.colcon_cmake.task.cmake.build:Building CMake package in '/home/zxcx/new_naw/planner'
[30.570s] INFO:colcon.colcon_core.shell:Skip shell extension 'powershell' for command environment: Not usable outside of PowerShell
[30.570s] DEBUG:colcon.colcon_core.shell:Skip shell extension 'dsv' for command environment
[30.572s] INFO:colcon.colcon_ros.task.ament_cmake.build:Building ROS package in '/home/zxcx/new_naw/relocation' with build type 'ament_cmake'
[30.572s] INFO:colcon.colcon_cmake.task.cmake.build:Building CMake package in '/home/zxcx/new_naw/relocation'
[30.572s] INFO:colcon.colcon_core.shell:Skip shell extension 'powershell' for command environment: Not usable outside of PowerShell
[30.572s] DEBUG:colcon.colcon_core.shell:Skip shell extension 'dsv' for command environment
[30.575s] DEBUG:colcon.colcon_core.event_handler.log_command:Invoking command in '/home/zxcx/new_naw/build/algo_master': AMENT_PREFIX_PATH=/home/zxcx/new_naw/install/custom_msgs:${AMENT_PREFIX_PATH} CMAKE_PREFIX_PATH=/home/zxcx/new_naw/install/custom_msgs:/opt/ros/humble LD_LIBRARY_PATH=/home/zxcx/new_naw/install/custom_msgs/lib:${LD_LIBRARY_PATH} PYTHONPATH=/home/zxcx/new_naw/install/custom_msgs/local/lib/python3.10/dist-packages:${PYTHONPATH} /usr/bin/cmake /home/zxcx/new_naw/algo_master -DCMAKE_INSTALL_PREFIX=/home/zxcx/new_naw/install/algo_master
[30.578s] DEBUG:colcon.colcon_core.event_handler.log_command:Invoking command in '/home/zxcx/new_naw/build/esdf': AMENT_PREFIX_PATH=/home/zxcx/new_naw/install/custom_msgs:${AMENT_PREFIX_PATH} CMAKE_PREFIX_PATH=/home/zxcx/new_naw/install/custom_msgs:/opt/ros/humble LD_LIBRARY_PATH=/home/zxcx/new_naw/install/custom_msgs/lib:${LD_LIBRARY_PATH} PYTHONPATH=/home/zxcx/new_naw/install/custom_msgs/local/lib/python3.10/dist-packages:${PYTHONPATH} /usr/bin/cmake /home/zxcx/new_naw/esdf -DCMAKE_INSTALL_PREFIX=/home/zxcx/new_naw/install/esdf
[30.580s] DEBUG:colcon.colcon_core.event_handler.log_command:Invoking command in '/home/zxcx/new_naw/build/planner': AMENT_PREFIX_PATH=/home/zxcx/new_naw/install/custom_msgs:${AMENT_PREFIX_PATH} CMAKE_PREFIX_PATH=/home/zxcx/new_naw/install/custom_msgs:/opt/ros/humble LD_LIBRARY_PATH=/home/zxcx/new_naw/install/custom_msgs/lib:${LD_LIBRARY_PATH} PYTHONPATH=/home/zxcx/new_naw/install/custom_msgs/local/lib/python3.10/dist-packages:${PYTHONPATH} /usr/bin/cmake /home/zxcx/new_naw/planner -DCMAKE_INSTALL_PREFIX=/home/zxcx/new_naw/install/planner
[30.581s] DEBUG:colcon.colcon_core.event_handler.log_command:Invoking command in '/home/zxcx/new_naw/build/relocation': AMENT_PREFIX_PATH=/home/zxcx/new_naw/install/custom_msgs:${AMENT_PREFIX_PATH} CMAKE_PREFIX_PATH=/home/zxcx/new_naw/install/custom_msgs:/opt/ros/humble LD_LIBRARY_PATH=/home/zxcx/new_naw/install/custom_msgs/lib:${LD_LIBRARY_PATH} PYTHONPATH=/home/zxcx/new_naw/install/custom_msgs/local/lib/python3.10/dist-packages:${PYTHONPATH} /usr/bin/cmake /home/zxcx/new_naw/relocation -DCMAKE_INSTALL_PREFIX=/home/zxcx/new_naw/install/relocation
[30.875s] DEBUG:colcon.colcon_core.event_handler.log_command:Invoked command in '/home/zxcx/new_naw/build/algo_master' returned '0': AMENT_PREFIX_PATH=/home/zxcx/new_naw/install/custom_msgs:${AMENT_PREFIX_PATH} CMAKE_PREFIX_PATH=/home/zxcx/new_naw/install/custom_msgs:/opt/ros/humble LD_LIBRARY_PATH=/home/zxcx/new_naw/install/custom_msgs/lib:${LD_LIBRARY_PATH} PYTHONPATH=/home/zxcx/new_naw/install/custom_msgs/local/lib/python3.10/dist-packages:${PYTHONPATH} /usr/bin/cmake /home/zxcx/new_naw/algo_master -DCMAKE_INSTALL_PREFIX=/home/zxcx/new_naw/install/algo_master
[30.876s] DEBUG:colcon.colcon_core.event_handler.log_command:Invoking command in '/home/zxcx/new_naw/build/algo_master': AMENT_PREFIX_PATH=/home/zxcx/new_naw/install/custom_msgs:${AMENT_PREFIX_PATH} CMAKE_PREFIX_PATH=/home/zxcx/new_naw/install/custom_msgs:/opt/ros/humble LD_LIBRARY_PATH=/home/zxcx/new_naw/install/custom_msgs/lib:${LD_LIBRARY_PATH} PYTHONPATH=/home/zxcx/new_naw/install/custom_msgs/local/lib/python3.10/dist-packages:${PYTHONPATH} /usr/bin/cmake --build /home/zxcx/new_naw/build/algo_master -- -j32 -l32
[31.145s] DEBUG:colcon.colcon_core.event_handler.log_command:Invoked command in '/home/zxcx/new_naw/build/planner' returned '0': AMENT_PREFIX_PATH=/home/zxcx/new_naw/install/custom_msgs:${AMENT_PREFIX_PATH} CMAKE_PREFIX_PATH=/home/zxcx/new_naw/install/custom_msgs:/opt/ros/humble LD_LIBRARY_PATH=/home/zxcx/new_naw/install/custom_msgs/lib:${LD_LIBRARY_PATH} PYTHONPATH=/home/zxcx/new_naw/install/custom_msgs/local/lib/python3.10/dist-packages:${PYTHONPATH} /usr/bin/cmake /home/zxcx/new_naw/planner -DCMAKE_INSTALL_PREFIX=/home/zxcx/new_naw/install/planner
[31.146s] DEBUG:colcon.colcon_core.event_handler.log_command:Invoking command in '/home/zxcx/new_naw/build/planner': AMENT_PREFIX_PATH=/home/zxcx/new_naw/install/custom_msgs:${AMENT_PREFIX_PATH} CMAKE_PREFIX_PATH=/home/zxcx/new_naw/install/custom_msgs:/opt/ros/humble LD_LIBRARY_PATH=/home/zxcx/new_naw/install/custom_msgs/lib:${LD_LIBRARY_PATH} PYTHONPATH=/home/zxcx/new_naw/install/custom_msgs/local/lib/python3.10/dist-packages:${PYTHONPATH} /usr/bin/cmake --build /home/zxcx/new_naw/build/planner -- -j32 -l32
[31.658s] DEBUG:colcon.colcon_core.event_handler.log_command:Invoked command in '/home/zxcx/new_naw/build/esdf' returned '0': AMENT_PREFIX_PATH=/home/zxcx/new_naw/install/custom_msgs:${AMENT_PREFIX_PATH} CMAKE_PREFIX_PATH=/home/zxcx/new_naw/install/custom_msgs:/opt/ros/humble LD_LIBRARY_PATH=/home/zxcx/new_naw/install/custom_msgs/lib:${LD_LIBRARY_PATH} PYTHONPATH=/home/zxcx/new_naw/install/custom_msgs/local/lib/python3.10/dist-packages:${PYTHONPATH} /usr/bin/cmake /home/zxcx/new_naw/esdf -DCMAKE_INSTALL_PREFIX=/home/zxcx/new_naw/install/esdf
[31.660s] DEBUG:colcon.colcon_core.event_handler.log_command:Invoking command in '/home/zxcx/new_naw/build/esdf': AMENT_PREFIX_PATH=/home/zxcx/new_naw/install/custom_msgs:${AMENT_PREFIX_PATH} CMAKE_PREFIX_PATH=/home/zxcx/new_naw/install/custom_msgs:/opt/ros/humble LD_LIBRARY_PATH=/home/zxcx/new_naw/install/custom_msgs/lib:${LD_LIBRARY_PATH} PYTHONPATH=/home/zxcx/new_naw/install/custom_msgs/local/lib/python3.10/dist-packages:${PYTHONPATH} /usr/bin/cmake --build /home/zxcx/new_naw/build/esdf -- -j32 -l32
[31.692s] DEBUG:colcon.colcon_core.event_handler.log_command:Invoked command in '/home/zxcx/new_naw/build/relocation' returned '0': AMENT_PREFIX_PATH=/home/zxcx/new_naw/install/custom_msgs:${AMENT_PREFIX_PATH} CMAKE_PREFIX_PATH=/home/zxcx/new_naw/install/custom_msgs:/opt/ros/humble LD_LIBRARY_PATH=/home/zxcx/new_naw/install/custom_msgs/lib:${LD_LIBRARY_PATH} PYTHONPATH=/home/zxcx/new_naw/install/custom_msgs/local/lib/python3.10/dist-packages:${PYTHONPATH} /usr/bin/cmake /home/zxcx/new_naw/relocation -DCMAKE_INSTALL_PREFIX=/home/zxcx/new_naw/install/relocation
[31.692s] DEBUG:colcon.colcon_core.event_handler.log_command:Invoking command in '/home/zxcx/new_naw/build/relocation': AMENT_PREFIX_PATH=/home/zxcx/new_naw/install/custom_msgs:${AMENT_PREFIX_PATH} CMAKE_PREFIX_PATH=/home/zxcx/new_naw/install/custom_msgs:/opt/ros/humble LD_LIBRARY_PATH=/home/zxcx/new_naw/install/custom_msgs/lib:${LD_LIBRARY_PATH} PYTHONPATH=/home/zxcx/new_naw/install/custom_msgs/local/lib/python3.10/dist-packages:${PYTHONPATH} /usr/bin/cmake --build /home/zxcx/new_naw/build/relocation -- -j32 -l32
[31.755s] DEBUG:colcon.colcon_core.event_handler.log_command:Invoked command in '/home/zxcx/new_naw/build/esdf' returned '0': AMENT_PREFIX_PATH=/home/zxcx/new_naw/install/custom_msgs:${AMENT_PREFIX_PATH} CMAKE_PREFIX_PATH=/home/zxcx/new_naw/install/custom_msgs:/opt/ros/humble LD_LIBRARY_PATH=/home/zxcx/new_naw/install/custom_msgs/lib:${LD_LIBRARY_PATH} PYTHONPATH=/home/zxcx/new_naw/install/custom_msgs/local/lib/python3.10/dist-packages:${PYTHONPATH} /usr/bin/cmake --build /home/zxcx/new_naw/build/esdf -- -j32 -l32
[31.756s] DEBUG:colcon.colcon_core.event_handler.log_command:Invoking command in '/home/zxcx/new_naw/build/esdf': AMENT_PREFIX_PATH=/home/zxcx/new_naw/install/custom_msgs:${AMENT_PREFIX_PATH} CMAKE_PREFIX_PATH=/home/zxcx/new_naw/install/custom_msgs:/opt/ros/humble LD_LIBRARY_PATH=/home/zxcx/new_naw/install/custom_msgs/lib:${LD_LIBRARY_PATH} PYTHONPATH=/home/zxcx/new_naw/install/custom_msgs/local/lib/python3.10/dist-packages:${PYTHONPATH} /usr/bin/cmake --install /home/zxcx/new_naw/build/esdf
[31.763s] Level 1:colcon.colcon_core.environment:create_environment_scripts_only(esdf)
[31.763s] DEBUG:colcon.colcon_core.event_handler.log_command:Invoked command in '/home/zxcx/new_naw/build/esdf' returned '0': AMENT_PREFIX_PATH=/home/zxcx/new_naw/install/custom_msgs:${AMENT_PREFIX_PATH} CMAKE_PREFIX_PATH=/home/zxcx/new_naw/install/custom_msgs:/opt/ros/humble LD_LIBRARY_PATH=/home/zxcx/new_naw/install/custom_msgs/lib:${LD_LIBRARY_PATH} PYTHONPATH=/home/zxcx/new_naw/install/custom_msgs/local/lib/python3.10/dist-packages:${PYTHONPATH} /usr/bin/cmake --install /home/zxcx/new_naw/build/esdf
[31.763s] Level 1:colcon.colcon_core.environment:checking '/home/zxcx/new_naw/install/esdf' for CMake module files
[31.764s] Level 1:colcon.colcon_core.environment:checking '/home/zxcx/new_naw/install/esdf' for CMake config files
[31.764s] Level 1:colcon.colcon_core.shell:create_environment_hook('esdf', 'cmake_prefix_path')
[31.764s] INFO:colcon.colcon_core.shell:Creating environment hook '/home/zxcx/new_naw/install/esdf/share/esdf/hook/cmake_prefix_path.ps1'
[31.764s] INFO:colcon.colcon_core.shell:Creating environment descriptor '/home/zxcx/new_naw/install/esdf/share/esdf/hook/cmake_prefix_path.dsv'
[31.765s] INFO:colcon.colcon_core.shell:Creating environment hook '/home/zxcx/new_naw/install/esdf/share/esdf/hook/cmake_prefix_path.sh'
[31.765s] Level 1:colcon.colcon_core.environment:checking '/home/zxcx/new_naw/install/esdf/lib'
[31.765s] Level 1:colcon.colcon_core.environment:checking '/home/zxcx/new_naw/install/esdf/bin'
[31.765s] Level 1:colcon.colcon_core.environment:checking '/home/zxcx/new_naw/install/esdf/lib/pkgconfig/esdf.pc'
[31.765s] Level 1:colcon.colcon_core.environment:checking '/home/zxcx/new_naw/install/esdf/lib/python3.10/site-packages'
[31.765s] Level 1:colcon.colcon_core.environment:checking '/home/zxcx/new_naw/install/esdf/bin'
[31.766s] INFO:colcon.colcon_core.shell:Creating package script '/home/zxcx/new_naw/install/esdf/share/esdf/package.ps1'
[31.766s] INFO:colcon.colcon_core.shell:Creating package descriptor '/home/zxcx/new_naw/install/esdf/share/esdf/package.dsv'
[31.766s] INFO:colcon.colcon_core.shell:Creating package script '/home/zxcx/new_naw/install/esdf/share/esdf/package.sh'
[31.766s] INFO:colcon.colcon_core.shell:Creating package script '/home/zxcx/new_naw/install/esdf/share/esdf/package.bash'
[31.767s] INFO:colcon.colcon_core.shell:Creating package script '/home/zxcx/new_naw/install/esdf/share/esdf/package.zsh'
[31.767s] Level 1:colcon.colcon_core.environment:create_file_with_runtime_dependencies(/home/zxcx/new_naw/install/esdf/share/colcon-core/packages/esdf)
[31.767s] Level 1:colcon.colcon_core.environment:create_environment_scripts_only(esdf)
[31.767s] Level 1:colcon.colcon_core.environment:checking '/home/zxcx/new_naw/install/esdf' for CMake module files
[31.767s] Level 1:colcon.colcon_core.environment:checking '/home/zxcx/new_naw/install/esdf' for CMake config files
[31.768s] Level 1:colcon.colcon_core.shell:create_environment_hook('esdf', 'cmake_prefix_path')
[31.768s] INFO:colcon.colcon_core.shell:Creating environment hook '/home/zxcx/new_naw/install/esdf/share/esdf/hook/cmake_prefix_path.ps1'
[31.768s] INFO:colcon.colcon_core.shell:Creating environment descriptor '/home/zxcx/new_naw/install/esdf/share/esdf/hook/cmake_prefix_path.dsv'
[31.768s] INFO:colcon.colcon_core.shell:Creating environment hook '/home/zxcx/new_naw/install/esdf/share/esdf/hook/cmake_prefix_path.sh'
[31.768s] Level 1:colcon.colcon_core.environment:checking '/home/zxcx/new_naw/install/esdf/lib'
[31.768s] Level 1:colcon.colcon_core.environment:checking '/home/zxcx/new_naw/install/esdf/bin'
[31.768s] Level 1:colcon.colcon_core.environment:checking '/home/zxcx/new_naw/install/esdf/lib/pkgconfig/esdf.pc'
[31.769s] Level 1:colcon.colcon_core.environment:checking '/home/zxcx/new_naw/install/esdf/lib/python3.10/site-packages'
[31.769s] Level 1:colcon.colcon_core.environment:checking '/home/zxcx/new_naw/install/esdf/bin'
[31.769s] INFO:colcon.colcon_core.shell:Creating package script '/home/zxcx/new_naw/install/esdf/share/esdf/package.ps1'
[31.769s] INFO:colcon.colcon_core.shell:Creating package descriptor '/home/zxcx/new_naw/install/esdf/share/esdf/package.dsv'
[31.769s] INFO:colcon.colcon_core.shell:Creating package script '/home/zxcx/new_naw/install/esdf/share/esdf/package.sh'
[31.770s] INFO:colcon.colcon_core.shell:Creating package script '/home/zxcx/new_naw/install/esdf/share/esdf/package.bash'
[31.770s] INFO:colcon.colcon_core.shell:Creating package script '/home/zxcx/new_naw/install/esdf/share/esdf/package.zsh'
[31.770s] Level 1:colcon.colcon_core.environment:create_file_with_runtime_dependencies(/home/zxcx/new_naw/install/esdf/share/colcon-core/packages/esdf)
[48.304s] DEBUG:colcon.colcon_core.event_handler.log_command:Invoked command in '/home/zxcx/new_naw/build/algo_master' returned '0': AMENT_PREFIX_PATH=/home/zxcx/new_naw/install/custom_msgs:${AMENT_PREFIX_PATH} CMAKE_PREFIX_PATH=/home/zxcx/new_naw/install/custom_msgs:/opt/ros/humble LD_LIBRARY_PATH=/home/zxcx/new_naw/install/custom_msgs/lib:${LD_LIBRARY_PATH} PYTHONPATH=/home/zxcx/new_naw/install/custom_msgs/local/lib/python3.10/dist-packages:${PYTHONPATH} /usr/bin/cmake --build /home/zxcx/new_naw/build/algo_master -- -j32 -l32
[48.305s] DEBUG:colcon.colcon_core.event_handler.log_command:Invoking command in '/home/zxcx/new_naw/build/algo_master': AMENT_PREFIX_PATH=/home/zxcx/new_naw/install/custom_msgs:${AMENT_PREFIX_PATH} CMAKE_PREFIX_PATH=/home/zxcx/new_naw/install/custom_msgs:/opt/ros/humble LD_LIBRARY_PATH=/home/zxcx/new_naw/install/custom_msgs/lib:${LD_LIBRARY_PATH} PYTHONPATH=/home/zxcx/new_naw/install/custom_msgs/local/lib/python3.10/dist-packages:${PYTHONPATH} /usr/bin/cmake --install /home/zxcx/new_naw/build/algo_master
[48.314s] Level 1:colcon.colcon_core.environment:create_environment_scripts_only(algo_master)
[48.314s] Level 1:colcon.colcon_core.environment:checking '/home/zxcx/new_naw/install/algo_master' for CMake module files
[48.314s] DEBUG:colcon.colcon_core.event_handler.log_command:Invoked command in '/home/zxcx/new_naw/build/algo_master' returned '0': AMENT_PREFIX_PATH=/home/zxcx/new_naw/install/custom_msgs:${AMENT_PREFIX_PATH} CMAKE_PREFIX_PATH=/home/zxcx/new_naw/install/custom_msgs:/opt/ros/humble LD_LIBRARY_PATH=/home/zxcx/new_naw/install/custom_msgs/lib:${LD_LIBRARY_PATH} PYTHONPATH=/home/zxcx/new_naw/install/custom_msgs/local/lib/python3.10/dist-packages:${PYTHONPATH} /usr/bin/cmake --install /home/zxcx/new_naw/build/algo_master
[48.315s] Level 1:colcon.colcon_core.environment:checking '/home/zxcx/new_naw/install/algo_master' for CMake config files
[48.315s] Level 1:colcon.colcon_core.shell:create_environment_hook('algo_master', 'cmake_prefix_path')
[48.315s] INFO:colcon.colcon_core.shell:Creating environment hook '/home/zxcx/new_naw/install/algo_master/share/algo_master/hook/cmake_prefix_path.ps1'
[48.315s] INFO:colcon.colcon_core.shell:Creating environment descriptor '/home/zxcx/new_naw/install/algo_master/share/algo_master/hook/cmake_prefix_path.dsv'
[48.315s] INFO:colcon.colcon_core.shell:Creating environment hook '/home/zxcx/new_naw/install/algo_master/share/algo_master/hook/cmake_prefix_path.sh'
[48.316s] Level 1:colcon.colcon_core.environment:checking '/home/zxcx/new_naw/install/algo_master/lib'
[48.316s] Level 1:colcon.colcon_core.environment:checking '/home/zxcx/new_naw/install/algo_master/bin'
[48.316s] Level 1:colcon.colcon_core.environment:checking '/home/zxcx/new_naw/install/algo_master/lib/pkgconfig/algo_master.pc'
[48.316s] Level 1:colcon.colcon_core.environment:checking '/home/zxcx/new_naw/install/algo_master/lib/python3.10/site-packages'
[48.316s] Level 1:colcon.colcon_core.environment:checking '/home/zxcx/new_naw/install/algo_master/bin'
[48.316s] INFO:colcon.colcon_core.shell:Creating package script '/home/zxcx/new_naw/install/algo_master/share/algo_master/package.ps1'
[48.316s] INFO:colcon.colcon_core.shell:Creating package descriptor '/home/zxcx/new_naw/install/algo_master/share/algo_master/package.dsv'
[48.317s] INFO:colcon.colcon_core.shell:Creating package script '/home/zxcx/new_naw/install/algo_master/share/algo_master/package.sh'
[48.317s] INFO:colcon.colcon_core.shell:Creating package script '/home/zxcx/new_naw/install/algo_master/share/algo_master/package.bash'
[48.317s] INFO:colcon.colcon_core.shell:Creating package script '/home/zxcx/new_naw/install/algo_master/share/algo_master/package.zsh'
[48.317s] Level 1:colcon.colcon_core.environment:create_file_with_runtime_dependencies(/home/zxcx/new_naw/install/algo_master/share/colcon-core/packages/algo_master)
[48.318s] Level 1:colcon.colcon_core.environment:create_environment_scripts_only(algo_master)
[48.318s] Level 1:colcon.colcon_core.environment:checking '/home/zxcx/new_naw/install/algo_master' for CMake module files
[48.318s] Level 1:colcon.colcon_core.environment:checking '/home/zxcx/new_naw/install/algo_master' for CMake config files
[48.318s] Level 1:colcon.colcon_core.shell:create_environment_hook('algo_master', 'cmake_prefix_path')
[48.318s] INFO:colcon.colcon_core.shell:Creating environment hook '/home/zxcx/new_naw/install/algo_master/share/algo_master/hook/cmake_prefix_path.ps1'
[48.318s] INFO:colcon.colcon_core.shell:Creating environment descriptor '/home/zxcx/new_naw/install/algo_master/share/algo_master/hook/cmake_prefix_path.dsv'
[48.318s] INFO:colcon.colcon_core.shell:Creating environment hook '/home/zxcx/new_naw/install/algo_master/share/algo_master/hook/cmake_prefix_path.sh'
[48.319s] Level 1:colcon.colcon_core.environment:checking '/home/zxcx/new_naw/install/algo_master/lib'
[48.319s] Level 1:colcon.colcon_core.environment:checking '/home/zxcx/new_naw/install/algo_master/bin'
[48.319s] Level 1:colcon.colcon_core.environment:checking '/home/zxcx/new_naw/install/algo_master/lib/pkgconfig/algo_master.pc'
[48.319s] Level 1:colcon.colcon_core.environment:checking '/home/zxcx/new_naw/install/algo_master/lib/python3.10/site-packages'
[48.319s] Level 1:colcon.colcon_core.environment:checking '/home/zxcx/new_naw/install/algo_master/bin'
[48.319s] INFO:colcon.colcon_core.shell:Creating package script '/home/zxcx/new_naw/install/algo_master/share/algo_master/package.ps1'
[48.319s] INFO:colcon.colcon_core.shell:Creating package descriptor '/home/zxcx/new_naw/install/algo_master/share/algo_master/package.dsv'
[48.320s] INFO:colcon.colcon_core.shell:Creating package script '/home/zxcx/new_naw/install/algo_master/share/algo_master/package.sh'
[48.320s] INFO:colcon.colcon_core.shell:Creating package script '/home/zxcx/new_naw/install/algo_master/share/algo_master/package.bash'
[48.320s] INFO:colcon.colcon_core.shell:Creating package script '/home/zxcx/new_naw/install/algo_master/share/algo_master/package.zsh'
[48.320s] Level 1:colcon.colcon_core.environment:create_file_with_runtime_dependencies(/home/zxcx/new_naw/install/algo_master/share/colcon-core/packages/algo_master)
[51.722s] DEBUG:colcon.colcon_core.event_handler.log_command:Invoked command in '/home/zxcx/new_naw/build/planner' returned '0': AMENT_PREFIX_PATH=/home/zxcx/new_naw/install/custom_msgs:${AMENT_PREFIX_PATH} CMAKE_PREFIX_PATH=/home/zxcx/new_naw/install/custom_msgs:/opt/ros/humble LD_LIBRARY_PATH=/home/zxcx/new_naw/install/custom_msgs/lib:${LD_LIBRARY_PATH} PYTHONPATH=/home/zxcx/new_naw/install/custom_msgs/local/lib/python3.10/dist-packages:${PYTHONPATH} /usr/bin/cmake --build /home/zxcx/new_naw/build/planner -- -j32 -l32
[51.727s] DEBUG:colcon.colcon_core.event_handler.log_command:Invoking command in '/home/zxcx/new_naw/build/planner': AMENT_PREFIX_PATH=/home/zxcx/new_naw/install/custom_msgs:${AMENT_PREFIX_PATH} CMAKE_PREFIX_PATH=/home/zxcx/new_naw/install/custom_msgs:/opt/ros/humble LD_LIBRARY_PATH=/home/zxcx/new_naw/install/custom_msgs/lib:${LD_LIBRARY_PATH} PYTHONPATH=/home/zxcx/new_naw/install/custom_msgs/local/lib/python3.10/dist-packages:${PYTHONPATH} /usr/bin/cmake --install /home/zxcx/new_naw/build/planner
[52.263s] Level 1:colcon.colcon_core.environment:create_environment_scripts_only(planner)
[52.264s] Level 1:colcon.colcon_core.environment:checking '/home/zxcx/new_naw/install/planner' for CMake module files
[52.264s] DEBUG:colcon.colcon_core.event_handler.log_command:Invoked command in '/home/zxcx/new_naw/build/planner' returned '0': AMENT_PREFIX_PATH=/home/zxcx/new_naw/install/custom_msgs:${AMENT_PREFIX_PATH} CMAKE_PREFIX_PATH=/home/zxcx/new_naw/install/custom_msgs:/opt/ros/humble LD_LIBRARY_PATH=/home/zxcx/new_naw/install/custom_msgs/lib:${LD_LIBRARY_PATH} PYTHONPATH=/home/zxcx/new_naw/install/custom_msgs/local/lib/python3.10/dist-packages:${PYTHONPATH} /usr/bin/cmake --install /home/zxcx/new_naw/build/planner
[52.264s] Level 1:colcon.colcon_core.environment:checking '/home/zxcx/new_naw/install/planner' for CMake config files
[52.265s] Level 1:colcon.colcon_core.shell:create_environment_hook('planner', 'cmake_prefix_path')
[52.265s] INFO:colcon.colcon_core.shell:Creating environment hook '/home/zxcx/new_naw/install/planner/share/planner/hook/cmake_prefix_path.ps1'
[52.265s] INFO:colcon.colcon_core.shell:Creating environment descriptor '/home/zxcx/new_naw/install/planner/share/planner/hook/cmake_prefix_path.dsv'
[52.265s] INFO:colcon.colcon_core.shell:Creating environment hook '/home/zxcx/new_naw/install/planner/share/planner/hook/cmake_prefix_path.sh'
[52.265s] Level 1:colcon.colcon_core.environment:checking '/home/zxcx/new_naw/install/planner/lib'
[52.266s] Level 1:colcon.colcon_core.environment:checking '/home/zxcx/new_naw/install/planner/bin'
[52.266s] Level 1:colcon.colcon_core.environment:checking '/home/zxcx/new_naw/install/planner/lib/pkgconfig/planner.pc'
[52.266s] Level 1:colcon.colcon_core.environment:checking '/home/zxcx/new_naw/install/planner/lib/python3.10/site-packages'
[52.266s] Level 1:colcon.colcon_core.environment:checking '/home/zxcx/new_naw/install/planner/bin'
[52.266s] INFO:colcon.colcon_core.shell:Creating package script '/home/zxcx/new_naw/install/planner/share/planner/package.ps1'
[52.266s] INFO:colcon.colcon_core.shell:Creating package descriptor '/home/zxcx/new_naw/install/planner/share/planner/package.dsv'
[52.267s] INFO:colcon.colcon_core.shell:Creating package script '/home/zxcx/new_naw/install/planner/share/planner/package.sh'
[52.267s] INFO:colcon.colcon_core.shell:Creating package script '/home/zxcx/new_naw/install/planner/share/planner/package.bash'
[52.267s] INFO:colcon.colcon_core.shell:Creating package script '/home/zxcx/new_naw/install/planner/share/planner/package.zsh'
[52.267s] Level 1:colcon.colcon_core.environment:create_file_with_runtime_dependencies(/home/zxcx/new_naw/install/planner/share/colcon-core/packages/planner)
[52.267s] Level 1:colcon.colcon_core.environment:create_environment_scripts_only(planner)
[52.268s] Level 1:colcon.colcon_core.environment:checking '/home/zxcx/new_naw/install/planner' for CMake module files
[52.268s] Level 1:colcon.colcon_core.environment:checking '/home/zxcx/new_naw/install/planner' for CMake config files
[52.268s] Level 1:colcon.colcon_core.shell:create_environment_hook('planner', 'cmake_prefix_path')
[52.268s] INFO:colcon.colcon_core.shell:Creating environment hook '/home/zxcx/new_naw/install/planner/share/planner/hook/cmake_prefix_path.ps1'
[52.268s] INFO:colcon.colcon_core.shell:Creating environment descriptor '/home/zxcx/new_naw/install/planner/share/planner/hook/cmake_prefix_path.dsv'
[52.268s] INFO:colcon.colcon_core.shell:Creating environment hook '/home/zxcx/new_naw/install/planner/share/planner/hook/cmake_prefix_path.sh'
[52.269s] Level 1:colcon.colcon_core.environment:checking '/home/zxcx/new_naw/install/planner/lib'
[52.269s] Level 1:colcon.colcon_core.environment:checking '/home/zxcx/new_naw/install/planner/bin'
[52.269s] Level 1:colcon.colcon_core.environment:checking '/home/zxcx/new_naw/install/planner/lib/pkgconfig/planner.pc'
[52.269s] Level 1:colcon.colcon_core.environment:checking '/home/zxcx/new_naw/install/planner/lib/python3.10/site-packages'
[52.269s] Level 1:colcon.colcon_core.environment:checking '/home/zxcx/new_naw/install/planner/bin'
[52.269s] INFO:colcon.colcon_core.shell:Creating package script '/home/zxcx/new_naw/install/planner/share/planner/package.ps1'
[52.270s] INFO:colcon.colcon_core.shell:Creating package descriptor '/home/zxcx/new_naw/install/planner/share/planner/package.dsv'
[52.270s] INFO:colcon.colcon_core.shell:Creating package script '/home/zxcx/new_naw/install/planner/share/planner/package.sh'
[52.270s] INFO:colcon.colcon_core.shell:Creating package script '/home/zxcx/new_naw/install/planner/share/planner/package.bash'
[52.271s] INFO:colcon.colcon_core.shell:Creating package script '/home/zxcx/new_naw/install/planner/share/planner/package.zsh'
[52.271s] Level 1:colcon.colcon_core.environment:create_file_with_runtime_dependencies(/home/zxcx/new_naw/install/planner/share/colcon-core/packages/planner)
[82.301s] DEBUG:colcon.colcon_core.event_handler.log_command:Invoked command in '/home/zxcx/new_naw/build/relocation' returned '0': AMENT_PREFIX_PATH=/home/zxcx/new_naw/install/custom_msgs:${AMENT_PREFIX_PATH} CMAKE_PREFIX_PATH=/home/zxcx/new_naw/install/custom_msgs:/opt/ros/humble LD_LIBRARY_PATH=/home/zxcx/new_naw/install/custom_msgs/lib:${LD_LIBRARY_PATH} PYTHONPATH=/home/zxcx/new_naw/install/custom_msgs/local/lib/python3.10/dist-packages:${PYTHONPATH} /usr/bin/cmake --build /home/zxcx/new_naw/build/relocation -- -j32 -l32
[82.305s] DEBUG:colcon.colcon_core.event_handler.log_command:Invoking command in '/home/zxcx/new_naw/build/relocation': AMENT_PREFIX_PATH=/home/zxcx/new_naw/install/custom_msgs:${AMENT_PREFIX_PATH} CMAKE_PREFIX_PATH=/home/zxcx/new_naw/install/custom_msgs:/opt/ros/humble LD_LIBRARY_PATH=/home/zxcx/new_naw/install/custom_msgs/lib:${LD_LIBRARY_PATH} PYTHONPATH=/home/zxcx/new_naw/install/custom_msgs/local/lib/python3.10/dist-packages:${PYTHONPATH} /usr/bin/cmake --install /home/zxcx/new_naw/build/relocation
[82.316s] Level 1:colcon.colcon_core.environment:create_environment_scripts_only(relocation)
[82.316s] Level 1:colcon.colcon_core.environment:checking '/home/zxcx/new_naw/install/relocation' for CMake module files
[82.316s] DEBUG:colcon.colcon_core.event_handler.log_command:Invoked command in '/home/zxcx/new_naw/build/relocation' returned '0': AMENT_PREFIX_PATH=/home/zxcx/new_naw/install/custom_msgs:${AMENT_PREFIX_PATH} CMAKE_PREFIX_PATH=/home/zxcx/new_naw/install/custom_msgs:/opt/ros/humble LD_LIBRARY_PATH=/home/zxcx/new_naw/install/custom_msgs/lib:${LD_LIBRARY_PATH} PYTHONPATH=/home/zxcx/new_naw/install/custom_msgs/local/lib/python3.10/dist-packages:${PYTHONPATH} /usr/bin/cmake --install /home/zxcx/new_naw/build/relocation
[82.317s] Level 1:colcon.colcon_core.environment:checking '/home/zxcx/new_naw/install/relocation' for CMake config files
[82.317s] Level 1:colcon.colcon_core.shell:create_environment_hook('relocation', 'cmake_prefix_path')
[82.317s] INFO:colcon.colcon_core.shell:Creating environment hook '/home/zxcx/new_naw/install/relocation/share/relocation/hook/cmake_prefix_path.ps1'
[82.317s] INFO:colcon.colcon_core.shell:Creating environment descriptor '/home/zxcx/new_naw/install/relocation/share/relocation/hook/cmake_prefix_path.dsv'
[82.317s] INFO:colcon.colcon_core.shell:Creating environment hook '/home/zxcx/new_naw/install/relocation/share/relocation/hook/cmake_prefix_path.sh'
[82.318s] Level 1:colcon.colcon_core.environment:checking '/home/zxcx/new_naw/install/relocation/lib'
[82.318s] Level 1:colcon.colcon_core.shell:create_environment_hook('relocation', 'ld_library_path_lib')
[82.318s] INFO:colcon.colcon_core.shell:Creating environment hook '/home/zxcx/new_naw/install/relocation/share/relocation/hook/ld_library_path_lib.ps1'
[82.318s] INFO:colcon.colcon_core.shell:Creating environment descriptor '/home/zxcx/new_naw/install/relocation/share/relocation/hook/ld_library_path_lib.dsv'
[82.318s] INFO:colcon.colcon_core.shell:Creating environment hook '/home/zxcx/new_naw/install/relocation/share/relocation/hook/ld_library_path_lib.sh'
[82.318s] Level 1:colcon.colcon_core.environment:checking '/home/zxcx/new_naw/install/relocation/bin'
[82.318s] Level 1:colcon.colcon_core.environment:checking '/home/zxcx/new_naw/install/relocation/lib/pkgconfig/relocation.pc'
[82.319s] Level 1:colcon.colcon_core.environment:checking '/home/zxcx/new_naw/install/relocation/lib/python3.10/site-packages'
[82.319s] Level 1:colcon.colcon_core.environment:checking '/home/zxcx/new_naw/install/relocation/bin'
[82.319s] INFO:colcon.colcon_core.shell:Creating package script '/home/zxcx/new_naw/install/relocation/share/relocation/package.ps1'
[82.319s] INFO:colcon.colcon_core.shell:Creating package descriptor '/home/zxcx/new_naw/install/relocation/share/relocation/package.dsv'
[82.319s] INFO:colcon.colcon_core.shell:Creating package script '/home/zxcx/new_naw/install/relocation/share/relocation/package.sh'
[82.320s] INFO:colcon.colcon_core.shell:Creating package script '/home/zxcx/new_naw/install/relocation/share/relocation/package.bash'
[82.320s] INFO:colcon.colcon_core.shell:Creating package script '/home/zxcx/new_naw/install/relocation/share/relocation/package.zsh'
[82.320s] Level 1:colcon.colcon_core.environment:create_file_with_runtime_dependencies(/home/zxcx/new_naw/install/relocation/share/colcon-core/packages/relocation)
[82.320s] Level 1:colcon.colcon_core.environment:create_environment_scripts_only(relocation)
[82.320s] Level 1:colcon.colcon_core.environment:checking '/home/zxcx/new_naw/install/relocation' for CMake module files
[82.321s] Level 1:colcon.colcon_core.environment:checking '/home/zxcx/new_naw/install/relocation' for CMake config files
[82.321s] Level 1:colcon.colcon_core.shell:create_environment_hook('relocation', 'cmake_prefix_path')
[82.321s] INFO:colcon.colcon_core.shell:Creating environment hook '/home/zxcx/new_naw/install/relocation/share/relocation/hook/cmake_prefix_path.ps1'
[82.321s] INFO:colcon.colcon_core.shell:Creating environment descriptor '/home/zxcx/new_naw/install/relocation/share/relocation/hook/cmake_prefix_path.dsv'
[82.321s] INFO:colcon.colcon_core.shell:Creating environment hook '/home/zxcx/new_naw/install/relocation/share/relocation/hook/cmake_prefix_path.sh'
[82.322s] Level 1:colcon.colcon_core.environment:checking '/home/zxcx/new_naw/install/relocation/lib'
[82.322s] Level 1:colcon.colcon_core.shell:create_environment_hook('relocation', 'ld_library_path_lib')
[82.322s] INFO:colcon.colcon_core.shell:Creating environment hook '/home/zxcx/new_naw/install/relocation/share/relocation/hook/ld_library_path_lib.ps1'
[82.322s] INFO:colcon.colcon_core.shell:Creating environment descriptor '/home/zxcx/new_naw/install/relocation/share/relocation/hook/ld_library_path_lib.dsv'
[82.322s] INFO:colcon.colcon_core.shell:Creating environment hook '/home/zxcx/new_naw/install/relocation/share/relocation/hook/ld_library_path_lib.sh'
[82.322s] Level 1:colcon.colcon_core.environment:checking '/home/zxcx/new_naw/install/relocation/bin'
[82.322s] Level 1:colcon.colcon_core.environment:checking '/home/zxcx/new_naw/install/relocation/lib/pkgconfig/relocation.pc'
[82.322s] Level 1:colcon.colcon_core.environment:checking '/home/zxcx/new_naw/install/relocation/lib/python3.10/site-packages'
[82.323s] Level 1:colcon.colcon_core.environment:checking '/home/zxcx/new_naw/install/relocation/bin'
[82.323s] INFO:colcon.colcon_core.shell:Creating package script '/home/zxcx/new_naw/install/relocation/share/relocation/package.ps1'
[82.323s] INFO:colcon.colcon_core.shell:Creating package descriptor '/home/zxcx/new_naw/install/relocation/share/relocation/package.dsv'
[82.323s] INFO:colcon.colcon_core.shell:Creating package script '/home/zxcx/new_naw/install/relocation/share/relocation/package.sh'
[82.324s] INFO:colcon.colcon_core.shell:Creating package script '/home/zxcx/new_naw/install/relocation/share/relocation/package.bash'
[82.324s] INFO:colcon.colcon_core.shell:Creating package script '/home/zxcx/new_naw/install/relocation/share/relocation/package.zsh'
[82.324s] Level 1:colcon.colcon_core.environment:create_file_with_runtime_dependencies(/home/zxcx/new_naw/install/relocation/share/colcon-core/packages/relocation)
[82.324s] DEBUG:colcon.colcon_parallel_executor.executor.parallel:closing loop
[82.324s] DEBUG:colcon.colcon_parallel_executor.executor.parallel:loop closed
[82.324s] DEBUG:colcon.colcon_parallel_executor.executor.parallel:run_until_complete finished with '0'
[82.324s] DEBUG:colcon.colcon_core.event_reactor:joining thread
[82.328s] INFO:colcon.colcon_core.plugin_system:Skipping extension 'colcon_notification.desktop_notification.terminal_notifier': Not used on non-Darwin systems
[82.328s] INFO:colcon.colcon_core.plugin_system:Skipping extension 'colcon_notification.desktop_notification.win32': Not used on non-Windows systems
[82.328s] INFO:colcon.colcon_notification.desktop_notification:Sending desktop notification using 'notify2'
[82.328s] DEBUG:colcon.colcon_notification.desktop_notification.notify2:Failed to initialize notify2: org.freedesktop.DBus.Error.AccessDenied: Failed to connect to socket /run/user/1000/bus: Operation not permitted
[82.328s] DEBUG:colcon.colcon_core.event_reactor:joined thread
[82.328s] INFO:colcon.colcon_core.shell:Creating prefix script '/home/zxcx/new_naw/install/local_setup.ps1'
[82.329s] INFO:colcon.colcon_core.shell:Creating prefix util module '/home/zxcx/new_naw/install/_local_setup_util_ps1.py'
[82.330s] INFO:colcon.colcon_core.shell:Creating prefix chain script '/home/zxcx/new_naw/install/setup.ps1'
[82.330s] INFO:colcon.colcon_core.shell:Creating prefix script '/home/zxcx/new_naw/install/local_setup.sh'
[82.331s] INFO:colcon.colcon_core.shell:Creating prefix util module '/home/zxcx/new_naw/install/_local_setup_util_sh.py'
[82.331s] INFO:colcon.colcon_core.shell:Creating prefix chain script '/home/zxcx/new_naw/install/setup.sh'
[82.331s] INFO:colcon.colcon_core.shell:Creating prefix script '/home/zxcx/new_naw/install/local_setup.bash'
[82.332s] INFO:colcon.colcon_core.shell:Creating prefix chain script '/home/zxcx/new_naw/install/setup.bash'
[82.332s] INFO:colcon.colcon_core.shell:Creating prefix script '/home/zxcx/new_naw/install/local_setup.zsh'
[82.333s] INFO:colcon.colcon_core.shell:Creating prefix chain script '/home/zxcx/new_naw/install/setup.zsh'
