-- The C compiler identification is GNU 11.4.0
-- The CXX compiler identification is GNU 11.4.0
-- Detecting C compiler ABI info
-- Detecting C compiler ABI info - done
-- Check for working C compiler: /usr/bin/cc - skipped
-- Detecting C compile features
-- Detecting C compile features - done
-- Detecting CXX compiler ABI info
-- Detecting CXX compiler ABI info - done
-- Check for working CXX compiler: /usr/bin/c++ - skipped
-- Detecting CXX compile features
-- Detecting CXX compile features - done
-- Found ament_cmake: 1.3.14 (/opt/ros/humble/share/ament_cmake/cmake)
-- Found Python3: /usr/bin/python3 (found version "3.10.12") found components: Interpreter 
-- Found rclcpp: 16.0.19 (/opt/ros/humble/share/rclcpp/cmake)
-- Found rosidl_generator_c: 3.1.8 (/opt/ros/humble/share/rosidl_generator_c/cmake)
-- Found rosidl_adapter: 3.1.8 (/opt/ros/humble/share/rosidl_adapter/cmake)
-- Found rosidl_generator_cpp: 3.1.8 (/opt/ros/humble/share/rosidl_generator_cpp/cmake)
-- Using all available rosidl_typesupport_c: rosidl_typesupport_fastrtps_c;rosidl_typesupport_introspection_c
-- Using all available rosidl_typesupport_cpp: rosidl_typesupport_fastrtps_cpp;rosidl_typesupport_introspection_cpp
-- Found rmw_implementation_cmake: 6.1.2 (/opt/ros/humble/share/rmw_implementation_cmake/cmake)
-- Found rmw_fastrtps_cpp: 6.2.10 (/opt/ros/humble/share/rmw_fastrtps_cpp/cmake)
-- Found OpenSSL: /usr/lib/x86_64-linux-gnu/libcrypto.so (found version "3.0.2")  
-- Found FastRTPS: /opt/ros/humble/include  
-- Using RMW implementation 'rmw_fastrtps_cpp' as default
-- Looking for pthread.h
-- Looking for pthread.h - found
-- Performing Test CMAKE_HAVE_LIBC_PTHREAD
-- Performing Test CMAKE_HAVE_LIBC_PTHREAD - Success
-- Found Threads: TRUE  
-- Found OpenCV: /usr (found version "4.5.4") 
-- Found custom_msgs: 0.0.0 (/home/zxcx/new_naw/install/custom_msgs/share/custom_msgs/cmake)
-- Found nav_msgs: 4.9.1 (/opt/ros/humble/share/nav_msgs/cmake)
-- Found visualization_msgs: 4.9.1 (/opt/ros/humble/share/visualization_msgs/cmake)
-- Found message_filters: 4.3.16 (/opt/ros/humble/share/message_filters/cmake)
-- Found ament_lint_auto: 0.12.15 (/opt/ros/humble/share/ament_lint_auto/cmake)
-- Added test 'copyright' to check source files copyright and LICENSE
-- Added test 'cppcheck' to perform static code analysis on C / C++ code
-- Configured cppcheck include dirs: /home/zxcx/new_naw/planner/include
-- Configured cppcheck exclude dirs and/or files: 
-- Added test 'cpplint' to check C / C++ code against the Google style
-- Configured cpplint exclude dirs and/or files: 
-- Added test 'lint_cmake' to check CMake code style
-- Added test 'uncrustify' to check C / C++ code style
-- Configured uncrustify additional arguments: 
-- Added test 'xmllint' to check XML markup files
-- Configuring done
-- Generating done
-- Build files have been written to: /home/zxcx/new_naw/build/planner
[ 12%] [32mBuilding CXX object CMakeFiles/planner_test.dir/src/jps.cpp.o[0m
[ 12%] [32mBuilding CXX object CMakeFiles/planner_test.dir/src/lbfgs.cpp.o[0m
[ 18%] [32mBuilding CXX object CMakeFiles/planner_test.dir/src/minco.cpp.o[0m
[ 25%] [32mBuilding CXX object CMakeFiles/planner_node.dir/src/jps.cpp.o[0m
[ 31%] [32mBuilding CXX object CMakeFiles/planner_test.dir/src/a_star.cpp.o[0m
[ 37%] [32mBuilding CXX object CMakeFiles/planner_test.dir/src/replanner.cpp.o[0m
[ 43%] [32mBuilding CXX object CMakeFiles/planner_test.dir/src/test.cpp.o[0m
[ 50%] [32mBuilding CXX object CMakeFiles/planner_node.dir/src/minco.cpp.o[0m
[ 56%] [32mBuilding CXX object CMakeFiles/planner_test.dir/src/tra_project.cpp.o[0m
[ 62%] [32mBuilding CXX object CMakeFiles/planner_node.dir/src/planner_node.cpp.o[0m
[ 68%] [32mBuilding CXX object CMakeFiles/planner_node.dir/src/a_star.cpp.o[0m
[ 75%] [32mBuilding CXX object CMakeFiles/planner_node.dir/src/replanner.cpp.o[0m
[ 81%] [32mBuilding CXX object CMakeFiles/planner_node.dir/src/tra_project.cpp.o[0m
[ 87%] [32mBuilding CXX object CMakeFiles/planner_node.dir/src/lbfgs.cpp.o[0m
[ 93%] [32m[1mLinking CXX executable planner_test[0m
[ 93%] Built target planner_test
[100%] [32m[1mLinking CXX executable planner_node[0m
[100%] Built target planner_node
-- Install configuration: "Release"
-- Installing: /home/zxcx/new_naw/install/planner/lib/planner/planner_node
-- Set runtime path of "/home/zxcx/new_naw/install/planner/lib/planner/planner_node" to ""
-- Installing: /home/zxcx/new_naw/install/planner/lib/planner/planner_test
-- Set runtime path of "/home/zxcx/new_naw/install/planner/lib/planner/planner_test" to ""
-- Installing: /home/zxcx/new_naw/install/planner/share/ament_index/resource_index/package_run_dependencies/planner
-- Installing: /home/zxcx/new_naw/install/planner/share/ament_index/resource_index/parent_prefix_path/planner
-- Installing: /home/zxcx/new_naw/install/planner/share/planner/environment/ament_prefix_path.sh
-- Installing: /home/zxcx/new_naw/install/planner/share/planner/environment/ament_prefix_path.dsv
-- Installing: /home/zxcx/new_naw/install/planner/share/planner/environment/path.sh
-- Installing: /home/zxcx/new_naw/install/planner/share/planner/environment/path.dsv
-- Installing: /home/zxcx/new_naw/install/planner/share/planner/local_setup.bash
-- Installing: /home/zxcx/new_naw/install/planner/share/planner/local_setup.sh
-- Installing: /home/zxcx/new_naw/install/planner/share/planner/local_setup.zsh
-- Installing: /home/zxcx/new_naw/install/planner/share/planner/local_setup.dsv
-- Installing: /home/zxcx/new_naw/install/planner/share/planner/package.dsv
-- Installing: /home/zxcx/new_naw/install/planner/share/ament_index/resource_index/packages/planner
-- Installing: /home/zxcx/new_naw/install/planner/share/planner/cmake/plannerConfig.cmake
-- Installing: /home/zxcx/new_naw/install/planner/share/planner/cmake/plannerConfig-version.cmake
-- Installing: /home/zxcx/new_naw/install/planner/share/planner/package.xml
