[0.007s] Invoking command in '/home/zxcx/new_naw/build/controller': CMAKE_PREFIX_PATH=${CMAKE_PREFIX_PATH}:/opt/ros/humble /usr/bin/cmake /home/zxcx/new_naw/controller -DCMAKE_BUILD_TYPE=Release -DCMAKE_INSTALL_PREFIX=/home/zxcx/new_naw/install/controller
[0.042s] -- The C compiler identification is GNU 11.4.0
[0.078s] -- The CXX compiler identification is GNU 11.4.0
[0.082s] -- Detecting C compiler ABI info
[0.125s] -- Detecting C compiler ABI info - done
[0.129s] -- Check for working C compiler: /usr/bin/cc - skipped
[0.129s] -- Detecting C compile features
[0.129s] -- Detecting C compile features - done
[0.131s] -- Detecting CXX compiler ABI info
[0.181s] -- Detecting CXX compiler ABI info - done
[0.185s] -- Check for working CXX compiler: /usr/bin/c++ - skipped
[0.185s] -- Detecting CXX compile features
[0.185s] -- Detecting CXX compile features - done
[0.187s] -- Found ament_cmake: 1.3.14 (/opt/ros/humble/share/ament_cmake/cmake)
[0.271s] -- Found Python3: /usr/bin/python3 (found version "3.10.12") found components: Interpreter 
[0.316s] -- Found ament_lint_auto: 0.12.15 (/opt/ros/humble/share/ament_lint_auto/cmake)
[0.356s] -- Added test 'cppcheck' to perform static code analysis on C / C++ code
[0.356s] -- Configured cppcheck include dirs: 
[0.356s] -- Configured cppcheck exclude dirs and/or files: 
[0.357s] -- Added test 'lint_cmake' to check CMake code style
[0.357s] -- Added test 'uncrustify' to check C / C++ code style
[0.357s] -- Configured uncrustify additional arguments: 
[0.358s] -- Added test 'xmllint' to check XML markup files
[0.358s] -- Configuring done
[0.360s] -- Generating done
[0.361s] -- Build files have been written to: /home/zxcx/new_naw/build/controller
[0.365s] Invoked command in '/home/zxcx/new_naw/build/controller' returned '0': CMAKE_PREFIX_PATH=${CMAKE_PREFIX_PATH}:/opt/ros/humble /usr/bin/cmake /home/zxcx/new_naw/controller -DCMAKE_BUILD_TYPE=Release -DCMAKE_INSTALL_PREFIX=/home/zxcx/new_naw/install/controller
[0.366s] Invoking command in '/home/zxcx/new_naw/build/controller': CMAKE_PREFIX_PATH=${CMAKE_PREFIX_PATH}:/opt/ros/humble /usr/bin/cmake --build /home/zxcx/new_naw/build/controller -- -j32 -l32
[0.393s] Invoked command in '/home/zxcx/new_naw/build/controller' returned '0': CMAKE_PREFIX_PATH=${CMAKE_PREFIX_PATH}:/opt/ros/humble /usr/bin/cmake --build /home/zxcx/new_naw/build/controller -- -j32 -l32
[0.400s] Invoking command in '/home/zxcx/new_naw/build/controller': CMAKE_PREFIX_PATH=${CMAKE_PREFIX_PATH}:/opt/ros/humble /usr/bin/cmake --install /home/zxcx/new_naw/build/controller
[0.405s] -- Install configuration: "Release"
[0.405s] -- Installing: /home/zxcx/new_naw/install/controller/share/ament_index/resource_index/package_run_dependencies/controller
[0.405s] -- Installing: /home/zxcx/new_naw/install/controller/share/ament_index/resource_index/parent_prefix_path/controller
[0.405s] -- Installing: /home/zxcx/new_naw/install/controller/share/controller/environment/ament_prefix_path.sh
[0.405s] -- Installing: /home/zxcx/new_naw/install/controller/share/controller/environment/ament_prefix_path.dsv
[0.405s] -- Installing: /home/zxcx/new_naw/install/controller/share/controller/environment/path.sh
[0.405s] -- Installing: /home/zxcx/new_naw/install/controller/share/controller/environment/path.dsv
[0.406s] -- Installing: /home/zxcx/new_naw/install/controller/share/controller/local_setup.bash
[0.406s] -- Installing: /home/zxcx/new_naw/install/controller/share/controller/local_setup.sh
[0.406s] -- Installing: /home/zxcx/new_naw/install/controller/share/controller/local_setup.zsh
[0.406s] -- Installing: /home/zxcx/new_naw/install/controller/share/controller/local_setup.dsv
[0.406s] -- Installing: /home/zxcx/new_naw/install/controller/share/controller/package.dsv
[0.406s] -- Installing: /home/zxcx/new_naw/install/controller/share/ament_index/resource_index/packages/controller
[0.406s] -- Installing: /home/zxcx/new_naw/install/controller/share/controller/cmake/controllerConfig.cmake
[0.406s] -- Installing: /home/zxcx/new_naw/install/controller/share/controller/cmake/controllerConfig-version.cmake
[0.406s] -- Installing: /home/zxcx/new_naw/install/controller/share/controller/package.xml
[0.408s] Invoked command in '/home/zxcx/new_naw/build/controller' returned '0': CMAKE_PREFIX_PATH=${CMAKE_PREFIX_PATH}:/opt/ros/humble /usr/bin/cmake --install /home/zxcx/new_naw/build/controller
