[0.022s] Invoking command in '/home/zxcx/new_naw/build/esdf': CMAKE_PREFIX_PATH=/home/zxcx/new_naw/install/custom_msgs:/home/zxcx/new_naw/install/relocation:/home/zxcx/new_naw/install/point_lio:/home/zxcx/new_naw/install/planner:/home/zxcx/new_naw/install/livox_ros_driver2:/home/zxcx/new_naw/install/esdf:/home/zxcx/new_naw/install/algo_master:/home/zxcx/new_naw/install/controller:/opt/ros/humble LD_LIBRARY_PATH=/home/zxcx/new_naw/install/custom_msgs/lib:/home/zxcx/new_naw/install/relocation/lib:/home/zxcx/new_naw/install/livox_ros_driver2/lib:/usr/lib/x86_64-linux-gnu/gazebo-11/plugins:/opt/ros/humble/opt/rviz_ogre_vendor/lib:/opt/ros/humble/lib/x86_64-linux-gnu:/opt/ros/humble/lib /usr/bin/cmake --build /home/zxcx/new_naw/build/esdf -- -j32 -l32
[0.062s] [ 50%] Built target esdf_map_lib
[0.083s] [ 75%] Built target esdf_test
[0.087s] [100%] Built target esdf_node
[0.097s] Invoked command in '/home/zxcx/new_naw/build/esdf' returned '0': CMAKE_PREFIX_PATH=/home/zxcx/new_naw/install/custom_msgs:/home/zxcx/new_naw/install/relocation:/home/zxcx/new_naw/install/point_lio:/home/zxcx/new_naw/install/planner:/home/zxcx/new_naw/install/livox_ros_driver2:/home/zxcx/new_naw/install/esdf:/home/zxcx/new_naw/install/algo_master:/home/zxcx/new_naw/install/controller:/opt/ros/humble LD_LIBRARY_PATH=/home/zxcx/new_naw/install/custom_msgs/lib:/home/zxcx/new_naw/install/relocation/lib:/home/zxcx/new_naw/install/livox_ros_driver2/lib:/usr/lib/x86_64-linux-gnu/gazebo-11/plugins:/opt/ros/humble/opt/rviz_ogre_vendor/lib:/opt/ros/humble/lib/x86_64-linux-gnu:/opt/ros/humble/lib /usr/bin/cmake --build /home/zxcx/new_naw/build/esdf -- -j32 -l32
[0.098s] Invoking command in '/home/zxcx/new_naw/build/esdf': CMAKE_PREFIX_PATH=/home/zxcx/new_naw/install/custom_msgs:/home/zxcx/new_naw/install/relocation:/home/zxcx/new_naw/install/point_lio:/home/zxcx/new_naw/install/planner:/home/zxcx/new_naw/install/livox_ros_driver2:/home/zxcx/new_naw/install/esdf:/home/zxcx/new_naw/install/algo_master:/home/zxcx/new_naw/install/controller:/opt/ros/humble LD_LIBRARY_PATH=/home/zxcx/new_naw/install/custom_msgs/lib:/home/zxcx/new_naw/install/relocation/lib:/home/zxcx/new_naw/install/livox_ros_driver2/lib:/usr/lib/x86_64-linux-gnu/gazebo-11/plugins:/opt/ros/humble/opt/rviz_ogre_vendor/lib:/opt/ros/humble/lib/x86_64-linux-gnu:/opt/ros/humble/lib /usr/bin/cmake --install /home/zxcx/new_naw/build/esdf
[0.103s] -- Install configuration: "Release"
[0.103s] -- Up-to-date: /home/zxcx/new_naw/install/esdf/lib/esdf/esdf_node
[0.104s] -- Up-to-date: /home/zxcx/new_naw/install/esdf/lib/esdf/esdf_test
[0.104s] -- Up-to-date: /home/zxcx/new_naw/install/esdf/share/ament_index/resource_index/package_run_dependencies/esdf
[0.104s] -- Up-to-date: /home/zxcx/new_naw/install/esdf/share/ament_index/resource_index/parent_prefix_path/esdf
[0.104s] -- Up-to-date: /home/zxcx/new_naw/install/esdf/share/esdf/environment/ament_prefix_path.sh
[0.104s] -- Up-to-date: /home/zxcx/new_naw/install/esdf/share/esdf/environment/ament_prefix_path.dsv
[0.104s] -- Up-to-date: /home/zxcx/new_naw/install/esdf/share/esdf/environment/path.sh
[0.105s] -- Up-to-date: /home/zxcx/new_naw/install/esdf/share/esdf/environment/path.dsv
[0.105s] -- Up-to-date: /home/zxcx/new_naw/install/esdf/share/esdf/local_setup.bash
[0.105s] -- Up-to-date: /home/zxcx/new_naw/install/esdf/share/esdf/local_setup.sh
[0.105s] -- Up-to-date: /home/zxcx/new_naw/install/esdf/share/esdf/local_setup.zsh
[0.105s] -- Up-to-date: /home/zxcx/new_naw/install/esdf/share/esdf/local_setup.dsv
[0.105s] -- Installing: /home/zxcx/new_naw/install/esdf/share/esdf/package.dsv
[0.105s] -- Up-to-date: /home/zxcx/new_naw/install/esdf/share/ament_index/resource_index/packages/esdf
[0.105s] -- Up-to-date: /home/zxcx/new_naw/install/esdf/share/esdf/cmake/esdfConfig.cmake
[0.105s] -- Up-to-date: /home/zxcx/new_naw/install/esdf/share/esdf/cmake/esdfConfig-version.cmake
[0.105s] -- Up-to-date: /home/zxcx/new_naw/install/esdf/share/esdf/package.xml
[0.113s] Invoked command in '/home/zxcx/new_naw/build/esdf' returned '0': CMAKE_PREFIX_PATH=/home/zxcx/new_naw/install/custom_msgs:/home/zxcx/new_naw/install/relocation:/home/zxcx/new_naw/install/point_lio:/home/zxcx/new_naw/install/planner:/home/zxcx/new_naw/install/livox_ros_driver2:/home/zxcx/new_naw/install/esdf:/home/zxcx/new_naw/install/algo_master:/home/zxcx/new_naw/install/controller:/opt/ros/humble LD_LIBRARY_PATH=/home/zxcx/new_naw/install/custom_msgs/lib:/home/zxcx/new_naw/install/relocation/lib:/home/zxcx/new_naw/install/livox_ros_driver2/lib:/usr/lib/x86_64-linux-gnu/gazebo-11/plugins:/opt/ros/humble/opt/rviz_ogre_vendor/lib:/opt/ros/humble/lib/x86_64-linux-gnu:/opt/ros/humble/lib /usr/bin/cmake --install /home/zxcx/new_naw/build/esdf
