[0.008s] Invoking command in '/home/zxcx/new_naw/build/planner': AMENT_PREFIX_PATH=/home/zxcx/new_naw/install/custom_msgs:${AMENT_PREFIX_PATH} CMAKE_PREFIX_PATH=/home/zxcx/new_naw/install/custom_msgs:/opt/ros/humble LD_LIBRARY_PATH=/home/zxcx/new_naw/install/custom_msgs/lib:${LD_LIBRARY_PATH} PYTHONPATH=/home/zxcx/new_naw/install/custom_msgs/local/lib/python3.10/dist-packages:${PYTHONPATH} /usr/bin/cmake /home/zxcx/new_naw/planner -DCMAKE_INSTALL_PREFIX=/home/zxcx/new_naw/install/planner
[0.016s] -- Found ament_cmake: 1.3.14 (/opt/ros/humble/share/ament_cmake/cmake)
[0.087s] -- Found rclcpp: 16.0.19 (/opt/ros/humble/share/rclcpp/cmake)
[0.102s] -- Found rosidl_generator_c: 3.1.8 (/opt/ros/humble/share/rosidl_generator_c/cmake)
[0.104s] -- Found rosidl_adapter: 3.1.8 (/opt/ros/humble/share/rosidl_adapter/cmake)
[0.107s] -- Found rosidl_generator_cpp: 3.1.8 (/opt/ros/humble/share/rosidl_generator_cpp/cmake)
[0.112s] -- Using all available rosidl_typesupport_c: rosidl_typesupport_fastrtps_c;rosidl_typesupport_introspection_c
[0.118s] -- Using all available rosidl_typesupport_cpp: rosidl_typesupport_fastrtps_cpp;rosidl_typesupport_introspection_cpp
[0.134s] -- Found rmw_implementation_cmake: 6.1.2 (/opt/ros/humble/share/rmw_implementation_cmake/cmake)
[0.135s] -- Found rmw_fastrtps_cpp: 6.2.10 (/opt/ros/humble/share/rmw_fastrtps_cpp/cmake)
[0.199s] -- Using RMW implementation 'rmw_fastrtps_cpp' as default
[0.228s] -- Found custom_msgs: 0.0.0 (/home/zxcx/new_naw/install/custom_msgs/share/custom_msgs/cmake)
[0.234s] -- Found nav_msgs: 4.9.1 (/opt/ros/humble/share/nav_msgs/cmake)
[0.248s] -- Found visualization_msgs: 4.9.1 (/opt/ros/humble/share/visualization_msgs/cmake)
[0.267s] -- Found message_filters: 4.3.16 (/opt/ros/humble/share/message_filters/cmake)
[0.270s] -- Found ament_lint_auto: 0.12.15 (/opt/ros/humble/share/ament_lint_auto/cmake)
[0.310s] -- Added test 'copyright' to check source files copyright and LICENSE
[0.310s] -- Added test 'cppcheck' to perform static code analysis on C / C++ code
[0.311s] -- Configured cppcheck include dirs: /home/zxcx/new_naw/planner/include
[0.311s] -- Configured cppcheck exclude dirs and/or files: 
[0.311s] -- Added test 'cpplint' to check C / C++ code against the Google style
[0.311s] -- Configured cpplint exclude dirs and/or files: 
[0.312s] -- Added test 'lint_cmake' to check CMake code style
[0.313s] -- Added test 'uncrustify' to check C / C++ code style
[0.313s] -- Configured uncrustify additional arguments: 
[0.313s] -- Added test 'xmllint' to check XML markup files
[0.313s] -- Configuring done
[0.326s] -- Generating done
[0.330s] -- Build files have been written to: /home/zxcx/new_naw/build/planner
[30.009s] Invoked command in '/home/zxcx/new_naw/build/planner' returned '0': AMENT_PREFIX_PATH=/home/zxcx/new_naw/install/custom_msgs:${AMENT_PREFIX_PATH} CMAKE_PREFIX_PATH=/home/zxcx/new_naw/install/custom_msgs:/opt/ros/humble LD_LIBRARY_PATH=/home/zxcx/new_naw/install/custom_msgs/lib:${LD_LIBRARY_PATH} PYTHONPATH=/home/zxcx/new_naw/install/custom_msgs/local/lib/python3.10/dist-packages:${PYTHONPATH} /usr/bin/cmake /home/zxcx/new_naw/planner -DCMAKE_INSTALL_PREFIX=/home/zxcx/new_naw/install/planner
[30.011s] Invoking command in '/home/zxcx/new_naw/build/planner': AMENT_PREFIX_PATH=/home/zxcx/new_naw/install/custom_msgs:${AMENT_PREFIX_PATH} CMAKE_PREFIX_PATH=/home/zxcx/new_naw/install/custom_msgs:/opt/ros/humble LD_LIBRARY_PATH=/home/zxcx/new_naw/install/custom_msgs/lib:${LD_LIBRARY_PATH} PYTHONPATH=/home/zxcx/new_naw/install/custom_msgs/local/lib/python3.10/dist-packages:${PYTHONPATH} /usr/bin/cmake --build /home/zxcx/new_naw/build/planner -- -j32 -l32
[30.054s] Consolidate compiler generated dependencies of target planner_node
[30.055s] Consolidate compiler generated dependencies of target planner_test
[30.067s] [ 50%] Built target planner_node
[30.068s] [ 56%] Building CXX object CMakeFiles/planner_test.dir/src/test.cpp.o
[33.548s] [ 62%] Linking CXX executable planner_test
[33.773s] [100%] Built target planner_test
[33.782s] Invoked command in '/home/zxcx/new_naw/build/planner' returned '0': AMENT_PREFIX_PATH=/home/zxcx/new_naw/install/custom_msgs:${AMENT_PREFIX_PATH} CMAKE_PREFIX_PATH=/home/zxcx/new_naw/install/custom_msgs:/opt/ros/humble LD_LIBRARY_PATH=/home/zxcx/new_naw/install/custom_msgs/lib:${LD_LIBRARY_PATH} PYTHONPATH=/home/zxcx/new_naw/install/custom_msgs/local/lib/python3.10/dist-packages:${PYTHONPATH} /usr/bin/cmake --build /home/zxcx/new_naw/build/planner -- -j32 -l32
[33.788s] Invoking command in '/home/zxcx/new_naw/build/planner': AMENT_PREFIX_PATH=/home/zxcx/new_naw/install/custom_msgs:${AMENT_PREFIX_PATH} CMAKE_PREFIX_PATH=/home/zxcx/new_naw/install/custom_msgs:/opt/ros/humble LD_LIBRARY_PATH=/home/zxcx/new_naw/install/custom_msgs/lib:${LD_LIBRARY_PATH} PYTHONPATH=/home/zxcx/new_naw/install/custom_msgs/local/lib/python3.10/dist-packages:${PYTHONPATH} /usr/bin/cmake --install /home/zxcx/new_naw/build/planner
[33.794s] -- Install configuration: "Release"
[33.794s] -- Up-to-date: /home/zxcx/new_naw/install/planner/lib/planner/planner_node
[33.794s] -- Installing: /home/zxcx/new_naw/install/planner/lib/planner/planner_test
[33.795s] -- Set runtime path of "/home/zxcx/new_naw/install/planner/lib/planner/planner_test" to ""
[33.795s] -- Up-to-date: /home/zxcx/new_naw/install/planner/share/ament_index/resource_index/package_run_dependencies/planner
[33.795s] -- Installing: /home/zxcx/new_naw/install/planner/share/ament_index/resource_index/parent_prefix_path/planner
[33.795s] -- Up-to-date: /home/zxcx/new_naw/install/planner/share/planner/environment/ament_prefix_path.sh
[33.795s] -- Installing: /home/zxcx/new_naw/install/planner/share/planner/environment/ament_prefix_path.dsv
[33.795s] -- Up-to-date: /home/zxcx/new_naw/install/planner/share/planner/environment/path.sh
[33.795s] -- Installing: /home/zxcx/new_naw/install/planner/share/planner/environment/path.dsv
[33.795s] -- Up-to-date: /home/zxcx/new_naw/install/planner/share/planner/local_setup.bash
[33.795s] -- Up-to-date: /home/zxcx/new_naw/install/planner/share/planner/local_setup.sh
[33.795s] -- Up-to-date: /home/zxcx/new_naw/install/planner/share/planner/local_setup.zsh
[33.795s] -- Installing: /home/zxcx/new_naw/install/planner/share/planner/local_setup.dsv
[33.796s] -- Installing: /home/zxcx/new_naw/install/planner/share/planner/package.dsv
[33.796s] -- Up-to-date: /home/zxcx/new_naw/install/planner/share/ament_index/resource_index/packages/planner
[33.796s] -- Up-to-date: /home/zxcx/new_naw/install/planner/share/planner/cmake/plannerConfig.cmake
[33.796s] -- Up-to-date: /home/zxcx/new_naw/install/planner/share/planner/cmake/plannerConfig-version.cmake
[33.796s] -- Up-to-date: /home/zxcx/new_naw/install/planner/share/planner/package.xml
[33.796s] Invoked command in '/home/zxcx/new_naw/build/planner' returned '0': AMENT_PREFIX_PATH=/home/zxcx/new_naw/install/custom_msgs:${AMENT_PREFIX_PATH} CMAKE_PREFIX_PATH=/home/zxcx/new_naw/install/custom_msgs:/opt/ros/humble LD_LIBRARY_PATH=/home/zxcx/new_naw/install/custom_msgs/lib:${LD_LIBRARY_PATH} PYTHONPATH=/home/zxcx/new_naw/install/custom_msgs/local/lib/python3.10/dist-packages:${PYTHONPATH} /usr/bin/cmake --install /home/zxcx/new_naw/build/planner
