[0.008s] Invoking command in '/home/zxcx/new_naw/build/relocation': AMENT_PREFIX_PATH=/home/zxcx/new_naw/install/custom_msgs:${AMENT_PREFIX_PATH} CMAKE_PREFIX_PATH=/home/zxcx/new_naw/install/custom_msgs:/opt/ros/humble LD_LIBRARY_PATH=/home/zxcx/new_naw/install/custom_msgs/lib:${LD_LIBRARY_PATH} PYTHONPATH=/home/zxcx/new_naw/install/custom_msgs/local/lib/python3.10/dist-packages:${PYTHONPATH} /usr/bin/cmake --build /home/zxcx/new_naw/build/relocation -- -j32 -l32
[0.054s] [ 10%] Building CXX object CMakeFiles/relocation_core.dir/src/icp.cpp.o
[0.055s] [ 20%] Building CXX object CMakeFiles/relocation_core.dir/src/location.cpp.o
[3.350s] [ 30%] Linking CXX shared library librelocation_core.so
[5.072s] [ 60%] Built target relocation_core
[5.096s] [ 70%] Building CXX object CMakeFiles/test_node.dir/src/test.cpp.o
[5.098s] [ 80%] Building CXX object CMakeFiles/relocation_node.dir/src/relocation_node.cpp.o
[8.748s] /home/zxcx/new_naw/relocation/src/relocation_node.cpp: In constructor ‘relocation::RelocationNode::RelocationNode()’:
[8.748s] /home/zxcx/new_naw/relocation/src/relocation_node.cpp:651:10: warning: ‘relocation::RelocationNode::trigger_reloc_’ will be initialized after [-Wreorder]
[8.748s]   651 |     bool trigger_reloc_;
[8.748s]       |          ^~~~~~~~~~~~~~
[8.748s] /home/zxcx/new_naw/relocation/src/relocation_node.cpp:645:10: warning:   ‘bool relocation::RelocationNode::map_initialized_’ [-Wreorder]
[8.748s]   645 |     bool map_initialized_;
[8.748s]       |          ^~~~~~~~~~~~~~~~
[8.748s] /home/zxcx/new_naw/relocation/src/relocation_node.cpp:91:5: warning:   when initialized here [-Wreorder]
[8.748s]    91 |     RelocationNode() : Node(node_name), is_relocated_(false), trigger_reloc_(true), map_initialized_(false), has_cached_grid_(false), accumulated_frames_(0), initial_gimbal_yaw_(0.0)
[8.748s]       |     ^~~~~~~~~~~~~~
[8.773s] [ 90%] Linking CXX executable test_node
[9.198s] [ 90%] Built target test_node
[24.449s] [100%] Linking CXX executable relocation_node
[24.942s] [100%] Built target relocation_node
[24.951s] Invoked command in '/home/zxcx/new_naw/build/relocation' returned '0': AMENT_PREFIX_PATH=/home/zxcx/new_naw/install/custom_msgs:${AMENT_PREFIX_PATH} CMAKE_PREFIX_PATH=/home/zxcx/new_naw/install/custom_msgs:/opt/ros/humble LD_LIBRARY_PATH=/home/zxcx/new_naw/install/custom_msgs/lib:${LD_LIBRARY_PATH} PYTHONPATH=/home/zxcx/new_naw/install/custom_msgs/local/lib/python3.10/dist-packages:${PYTHONPATH} /usr/bin/cmake --build /home/zxcx/new_naw/build/relocation -- -j32 -l32
[24.957s] Invoking command in '/home/zxcx/new_naw/build/relocation': AMENT_PREFIX_PATH=/home/zxcx/new_naw/install/custom_msgs:${AMENT_PREFIX_PATH} CMAKE_PREFIX_PATH=/home/zxcx/new_naw/install/custom_msgs:/opt/ros/humble LD_LIBRARY_PATH=/home/zxcx/new_naw/install/custom_msgs/lib:${LD_LIBRARY_PATH} PYTHONPATH=/home/zxcx/new_naw/install/custom_msgs/local/lib/python3.10/dist-packages:${PYTHONPATH} /usr/bin/cmake --install /home/zxcx/new_naw/build/relocation
[24.962s] -- Install configuration: "Release"
[24.962s] -- Installing: /home/zxcx/new_naw/install/relocation/lib/librelocation_core.so
[24.963s] -- Installing: /home/zxcx/new_naw/install/relocation/lib/relocation/test_node
[24.963s] -- Set runtime path of "/home/zxcx/new_naw/install/relocation/lib/relocation/test_node" to ""
[24.963s] -- Installing: /home/zxcx/new_naw/install/relocation/lib/relocation/relocation_node
[24.967s] -- Set runtime path of "/home/zxcx/new_naw/install/relocation/lib/relocation/relocation_node" to ""
[24.967s] -- Up-to-date: /home/zxcx/new_naw/install/relocation/include
[24.967s] -- Up-to-date: /home/zxcx/new_naw/install/relocation/include/relocation
[24.967s] -- Up-to-date: /home/zxcx/new_naw/install/relocation/include/relocation/kd_tree.hpp
[24.967s] -- Up-to-date: /home/zxcx/new_naw/install/relocation/include/relocation/ann_kdtree.hpp
[24.967s] -- Up-to-date: /home/zxcx/new_naw/install/relocation/include/relocation/iris.hpp
[24.967s] -- Installing: /home/zxcx/new_naw/install/relocation/include/relocation/icp.hpp
[24.967s] -- Installing: /home/zxcx/new_naw/install/relocation/include/relocation/location.hpp
[24.967s] -- Up-to-date: /home/zxcx/new_naw/install/relocation/share/relocation/PCD
[24.967s] -- Up-to-date: /home/zxcx/new_naw/install/relocation/share/relocation/PCD/RMUC_2026.pcd
[24.967s] -- Up-to-date: /home/zxcx/new_naw/install/relocation/share/relocation/PCD/readme.md
[24.967s] -- Up-to-date: /home/zxcx/new_naw/install/relocation/share/relocation/PCD/rmuc_2025.pcd
[24.967s] -- Up-to-date: /home/zxcx/new_naw/install/relocation/share/relocation/PCD/1.pcd
[24.967s] -- Up-to-date: /home/zxcx/new_naw/install/relocation/share/ament_index/resource_index/package_run_dependencies/relocation
[24.968s] -- Up-to-date: /home/zxcx/new_naw/install/relocation/share/ament_index/resource_index/parent_prefix_path/relocation
[24.968s] -- Up-to-date: /home/zxcx/new_naw/install/relocation/share/relocation/environment/ament_prefix_path.sh
[24.968s] -- Up-to-date: /home/zxcx/new_naw/install/relocation/share/relocation/environment/ament_prefix_path.dsv
[24.968s] -- Up-to-date: /home/zxcx/new_naw/install/relocation/share/relocation/environment/path.sh
[24.968s] -- Up-to-date: /home/zxcx/new_naw/install/relocation/share/relocation/environment/path.dsv
[24.968s] -- Up-to-date: /home/zxcx/new_naw/install/relocation/share/relocation/local_setup.bash
[24.968s] -- Up-to-date: /home/zxcx/new_naw/install/relocation/share/relocation/local_setup.sh
[24.968s] -- Up-to-date: /home/zxcx/new_naw/install/relocation/share/relocation/local_setup.zsh
[24.968s] -- Up-to-date: /home/zxcx/new_naw/install/relocation/share/relocation/local_setup.dsv
[24.968s] -- Installing: /home/zxcx/new_naw/install/relocation/share/relocation/package.dsv
[24.968s] -- Up-to-date: /home/zxcx/new_naw/install/relocation/share/ament_index/resource_index/packages/relocation
[24.968s] -- Up-to-date: /home/zxcx/new_naw/install/relocation/share/relocation/cmake/relocationConfig.cmake
[24.968s] -- Up-to-date: /home/zxcx/new_naw/install/relocation/share/relocation/cmake/relocationConfig-version.cmake
[24.968s] -- Up-to-date: /home/zxcx/new_naw/install/relocation/share/relocation/package.xml
[30.006s] Invoked command in '/home/zxcx/new_naw/build/relocation' returned '0': AMENT_PREFIX_PATH=/home/zxcx/new_naw/install/custom_msgs:${AMENT_PREFIX_PATH} CMAKE_PREFIX_PATH=/home/zxcx/new_naw/install/custom_msgs:/opt/ros/humble LD_LIBRARY_PATH=/home/zxcx/new_naw/install/custom_msgs/lib:${LD_LIBRARY_PATH} PYTHONPATH=/home/zxcx/new_naw/install/custom_msgs/local/lib/python3.10/dist-packages:${PYTHONPATH} /usr/bin/cmake --install /home/zxcx/new_naw/build/relocation
