Consolidate compiler generated dependencies of target planner_test
Consolidate compiler generated dependencies of target planner_node
[ 12%] Building CXX object CMakeFiles/planner_test.dir/src/test.cpp.o
[ 12%] Building CXX object CMakeFiles/planner_test.dir/src/replanner.cpp.o
[ 18%] Building CXX object CMakeFiles/planner_node.dir/src/replanner.cpp.o
[ 25%] Building CXX object CMakeFiles/planner_node.dir/src/planner_node.cpp.o
/home/zxcx/new_naw/planner/src/replanner.cpp: In member function ‘bool planner_2d::replanner::Update(const Vector2d&, const Vector2d&, const std::vector<int>&, const std::vector<double>&, int, int, double, double)’:
/home/zxcx/new_naw/planner/src/replanner.cpp:253:33: warning: comparison of integer expressions of different signedness: ‘int’ and ‘size_t’ {aka ‘long unsigned int’} [-Wsign-compare]
  253 |         for (int k = idx + 1; k < temp_tra.GetNumPoints() - 1; ++k) {
      |                               ~~^~~~~~~~~~~~~~~~~~~~~~~~~~~~~
/home/zxcx/new_naw/planner/src/replanner.cpp:332:61: warning: comparison of integer expressions of different signedness: ‘int’ and ‘size_t’ {aka ‘long unsigned int’} [-Wsign-compare]
  332 |             if (front_res.seg_idx >= 0 && front_res.seg_idx < new_tra.GetNumPoints() - 1) {
      |                                           ~~~~~~~~~~~~~~~~~~^~~~~~~~~~~~~~~~~~~~~~~~~~~~
/home/zxcx/new_naw/planner/src/replanner.cpp: In member function ‘Eigen::Vector2d planner_2d::replanner::ClosestFreeGoal(const Vector2d&) const’:
/home/zxcx/new_naw/planner/src/replanner.cpp:506:9: warning: this ‘if’ clause does not guard... [-Wmisleading-indentation]
  506 |         if (gx < 0) gx = 0; if (gx >= m_MapLenX) gx = m_MapLenX - 1;
      |         ^~
/home/zxcx/new_naw/planner/src/replanner.cpp:506:29: note: ...this statement, but the latter is misleadingly indented as if it were guarded by the ‘if’
  506 |         if (gx < 0) gx = 0; if (gx >= m_MapLenX) gx = m_MapLenX - 1;
      |                             ^~
/home/zxcx/new_naw/planner/src/replanner.cpp:507:9: warning: this ‘if’ clause does not guard... [-Wmisleading-indentation]
  507 |         if (gy < 0) gy = 0; if (gy >= m_MapWeightY) gy = m_MapWeightY - 1;
      |         ^~
/home/zxcx/new_naw/planner/src/replanner.cpp:507:29: note: ...this statement, but the latter is misleadingly indented as if it were guarded by the ‘if’
  507 |         if (gy < 0) gy = 0; if (gy >= m_MapWeightY) gy = m_MapWeightY - 1;
      |                             ^~
/home/zxcx/new_naw/planner/src/replanner.cpp: In member function ‘bool planner_2d::replanner::Update(const Vector2d&, const Vector2d&, const std::vector<int>&, const std::vector<double>&, int, int, double, double)’:
/home/zxcx/new_naw/planner/src/replanner.cpp:253:33: warning: comparison of integer expressions of different signedness: ‘int’ and ‘size_t’ {aka ‘long unsigned int’} [-Wsign-compare]
  253 |         for (int k = idx + 1; k < temp_tra.GetNumPoints() - 1; ++k) {
      |                               ~~^~~~~~~~~~~~~~~~~~~~~~~~~~~~~
/home/zxcx/new_naw/planner/src/replanner.cpp:332:61: warning: comparison of integer expressions of different signedness: ‘int’ and ‘size_t’ {aka ‘long unsigned int’} [-Wsign-compare]
  332 |             if (front_res.seg_idx >= 0 && front_res.seg_idx < new_tra.GetNumPoints() - 1) {
      |                                           ~~~~~~~~~~~~~~~~~~^~~~~~~~~~~~~~~~~~~~~~~~~~~~
/home/zxcx/new_naw/planner/src/replanner.cpp: In member function ‘Eigen::Vector2d planner_2d::replanner::ClosestFreeGoal(const Vector2d&) const’:
/home/zxcx/new_naw/planner/src/replanner.cpp:506:9: warning: this ‘if’ clause does not guard... [-Wmisleading-indentation]
  506 |         if (gx < 0) gx = 0; if (gx >= m_MapLenX) gx = m_MapLenX - 1;
      |         ^~
/home/zxcx/new_naw/planner/src/replanner.cpp:506:29: note: ...this statement, but the latter is misleadingly indented as if it were guarded by the ‘if’
  506 |         if (gx < 0) gx = 0; if (gx >= m_MapLenX) gx = m_MapLenX - 1;
      |                             ^~
/home/zxcx/new_naw/planner/src/replanner.cpp:507:9: warning: this ‘if’ clause does not guard... [-Wmisleading-indentation]
  507 |         if (gy < 0) gy = 0; if (gy >= m_MapWeightY) gy = m_MapWeightY - 1;
      |         ^~
/home/zxcx/new_naw/planner/src/replanner.cpp:507:29: note: ...this statement, but the latter is misleadingly indented as if it were guarded by the ‘if’
  507 |         if (gy < 0) gy = 0; if (gy >= m_MapWeightY) gy = m_MapWeightY - 1;
      |                             ^~
[ 31%] Linking CXX executable planner_test
[ 62%] Built target planner_test
[ 68%] Linking CXX executable planner_node
[100%] Built target planner_node
-- Install configuration: "Release"
-- Installing: /home/zxcx/new_naw/install/planner/lib/planner/planner_node
-- Set runtime path of "/home/zxcx/new_naw/install/planner/lib/planner/planner_node" to ""
-- Installing: /home/zxcx/new_naw/install/planner/lib/planner/planner_test
-- Set runtime path of "/home/zxcx/new_naw/install/planner/lib/planner/planner_test" to ""
-- Up-to-date: /home/zxcx/new_naw/install/planner/share/ament_index/resource_index/package_run_dependencies/planner
-- Up-to-date: /home/zxcx/new_naw/install/planner/share/ament_index/resource_index/parent_prefix_path/planner
-- Up-to-date: /home/zxcx/new_naw/install/planner/share/planner/environment/ament_prefix_path.sh
-- Up-to-date: /home/zxcx/new_naw/install/planner/share/planner/environment/ament_prefix_path.dsv
-- Up-to-date: /home/zxcx/new_naw/install/planner/share/planner/environment/path.sh
-- Up-to-date: /home/zxcx/new_naw/install/planner/share/planner/environment/path.dsv
-- Up-to-date: /home/zxcx/new_naw/install/planner/share/planner/local_setup.bash
-- Up-to-date: /home/zxcx/new_naw/install/planner/share/planner/local_setup.sh
-- Up-to-date: /home/zxcx/new_naw/install/planner/share/planner/local_setup.zsh
-- Up-to-date: /home/zxcx/new_naw/install/planner/share/planner/local_setup.dsv
-- Installing: /home/zxcx/new_naw/install/planner/share/planner/package.dsv
-- Up-to-date: /home/zxcx/new_naw/install/planner/share/ament_index/resource_index/packages/planner
-- Up-to-date: /home/zxcx/new_naw/install/planner/share/planner/cmake/plannerConfig.cmake
-- Up-to-date: /home/zxcx/new_naw/install/planner/share/planner/cmake/plannerConfig-version.cmake
-- Up-to-date: /home/zxcx/new_naw/install/planner/share/planner/package.xml
