Consolidate compiler generated dependencies of target planner_test
Consolidate compiler generated dependencies of target planner_node
[ 12%] Building CXX object CMakeFiles/planner_test.dir/src/test.cpp.o
[ 12%] Building CXX object CMakeFiles/planner_test.dir/src/replanner.cpp.o
[ 18%] Building CXX object CMakeFiles/planner_node.dir/src/replanner.cpp.o
[ 25%] Building CXX object CMakeFiles/planner_node.dir/src/planner_node.cpp.o
[ 31%] Linking CXX executable planner_test
[ 62%] Built target planner_test
[ 68%] Linking CXX executable planner_node
[100%] Built target planner_node
-- Install configuration: "Release"
-- Installing: /home/zxcx/new_naw/install/planner/lib/planner/planner_node
-- Set runtime path of "/home/zxcx/new_naw/install/planner/lib/planner/planner_node" to ""
-- Installing: /home/zxcx/new_naw/install/planner/lib/planner/planner_test
-- Set runtime path of "/home/zxcx/new_naw/install/planner/lib/planner/planner_test" to ""
-- Up-to-date: /home/zxcx/new_naw/install/planner/share/ament_index/resource_index/package_run_dependencies/planner
-- Up-to-date: /home/zxcx/new_naw/install/planner/share/ament_index/resource_index/parent_prefix_path/planner
-- Up-to-date: /home/zxcx/new_naw/install/planner/share/planner/environment/ament_prefix_path.sh
-- Up-to-date: /home/zxcx/new_naw/install/planner/share/planner/environment/ament_prefix_path.dsv
-- Up-to-date: /home/zxcx/new_naw/install/planner/share/planner/environment/path.sh
-- Up-to-date: /home/zxcx/new_naw/install/planner/share/planner/environment/path.dsv
-- Up-to-date: /home/zxcx/new_naw/install/planner/share/planner/local_setup.bash
-- Up-to-date: /home/zxcx/new_naw/install/planner/share/planner/local_setup.sh
-- Up-to-date: /home/zxcx/new_naw/install/planner/share/planner/local_setup.zsh
-- Up-to-date: /home/zxcx/new_naw/install/planner/share/planner/local_setup.dsv
-- Installing: /home/zxcx/new_naw/install/planner/share/planner/package.dsv
-- Up-to-date: /home/zxcx/new_naw/install/planner/share/ament_index/resource_index/packages/planner
-- Up-to-date: /home/zxcx/new_naw/install/planner/share/planner/cmake/plannerConfig.cmake
-- Up-to-date: /home/zxcx/new_naw/install/planner/share/planner/cmake/plannerConfig-version.cmake
-- Up-to-date: /home/zxcx/new_naw/install/planner/share/planner/package.xml
