[0.009s] Invoking command in '/home/zxcx/new_naw/build/planner': AMENT_PREFIX_PATH=/home/zxcx/new_naw/install/custom_msgs:${AMENT_PREFIX_PATH} CMAKE_PREFIX_PATH=/home/zxcx/new_naw/install/custom_msgs:/opt/ros/humble LD_LIBRARY_PATH=/home/zxcx/new_naw/install/custom_msgs/lib:${LD_LIBRARY_PATH} PYTHONPATH=/home/zxcx/new_naw/install/custom_msgs/local/lib/python3.10/dist-packages:${PYTHONPATH} /usr/bin/cmake --build /home/zxcx/new_naw/build/planner -- -j32 -l32
[0.056s] Consolidate compiler generated dependencies of target planner_test
[0.058s] Consolidate compiler generated dependencies of target planner_node
[0.069s] [ 12%] Building CXX object CMakeFiles/planner_test.dir/src/test.cpp.o
[0.069s] [ 12%] Building CXX object CMakeFiles/planner_test.dir/src/replanner.cpp.o
[0.070s] [ 18%] Building CXX object CMakeFiles/planner_node.dir/src/replanner.cpp.o
[0.072s] [ 25%] Building CXX object CMakeFiles/planner_node.dir/src/planner_node.cpp.o
[0.874s] /home/zxcx/new_naw/planner/src/replanner.cpp: In member function ‘bool planner_2d::replanner::Update(const Vector2d&, const Vector2d&, const std::vector<int>&, const std::vector<double>&, int, int, double, double)’:
[0.874s] /home/zxcx/new_naw/planner/src/replanner.cpp:253:33: warning: comparison of integer expressions of different signedness: ‘int’ and ‘size_t’ {aka ‘long unsigned int’} [-Wsign-compare]
[0.874s]   253 |         for (int k = idx + 1; k < temp_tra.GetNumPoints() - 1; ++k) {
[0.875s]       |                               ~~^~~~~~~~~~~~~~~~~~~~~~~~~~~~~
[0.876s] /home/zxcx/new_naw/planner/src/replanner.cpp:332:61: warning: comparison of integer expressions of different signedness: ‘int’ and ‘size_t’ {aka ‘long unsigned int’} [-Wsign-compare]
[0.876s]   332 |             if (front_res.seg_idx >= 0 && front_res.seg_idx < new_tra.GetNumPoints() - 1) {
[0.876s]       |                                           ~~~~~~~~~~~~~~~~~~^~~~~~~~~~~~~~~~~~~~~~~~~~~~
[0.879s] /home/zxcx/new_naw/planner/src/replanner.cpp: In member function ‘Eigen::Vector2d planner_2d::replanner::ClosestFreeGoal(const Vector2d&) const’:
[0.880s] /home/zxcx/new_naw/planner/src/replanner.cpp:506:9: warning: this ‘if’ clause does not guard... [-Wmisleading-indentation]
[0.880s]   506 |         if (gx < 0) gx = 0; if (gx >= m_MapLenX) gx = m_MapLenX - 1;
[0.880s]       |         ^~
[0.880s] /home/zxcx/new_naw/planner/src/replanner.cpp:506:29: note: ...this statement, but the latter is misleadingly indented as if it were guarded by the ‘if’
[0.880s]   506 |         if (gx < 0) gx = 0; if (gx >= m_MapLenX) gx = m_MapLenX - 1;
[0.880s]       |                             ^~
[0.880s] /home/zxcx/new_naw/planner/src/replanner.cpp:507:9: warning: this ‘if’ clause does not guard... [-Wmisleading-indentation]
[0.880s]   507 |         if (gy < 0) gy = 0; if (gy >= m_MapWeightY) gy = m_MapWeightY - 1;
[0.880s]       |         ^~
[0.880s] /home/zxcx/new_naw/planner/src/replanner.cpp:507:29: note: ...this statement, but the latter is misleadingly indented as if it were guarded by the ‘if’
[0.880s]   507 |         if (gy < 0) gy = 0; if (gy >= m_MapWeightY) gy = m_MapWeightY - 1;
[0.880s]       |                             ^~
[0.883s] /home/zxcx/new_naw/planner/src/replanner.cpp: In member function ‘bool planner_2d::replanner::Update(const Vector2d&, const Vector2d&, const std::vector<int>&, const std::vector<double>&, int, int, double, double)’:
[0.883s] /home/zxcx/new_naw/planner/src/replanner.cpp:253:33: warning: comparison of integer expressions of different signedness: ‘int’ and ‘size_t’ {aka ‘long unsigned int’} [-Wsign-compare]
[0.883s]   253 |         for (int k = idx + 1; k < temp_tra.GetNumPoints() - 1; ++k) {
[0.883s]       |                               ~~^~~~~~~~~~~~~~~~~~~~~~~~~~~~~
[0.885s] /home/zxcx/new_naw/planner/src/replanner.cpp:332:61: warning: comparison of integer expressions of different signedness: ‘int’ and ‘size_t’ {aka ‘long unsigned int’} [-Wsign-compare]
[0.885s]   332 |             if (front_res.seg_idx >= 0 && front_res.seg_idx < new_tra.GetNumPoints() - 1) {
[0.885s]       |                                           ~~~~~~~~~~~~~~~~~~^~~~~~~~~~~~~~~~~~~~~~~~~~~~
[0.888s] /home/zxcx/new_naw/planner/src/replanner.cpp: In member function ‘Eigen::Vector2d planner_2d::replanner::ClosestFreeGoal(const Vector2d&) const’:
[0.889s] /home/zxcx/new_naw/planner/src/replanner.cpp:506:9: warning: this ‘if’ clause does not guard... [-Wmisleading-indentation]
[0.889s]   506 |         if (gx < 0) gx = 0; if (gx >= m_MapLenX) gx = m_MapLenX - 1;
[0.889s]       |         ^~
[0.889s] /home/zxcx/new_naw/planner/src/replanner.cpp:506:29: note: ...this statement, but the latter is misleadingly indented as if it were guarded by the ‘if’
[0.889s]   506 |         if (gx < 0) gx = 0; if (gx >= m_MapLenX) gx = m_MapLenX - 1;
[0.889s]       |                             ^~
[0.889s] /home/zxcx/new_naw/planner/src/replanner.cpp:507:9: warning: this ‘if’ clause does not guard... [-Wmisleading-indentation]
[0.889s]   507 |         if (gy < 0) gy = 0; if (gy >= m_MapWeightY) gy = m_MapWeightY - 1;
[0.889s]       |         ^~
[0.889s] /home/zxcx/new_naw/planner/src/replanner.cpp:507:29: note: ...this statement, but the latter is misleadingly indented as if it were guarded by the ‘if’
[0.889s]   507 |         if (gy < 0) gy = 0; if (gy >= m_MapWeightY) gy = m_MapWeightY - 1;
[0.889s]       |                             ^~
[3.829s] [ 31%] Linking CXX executable planner_test
[4.065s] [ 62%] Built target planner_test
[16.614s] [ 68%] Linking CXX executable planner_node
[16.811s] [100%] Built target planner_node
[30.014s] Invoked command in '/home/zxcx/new_naw/build/planner' returned '0': AMENT_PREFIX_PATH=/home/zxcx/new_naw/install/custom_msgs:${AMENT_PREFIX_PATH} CMAKE_PREFIX_PATH=/home/zxcx/new_naw/install/custom_msgs:/opt/ros/humble LD_LIBRARY_PATH=/home/zxcx/new_naw/install/custom_msgs/lib:${LD_LIBRARY_PATH} PYTHONPATH=/home/zxcx/new_naw/install/custom_msgs/local/lib/python3.10/dist-packages:${PYTHONPATH} /usr/bin/cmake --build /home/zxcx/new_naw/build/planner -- -j32 -l32
[30.021s] Invoking command in '/home/zxcx/new_naw/build/planner': AMENT_PREFIX_PATH=/home/zxcx/new_naw/install/custom_msgs:${AMENT_PREFIX_PATH} CMAKE_PREFIX_PATH=/home/zxcx/new_naw/install/custom_msgs:/opt/ros/humble LD_LIBRARY_PATH=/home/zxcx/new_naw/install/custom_msgs/lib:${LD_LIBRARY_PATH} PYTHONPATH=/home/zxcx/new_naw/install/custom_msgs/local/lib/python3.10/dist-packages:${PYTHONPATH} /usr/bin/cmake --install /home/zxcx/new_naw/build/planner
[30.026s] -- Install configuration: "Release"
[30.026s] -- Installing: /home/zxcx/new_naw/install/planner/lib/planner/planner_node
[30.030s] -- Set runtime path of "/home/zxcx/new_naw/install/planner/lib/planner/planner_node" to ""
[30.030s] -- Installing: /home/zxcx/new_naw/install/planner/lib/planner/planner_test
[30.031s] -- Set runtime path of "/home/zxcx/new_naw/install/planner/lib/planner/planner_test" to ""
[30.031s] -- Up-to-date: /home/zxcx/new_naw/install/planner/share/ament_index/resource_index/package_run_dependencies/planner
[30.031s] -- Up-to-date: /home/zxcx/new_naw/install/planner/share/ament_index/resource_index/parent_prefix_path/planner
[30.031s] -- Up-to-date: /home/zxcx/new_naw/install/planner/share/planner/environment/ament_prefix_path.sh
[30.031s] -- Up-to-date: /home/zxcx/new_naw/install/planner/share/planner/environment/ament_prefix_path.dsv
[30.031s] -- Up-to-date: /home/zxcx/new_naw/install/planner/share/planner/environment/path.sh
[30.031s] -- Up-to-date: /home/zxcx/new_naw/install/planner/share/planner/environment/path.dsv
[30.031s] -- Up-to-date: /home/zxcx/new_naw/install/planner/share/planner/local_setup.bash
[30.031s] -- Up-to-date: /home/zxcx/new_naw/install/planner/share/planner/local_setup.sh
[30.031s] -- Up-to-date: /home/zxcx/new_naw/install/planner/share/planner/local_setup.zsh
[30.031s] -- Up-to-date: /home/zxcx/new_naw/install/planner/share/planner/local_setup.dsv
[30.031s] -- Installing: /home/zxcx/new_naw/install/planner/share/planner/package.dsv
[30.032s] -- Up-to-date: /home/zxcx/new_naw/install/planner/share/ament_index/resource_index/packages/planner
[30.032s] -- Up-to-date: /home/zxcx/new_naw/install/planner/share/planner/cmake/plannerConfig.cmake
[30.032s] -- Up-to-date: /home/zxcx/new_naw/install/planner/share/planner/cmake/plannerConfig-version.cmake
[30.032s] -- Up-to-date: /home/zxcx/new_naw/install/planner/share/planner/package.xml
[60.019s] Invoked command in '/home/zxcx/new_naw/build/planner' returned '0': AMENT_PREFIX_PATH=/home/zxcx/new_naw/install/custom_msgs:${AMENT_PREFIX_PATH} CMAKE_PREFIX_PATH=/home/zxcx/new_naw/install/custom_msgs:/opt/ros/humble LD_LIBRARY_PATH=/home/zxcx/new_naw/install/custom_msgs/lib:${LD_LIBRARY_PATH} PYTHONPATH=/home/zxcx/new_naw/install/custom_msgs/local/lib/python3.10/dist-packages:${PYTHONPATH} /usr/bin/cmake --install /home/zxcx/new_naw/build/planner
