[0.008s] Invoking command in '/home/zxcx/new_naw/build/relocation': AMENT_PREFIX_PATH=/home/zxcx/new_naw/install/custom_msgs:${AMENT_PREFIX_PATH} CMAKE_PREFIX_PATH=/home/zxcx/new_naw/install/custom_msgs:/opt/ros/humble LD_LIBRARY_PATH=/home/zxcx/new_naw/install/custom_msgs/lib:${LD_LIBRARY_PATH} PYTHONPATH=/home/zxcx/new_naw/install/custom_msgs/local/lib/python3.10/dist-packages:${PYTHONPATH} /usr/bin/cmake --build /home/zxcx/new_naw/build/relocation -- -j32 -l32
[0.052s] Consolidate compiler generated dependencies of target relocation_core
[0.065s] [ 60%] Built target relocation_core
[0.084s] Consolidate compiler generated dependencies of target test_node
[0.087s] Consolidate compiler generated dependencies of target relocation_node
[0.096s] [ 70%] Building CXX object CMakeFiles/test_node.dir/src/test.cpp.o
[0.102s] [ 90%] Built target relocation_node
[3.629s] [100%] Linking CXX executable test_node
[4.022s] [100%] Built target test_node
[4.029s] Invoked command in '/home/zxcx/new_naw/build/relocation' returned '0': AMENT_PREFIX_PATH=/home/zxcx/new_naw/install/custom_msgs:${AMENT_PREFIX_PATH} CMAKE_PREFIX_PATH=/home/zxcx/new_naw/install/custom_msgs:/opt/ros/humble LD_LIBRARY_PATH=/home/zxcx/new_naw/install/custom_msgs/lib:${LD_LIBRARY_PATH} PYTHONPATH=/home/zxcx/new_naw/install/custom_msgs/local/lib/python3.10/dist-packages:${PYTHONPATH} /usr/bin/cmake --build /home/zxcx/new_naw/build/relocation -- -j32 -l32
[4.036s] Invoking command in '/home/zxcx/new_naw/build/relocation': AMENT_PREFIX_PATH=/home/zxcx/new_naw/install/custom_msgs:${AMENT_PREFIX_PATH} CMAKE_PREFIX_PATH=/home/zxcx/new_naw/install/custom_msgs:/opt/ros/humble LD_LIBRARY_PATH=/home/zxcx/new_naw/install/custom_msgs/lib:${LD_LIBRARY_PATH} PYTHONPATH=/home/zxcx/new_naw/install/custom_msgs/local/lib/python3.10/dist-packages:${PYTHONPATH} /usr/bin/cmake --install /home/zxcx/new_naw/build/relocation
[4.040s] -- Install configuration: "Release"
[4.041s] -- Up-to-date: /home/zxcx/new_naw/install/relocation/lib/librelocation_core.so
[4.041s] -- Installing: /home/zxcx/new_naw/install/relocation/lib/relocation/test_node
[4.041s] -- Set runtime path of "/home/zxcx/new_naw/install/relocation/lib/relocation/test_node" to ""
[4.041s] -- Up-to-date: /home/zxcx/new_naw/install/relocation/lib/relocation/relocation_node
[4.042s] -- Up-to-date: /home/zxcx/new_naw/install/relocation/include
[4.042s] -- Up-to-date: /home/zxcx/new_naw/install/relocation/include/relocation
[4.042s] -- Up-to-date: /home/zxcx/new_naw/install/relocation/include/relocation/kd_tree.hpp
[4.042s] -- Up-to-date: /home/zxcx/new_naw/install/relocation/include/relocation/ann_kdtree.hpp
[4.042s] -- Up-to-date: /home/zxcx/new_naw/install/relocation/include/relocation/iris.hpp
[4.042s] -- Up-to-date: /home/zxcx/new_naw/install/relocation/include/relocation/icp.hpp
[4.042s] -- Up-to-date: /home/zxcx/new_naw/install/relocation/include/relocation/location.hpp
[4.042s] -- Up-to-date: /home/zxcx/new_naw/install/relocation/share/relocation/PCD
[4.042s] -- Up-to-date: /home/zxcx/new_naw/install/relocation/share/relocation/PCD/RMUC_2026.pcd
[4.042s] -- Up-to-date: /home/zxcx/new_naw/install/relocation/share/relocation/PCD/readme.md
[4.042s] -- Up-to-date: /home/zxcx/new_naw/install/relocation/share/relocation/PCD/rmuc_2025.pcd
[4.042s] -- Up-to-date: /home/zxcx/new_naw/install/relocation/share/relocation/PCD/1.pcd
[4.043s] -- Up-to-date: /home/zxcx/new_naw/install/relocation/share/ament_index/resource_index/package_run_dependencies/relocation
[4.043s] -- Up-to-date: /home/zxcx/new_naw/install/relocation/share/ament_index/resource_index/parent_prefix_path/relocation
[4.043s] -- Up-to-date: /home/zxcx/new_naw/install/relocation/share/relocation/environment/ament_prefix_path.sh
[4.043s] -- Up-to-date: /home/zxcx/new_naw/install/relocation/share/relocation/environment/ament_prefix_path.dsv
[4.043s] -- Up-to-date: /home/zxcx/new_naw/install/relocation/share/relocation/environment/path.sh
[4.043s] -- Up-to-date: /home/zxcx/new_naw/install/relocation/share/relocation/environment/path.dsv
[4.043s] -- Up-to-date: /home/zxcx/new_naw/install/relocation/share/relocation/local_setup.bash
[4.043s] -- Up-to-date: /home/zxcx/new_naw/install/relocation/share/relocation/local_setup.sh
[4.043s] -- Up-to-date: /home/zxcx/new_naw/install/relocation/share/relocation/local_setup.zsh
[4.043s] -- Up-to-date: /home/zxcx/new_naw/install/relocation/share/relocation/local_setup.dsv
[4.043s] -- Installing: /home/zxcx/new_naw/install/relocation/share/relocation/package.dsv
[4.043s] -- Up-to-date: /home/zxcx/new_naw/install/relocation/share/ament_index/resource_index/packages/relocation
[4.043s] -- Up-to-date: /home/zxcx/new_naw/install/relocation/share/relocation/cmake/relocationConfig.cmake
[4.043s] -- Up-to-date: /home/zxcx/new_naw/install/relocation/share/relocation/cmake/relocationConfig-version.cmake
[4.043s] -- Up-to-date: /home/zxcx/new_naw/install/relocation/share/relocation/package.xml
[4.044s] Invoked command in '/home/zxcx/new_naw/build/relocation' returned '0': AMENT_PREFIX_PATH=/home/zxcx/new_naw/install/custom_msgs:${AMENT_PREFIX_PATH} CMAKE_PREFIX_PATH=/home/zxcx/new_naw/install/custom_msgs:/opt/ros/humble LD_LIBRARY_PATH=/home/zxcx/new_naw/install/custom_msgs/lib:${LD_LIBRARY_PATH} PYTHONPATH=/home/zxcx/new_naw/install/custom_msgs/local/lib/python3.10/dist-packages:${PYTHONPATH} /usr/bin/cmake --install /home/zxcx/new_naw/build/relocation
