[0.051s] DEBUG:colcon:Command line arguments: ['/usr/bin/colcon', 'build', '--packages-select', 'relocation', '--cmake-args', '-DCMAKE_BUILD_TYPE=Release']
[0.051s] DEBUG:colcon:Parsed command line arguments: Namespace(log_base=None, log_level=None, verb_name='build', build_base='build', install_base='install', merge_install=False, symlink_install=False, test_result_base=None, continue_on_error=False, executor='parallel', parallel_workers=32, event_handlers=None, ignore_user_meta=False, metas=['./colcon.meta'], base_paths=['.'], packages_ignore=None, packages_ignore_regex=None, paths=None, packages_up_to=None, packages_up_to_regex=None, packages_above=None, packages_above_and_dependencies=None, packages_above_depth=None, packages_select_by_dep=None, packages_skip_by_dep=None, packages_skip_up_to=None, packages_select_build_failed=False, packages_skip_build_finished=False, packages_select_test_failures=False, packages_skip_test_passed=False, packages_select=['relocation'], packages_skip=None, packages_select_regex=None, packages_skip_regex=None, packages_start=None, packages_end=None, allow_overriding=[], cmake_args=['-DCMAKE_BUILD_TYPE=Release'], cmake_target=None, cmake_target_skip_unavailable=False, cmake_clean_cache=False, cmake_clean_first=False, cmake_force_configure=False, ament_cmake_args=None, catkin_cmake_args=None, catkin_skip_building_tests=False, verb_parser=<colcon_defaults.argument_parser.defaults.DefaultArgumentsDecorator object at 0x73b1e7664100>, verb_extension=<colcon_core.verb.build.BuildVerb object at 0x73b1e762b220>, main=<bound method BuildVerb.main of <colcon_core.verb.build.BuildVerb object at 0x73b1e762b220>>)
[0.126s] Level 1:colcon.colcon_core.package_discovery:discover_packages(colcon_meta) check parameters
[0.126s] Level 1:colcon.colcon_core.package_discovery:discover_packages(recursive) check parameters
[0.126s] Level 1:colcon.colcon_core.package_discovery:discover_packages(ignore) check parameters
[0.126s] Level 1:colcon.colcon_core.package_discovery:discover_packages(path) check parameters
[0.126s] Level 1:colcon.colcon_core.package_discovery:discover_packages(colcon_meta) discover
[0.126s] Level 1:colcon.colcon_core.package_discovery:discover_packages(recursive) discover
[0.126s] INFO:colcon.colcon_core.package_discovery:Crawling recursively for packages in '/home/zxcx/new_naw'
[0.126s] Level 1:colcon.colcon_core.package_identification:_identify(.) by extensions ['ignore', 'ignore_ament_install']
[0.126s] Level 1:colcon.colcon_core.package_identification:_identify(.) by extension 'ignore'
[0.126s] Level 1:colcon.colcon_core.package_identification:_identify(.) by extension 'ignore_ament_install'
[0.126s] Level 1:colcon.colcon_core.package_identification:_identify(.) by extensions ['colcon_pkg']
[0.126s] Level 1:colcon.colcon_core.package_identification:_identify(.) by extension 'colcon_pkg'
[0.126s] Level 1:colcon.colcon_core.package_identification:_identify(.) by extensions ['colcon_meta']
[0.126s] Level 1:colcon.colcon_core.package_identification:_identify(.) by extension 'colcon_meta'
[0.126s] Level 1:colcon.colcon_core.package_identification:_identify(.) by extensions ['ros']
[0.126s] Level 1:colcon.colcon_core.package_identification:_identify(.) by extension 'ros'
[0.132s] Level 1:colcon.colcon_core.package_identification:_identify(.) by extensions ['cmake', 'python']
[0.132s] Level 1:colcon.colcon_core.package_identification:_identify(.) by extension 'cmake'
[0.132s] Level 1:colcon.colcon_core.package_identification:_identify(.) by extension 'python'
[0.132s] Level 1:colcon.colcon_core.package_identification:_identify(.) by extensions ['python_setup_py']
[0.132s] Level 1:colcon.colcon_core.package_identification:_identify(.) by extension 'python_setup_py'
[0.132s] Level 1:colcon.colcon_core.package_identification:_identify(algo_master) by extensions ['ignore', 'ignore_ament_install']
[0.132s] Level 1:colcon.colcon_core.package_identification:_identify(algo_master) by extension 'ignore'
[0.132s] Level 1:colcon.colcon_core.package_identification:_identify(algo_master) by extension 'ignore_ament_install'
[0.132s] Level 1:colcon.colcon_core.package_identification:_identify(algo_master) by extensions ['colcon_pkg']
[0.132s] Level 1:colcon.colcon_core.package_identification:_identify(algo_master) by extension 'colcon_pkg'
[0.132s] Level 1:colcon.colcon_core.package_identification:_identify(algo_master) by extensions ['colcon_meta']
[0.132s] Level 1:colcon.colcon_core.package_identification:_identify(algo_master) by extension 'colcon_meta'
[0.132s] Level 1:colcon.colcon_core.package_identification:_identify(algo_master) by extensions ['ros']
[0.132s] Level 1:colcon.colcon_core.package_identification:_identify(algo_master) by extension 'ros'
[0.134s] DEBUG:colcon.colcon_core.package_identification:Package 'algo_master' with type 'ros.ament_cmake' and name 'algo_master'
[0.134s] Level 1:colcon.colcon_core.package_identification:_identify(build) by extensions ['ignore', 'ignore_ament_install']
[0.134s] Level 1:colcon.colcon_core.package_identification:_identify(build) by extension 'ignore'
[0.134s] Level 1:colcon.colcon_core.package_identification:_identify(build) ignored
[0.134s] Level 1:colcon.colcon_core.package_identification:_identify(controller) by extensions ['ignore', 'ignore_ament_install']
[0.134s] Level 1:colcon.colcon_core.package_identification:_identify(controller) by extension 'ignore'
[0.134s] Level 1:colcon.colcon_core.package_identification:_identify(controller) by extension 'ignore_ament_install'
[0.134s] Level 1:colcon.colcon_core.package_identification:_identify(controller) by extensions ['colcon_pkg']
[0.134s] Level 1:colcon.colcon_core.package_identification:_identify(controller) by extension 'colcon_pkg'
[0.134s] Level 1:colcon.colcon_core.package_identification:_identify(controller) by extensions ['colcon_meta']
[0.134s] Level 1:colcon.colcon_core.package_identification:_identify(controller) by extension 'colcon_meta'
[0.134s] Level 1:colcon.colcon_core.package_identification:_identify(controller) by extensions ['ros']
[0.134s] Level 1:colcon.colcon_core.package_identification:_identify(controller) by extension 'ros'
[0.134s] DEBUG:colcon.colcon_core.package_identification:Package 'controller' with type 'ros.ament_cmake' and name 'controller'
[0.134s] Level 1:colcon.colcon_core.package_identification:_identify(custom_msgs) by extensions ['ignore', 'ignore_ament_install']
[0.134s] Level 1:colcon.colcon_core.package_identification:_identify(custom_msgs) by extension 'ignore'
[0.135s] Level 1:colcon.colcon_core.package_identification:_identify(custom_msgs) by extension 'ignore_ament_install'
[0.135s] Level 1:colcon.colcon_core.package_identification:_identify(custom_msgs) by extensions ['colcon_pkg']
[0.135s] Level 1:colcon.colcon_core.package_identification:_identify(custom_msgs) by extension 'colcon_pkg'
[0.135s] Level 1:colcon.colcon_core.package_identification:_identify(custom_msgs) by extensions ['colcon_meta']
[0.135s] Level 1:colcon.colcon_core.package_identification:_identify(custom_msgs) by extension 'colcon_meta'
[0.135s] Level 1:colcon.colcon_core.package_identification:_identify(custom_msgs) by extensions ['ros']
[0.135s] Level 1:colcon.colcon_core.package_identification:_identify(custom_msgs) by extension 'ros'
[0.135s] DEBUG:colcon.colcon_core.package_identification:Package 'custom_msgs' with type 'ros.ament_cmake' and name 'custom_msgs'
[0.135s] Level 1:colcon.colcon_core.package_identification:_identify(esdf) by extensions ['ignore', 'ignore_ament_install']
[0.135s] Level 1:colcon.colcon_core.package_identification:_identify(esdf) by extension 'ignore'
[0.135s] Level 1:colcon.colcon_core.package_identification:_identify(esdf) by extension 'ignore_ament_install'
[0.135s] Level 1:colcon.colcon_core.package_identification:_identify(esdf) by extensions ['colcon_pkg']
[0.135s] Level 1:colcon.colcon_core.package_identification:_identify(esdf) by extension 'colcon_pkg'
[0.135s] Level 1:colcon.colcon_core.package_identification:_identify(esdf) by extensions ['colcon_meta']
[0.135s] Level 1:colcon.colcon_core.package_identification:_identify(esdf) by extension 'colcon_meta'
[0.135s] Level 1:colcon.colcon_core.package_identification:_identify(esdf) by extensions ['ros']
[0.135s] Level 1:colcon.colcon_core.package_identification:_identify(esdf) by extension 'ros'
[0.136s] DEBUG:colcon.colcon_core.package_identification:Package 'esdf' with type 'ros.ament_cmake' and name 'esdf'
[0.136s] Level 1:colcon.colcon_core.package_identification:_identify(install) by extensions ['ignore', 'ignore_ament_install']
[0.136s] Level 1:colcon.colcon_core.package_identification:_identify(install) by extension 'ignore'
[0.136s] Level 1:colcon.colcon_core.package_identification:_identify(install) ignored
[0.136s] Level 1:colcon.colcon_core.package_identification:_identify(livox_ros_driver2) by extensions ['ignore', 'ignore_ament_install']
[0.136s] Level 1:colcon.colcon_core.package_identification:_identify(livox_ros_driver2) by extension 'ignore'
[0.136s] Level 1:colcon.colcon_core.package_identification:_identify(livox_ros_driver2) by extension 'ignore_ament_install'
[0.136s] Level 1:colcon.colcon_core.package_identification:_identify(livox_ros_driver2) by extensions ['colcon_pkg']
[0.136s] Level 1:colcon.colcon_core.package_identification:_identify(livox_ros_driver2) by extension 'colcon_pkg'
[0.136s] Level 1:colcon.colcon_core.package_identification:_identify(livox_ros_driver2) by extensions ['colcon_meta']
[0.136s] Level 1:colcon.colcon_core.package_identification:_identify(livox_ros_driver2) by extension 'colcon_meta'
[0.136s] Level 1:colcon.colcon_core.package_identification:_identify(livox_ros_driver2) by extensions ['ros']
[0.136s] Level 1:colcon.colcon_core.package_identification:_identify(livox_ros_driver2) by extension 'ros'
[0.137s] DEBUG:colcon.colcon_core.package_identification:Package 'livox_ros_driver2' with type 'ros.ament_cmake' and name 'livox_ros_driver2'
[0.137s] Level 1:colcon.colcon_core.package_identification:_identify(log) by extensions ['ignore', 'ignore_ament_install']
[0.137s] Level 1:colcon.colcon_core.package_identification:_identify(log) by extension 'ignore'
[0.137s] Level 1:colcon.colcon_core.package_identification:_identify(log) ignored
[0.137s] Level 1:colcon.colcon_core.package_identification:_identify(planner) by extensions ['ignore', 'ignore_ament_install']
[0.137s] Level 1:colcon.colcon_core.package_identification:_identify(planner) by extension 'ignore'
[0.137s] Level 1:colcon.colcon_core.package_identification:_identify(planner) by extension 'ignore_ament_install'
[0.137s] Level 1:colcon.colcon_core.package_identification:_identify(planner) by extensions ['colcon_pkg']
[0.137s] Level 1:colcon.colcon_core.package_identification:_identify(planner) by extension 'colcon_pkg'
[0.137s] Level 1:colcon.colcon_core.package_identification:_identify(planner) by extensions ['colcon_meta']
[0.137s] Level 1:colcon.colcon_core.package_identification:_identify(planner) by extension 'colcon_meta'
[0.137s] Level 1:colcon.colcon_core.package_identification:_identify(planner) by extensions ['ros']
[0.137s] Level 1:colcon.colcon_core.package_identification:_identify(planner) by extension 'ros'
[0.138s] DEBUG:colcon.colcon_core.package_identification:Package 'planner' with type 'ros.ament_cmake' and name 'planner'
[0.138s] Level 1:colcon.colcon_core.package_identification:_identify(point_lio) by extensions ['ignore', 'ignore_ament_install']
[0.138s] Level 1:colcon.colcon_core.package_identification:_identify(point_lio) by extension 'ignore'
[0.138s] Level 1:colcon.colcon_core.package_identification:_identify(point_lio) by extension 'ignore_ament_install'
[0.138s] Level 1:colcon.colcon_core.package_identification:_identify(point_lio) by extensions ['colcon_pkg']
[0.138s] Level 1:colcon.colcon_core.package_identification:_identify(point_lio) by extension 'colcon_pkg'
[0.138s] Level 1:colcon.colcon_core.package_identification:_identify(point_lio) by extensions ['colcon_meta']
[0.138s] Level 1:colcon.colcon_core.package_identification:_identify(point_lio) by extension 'colcon_meta'
[0.138s] Level 1:colcon.colcon_core.package_identification:_identify(point_lio) by extensions ['ros']
[0.138s] Level 1:colcon.colcon_core.package_identification:_identify(point_lio) by extension 'ros'
[0.138s] DEBUG:colcon.colcon_core.package_identification:Package 'point_lio' with type 'ros.ament_cmake' and name 'point_lio'
[0.139s] Level 1:colcon.colcon_core.package_identification:_identify(relocation) by extensions ['ignore', 'ignore_ament_install']
[0.139s] Level 1:colcon.colcon_core.package_identification:_identify(relocation) by extension 'ignore'
[0.139s] Level 1:colcon.colcon_core.package_identification:_identify(relocation) by extension 'ignore_ament_install'
[0.139s] Level 1:colcon.colcon_core.package_identification:_identify(relocation) by extensions ['colcon_pkg']
[0.139s] Level 1:colcon.colcon_core.package_identification:_identify(relocation) by extension 'colcon_pkg'
[0.139s] Level 1:colcon.colcon_core.package_identification:_identify(relocation) by extensions ['colcon_meta']
[0.139s] Level 1:colcon.colcon_core.package_identification:_identify(relocation) by extension 'colcon_meta'
[0.139s] Level 1:colcon.colcon_core.package_identification:_identify(relocation) by extensions ['ros']
[0.139s] Level 1:colcon.colcon_core.package_identification:_identify(relocation) by extension 'ros'
[0.139s] DEBUG:colcon.colcon_core.package_identification:Package 'relocation' with type 'ros.ament_cmake' and name 'relocation'
[0.139s] Level 1:colcon.colcon_core.package_discovery:discover_packages(recursive) using defaults
[0.139s] Level 1:colcon.colcon_core.package_discovery:discover_packages(ignore) discover
[0.139s] Level 1:colcon.colcon_core.package_discovery:discover_packages(ignore) using defaults
[0.139s] Level 1:colcon.colcon_core.package_discovery:discover_packages(path) discover
[0.139s] Level 1:colcon.colcon_core.package_discovery:discover_packages(path) using defaults
[0.154s] INFO:colcon.colcon_core.package_selection:Skipping not selected package 'controller' in 'controller'
[0.154s] INFO:colcon.colcon_core.package_selection:Skipping not selected package 'custom_msgs' in 'custom_msgs'
[0.154s] INFO:colcon.colcon_core.package_selection:Skipping not selected package 'livox_ros_driver2' in 'livox_ros_driver2'
[0.154s] INFO:colcon.colcon_core.package_selection:Skipping not selected package 'algo_master' in 'algo_master'
[0.154s] INFO:colcon.colcon_core.package_selection:Skipping not selected package 'esdf' in 'esdf'
[0.154s] INFO:colcon.colcon_core.package_selection:Skipping not selected package 'planner' in 'planner'
[0.154s] INFO:colcon.colcon_core.package_selection:Skipping not selected package 'point_lio' in 'point_lio'
[0.154s] Level 1:colcon.colcon_core.package_discovery:discover_packages(prefix_path) check parameters
[0.154s] Level 1:colcon.colcon_core.package_discovery:discover_packages(prefix_path) discover
[0.156s] DEBUG:colcon.colcon_installed_package_information.package_discovery:Found 298 installed packages in /opt/ros/humble
[0.156s] Level 1:colcon.colcon_core.package_discovery:discover_packages(prefix_path) using defaults
[0.175s] Level 5:colcon.colcon_core.verb:set package 'relocation' build argument 'cmake_args' from command line to '['-DCMAKE_BUILD_TYPE=Release']'
[0.175s] Level 5:colcon.colcon_core.verb:set package 'relocation' build argument 'cmake_target' from command line to 'None'
[0.175s] Level 5:colcon.colcon_core.verb:set package 'relocation' build argument 'cmake_target_skip_unavailable' from command line to 'False'
[0.175s] Level 5:colcon.colcon_core.verb:set package 'relocation' build argument 'cmake_clean_cache' from command line to 'False'
[0.175s] Level 5:colcon.colcon_core.verb:set package 'relocation' build argument 'cmake_clean_first' from command line to 'False'
[0.175s] Level 5:colcon.colcon_core.verb:set package 'relocation' build argument 'cmake_force_configure' from command line to 'False'
[0.176s] Level 5:colcon.colcon_core.verb:set package 'relocation' build argument 'ament_cmake_args' from command line to 'None'
[0.176s] Level 5:colcon.colcon_core.verb:set package 'relocation' build argument 'catkin_cmake_args' from command line to 'None'
[0.176s] Level 5:colcon.colcon_core.verb:set package 'relocation' build argument 'catkin_skip_building_tests' from command line to 'False'
[0.176s] DEBUG:colcon.colcon_core.verb:Building package 'relocation' with the following arguments: {'ament_cmake_args': None, 'build_base': '/home/zxcx/new_naw/build/relocation', 'catkin_cmake_args': None, 'catkin_skip_building_tests': False, 'cmake_args': ['-DCMAKE_BUILD_TYPE=Release'], 'cmake_clean_cache': False, 'cmake_clean_first': False, 'cmake_force_configure': False, 'cmake_target': None, 'cmake_target_skip_unavailable': False, 'install_base': '/home/zxcx/new_naw/install/relocation', 'merge_install': False, 'path': '/home/zxcx/new_naw/relocation', 'symlink_install': False, 'test_result_base': None}
[0.176s] INFO:colcon.colcon_core.executor:Executing jobs using 'parallel' executor
[0.176s] DEBUG:colcon.colcon_parallel_executor.executor.parallel:run_until_complete
[0.176s] INFO:colcon.colcon_ros.task.ament_cmake.build:Building ROS package in '/home/zxcx/new_naw/relocation' with build type 'ament_cmake'
[0.176s] INFO:colcon.colcon_cmake.task.cmake.build:Building CMake package in '/home/zxcx/new_naw/relocation'
[0.177s] INFO:colcon.colcon_core.plugin_system:Skipping extension 'colcon_core.shell.bat': Not used on non-Windows systems
[0.178s] INFO:colcon.colcon_core.shell:Skip shell extension 'powershell' for command environment: Not usable outside of PowerShell
[0.178s] DEBUG:colcon.colcon_core.shell:Skip shell extension 'dsv' for command environment
[0.185s] DEBUG:colcon.colcon_core.event_handler.log_command:Invoking command in '/home/zxcx/new_naw/build/relocation': AMENT_PREFIX_PATH=/home/zxcx/new_naw/install/custom_msgs:${AMENT_PREFIX_PATH} CMAKE_PREFIX_PATH=/home/zxcx/new_naw/install/custom_msgs:/opt/ros/humble LD_LIBRARY_PATH=/home/zxcx/new_naw/install/custom_msgs/lib:${LD_LIBRARY_PATH} PYTHONPATH=/home/zxcx/new_naw/install/custom_msgs/local/lib/python3.10/dist-packages:${PYTHONPATH} /usr/bin/cmake --build /home/zxcx/new_naw/build/relocation -- -j32 -l32
[4.206s] DEBUG:colcon.colcon_core.event_handler.log_command:Invoked command in '/home/zxcx/new_naw/build/relocation' returned '0': AMENT_PREFIX_PATH=/home/zxcx/new_naw/install/custom_msgs:${AMENT_PREFIX_PATH} CMAKE_PREFIX_PATH=/home/zxcx/new_naw/install/custom_msgs:/opt/ros/humble LD_LIBRARY_PATH=/home/zxcx/new_naw/install/custom_msgs/lib:${LD_LIBRARY_PATH} PYTHONPATH=/home/zxcx/new_naw/install/custom_msgs/local/lib/python3.10/dist-packages:${PYTHONPATH} /usr/bin/cmake --build /home/zxcx/new_naw/build/relocation -- -j32 -l32
[4.213s] DEBUG:colcon.colcon_core.event_handler.log_command:Invoking command in '/home/zxcx/new_naw/build/relocation': AMENT_PREFIX_PATH=/home/zxcx/new_naw/install/custom_msgs:${AMENT_PREFIX_PATH} CMAKE_PREFIX_PATH=/home/zxcx/new_naw/install/custom_msgs:/opt/ros/humble LD_LIBRARY_PATH=/home/zxcx/new_naw/install/custom_msgs/lib:${LD_LIBRARY_PATH} PYTHONPATH=/home/zxcx/new_naw/install/custom_msgs/local/lib/python3.10/dist-packages:${PYTHONPATH} /usr/bin/cmake --install /home/zxcx/new_naw/build/relocation
[4.220s] Level 1:colcon.colcon_core.environment:create_environment_scripts_only(relocation)
[4.220s] DEBUG:colcon.colcon_core.event_handler.log_command:Invoked command in '/home/zxcx/new_naw/build/relocation' returned '0': AMENT_PREFIX_PATH=/home/zxcx/new_naw/install/custom_msgs:${AMENT_PREFIX_PATH} CMAKE_PREFIX_PATH=/home/zxcx/new_naw/install/custom_msgs:/opt/ros/humble LD_LIBRARY_PATH=/home/zxcx/new_naw/install/custom_msgs/lib:${LD_LIBRARY_PATH} PYTHONPATH=/home/zxcx/new_naw/install/custom_msgs/local/lib/python3.10/dist-packages:${PYTHONPATH} /usr/bin/cmake --install /home/zxcx/new_naw/build/relocation
[4.221s] Level 1:colcon.colcon_core.environment:checking '/home/zxcx/new_naw/install/relocation' for CMake module files
[4.222s] Level 1:colcon.colcon_core.environment:checking '/home/zxcx/new_naw/install/relocation' for CMake config files
[4.222s] Level 1:colcon.colcon_core.shell:create_environment_hook('relocation', 'cmake_prefix_path')
[4.222s] INFO:colcon.colcon_core.shell:Creating environment hook '/home/zxcx/new_naw/install/relocation/share/relocation/hook/cmake_prefix_path.ps1'
[4.222s] INFO:colcon.colcon_core.shell:Creating environment descriptor '/home/zxcx/new_naw/install/relocation/share/relocation/hook/cmake_prefix_path.dsv'
[4.223s] INFO:colcon.colcon_core.shell:Creating environment hook '/home/zxcx/new_naw/install/relocation/share/relocation/hook/cmake_prefix_path.sh'
[4.223s] Level 1:colcon.colcon_core.environment:checking '/home/zxcx/new_naw/install/relocation/lib'
[4.223s] Level 1:colcon.colcon_core.shell:create_environment_hook('relocation', 'ld_library_path_lib')
[4.223s] INFO:colcon.colcon_core.shell:Creating environment hook '/home/zxcx/new_naw/install/relocation/share/relocation/hook/ld_library_path_lib.ps1'
[4.223s] INFO:colcon.colcon_core.shell:Creating environment descriptor '/home/zxcx/new_naw/install/relocation/share/relocation/hook/ld_library_path_lib.dsv'
[4.224s] INFO:colcon.colcon_core.shell:Creating environment hook '/home/zxcx/new_naw/install/relocation/share/relocation/hook/ld_library_path_lib.sh'
[4.224s] Level 1:colcon.colcon_core.environment:checking '/home/zxcx/new_naw/install/relocation/bin'
[4.224s] Level 1:colcon.colcon_core.environment:checking '/home/zxcx/new_naw/install/relocation/lib/pkgconfig/relocation.pc'
[4.224s] Level 1:colcon.colcon_core.environment:checking '/home/zxcx/new_naw/install/relocation/lib/python3.10/site-packages'
[4.224s] Level 1:colcon.colcon_core.environment:checking '/home/zxcx/new_naw/install/relocation/bin'
[4.224s] INFO:colcon.colcon_core.shell:Creating package script '/home/zxcx/new_naw/install/relocation/share/relocation/package.ps1'
[4.225s] INFO:colcon.colcon_core.shell:Creating package descriptor '/home/zxcx/new_naw/install/relocation/share/relocation/package.dsv'
[4.225s] INFO:colcon.colcon_core.shell:Creating package script '/home/zxcx/new_naw/install/relocation/share/relocation/package.sh'
[4.225s] INFO:colcon.colcon_core.shell:Creating package script '/home/zxcx/new_naw/install/relocation/share/relocation/package.bash'
[4.226s] INFO:colcon.colcon_core.shell:Creating package script '/home/zxcx/new_naw/install/relocation/share/relocation/package.zsh'
[4.226s] Level 1:colcon.colcon_core.environment:create_file_with_runtime_dependencies(/home/zxcx/new_naw/install/relocation/share/colcon-core/packages/relocation)
[4.226s] Level 1:colcon.colcon_core.environment:create_environment_scripts_only(relocation)
[4.227s] Level 1:colcon.colcon_core.environment:checking '/home/zxcx/new_naw/install/relocation' for CMake module files
[4.227s] Level 1:colcon.colcon_core.environment:checking '/home/zxcx/new_naw/install/relocation' for CMake config files
[4.227s] Level 1:colcon.colcon_core.shell:create_environment_hook('relocation', 'cmake_prefix_path')
[4.227s] INFO:colcon.colcon_core.shell:Creating environment hook '/home/zxcx/new_naw/install/relocation/share/relocation/hook/cmake_prefix_path.ps1'
[4.227s] INFO:colcon.colcon_core.shell:Creating environment descriptor '/home/zxcx/new_naw/install/relocation/share/relocation/hook/cmake_prefix_path.dsv'
[4.227s] INFO:colcon.colcon_core.shell:Creating environment hook '/home/zxcx/new_naw/install/relocation/share/relocation/hook/cmake_prefix_path.sh'
[4.228s] Level 1:colcon.colcon_core.environment:checking '/home/zxcx/new_naw/install/relocation/lib'
[4.228s] Level 1:colcon.colcon_core.shell:create_environment_hook('relocation', 'ld_library_path_lib')
[4.228s] INFO:colcon.colcon_core.shell:Creating environment hook '/home/zxcx/new_naw/install/relocation/share/relocation/hook/ld_library_path_lib.ps1'
[4.228s] INFO:colcon.colcon_core.shell:Creating environment descriptor '/home/zxcx/new_naw/install/relocation/share/relocation/hook/ld_library_path_lib.dsv'
[4.228s] INFO:colcon.colcon_core.shell:Creating environment hook '/home/zxcx/new_naw/install/relocation/share/relocation/hook/ld_library_path_lib.sh'
[4.228s] Level 1:colcon.colcon_core.environment:checking '/home/zxcx/new_naw/install/relocation/bin'
[4.228s] Level 1:colcon.colcon_core.environment:checking '/home/zxcx/new_naw/install/relocation/lib/pkgconfig/relocation.pc'
[4.228s] Level 1:colcon.colcon_core.environment:checking '/home/zxcx/new_naw/install/relocation/lib/python3.10/site-packages'
[4.229s] Level 1:colcon.colcon_core.environment:checking '/home/zxcx/new_naw/install/relocation/bin'
[4.229s] INFO:colcon.colcon_core.shell:Creating package script '/home/zxcx/new_naw/install/relocation/share/relocation/package.ps1'
[4.229s] INFO:colcon.colcon_core.shell:Creating package descriptor '/home/zxcx/new_naw/install/relocation/share/relocation/package.dsv'
[4.229s] INFO:colcon.colcon_core.shell:Creating package script '/home/zxcx/new_naw/install/relocation/share/relocation/package.sh'
[4.230s] INFO:colcon.colcon_core.shell:Creating package script '/home/zxcx/new_naw/install/relocation/share/relocation/package.bash'
[4.230s] INFO:colcon.colcon_core.shell:Creating package script '/home/zxcx/new_naw/install/relocation/share/relocation/package.zsh'
[4.230s] Level 1:colcon.colcon_core.environment:create_file_with_runtime_dependencies(/home/zxcx/new_naw/install/relocation/share/colcon-core/packages/relocation)
[4.230s] DEBUG:colcon.colcon_parallel_executor.executor.parallel:closing loop
[4.230s] DEBUG:colcon.colcon_parallel_executor.executor.parallel:loop closed
[4.230s] DEBUG:colcon.colcon_parallel_executor.executor.parallel:run_until_complete finished with '0'
[4.230s] DEBUG:colcon.colcon_core.event_reactor:joining thread
[4.233s] INFO:colcon.colcon_core.plugin_system:Skipping extension 'colcon_notification.desktop_notification.terminal_notifier': Not used on non-Darwin systems
[4.233s] INFO:colcon.colcon_core.plugin_system:Skipping extension 'colcon_notification.desktop_notification.win32': Not used on non-Windows systems
[4.233s] INFO:colcon.colcon_notification.desktop_notification:Sending desktop notification using 'notify2'
[4.233s] DEBUG:colcon.colcon_notification.desktop_notification.notify2:Failed to initialize notify2: org.freedesktop.DBus.Error.AccessDenied: Failed to connect to socket /run/user/1000/bus: Operation not permitted
[4.234s] DEBUG:colcon.colcon_core.event_reactor:joined thread
[4.234s] INFO:colcon.colcon_core.shell:Creating prefix script '/home/zxcx/new_naw/install/local_setup.ps1'
[4.234s] INFO:colcon.colcon_core.shell:Creating prefix util module '/home/zxcx/new_naw/install/_local_setup_util_ps1.py'
[4.235s] INFO:colcon.colcon_core.shell:Creating prefix chain script '/home/zxcx/new_naw/install/setup.ps1'
[4.235s] INFO:colcon.colcon_core.shell:Creating prefix script '/home/zxcx/new_naw/install/local_setup.sh'
[4.235s] INFO:colcon.colcon_core.shell:Creating prefix util module '/home/zxcx/new_naw/install/_local_setup_util_sh.py'
[4.236s] INFO:colcon.colcon_core.shell:Creating prefix chain script '/home/zxcx/new_naw/install/setup.sh'
[4.236s] INFO:colcon.colcon_core.shell:Creating prefix script '/home/zxcx/new_naw/install/local_setup.bash'
[4.236s] INFO:colcon.colcon_core.shell:Creating prefix chain script '/home/zxcx/new_naw/install/setup.bash'
[4.237s] INFO:colcon.colcon_core.shell:Creating prefix script '/home/zxcx/new_naw/install/local_setup.zsh'
[4.237s] INFO:colcon.colcon_core.shell:Creating prefix chain script '/home/zxcx/new_naw/install/setup.zsh'
