[0.010s] Invoking command in '/home/zxcx/new_naw/build/custom_msgs': CMAKE_PREFIX_PATH=/opt/ros/humble /usr/bin/cmake /home/zxcx/new_naw/custom_msgs -DCMAKE_BUILD_TYPE=Release -DCMAKE_INSTALL_PREFIX=/home/zxcx/new_naw/install/custom_msgs
[0.020s] -- Found ament_cmake: 1.3.14 (/opt/ros/humble/share/ament_cmake/cmake)
[0.092s] -- Found rosidl_default_generators: 1.2.1 (/opt/ros/humble/share/rosidl_default_generators/cmake)
[0.093s] -- Using all available rosidl_typesupport_c: rosidl_typesupport_fastrtps_c;rosidl_typesupport_introspection_c
[0.094s] -- Found rosidl_adapter: 3.1.8 (/opt/ros/humble/share/rosidl_adapter/cmake)
[0.111s] -- Using all available rosidl_typesupport_cpp: rosidl_typesupport_fastrtps_cpp;rosidl_typesupport_introspection_cpp
[0.126s] -- Found std_msgs: 4.9.1 (/opt/ros/humble/share/std_msgs/cmake)
[0.292s] -- Found ament_cmake_ros: 0.10.0 (/opt/ros/humble/share/ament_cmake_ros/cmake)
[0.413s] -- Using all available rosidl_typesupport_c: rosidl_typesupport_fastrtps_c;rosidl_typesupport_introspection_c
[0.577s] -- Using all available rosidl_typesupport_cpp: rosidl_typesupport_fastrtps_cpp;rosidl_typesupport_introspection_cpp
[0.589s] -- Found python_cmake_module: 0.10.0 (/opt/ros/humble/share/python_cmake_module/cmake)
[0.601s] -- Using PYTHON_EXECUTABLE: /usr/bin/python3
[0.601s] -- Using PYTHON_INCLUDE_DIRS: /usr/include/python3.10
[0.601s] -- Using PYTHON_LIBRARIES: /usr/lib/x86_64-linux-gnu/libpython3.10.so
[0.657s] -- Configuring done
[0.680s] -- Generating done
[0.687s] -- Build files have been written to: /home/zxcx/new_naw/build/custom_msgs
[0.692s] Invoked command in '/home/zxcx/new_naw/build/custom_msgs' returned '0': CMAKE_PREFIX_PATH=/opt/ros/humble /usr/bin/cmake /home/zxcx/new_naw/custom_msgs -DCMAKE_BUILD_TYPE=Release -DCMAKE_INSTALL_PREFIX=/home/zxcx/new_naw/install/custom_msgs
[0.693s] Invoking command in '/home/zxcx/new_naw/build/custom_msgs': CMAKE_PREFIX_PATH=/opt/ros/humble /usr/bin/cmake --build /home/zxcx/new_naw/build/custom_msgs -- -j32 -l32
[0.722s] [35m[1mConsolidate compiler generated dependencies of target custom_msgs__rosidl_generator_c[0m
[0.728s] [  1%] Built target custom_msgs__cpp
[0.729s] [  3%] Built target custom_msgs__rs
[0.731s] [ 14%] Built target custom_msgs__rosidl_generator_c
[0.736s] [35m[1mConsolidate compiler generated dependencies of target custom_msgs__rosidl_typesupport_fastrtps_cpp[0m
[0.736s] [ 14%] Built target ament_cmake_python_copy_custom_msgs
[0.736s] [35m[1mConsolidate compiler generated dependencies of target custom_msgs__rosidl_typesupport_cpp[0m
[0.737s] [35m[1mConsolidate compiler generated dependencies of target custom_msgs__rosidl_typesupport_introspection_cpp[0m
[0.738s] [35m[1mConsolidate compiler generated dependencies of target custom_msgs__rosidl_typesupport_introspection_c[0m
[0.739s] [35m[1mConsolidate compiler generated dependencies of target custom_msgs__rosidl_typesupport_fastrtps_c[0m
[0.739s] [35m[1mConsolidate compiler generated dependencies of target custom_msgs__rosidl_typesupport_c[0m
[0.747s] [ 25%] Built target custom_msgs__rosidl_typesupport_introspection_c
[0.748s] [ 57%] Built target custom_msgs__rosidl_typesupport_c
[0.748s] [ 57%] Built target custom_msgs__rosidl_typesupport_cpp
[0.748s] [ 57%] Built target custom_msgs__rosidl_typesupport_fastrtps_cpp
[0.748s] [ 68%] Built target custom_msgs__rosidl_typesupport_introspection_cpp
[0.750s] [ 79%] Built target custom_msgs__rosidl_typesupport_fastrtps_c
[0.763s] [ 79%] Built target custom_msgs
[0.776s] [ 81%] Built target custom_msgs__py
[0.783s] [35m[1mConsolidate compiler generated dependencies of target custom_msgs__rosidl_generator_py[0m
[0.795s] [ 90%] Built target custom_msgs__rosidl_generator_py
[0.802s] [35m[1mConsolidate compiler generated dependencies of target custom_msgs__rosidl_typesupport_introspection_c__pyext[0m
[0.802s] [35m[1mConsolidate compiler generated dependencies of target custom_msgs__rosidl_typesupport_c__pyext[0m
[0.802s] [35m[1mConsolidate compiler generated dependencies of target custom_msgs__rosidl_typesupport_fastrtps_c__pyext[0m
[0.811s] [ 93%] Built target custom_msgs__rosidl_typesupport_c__pyext
[0.811s] [ 96%] Built target custom_msgs__rosidl_typesupport_introspection_c__pyext
[0.814s] [100%] Built target custom_msgs__rosidl_typesupport_fastrtps_c__pyext
[0.850s] running egg_info
[0.850s] writing custom_msgs.egg-info/PKG-INFO
[0.851s] writing dependency_links to custom_msgs.egg-info/dependency_links.txt
[0.851s] writing top-level names to custom_msgs.egg-info/top_level.txt
[0.852s] reading manifest file 'custom_msgs.egg-info/SOURCES.txt'
[0.852s] writing manifest file 'custom_msgs.egg-info/SOURCES.txt'
[0.869s] [100%] Built target ament_cmake_python_build_custom_msgs_egg
[0.878s] Invoked command in '/home/zxcx/new_naw/build/custom_msgs' returned '0': CMAKE_PREFIX_PATH=/opt/ros/humble /usr/bin/cmake --build /home/zxcx/new_naw/build/custom_msgs -- -j32 -l32
[0.879s] Invoking command in '/home/zxcx/new_naw/build/custom_msgs': CMAKE_PREFIX_PATH=/opt/ros/humble /usr/bin/cmake --install /home/zxcx/new_naw/build/custom_msgs
[0.883s] -- Install configuration: "Release"
[0.883s] -- Up-to-date: /home/zxcx/new_naw/install/custom_msgs/share/ament_index/resource_index/rosidl_interfaces/custom_msgs
[0.883s] -- Up-to-date: /home/zxcx/new_naw/install/custom_msgs/include/custom_msgs/custom_msgs
[0.884s] -- Up-to-date: /home/zxcx/new_naw/install/custom_msgs/include/custom_msgs/custom_msgs/msg
[0.884s] -- Up-to-date: /home/zxcx/new_naw/install/custom_msgs/include/custom_msgs/custom_msgs/msg/vehicle_state.h
[0.884s] -- Up-to-date: /home/zxcx/new_naw/install/custom_msgs/include/custom_msgs/custom_msgs/msg/map_data.h
[0.884s] -- Up-to-date: /home/zxcx/new_naw/install/custom_msgs/include/custom_msgs/custom_msgs/msg/result.h
[0.884s] -- Up-to-date: /home/zxcx/new_naw/install/custom_msgs/include/custom_msgs/custom_msgs/msg/goal.h
[0.884s] -- Up-to-date: /home/zxcx/new_naw/install/custom_msgs/include/custom_msgs/custom_msgs/msg/chassis_info.h
[0.884s] -- Up-to-date: /home/zxcx/new_naw/install/custom_msgs/include/custom_msgs/custom_msgs/msg/rosidl_generator_c__visibility_control.h
[0.884s] -- Up-to-date: /home/zxcx/new_naw/install/custom_msgs/include/custom_msgs/custom_msgs/msg/detail
[0.884s] -- Up-to-date: /home/zxcx/new_naw/install/custom_msgs/include/custom_msgs/custom_msgs/msg/detail/chassis_info__functions.c
[0.884s] -- Up-to-date: /home/zxcx/new_naw/install/custom_msgs/include/custom_msgs/custom_msgs/msg/detail/vehicle_state__type_support.h
[0.884s] -- Up-to-date: /home/zxcx/new_naw/install/custom_msgs/include/custom_msgs/custom_msgs/msg/detail/result__functions.c
[0.884s] -- Up-to-date: /home/zxcx/new_naw/install/custom_msgs/include/custom_msgs/custom_msgs/msg/detail/map_data__functions.c
[0.884s] -- Up-to-date: /home/zxcx/new_naw/install/custom_msgs/include/custom_msgs/custom_msgs/msg/detail/vehicle_state__functions.h
[0.884s] -- Up-to-date: /home/zxcx/new_naw/install/custom_msgs/include/custom_msgs/custom_msgs/msg/detail/goal__type_support.h
[0.884s] -- Up-to-date: /home/zxcx/new_naw/install/custom_msgs/include/custom_msgs/custom_msgs/msg/detail/goal__functions.h
[0.884s] -- Up-to-date: /home/zxcx/new_naw/install/custom_msgs/include/custom_msgs/custom_msgs/msg/detail/result__type_support.h
[0.884s] -- Up-to-date: /home/zxcx/new_naw/install/custom_msgs/include/custom_msgs/custom_msgs/msg/detail/map_data__functions.h
[0.884s] -- Up-to-date: /home/zxcx/new_naw/install/custom_msgs/include/custom_msgs/custom_msgs/msg/detail/result__functions.h
[0.884s] -- Up-to-date: /home/zxcx/new_naw/install/custom_msgs/include/custom_msgs/custom_msgs/msg/detail/map_data__type_support.h
[0.884s] -- Up-to-date: /home/zxcx/new_naw/install/custom_msgs/include/custom_msgs/custom_msgs/msg/detail/result__struct.h
[0.884s] -- Up-to-date: /home/zxcx/new_naw/install/custom_msgs/include/custom_msgs/custom_msgs/msg/detail/vehicle_state__functions.c
[0.884s] -- Up-to-date: /home/zxcx/new_naw/install/custom_msgs/include/custom_msgs/custom_msgs/msg/detail/chassis_info__functions.h
[0.884s] -- Up-to-date: /home/zxcx/new_naw/install/custom_msgs/include/custom_msgs/custom_msgs/msg/detail/chassis_info__type_support.h
[0.884s] -- Up-to-date: /home/zxcx/new_naw/install/custom_msgs/include/custom_msgs/custom_msgs/msg/detail/vehicle_state__struct.h
[0.884s] -- Up-to-date: /home/zxcx/new_naw/install/custom_msgs/include/custom_msgs/custom_msgs/msg/detail/chassis_info__struct.h
[0.884s] -- Up-to-date: /home/zxcx/new_naw/install/custom_msgs/include/custom_msgs/custom_msgs/msg/detail/map_data__struct.h
[0.884s] -- Up-to-date: /home/zxcx/new_naw/install/custom_msgs/include/custom_msgs/custom_msgs/msg/detail/goal__functions.c
[0.885s] -- Up-to-date: /home/zxcx/new_naw/install/custom_msgs/include/custom_msgs/custom_msgs/msg/detail/goal__struct.h
[0.885s] -- Up-to-date: /home/zxcx/new_naw/install/custom_msgs/share/custom_msgs/environment/library_path.sh
[0.885s] -- Installing: /home/zxcx/new_naw/install/custom_msgs/share/custom_msgs/environment/library_path.dsv
[0.885s] -- Up-to-date: /home/zxcx/new_naw/install/custom_msgs/lib/libcustom_msgs__rosidl_generator_c.so
[0.885s] -- Up-to-date: /home/zxcx/new_naw/install/custom_msgs/include/custom_msgs/custom_msgs
[0.885s] -- Up-to-date: /home/zxcx/new_naw/install/custom_msgs/include/custom_msgs/custom_msgs/msg
[0.885s] -- Up-to-date: /home/zxcx/new_naw/install/custom_msgs/include/custom_msgs/custom_msgs/msg/rosidl_typesupport_fastrtps_c__visibility_control.h
[0.885s] -- Up-to-date: /home/zxcx/new_naw/install/custom_msgs/include/custom_msgs/custom_msgs/msg/detail
[0.885s] -- Up-to-date: /home/zxcx/new_naw/install/custom_msgs/include/custom_msgs/custom_msgs/msg/detail/vehicle_state__rosidl_typesupport_fastrtps_c.h
[0.885s] -- Up-to-date: /home/zxcx/new_naw/install/custom_msgs/include/custom_msgs/custom_msgs/msg/detail/chassis_info__rosidl_typesupport_fastrtps_c.h
[0.885s] -- Up-to-date: /home/zxcx/new_naw/install/custom_msgs/include/custom_msgs/custom_msgs/msg/detail/map_data__rosidl_typesupport_fastrtps_c.h
[0.885s] -- Up-to-date: /home/zxcx/new_naw/install/custom_msgs/include/custom_msgs/custom_msgs/msg/detail/goal__rosidl_typesupport_fastrtps_c.h
[0.885s] -- Up-to-date: /home/zxcx/new_naw/install/custom_msgs/include/custom_msgs/custom_msgs/msg/detail/result__rosidl_typesupport_fastrtps_c.h
[0.885s] -- Up-to-date: /home/zxcx/new_naw/install/custom_msgs/lib/libcustom_msgs__rosidl_typesupport_fastrtps_c.so
[0.885s] -- Up-to-date: /home/zxcx/new_naw/install/custom_msgs/include/custom_msgs/custom_msgs
[0.885s] -- Up-to-date: /home/zxcx/new_naw/install/custom_msgs/include/custom_msgs/custom_msgs/msg
[0.885s] -- Up-to-date: /home/zxcx/new_naw/install/custom_msgs/include/custom_msgs/custom_msgs/msg/rosidl_typesupport_introspection_c__visibility_control.h
[0.885s] -- Up-to-date: /home/zxcx/new_naw/install/custom_msgs/include/custom_msgs/custom_msgs/msg/detail
[0.885s] -- Up-to-date: /home/zxcx/new_naw/install/custom_msgs/include/custom_msgs/custom_msgs/msg/detail/goal__type_support.c
[0.885s] -- Up-to-date: /home/zxcx/new_naw/install/custom_msgs/include/custom_msgs/custom_msgs/msg/detail/goal__rosidl_typesupport_introspection_c.h
[0.885s] -- Up-to-date: /home/zxcx/new_naw/install/custom_msgs/include/custom_msgs/custom_msgs/msg/detail/result__type_support.c
[0.885s] -- Up-to-date: /home/zxcx/new_naw/install/custom_msgs/include/custom_msgs/custom_msgs/msg/detail/map_data__type_support.c
[0.885s] -- Up-to-date: /home/zxcx/new_naw/install/custom_msgs/include/custom_msgs/custom_msgs/msg/detail/chassis_info__rosidl_typesupport_introspection_c.h
[0.885s] -- Up-to-date: /home/zxcx/new_naw/install/custom_msgs/include/custom_msgs/custom_msgs/msg/detail/vehicle_state__rosidl_typesupport_introspection_c.h
[0.885s] -- Up-to-date: /home/zxcx/new_naw/install/custom_msgs/include/custom_msgs/custom_msgs/msg/detail/result__rosidl_typesupport_introspection_c.h
[0.885s] -- Up-to-date: /home/zxcx/new_naw/install/custom_msgs/include/custom_msgs/custom_msgs/msg/detail/vehicle_state__type_support.c
[0.885s] -- Up-to-date: /home/zxcx/new_naw/install/custom_msgs/include/custom_msgs/custom_msgs/msg/detail/map_data__rosidl_typesupport_introspection_c.h
[0.886s] -- Up-to-date: /home/zxcx/new_naw/install/custom_msgs/include/custom_msgs/custom_msgs/msg/detail/chassis_info__type_support.c
[0.886s] -- Up-to-date: /home/zxcx/new_naw/install/custom_msgs/lib/libcustom_msgs__rosidl_typesupport_introspection_c.so
[0.886s] -- Up-to-date: /home/zxcx/new_naw/install/custom_msgs/lib/libcustom_msgs__rosidl_typesupport_c.so
[0.886s] -- Up-to-date: /home/zxcx/new_naw/install/custom_msgs/include/custom_msgs/custom_msgs
[0.886s] -- Up-to-date: /home/zxcx/new_naw/install/custom_msgs/include/custom_msgs/custom_msgs/msg
[0.886s] -- Up-to-date: /home/zxcx/new_naw/install/custom_msgs/include/custom_msgs/custom_msgs/msg/goal.hpp
[0.886s] -- Up-to-date: /home/zxcx/new_naw/install/custom_msgs/include/custom_msgs/custom_msgs/msg/rosidl_generator_cpp__visibility_control.hpp
[0.886s] -- Up-to-date: /home/zxcx/new_naw/install/custom_msgs/include/custom_msgs/custom_msgs/msg/vehicle_state.hpp
[0.886s] -- Up-to-date: /home/zxcx/new_naw/install/custom_msgs/include/custom_msgs/custom_msgs/msg/result.hpp
[0.886s] -- Up-to-date: /home/zxcx/new_naw/install/custom_msgs/include/custom_msgs/custom_msgs/msg/chassis_info.hpp
[0.886s] -- Up-to-date: /home/zxcx/new_naw/install/custom_msgs/include/custom_msgs/custom_msgs/msg/detail
[0.886s] -- Up-to-date: /home/zxcx/new_naw/install/custom_msgs/include/custom_msgs/custom_msgs/msg/detail/goal__type_support.hpp
[0.886s] -- Up-to-date: /home/zxcx/new_naw/install/custom_msgs/include/custom_msgs/custom_msgs/msg/detail/result__builder.hpp
[0.886s] -- Up-to-date: /home/zxcx/new_naw/install/custom_msgs/include/custom_msgs/custom_msgs/msg/detail/vehicle_state__builder.hpp
[0.886s] -- Up-to-date: /home/zxcx/new_naw/install/custom_msgs/include/custom_msgs/custom_msgs/msg/detail/map_data__builder.hpp
[0.886s] -- Up-to-date: /home/zxcx/new_naw/install/custom_msgs/include/custom_msgs/custom_msgs/msg/detail/goal__builder.hpp
[0.886s] -- Up-to-date: /home/zxcx/new_naw/install/custom_msgs/include/custom_msgs/custom_msgs/msg/detail/chassis_info__traits.hpp
[0.886s] -- Up-to-date: /home/zxcx/new_naw/install/custom_msgs/include/custom_msgs/custom_msgs/msg/detail/goal__struct.hpp
[0.886s] -- Up-to-date: /home/zxcx/new_naw/install/custom_msgs/include/custom_msgs/custom_msgs/msg/detail/result__type_support.hpp
[0.886s] -- Up-to-date: /home/zxcx/new_naw/install/custom_msgs/include/custom_msgs/custom_msgs/msg/detail/vehicle_state__struct.hpp
[0.886s] -- Up-to-date: /home/zxcx/new_naw/install/custom_msgs/include/custom_msgs/custom_msgs/msg/detail/map_data__struct.hpp
[0.886s] -- Up-to-date: /home/zxcx/new_naw/install/custom_msgs/include/custom_msgs/custom_msgs/msg/detail/vehicle_state__type_support.hpp
[0.887s] -- Up-to-date: /home/zxcx/new_naw/install/custom_msgs/include/custom_msgs/custom_msgs/msg/detail/chassis_info__type_support.hpp
[0.887s] -- Up-to-date: /home/zxcx/new_naw/install/custom_msgs/include/custom_msgs/custom_msgs/msg/detail/result__traits.hpp
[0.887s] -- Up-to-date: /home/zxcx/new_naw/install/custom_msgs/include/custom_msgs/custom_msgs/msg/detail/map_data__type_support.hpp
[0.887s] -- Up-to-date: /home/zxcx/new_naw/install/custom_msgs/include/custom_msgs/custom_msgs/msg/detail/result__struct.hpp
[0.887s] -- Up-to-date: /home/zxcx/new_naw/install/custom_msgs/include/custom_msgs/custom_msgs/msg/detail/vehicle_state__traits.hpp
[0.887s] -- Up-to-date: /home/zxcx/new_naw/install/custom_msgs/include/custom_msgs/custom_msgs/msg/detail/chassis_info__builder.hpp
[0.887s] -- Up-to-date: /home/zxcx/new_naw/install/custom_msgs/include/custom_msgs/custom_msgs/msg/detail/goal__traits.hpp
[0.887s] -- Up-to-date: /home/zxcx/new_naw/install/custom_msgs/include/custom_msgs/custom_msgs/msg/detail/chassis_info__struct.hpp
[0.887s] -- Up-to-date: /home/zxcx/new_naw/install/custom_msgs/include/custom_msgs/custom_msgs/msg/detail/map_data__traits.hpp
[0.887s] -- Up-to-date: /home/zxcx/new_naw/install/custom_msgs/include/custom_msgs/custom_msgs/msg/map_data.hpp
[0.887s] -- Up-to-date: /home/zxcx/new_naw/install/custom_msgs/include/custom_msgs/custom_msgs
[0.887s] -- Up-to-date: /home/zxcx/new_naw/install/custom_msgs/include/custom_msgs/custom_msgs/msg
[0.887s] -- Up-to-date: /home/zxcx/new_naw/install/custom_msgs/include/custom_msgs/custom_msgs/msg/rosidl_typesupport_fastrtps_cpp__visibility_control.h
[0.887s] -- Up-to-date: /home/zxcx/new_naw/install/custom_msgs/include/custom_msgs/custom_msgs/msg/detail
[0.887s] -- Up-to-date: /home/zxcx/new_naw/install/custom_msgs/include/custom_msgs/custom_msgs/msg/detail/vehicle_state__rosidl_typesupport_fastrtps_cpp.hpp
[0.887s] -- Up-to-date: /home/zxcx/new_naw/install/custom_msgs/include/custom_msgs/custom_msgs/msg/detail/chassis_info__rosidl_typesupport_fastrtps_cpp.hpp
[0.887s] -- Up-to-date: /home/zxcx/new_naw/install/custom_msgs/include/custom_msgs/custom_msgs/msg/detail/result__rosidl_typesupport_fastrtps_cpp.hpp
[0.887s] -- Up-to-date: /home/zxcx/new_naw/install/custom_msgs/include/custom_msgs/custom_msgs/msg/detail/goal__rosidl_typesupport_fastrtps_cpp.hpp
[0.887s] -- Up-to-date: /home/zxcx/new_naw/install/custom_msgs/include/custom_msgs/custom_msgs/msg/detail/dds_fastrtps
[0.887s] -- Up-to-date: /home/zxcx/new_naw/install/custom_msgs/include/custom_msgs/custom_msgs/msg/detail/map_data__rosidl_typesupport_fastrtps_cpp.hpp
[0.887s] -- Up-to-date: /home/zxcx/new_naw/install/custom_msgs/lib/libcustom_msgs__rosidl_typesupport_fastrtps_cpp.so
[0.887s] -- Up-to-date: /home/zxcx/new_naw/install/custom_msgs/include/custom_msgs/custom_msgs
[0.887s] -- Up-to-date: /home/zxcx/new_naw/install/custom_msgs/include/custom_msgs/custom_msgs/msg
[0.887s] -- Up-to-date: /home/zxcx/new_naw/install/custom_msgs/include/custom_msgs/custom_msgs/msg/detail
[0.887s] -- Up-to-date: /home/zxcx/new_naw/install/custom_msgs/include/custom_msgs/custom_msgs/msg/detail/vehicle_state__rosidl_typesupport_introspection_cpp.hpp
[0.887s] -- Up-to-date: /home/zxcx/new_naw/install/custom_msgs/include/custom_msgs/custom_msgs/msg/detail/chassis_info__rosidl_typesupport_introspection_cpp.hpp
[0.887s] -- Up-to-date: /home/zxcx/new_naw/install/custom_msgs/include/custom_msgs/custom_msgs/msg/detail/chassis_info__type_support.cpp
[0.887s] -- Up-to-date: /home/zxcx/new_naw/install/custom_msgs/include/custom_msgs/custom_msgs/msg/detail/goal__type_support.cpp
[0.888s] -- Up-to-date: /home/zxcx/new_naw/install/custom_msgs/include/custom_msgs/custom_msgs/msg/detail/goal__rosidl_typesupport_introspection_cpp.hpp
[0.888s] -- Up-to-date: /home/zxcx/new_naw/install/custom_msgs/include/custom_msgs/custom_msgs/msg/detail/map_data__type_support.cpp
[0.888s] -- Up-to-date: /home/zxcx/new_naw/install/custom_msgs/include/custom_msgs/custom_msgs/msg/detail/map_data__rosidl_typesupport_introspection_cpp.hpp
[0.888s] -- Up-to-date: /home/zxcx/new_naw/install/custom_msgs/include/custom_msgs/custom_msgs/msg/detail/result__rosidl_typesupport_introspection_cpp.hpp
[0.888s] -- Up-to-date: /home/zxcx/new_naw/install/custom_msgs/include/custom_msgs/custom_msgs/msg/detail/result__type_support.cpp
[0.888s] -- Up-to-date: /home/zxcx/new_naw/install/custom_msgs/include/custom_msgs/custom_msgs/msg/detail/vehicle_state__type_support.cpp
[0.888s] -- Up-to-date: /home/zxcx/new_naw/install/custom_msgs/lib/libcustom_msgs__rosidl_typesupport_introspection_cpp.so
[0.888s] -- Up-to-date: /home/zxcx/new_naw/install/custom_msgs/lib/libcustom_msgs__rosidl_typesupport_cpp.so
[0.888s] -- Up-to-date: /home/zxcx/new_naw/install/custom_msgs/share/custom_msgs/environment/pythonpath.sh
[0.888s] -- Installing: /home/zxcx/new_naw/install/custom_msgs/share/custom_msgs/environment/pythonpath.dsv
[0.888s] -- Up-to-date: /home/zxcx/new_naw/install/custom_msgs/local/lib/python3.10/dist-packages/custom_msgs-0.0.0-py3.10.egg-info
[0.888s] -- Installing: /home/zxcx/new_naw/install/custom_msgs/local/lib/python3.10/dist-packages/custom_msgs-0.0.0-py3.10.egg-info/SOURCES.txt
[0.888s] -- Installing: /home/zxcx/new_naw/install/custom_msgs/local/lib/python3.10/dist-packages/custom_msgs-0.0.0-py3.10.egg-info/dependency_links.txt
[0.888s] -- Installing: /home/zxcx/new_naw/install/custom_msgs/local/lib/python3.10/dist-packages/custom_msgs-0.0.0-py3.10.egg-info/top_level.txt
[0.888s] -- Installing: /home/zxcx/new_naw/install/custom_msgs/local/lib/python3.10/dist-packages/custom_msgs-0.0.0-py3.10.egg-info/PKG-INFO
[0.888s] -- Up-to-date: /home/zxcx/new_naw/install/custom_msgs/local/lib/python3.10/dist-packages/custom_msgs
[0.888s] -- Installing: /home/zxcx/new_naw/install/custom_msgs/local/lib/python3.10/dist-packages/custom_msgs/__init__.py
[0.888s] -- Up-to-date: /home/zxcx/new_naw/install/custom_msgs/local/lib/python3.10/dist-packages/custom_msgs/custom_msgs_s__rosidl_typesupport_c.cpython-310-x86_64-linux-gnu.so
[0.888s] -- Up-to-date: /home/zxcx/new_naw/install/custom_msgs/local/lib/python3.10/dist-packages/custom_msgs/_custom_msgs_s.ep.rosidl_typesupport_c.c
[0.888s] -- Up-to-date: /home/zxcx/new_naw/install/custom_msgs/local/lib/python3.10/dist-packages/custom_msgs/custom_msgs_s__rosidl_typesupport_fastrtps_c.cpython-310-x86_64-linux-gnu.so
[0.888s] -- Up-to-date: /home/zxcx/new_naw/install/custom_msgs/local/lib/python3.10/dist-packages/custom_msgs/libcustom_msgs__rosidl_generator_py.so
[0.888s] -- Up-to-date: /home/zxcx/new_naw/install/custom_msgs/local/lib/python3.10/dist-packages/custom_msgs/_custom_msgs_s.ep.rosidl_typesupport_introspection_c.c
[0.888s] -- Up-to-date: /home/zxcx/new_naw/install/custom_msgs/local/lib/python3.10/dist-packages/custom_msgs/msg
[0.888s] -- Up-to-date: /home/zxcx/new_naw/install/custom_msgs/local/lib/python3.10/dist-packages/custom_msgs/msg/_vehicle_state_s.c
[0.888s] -- Up-to-date: /home/zxcx/new_naw/install/custom_msgs/local/lib/python3.10/dist-packages/custom_msgs/msg/_result_s.c
[0.888s] -- Up-to-date: /home/zxcx/new_naw/install/custom_msgs/local/lib/python3.10/dist-packages/custom_msgs/msg/__init__.py
[0.888s] -- Up-to-date: /home/zxcx/new_naw/install/custom_msgs/local/lib/python3.10/dist-packages/custom_msgs/msg/_map_data.py
[0.888s] -- Up-to-date: /home/zxcx/new_naw/install/custom_msgs/local/lib/python3.10/dist-packages/custom_msgs/msg/_map_data_s.c
[0.889s] -- Up-to-date: /home/zxcx/new_naw/install/custom_msgs/local/lib/python3.10/dist-packages/custom_msgs/msg/_goal_s.c
[0.889s] -- Up-to-date: /home/zxcx/new_naw/install/custom_msgs/local/lib/python3.10/dist-packages/custom_msgs/msg/_vehicle_state.py
[0.889s] -- Up-to-date: /home/zxcx/new_naw/install/custom_msgs/local/lib/python3.10/dist-packages/custom_msgs/msg/_chassis_info_s.c
[0.889s] -- Up-to-date: /home/zxcx/new_naw/install/custom_msgs/local/lib/python3.10/dist-packages/custom_msgs/msg/_goal.py
[0.889s] -- Up-to-date: /home/zxcx/new_naw/install/custom_msgs/local/lib/python3.10/dist-packages/custom_msgs/msg/_chassis_info.py
[0.889s] -- Up-to-date: /home/zxcx/new_naw/install/custom_msgs/local/lib/python3.10/dist-packages/custom_msgs/msg/_result.py
[0.889s] -- Up-to-date: /home/zxcx/new_naw/install/custom_msgs/local/lib/python3.10/dist-packages/custom_msgs/custom_msgs_s__rosidl_typesupport_introspection_c.cpython-310-x86_64-linux-gnu.so
[0.889s] -- Up-to-date: /home/zxcx/new_naw/install/custom_msgs/local/lib/python3.10/dist-packages/custom_msgs/_custom_msgs_s.ep.rosidl_typesupport_fastrtps_c.c
[0.907s] Listing '/home/zxcx/new_naw/install/custom_msgs/local/lib/python3.10/dist-packages/custom_msgs'...
[0.907s] Compiling '/home/zxcx/new_naw/install/custom_msgs/local/lib/python3.10/dist-packages/custom_msgs/__init__.py'...
[0.907s] Listing '/home/zxcx/new_naw/install/custom_msgs/local/lib/python3.10/dist-packages/custom_msgs/msg'...
[0.910s] -- Up-to-date: /home/zxcx/new_naw/install/custom_msgs/local/lib/python3.10/dist-packages/custom_msgs/custom_msgs_s__rosidl_typesupport_fastrtps_c.cpython-310-x86_64-linux-gnu.so
[0.910s] -- Up-to-date: /home/zxcx/new_naw/install/custom_msgs/local/lib/python3.10/dist-packages/custom_msgs/custom_msgs_s__rosidl_typesupport_introspection_c.cpython-310-x86_64-linux-gnu.so
[0.910s] -- Up-to-date: /home/zxcx/new_naw/install/custom_msgs/local/lib/python3.10/dist-packages/custom_msgs/custom_msgs_s__rosidl_typesupport_c.cpython-310-x86_64-linux-gnu.so
[0.910s] -- Up-to-date: /home/zxcx/new_naw/install/custom_msgs/lib/libcustom_msgs__rosidl_generator_py.so
[0.911s] -- Up-to-date: /home/zxcx/new_naw/install/custom_msgs/share/ament_index/resource_index/rust_packages/custom_msgs
[0.911s] -- Up-to-date: /home/zxcx/new_naw/install/custom_msgs/share/custom_msgs/rust
[0.911s] -- Up-to-date: /home/zxcx/new_naw/install/custom_msgs/share/custom_msgs/rust/src
[0.911s] -- Up-to-date: /home/zxcx/new_naw/install/custom_msgs/share/custom_msgs/rust/src/lib.rs
[0.911s] -- Up-to-date: /home/zxcx/new_naw/install/custom_msgs/share/custom_msgs/rust/src/msg
[0.911s] -- Up-to-date: /home/zxcx/new_naw/install/custom_msgs/share/custom_msgs/rust/src/msg/rmw.rs
[0.911s] -- Up-to-date: /home/zxcx/new_naw/install/custom_msgs/share/custom_msgs/rust/src/msg.rs
[0.911s] -- Up-to-date: /home/zxcx/new_naw/install/custom_msgs/share/custom_msgs/rust/build.rs
[0.911s] -- Up-to-date: /home/zxcx/new_naw/install/custom_msgs/share/custom_msgs/rust/Cargo.toml
[0.911s] -- Up-to-date: /home/zxcx/new_naw/install/custom_msgs/share/custom_msgs/msg/MapData.idl
[0.911s] -- Up-to-date: /home/zxcx/new_naw/install/custom_msgs/share/custom_msgs/msg/VehicleState.idl
[0.911s] -- Up-to-date: /home/zxcx/new_naw/install/custom_msgs/share/custom_msgs/msg/Goal.idl
[0.911s] -- Up-to-date: /home/zxcx/new_naw/install/custom_msgs/share/custom_msgs/msg/Result.idl
[0.911s] -- Up-to-date: /home/zxcx/new_naw/install/custom_msgs/share/custom_msgs/msg/ChassisInfo.idl
[0.911s] -- Up-to-date: /home/zxcx/new_naw/install/custom_msgs/share/custom_msgs/msg/MapData.msg
[0.911s] -- Up-to-date: /home/zxcx/new_naw/install/custom_msgs/share/custom_msgs/msg/VehicleState.msg
[0.911s] -- Up-to-date: /home/zxcx/new_naw/install/custom_msgs/share/custom_msgs/msg/Goal.msg
[0.911s] -- Up-to-date: /home/zxcx/new_naw/install/custom_msgs/share/custom_msgs/msg/Result.msg
[0.911s] -- Up-to-date: /home/zxcx/new_naw/install/custom_msgs/share/custom_msgs/msg/ChassisInfo.msg
[0.911s] -- Up-to-date: /home/zxcx/new_naw/install/custom_msgs/share/ament_index/resource_index/package_run_dependencies/custom_msgs
[0.911s] -- Up-to-date: /home/zxcx/new_naw/install/custom_msgs/share/ament_index/resource_index/parent_prefix_path/custom_msgs
[0.911s] -- Up-to-date: /home/zxcx/new_naw/install/custom_msgs/share/custom_msgs/environment/ament_prefix_path.sh
[0.911s] -- Installing: /home/zxcx/new_naw/install/custom_msgs/share/custom_msgs/environment/ament_prefix_path.dsv
[0.911s] -- Up-to-date: /home/zxcx/new_naw/install/custom_msgs/share/custom_msgs/environment/path.sh
[0.911s] -- Installing: /home/zxcx/new_naw/install/custom_msgs/share/custom_msgs/environment/path.dsv
[0.911s] -- Up-to-date: /home/zxcx/new_naw/install/custom_msgs/share/custom_msgs/local_setup.bash
[0.912s] -- Up-to-date: /home/zxcx/new_naw/install/custom_msgs/share/custom_msgs/local_setup.sh
[0.912s] -- Up-to-date: /home/zxcx/new_naw/install/custom_msgs/share/custom_msgs/local_setup.zsh
[0.912s] -- Installing: /home/zxcx/new_naw/install/custom_msgs/share/custom_msgs/local_setup.dsv
[0.912s] -- Installing: /home/zxcx/new_naw/install/custom_msgs/share/custom_msgs/package.dsv
[0.912s] -- Up-to-date: /home/zxcx/new_naw/install/custom_msgs/share/ament_index/resource_index/packages/custom_msgs
[0.912s] -- Up-to-date: /home/zxcx/new_naw/install/custom_msgs/share/custom_msgs/cmake/export_custom_msgs__rosidl_generator_cExport.cmake
[0.912s] -- Up-to-date: /home/zxcx/new_naw/install/custom_msgs/share/custom_msgs/cmake/export_custom_msgs__rosidl_generator_cExport-release.cmake
[0.912s] -- Up-to-date: /home/zxcx/new_naw/install/custom_msgs/share/custom_msgs/cmake/export_custom_msgs__rosidl_typesupport_fastrtps_cExport.cmake
[0.912s] -- Up-to-date: /home/zxcx/new_naw/install/custom_msgs/share/custom_msgs/cmake/export_custom_msgs__rosidl_typesupport_fastrtps_cExport-release.cmake
[0.912s] -- Up-to-date: /home/zxcx/new_naw/install/custom_msgs/share/custom_msgs/cmake/custom_msgs__rosidl_typesupport_introspection_cExport.cmake
[0.912s] -- Up-to-date: /home/zxcx/new_naw/install/custom_msgs/share/custom_msgs/cmake/custom_msgs__rosidl_typesupport_introspection_cExport-release.cmake
[0.912s] -- Up-to-date: /home/zxcx/new_naw/install/custom_msgs/share/custom_msgs/cmake/custom_msgs__rosidl_typesupport_cExport.cmake
[0.912s] -- Up-to-date: /home/zxcx/new_naw/install/custom_msgs/share/custom_msgs/cmake/custom_msgs__rosidl_typesupport_cExport-release.cmake
[0.912s] -- Up-to-date: /home/zxcx/new_naw/install/custom_msgs/share/custom_msgs/cmake/export_custom_msgs__rosidl_generator_cppExport.cmake
[0.912s] -- Up-to-date: /home/zxcx/new_naw/install/custom_msgs/share/custom_msgs/cmake/export_custom_msgs__rosidl_typesupport_fastrtps_cppExport.cmake
[0.912s] -- Up-to-date: /home/zxcx/new_naw/install/custom_msgs/share/custom_msgs/cmake/export_custom_msgs__rosidl_typesupport_fastrtps_cppExport-release.cmake
[0.912s] -- Up-to-date: /home/zxcx/new_naw/install/custom_msgs/share/custom_msgs/cmake/custom_msgs__rosidl_typesupport_introspection_cppExport.cmake
[0.912s] -- Up-to-date: /home/zxcx/new_naw/install/custom_msgs/share/custom_msgs/cmake/custom_msgs__rosidl_typesupport_introspection_cppExport-release.cmake
[0.912s] -- Up-to-date: /home/zxcx/new_naw/install/custom_msgs/share/custom_msgs/cmake/custom_msgs__rosidl_typesupport_cppExport.cmake
[0.912s] -- Up-to-date: /home/zxcx/new_naw/install/custom_msgs/share/custom_msgs/cmake/custom_msgs__rosidl_typesupport_cppExport-release.cmake
[0.913s] -- Up-to-date: /home/zxcx/new_naw/install/custom_msgs/share/custom_msgs/cmake/export_custom_msgs__rosidl_generator_pyExport.cmake
[0.913s] -- Up-to-date: /home/zxcx/new_naw/install/custom_msgs/share/custom_msgs/cmake/export_custom_msgs__rosidl_generator_pyExport-release.cmake
[0.913s] -- Up-to-date: /home/zxcx/new_naw/install/custom_msgs/share/custom_msgs/cmake/rosidl_cmake-extras.cmake
[0.913s] -- Up-to-date: /home/zxcx/new_naw/install/custom_msgs/share/custom_msgs/cmake/ament_cmake_export_dependencies-extras.cmake
[0.913s] -- Up-to-date: /home/zxcx/new_naw/install/custom_msgs/share/custom_msgs/cmake/ament_cmake_export_include_directories-extras.cmake
[0.913s] -- Up-to-date: /home/zxcx/new_naw/install/custom_msgs/share/custom_msgs/cmake/ament_cmake_export_libraries-extras.cmake
[0.913s] -- Up-to-date: /home/zxcx/new_naw/install/custom_msgs/share/custom_msgs/cmake/ament_cmake_export_targets-extras.cmake
[0.913s] -- Up-to-date: /home/zxcx/new_naw/install/custom_msgs/share/custom_msgs/cmake/rosidl_cmake_export_typesupport_targets-extras.cmake
[0.913s] -- Up-to-date: /home/zxcx/new_naw/install/custom_msgs/share/custom_msgs/cmake/rosidl_cmake_export_typesupport_libraries-extras.cmake
[0.913s] -- Up-to-date: /home/zxcx/new_naw/install/custom_msgs/share/custom_msgs/cmake/custom_msgsConfig.cmake
[0.913s] -- Up-to-date: /home/zxcx/new_naw/install/custom_msgs/share/custom_msgs/cmake/custom_msgsConfig-version.cmake
[0.913s] -- Up-to-date: /home/zxcx/new_naw/install/custom_msgs/share/custom_msgs/package.xml
[0.914s] Invoked command in '/home/zxcx/new_naw/build/custom_msgs' returned '0': CMAKE_PREFIX_PATH=/opt/ros/humble /usr/bin/cmake --install /home/zxcx/new_naw/build/custom_msgs
