[0.011s] Invoking command in '/home/zxcx/new_naw/build/controller': CMAKE_PREFIX_PATH=/opt/ros/humble /usr/bin/cmake --build /home/zxcx/new_naw/build/controller -- -j32 -l32
[0.038s] Invoked command in '/home/zxcx/new_naw/build/controller' returned '0': CMAKE_PREFIX_PATH=/opt/ros/humble /usr/bin/cmake --build /home/zxcx/new_naw/build/controller -- -j32 -l32
[0.046s] Invoking command in '/home/zxcx/new_naw/build/controller': CMAKE_PREFIX_PATH=/opt/ros/humble /usr/bin/cmake --install /home/zxcx/new_naw/build/controller
[0.050s] -- Install configuration: "Release"
[0.050s] -- Up-to-date: /home/zxcx/new_naw/install/controller/share/ament_index/resource_index/package_run_dependencies/controller
[0.050s] -- Up-to-date: /home/zxcx/new_naw/install/controller/share/ament_index/resource_index/parent_prefix_path/controller
[0.050s] -- Up-to-date: /home/zxcx/new_naw/install/controller/share/controller/environment/ament_prefix_path.sh
[0.050s] -- Up-to-date: /home/zxcx/new_naw/install/controller/share/controller/environment/ament_prefix_path.dsv
[0.050s] -- Up-to-date: /home/zxcx/new_naw/install/controller/share/controller/environment/path.sh
[0.050s] -- Up-to-date: /home/zxcx/new_naw/install/controller/share/controller/environment/path.dsv
[0.050s] -- Up-to-date: /home/zxcx/new_naw/install/controller/share/controller/local_setup.bash
[0.050s] -- Up-to-date: /home/zxcx/new_naw/install/controller/share/controller/local_setup.sh
[0.050s] -- Up-to-date: /home/zxcx/new_naw/install/controller/share/controller/local_setup.zsh
[0.050s] -- Up-to-date: /home/zxcx/new_naw/install/controller/share/controller/local_setup.dsv
[0.051s] -- Installing: /home/zxcx/new_naw/install/controller/share/controller/package.dsv
[0.051s] -- Up-to-date: /home/zxcx/new_naw/install/controller/share/ament_index/resource_index/packages/controller
[0.051s] -- Up-to-date: /home/zxcx/new_naw/install/controller/share/controller/cmake/controllerConfig.cmake
[0.051s] -- Up-to-date: /home/zxcx/new_naw/install/controller/share/controller/cmake/controllerConfig-version.cmake
[0.051s] -- Up-to-date: /home/zxcx/new_naw/install/controller/share/controller/package.xml
[0.052s] Invoked command in '/home/zxcx/new_naw/build/controller' returned '0': CMAKE_PREFIX_PATH=/opt/ros/humble /usr/bin/cmake --install /home/zxcx/new_naw/build/controller
